#
# A fatal error has been detected by the Java Runtime Environment:
#
#  SIGSEGV (0xb) at pc=0xf76e9c60, pid=3987587, tid=3987587
#
# JRE version: OpenJDK Runtime Environment Zulu17.66+19-CA (17.0.19+10) (build 17.0.19+10-LTS)
# Java VM: OpenJDK Server VM Zulu17.66+19-CA (17.0.19+10-LTS, mixed mode, sharing, tiered, g1 gc, linux-x86)
# Problematic frame:
# C  [libc.so.6+0x99c60]  cfree+0x20
#
# No core dump will be written. Core dumps have been disabled. To enable core dumping, try "ulimit -c unlimited" before starting Java again
#
# If you would like to submit a bug report, please visit:
#   http://www.azul.com/support/
#

---------------  S U M M A R Y ------------

Command Line: -Xms128m -Xmx512m -Xss768k -XX:MaxMetaspaceSize=96m -Xrs -XX:-UsePerfData -XX:-AllowUserSignalHandlers -XX:UseSSE=3 -XX+DoEscapeAnalysis -XX:AutoBoxCacheMax:2000 -XX:+OptimizeStringConcat -XX:+OptimizeFill -XX:+EliminateAutoBox -XX:+UseCompressedStrings -XX:+UseCompressedOops -XX:+EliminateLocks -XX:UseFastAccessorMethods -XX:+UseStringCache -XgcPrio:throughput -XXkeepAreaRatio:1 -XXlazyUnlocking -XXcallProfiling -XXcompactRatio:1 

Host: AMD Ryzen 7 PRO 3700 8-Core Processor, 32 cores, 62G, Debian GNU/Linux 12 (bookworm)
Time: Wed Aug 12 01:15:08 2026 UTC elapsed time: 10767.538453 seconds (0d 2h 59m 27s)

---------------  T H R E A D  ---------------

Current thread is native thread

Stack: [0xffd53000,0xffe13000],  sp=0xffe11430,  free space=761k
Native frames: (J=compiled Java code, j=interpreted, Vv=VM code, C=native code)
C  [libc.so.6+0x99c60]  cfree+0x20
C  [SwgGameServer+0x11552ff]  FileManifest::remove()+0x51
C  [SwgGameServer+0x1161ecc]  ExitChain::run()+0x6e
C  [SwgGameServer+0x1161cf3]  ExitChain::quit()+0x15
C  [SwgGameServer+0x1170be0]  SetupSharedFoundation::remove()+0x18
C  [SwgGameServer+0x112b300]  main+0x372


siginfo: si_signo: 11 (SIGSEGV), si_code: 1 (SEGV_MAPERR), si_addr: 0x000000fc

Registers:
EAX=0x5b0bb6e8, EBX=0x00000100, ECX=0xf469c9c8, EDX=0x00000100
ESP=0xffe11430, EBP=0xffe114b8, ESI=0xf786cff4, EDI=0xffffffa4
EIP=0xf76e9c60, EFLAGS=0x00210206, CR2=0x00000000000000fc


Top of Stack: (sp=0xffe11430)
0xffe11430:   553e2903 594ceeb8 ffe11478 321e1e00
0xffe11440:   ffe11468 f7a2e876 f7bc1ff4 f7bc1ff4
0xffe11450:   5b0bb6e0 f7f3fb80 ffe114b8 f7a2e888
0xffe11460:   00000100 ffffffa4 00000002 5779fd49
0xffe11470:   f76da03b f7a2e876 f7bc1ff4 f7acf795
0xffe11480:   00000100 594c6ca4 58cbf25c 5779f7db
0xffe11490:   00000000 f7acf776 58cbf25c 5779f0ee
0xffe114a0:   5b0bb6e0 594c6ca0 f7bc1ff4 5779f0c8
0xffe114b0:   5ad40690 58cbf25c ffe114e8 5779e2ff
0xffe114c0:   5b0bb6e0 ffe114dc ffe114e8 5779e2bb
0xffe114d0:   00000000 58cbf25c 5b0bf480 594c6ca4
0xffe114e0:   58cbf25c 58cbf25c ffe11508 577aaecc
0xffe114f0:   58cbf25c 58cbf25c ffe11518 5ad40670
0xffe11500:   5c55b7d0 58cbf25c ffe11518 577aacf3
0xffe11510:   58cbf25c 58cbf25c ffe11528 577b9be0
0xffe11520:   57b50be0 ffe11630 ffe11618 57774300
0xffe11530:   0000000d 00000001 5b0a0900 585a0100
0xffe11540:   5b0a0a50 00300100 5b0a0aa0 ffe10100
0xffe11550:   585e1b20 00000000 00000000 00e115c4
0xffe11560:   00000000 01010100 5301e320 61476777
0xffe11570:   6553656d 72657672 3839333a 37383537
0xffe11580:   59549200 57744e21 00013748 f76ea806
0xffe11590:   f7f3fff4 0000002c 00000000 f76ea61e
0xffe115a0:   00013748 00000211 5ad3b8b8 00000000
0xffe115b0:   58cbf25c 57a5ba26 ffe115d8 57a5a911
0xffe115c0:   ffffffff 00f0c694 00000000 00000001
0xffe115d0:   594cf200 00000000 00000000 00000000
0xffe115e0:   00000000 5b0a0900 00000015 00000015
0xffe115f0:   f7878000 f7f1c83b f766ca4f f7878000
0xffe11600:   ffe11640 f78781d8 f469e320 ffe11630
0xffe11610:   f786cff4 58ca18c8 00000000 f76732d5
0xffe11620:   57a59d7a 00000070 f7f3fff4 f76732d5 

Instructions: (pc=0xf76e9c60)
0xf76e9b60:   5e 5f 5d c3 8d 74 26 00 31 d2 89 f0 e8 3f cb ff
0xf76e9b70:   ff 89 f2 89 c3 e8 96 e6 ff ff 85 c0 75 16 85 db
0xf76e9b80:   74 1f 89 f2 89 d8 e8 c5 d0 ff ff 89 f2 89 c3 e8
0xf76e9b90:   7c e6 ff ff 85 db 74 09 31 d2 87 13 83 fa 01 7f
0xf76e9ba0:   77 85 c0 0f 85 6a fe ff ff 31 c0 eb af 8d 87 48
0xf76e9bb0:   f0 f9 ff 50 8d 87 00 f3 f9 ff 50 8d 87 a0 e3 f9
0xf76e9bc0:   ff 50 6a 01 e8 c7 2e fe ff 8d b4 26 00 00 00 00
0xf76e9bd0:   83 ec 0c 53 e8 c7 ae fe ff 83 c4 10 e9 14 fe ff
0xf76e9be0:   ff 8d b4 26 00 00 00 00 89 44 24 0c 83 ec 0c 53
0xf76e9bf0:   e8 9b af fe ff 83 c4 10 8b 44 24 0c e9 12 fe ff
0xf76e9c00:   ff 8d b4 26 00 00 00 00 8d 87 0c ee f9 ff e8 ed
0xf76e9c10:   bb ff ff 8d 74 26 00 90 89 44 24 0c 83 ec 0c 53
0xf76e9c20:   e8 6b af fe ff 83 c4 10 8b 44 24 0c e9 70 ff ff
0xf76e9c30:   ff 8d b4 26 00 00 00 00 8d b4 26 00 00 00 00 90
0xf76e9c40:   55 57 56 e8 ad 58 0d 00 81 c6 ac 33 18 00 53 83
0xf76e9c50:   ec 1c 8b 5c 24 30 85 db 74 5b 8b be d0 fe ff ff
0xf76e9c60:   8b 53 fc 8d 43 f8 65 8b 2f f6 c2 02 75 52 8b 8e
0xf76e9c70:   a4 fe ff ff 65 8b 09 85 c9 0f 84 81 00 00 00 83
0xf76e9c80:   e2 04 8d 9e cc 07 00 00 74 1d 8b 8e e4 01 00 00
0xf76e9c90:   8d 14 8d 00 00 00 00 f7 da 85 c9 b9 00 00 f0 ff
0xf76e9ca0:   0f 44 d1 21 c2 8b 1a 89 c2 31 c9 89 d8 e8 8e d3
0xf76e9cb0:   ff ff 65 89 2f 83 c4 1c 5b 5e 5f 5d c3 8d 76 00
0xf76e9cc0:   8b 9e f8 01 00 00 85 db 75 26 39 96 d4 01 00 00
0xf76e9cd0:   73 1e 81 fa 00 00 08 00 77 16 83 e2 f8 89 96 d4
0xf76e9ce0:   01 00 00 01 d2 89 96 cc 01 00 00 8d 74 26 00 90
0xf76e9cf0:   e8 9b bc ff ff eb bb 8d b4 26 00 00 00 00 66 90
0xf76e9d00:   8b 8e a8 fe ff ff 65 80 39 00 0f 85 6f ff ff ff
0xf76e9d10:   89 44 24 0c e8 47 f3 ff ff 8b 53 fc 8b 44 24 0c
0xf76e9d20:   e9 5a ff ff ff 8d b4 26 00 00 00 00 8d 74 26 00
0xf76e9d30:   55 57 56 53 e8 ac 57 0d 00 81 c3 bb 32 18 00 83
0xf76e9d40:   ec 0c 8b 83 a4 fe ff ff 8b 93 a8 fe ff ff 65 8b
0xf76e9d50:   30 65 c6 02 01 85 f6 74 67 65 c7 00 00 00 00 00 



---------------  P R O C E S S  ---------------

VM state: at safepoint (shutting down)

VM Mutex/Monitor currently owned by a thread:  ([mutex/lock_event])
[0xf3627890] Threads_lock - owner thread: 0xc18e0be0

GC Precious Log:
<Skipped>

Heap:
 garbage-first heap   total 131072K, used 47000K [0xc3200000, 0xe3200000)
  region size 1024K, 25 young (25600K), 5 survivors (5120K)
 Metaspace       used 10849K, committed 12416K, reserved 16384K

Heap Regions: E=young(eden), S=young(survivor), O=old, HS=humongous(starts), HC=humongous(continues), CS=collection set, F=free, OA=open archive, CA=closed archive, TAMS=top-at-mark-start (previous, next)
|   0|0xc3200000, 0xc3300000, 0xc3300000|100%| O|  |TAMS 0xc3200000, 0xc3200000| Untracked 
|   1|0xc3300000, 0xc3400000, 0xc3400000|100%| O|  |TAMS 0xc3300000, 0xc3300000| Untracked 
|   2|0xc3400000, 0xc3500000, 0xc3500000|100%| O|  |TAMS 0xc3400000, 0xc3400000| Untracked 
|   3|0xc3500000, 0xc3600000, 0xc3600000|100%| O|  |TAMS 0xc3500000, 0xc3500000| Untracked 
|   4|0xc3600000, 0xc3700000, 0xc3700000|100%| O|  |TAMS 0xc3600000, 0xc3600000| Untracked 
|   5|0xc3700000, 0xc3800000, 0xc3800000|100%| O|  |TAMS 0xc3700000, 0xc3700000| Untracked 
|   6|0xc3800000, 0xc3900000, 0xc3900000|100%| O|  |TAMS 0xc3800000, 0xc3800000| Untracked 
|   7|0xc3900000, 0xc3a00000, 0xc3a00000|100%| O|  |TAMS 0xc3900000, 0xc3900000| Untracked 
|   8|0xc3a00000, 0xc3b00000, 0xc3b00000|100%| O|  |TAMS 0xc3a00000, 0xc3a00000| Untracked 
|   9|0xc3b00000, 0xc3c00000, 0xc3c00000|100%| O|  |TAMS 0xc3b00000, 0xc3b00000| Untracked 
|  10|0xc3c00000, 0xc3d00000, 0xc3d00000|100%| O|  |TAMS 0xc3c00000, 0xc3c00000| Untracked 
|  11|0xc3d00000, 0xc3e00000, 0xc3e00000|100%| O|  |TAMS 0xc3d00000, 0xc3d00000| Untracked 
|  12|0xc3e00000, 0xc3f00000, 0xc3f00000|100%| O|  |TAMS 0xc3e00000, 0xc3e00000| Untracked 
|  13|0xc3f00000, 0xc4000000, 0xc4000000|100%| O|  |TAMS 0xc3f00000, 0xc3f00000| Untracked 
|  14|0xc4000000, 0xc4100000, 0xc4100000|100%| O|  |TAMS 0xc4000000, 0xc4000000| Untracked 
|  15|0xc4100000, 0xc4200000, 0xc4200000|100%| O|  |TAMS 0xc4100000, 0xc4100000| Untracked 
|  16|0xc4200000, 0xc4300000, 0xc4300000|100%| O|  |TAMS 0xc4200000, 0xc4200000| Untracked 
|  17|0xc4300000, 0xc4400000, 0xc4400000|100%| O|  |TAMS 0xc4300000, 0xc4300000| Untracked 
|  18|0xc4400000, 0xc4500000, 0xc4500000|100%| O|  |TAMS 0xc4400000, 0xc4400000| Untracked 
|  19|0xc4500000, 0xc4600000, 0xc4600000|100%| O|  |TAMS 0xc4500000, 0xc4500000| Untracked 
|  20|0xc4600000, 0xc4700000, 0xc4700000|100%| O|  |TAMS 0xc4600000, 0xc4600000| Untracked 
|  21|0xc4700000, 0xc4724600, 0xc4800000| 14%| O|  |TAMS 0xc4700000, 0xc4700000| Untracked 
|  22|0xc4800000, 0xc4800000, 0xc4900000|  0%| F|  |TAMS 0xc4800000, 0xc4800000| Untracked 
|  23|0xc4900000, 0xc4900000, 0xc4a00000|  0%| F|  |TAMS 0xc4900000, 0xc4900000| Untracked 
|  24|0xc4a00000, 0xc4a00000, 0xc4b00000|  0%| F|  |TAMS 0xc4a00000, 0xc4a00000| Untracked 
|  25|0xc4b00000, 0xc4b00000, 0xc4c00000|  0%| F|  |TAMS 0xc4b00000, 0xc4b00000| Untracked 
|  26|0xc4c00000, 0xc4c00000, 0xc4d00000|  0%| F|  |TAMS 0xc4c00000, 0xc4c00000| Untracked 
|  27|0xc4d00000, 0xc4d00000, 0xc4e00000|  0%| F|  |TAMS 0xc4d00000, 0xc4d00000| Untracked 
|  28|0xc4e00000, 0xc4e00000, 0xc4f00000|  0%| F|  |TAMS 0xc4e00000, 0xc4e00000| Untracked 
|  29|0xc4f00000, 0xc4f00000, 0xc5000000|  0%| F|  |TAMS 0xc4f00000, 0xc4f00000| Untracked 
|  30|0xc5000000, 0xc5000000, 0xc5100000|  0%| F|  |TAMS 0xc5000000, 0xc5000000| Untracked 
|  31|0xc5100000, 0xc5100000, 0xc5200000|  0%| F|  |TAMS 0xc5100000, 0xc5100000| Untracked 
|  32|0xc5200000, 0xc5200000, 0xc5300000|  0%| F|  |TAMS 0xc5200000, 0xc5200000| Untracked 
|  33|0xc5300000, 0xc5300000, 0xc5400000|  0%| F|  |TAMS 0xc5300000, 0xc5300000| Untracked 
|  34|0xc5400000, 0xc5400000, 0xc5500000|  0%| F|  |TAMS 0xc5400000, 0xc5400000| Untracked 
|  35|0xc5500000, 0xc5500000, 0xc5600000|  0%| F|  |TAMS 0xc5500000, 0xc5500000| Untracked 
|  36|0xc5600000, 0xc5600000, 0xc5700000|  0%| F|  |TAMS 0xc5600000, 0xc5600000| Untracked 
|  37|0xc5700000, 0xc5700000, 0xc5800000|  0%| F|  |TAMS 0xc5700000, 0xc5700000| Untracked 
|  38|0xc5800000, 0xc5800000, 0xc5900000|  0%| F|  |TAMS 0xc5800000, 0xc5800000| Untracked 
|  39|0xc5900000, 0xc5900000, 0xc5a00000|  0%| F|  |TAMS 0xc5900000, 0xc5900000| Untracked 
|  40|0xc5a00000, 0xc5a00000, 0xc5b00000|  0%| F|  |TAMS 0xc5a00000, 0xc5a00000| Untracked 
|  41|0xc5b00000, 0xc5b00000, 0xc5c00000|  0%| F|  |TAMS 0xc5b00000, 0xc5b00000| Untracked 
|  42|0xc5c00000, 0xc5c00000, 0xc5d00000|  0%| F|  |TAMS 0xc5c00000, 0xc5c00000| Untracked 
|  43|0xc5d00000, 0xc5d00000, 0xc5e00000|  0%| F|  |TAMS 0xc5d00000, 0xc5d00000| Untracked 
|  44|0xc5e00000, 0xc5e00000, 0xc5f00000|  0%| F|  |TAMS 0xc5e00000, 0xc5e00000| Untracked 
|  45|0xc5f00000, 0xc5f00000, 0xc6000000|  0%| F|  |TAMS 0xc5f00000, 0xc5f00000| Untracked 
|  46|0xc6000000, 0xc6000000, 0xc6100000|  0%| F|  |TAMS 0xc6000000, 0xc6000000| Untracked 
|  47|0xc6100000, 0xc61c1c20, 0xc6200000| 75%| S|CS|TAMS 0xc6100000, 0xc6100000| Complete 
|  48|0xc6200000, 0xc6300000, 0xc6300000|100%| S|CS|TAMS 0xc6200000, 0xc6200000| Complete 
|  49|0xc6300000, 0xc6300000, 0xc6400000|  0%| F|  |TAMS 0xc6300000, 0xc6300000| Untracked 
|  50|0xc6400000, 0xc6400000, 0xc6500000|  0%| F|  |TAMS 0xc6400000, 0xc6400000| Untracked 
|  51|0xc6500000, 0xc6500000, 0xc6600000|  0%| F|  |TAMS 0xc6500000, 0xc6500000| Untracked 
|  52|0xc6600000, 0xc6700000, 0xc6700000|100%| S|CS|TAMS 0xc6600000, 0xc6600000| Complete 
|  53|0xc6700000, 0xc6800000, 0xc6800000|100%| S|CS|TAMS 0xc6700000, 0xc6700000| Complete 
|  54|0xc6800000, 0xc6900000, 0xc6900000|100%| S|CS|TAMS 0xc6800000, 0xc6800000| Complete 
|  55|0xc6900000, 0xc6900000, 0xc6a00000|  0%| F|  |TAMS 0xc6900000, 0xc6900000| Untracked 
|  56|0xc6a00000, 0xc6a00000, 0xc6b00000|  0%| F|  |TAMS 0xc6a00000, 0xc6a00000| Untracked 
|  57|0xc6b00000, 0xc6b00000, 0xc6c00000|  0%| F|  |TAMS 0xc6b00000, 0xc6b00000| Untracked 
|  58|0xc6c00000, 0xc6c00000, 0xc6d00000|  0%| F|  |TAMS 0xc6c00000, 0xc6c00000| Untracked 
|  59|0xc6d00000, 0xc6d00000, 0xc6e00000|  0%| F|  |TAMS 0xc6d00000, 0xc6d00000| Untracked 
|  60|0xc6e00000, 0xc6e00000, 0xc6f00000|  0%| F|  |TAMS 0xc6e00000, 0xc6e00000| Untracked 
|  61|0xc6f00000, 0xc6f00000, 0xc7000000|  0%| F|  |TAMS 0xc6f00000, 0xc6f00000| Untracked 
|  62|0xc7000000, 0xc7000000, 0xc7100000|  0%| F|  |TAMS 0xc7000000, 0xc7000000| Untracked 
|  63|0xc7100000, 0xc7100000, 0xc7200000|  0%| F|  |TAMS 0xc7100000, 0xc7100000| Untracked 
|  64|0xc7200000, 0xc7200000, 0xc7300000|  0%| F|  |TAMS 0xc7200000, 0xc7200000| Untracked 
|  65|0xc7300000, 0xc7300000, 0xc7400000|  0%| F|  |TAMS 0xc7300000, 0xc7300000| Untracked 
|  66|0xc7400000, 0xc7400000, 0xc7500000|  0%| F|  |TAMS 0xc7400000, 0xc7400000| Untracked 
|  67|0xc7500000, 0xc7500000, 0xc7600000|  0%| F|  |TAMS 0xc7500000, 0xc7500000| Untracked 
|  68|0xc7600000, 0xc7600000, 0xc7700000|  0%| F|  |TAMS 0xc7600000, 0xc7600000| Untracked 
|  69|0xc7700000, 0xc7700000, 0xc7800000|  0%| F|  |TAMS 0xc7700000, 0xc7700000| Untracked 
|  70|0xc7800000, 0xc7800000, 0xc7900000|  0%| F|  |TAMS 0xc7800000, 0xc7800000| Untracked 
|  71|0xc7900000, 0xc7900000, 0xc7a00000|  0%| F|  |TAMS 0xc7900000, 0xc7900000| Untracked 
|  72|0xc7a00000, 0xc7a00000, 0xc7b00000|  0%| F|  |TAMS 0xc7a00000, 0xc7a00000| Untracked 
|  73|0xc7b00000, 0xc7b00000, 0xc7c00000|  0%| F|  |TAMS 0xc7b00000, 0xc7b00000| Untracked 
|  74|0xc7c00000, 0xc7c00000, 0xc7d00000|  0%| F|  |TAMS 0xc7c00000, 0xc7c00000| Untracked 
|  75|0xc7d00000, 0xc7d00000, 0xc7e00000|  0%| F|  |TAMS 0xc7d00000, 0xc7d00000| Untracked 
|  76|0xc7e00000, 0xc7e00000, 0xc7f00000|  0%| F|  |TAMS 0xc7e00000, 0xc7e00000| Untracked 
|  77|0xc7f00000, 0xc7f00000, 0xc8000000|  0%| F|  |TAMS 0xc7f00000, 0xc7f00000| Untracked 
|  78|0xc8000000, 0xc8000000, 0xc8100000|  0%| F|  |TAMS 0xc8000000, 0xc8000000| Untracked 
|  79|0xc8100000, 0xc8100000, 0xc8200000|  0%| F|  |TAMS 0xc8100000, 0xc8100000| Untracked 
|  80|0xc8200000, 0xc8200000, 0xc8300000|  0%| F|  |TAMS 0xc8200000, 0xc8200000| Untracked 
|  81|0xc8300000, 0xc8300000, 0xc8400000|  0%| F|  |TAMS 0xc8300000, 0xc8300000| Untracked 
|  82|0xc8400000, 0xc8400000, 0xc8500000|  0%| F|  |TAMS 0xc8400000, 0xc8400000| Untracked 
|  83|0xc8500000, 0xc8500000, 0xc8600000|  0%| F|  |TAMS 0xc8500000, 0xc8500000| Untracked 
|  84|0xc8600000, 0xc8600000, 0xc8700000|  0%| F|  |TAMS 0xc8600000, 0xc8600000| Untracked 
|  85|0xc8700000, 0xc8700000, 0xc8800000|  0%| F|  |TAMS 0xc8700000, 0xc8700000| Untracked 
|  86|0xc8800000, 0xc8800000, 0xc8900000|  0%| F|  |TAMS 0xc8800000, 0xc8800000| Untracked 
|  87|0xc8900000, 0xc8900000, 0xc8a00000|  0%| F|  |TAMS 0xc8900000, 0xc8900000| Untracked 
|  88|0xc8a00000, 0xc8a00000, 0xc8b00000|  0%| F|  |TAMS 0xc8a00000, 0xc8a00000| Untracked 
|  89|0xc8b00000, 0xc8b00000, 0xc8c00000|  0%| F|  |TAMS 0xc8b00000, 0xc8b00000| Untracked 
|  90|0xc8c00000, 0xc8c00000, 0xc8d00000|  0%| F|  |TAMS 0xc8c00000, 0xc8c00000| Untracked 
|  91|0xc8d00000, 0xc8d00000, 0xc8e00000|  0%| F|  |TAMS 0xc8d00000, 0xc8d00000| Untracked 
|  92|0xc8e00000, 0xc8e00000, 0xc8f00000|  0%| F|  |TAMS 0xc8e00000, 0xc8e00000| Untracked 
|  93|0xc8f00000, 0xc8f00000, 0xc9000000|  0%| F|  |TAMS 0xc8f00000, 0xc8f00000| Untracked 
|  94|0xc9000000, 0xc9000000, 0xc9100000|  0%| F|  |TAMS 0xc9000000, 0xc9000000| Untracked 
|  95|0xc9100000, 0xc9100000, 0xc9200000|  0%| F|  |TAMS 0xc9100000, 0xc9100000| Untracked 
|  96|0xc9200000, 0xc9200000, 0xc9300000|  0%| F|  |TAMS 0xc9200000, 0xc9200000| Untracked 
|  97|0xc9300000, 0xc9300000, 0xc9400000|  0%| F|  |TAMS 0xc9300000, 0xc9300000| Untracked 
|  98|0xc9400000, 0xc9400000, 0xc9500000|  0%| F|  |TAMS 0xc9400000, 0xc9400000| Untracked 
|  99|0xc9500000, 0xc9500000, 0xc9600000|  0%| F|  |TAMS 0xc9500000, 0xc9500000| Untracked 
| 100|0xc9600000, 0xc9600000, 0xc9700000|  0%| F|  |TAMS 0xc9600000, 0xc9600000| Untracked 
| 101|0xc9700000, 0xc9700000, 0xc9800000|  0%| F|  |TAMS 0xc9700000, 0xc9700000| Untracked 
| 102|0xc9800000, 0xc9800000, 0xc9900000|  0%| F|  |TAMS 0xc9800000, 0xc9800000| Untracked 
| 103|0xc9900000, 0xc9900000, 0xc9a00000|  0%| F|  |TAMS 0xc9900000, 0xc9900000| Untracked 
| 104|0xc9a00000, 0xc9a00000, 0xc9b00000|  0%| F|  |TAMS 0xc9a00000, 0xc9a00000| Untracked 
| 105|0xc9b00000, 0xc9b00000, 0xc9c00000|  0%| F|  |TAMS 0xc9b00000, 0xc9b00000| Untracked 
| 106|0xc9c00000, 0xc9c00000, 0xc9d00000|  0%| F|  |TAMS 0xc9c00000, 0xc9c00000| Untracked 
| 107|0xc9d00000, 0xc9d00000, 0xc9e00000|  0%| F|  |TAMS 0xc9d00000, 0xc9d00000| Untracked 
| 108|0xc9e00000, 0xc9f00000, 0xc9f00000|100%| E|  |TAMS 0xc9e00000, 0xc9e00000| Complete 
| 109|0xc9f00000, 0xca000000, 0xca000000|100%| E|CS|TAMS 0xc9f00000, 0xc9f00000| Complete 
| 110|0xca000000, 0xca100000, 0xca100000|100%| E|CS|TAMS 0xca000000, 0xca000000| Complete 
| 111|0xca100000, 0xca200000, 0xca200000|100%| E|CS|TAMS 0xca100000, 0xca100000| Complete 
| 112|0xca200000, 0xca300000, 0xca300000|100%| E|CS|TAMS 0xca200000, 0xca200000| Complete 
| 113|0xca300000, 0xca400000, 0xca400000|100%| E|CS|TAMS 0xca300000, 0xca300000| Complete 
| 114|0xca400000, 0xca500000, 0xca500000|100%| E|CS|TAMS 0xca400000, 0xca400000| Complete 
| 115|0xca500000, 0xca600000, 0xca600000|100%| E|CS|TAMS 0xca500000, 0xca500000| Complete 
| 116|0xca600000, 0xca700000, 0xca700000|100%| E|CS|TAMS 0xca600000, 0xca600000| Complete 
| 117|0xca700000, 0xca800000, 0xca800000|100%| E|CS|TAMS 0xca700000, 0xca700000| Complete 
| 118|0xca800000, 0xca900000, 0xca900000|100%| E|CS|TAMS 0xca800000, 0xca800000| Complete 
| 119|0xca900000, 0xcaa00000, 0xcaa00000|100%| E|CS|TAMS 0xca900000, 0xca900000| Complete 
| 120|0xcaa00000, 0xcab00000, 0xcab00000|100%| E|CS|TAMS 0xcaa00000, 0xcaa00000| Complete 
| 121|0xcab00000, 0xcac00000, 0xcac00000|100%| E|CS|TAMS 0xcab00000, 0xcab00000| Complete 
| 122|0xcac00000, 0xcad00000, 0xcad00000|100%| E|CS|TAMS 0xcac00000, 0xcac00000| Complete 
| 123|0xcad00000, 0xcae00000, 0xcae00000|100%| E|CS|TAMS 0xcad00000, 0xcad00000| Complete 
| 124|0xcae00000, 0xcaf00000, 0xcaf00000|100%| E|CS|TAMS 0xcae00000, 0xcae00000| Complete 
| 125|0xcaf00000, 0xcb000000, 0xcb000000|100%| E|CS|TAMS 0xcaf00000, 0xcaf00000| Complete 
| 126|0xcb000000, 0xcb100000, 0xcb100000|100%| E|CS|TAMS 0xcb000000, 0xcb000000| Complete 
| 127|0xcb100000, 0xcb200000, 0xcb200000|100%| E|CS|TAMS 0xcb100000, 0xcb100000| Complete 

Card table byte_map: [0xc3100000,0xc3200000] _byte_map_base: 0xc2ae7000

Marking Bits (Prev, Next): (CMBitMap*) 0xe33300b8, (CMBitMap*) 0xe33300d8
 Prev Bits: [0xc2800000, 0xc3000000)
 Next Bits: [0xc2000000, 0xc2800000)

Polling page: 0xf7efc000

Metaspace:

Usage:
   10.60 MB used.

Virtual space:
     16.00 MB reserved,      12.12 MB ( 76%) committed,  1 nodes.

Chunk freelists:
1.71 MB

MaxMetaspaceSize: 96.00 MB
No class space
Initial GC threshold: 16.00 MB
Current GC threshold: 16.00 MB
CDS: on
MetaspaceReclaimPolicy: balanced
 - commit_granule_bytes: 65536.
 - commit_granule_words: 16384.
 - virtual_space_node_default_size: 4194304.
 - enlarge_chunks_in_place: 1.
 - new_chunks_are_fully_committed: 0.
 - uncommit_free_chunks: 1.
 - use_allocation_guard: 0.
 - handle_deallocations: 1.


Internal statistics:

num_allocs_failed_limit: 0.
num_arena_births: 923.
num_arena_deaths: 0.
num_vsnodes_births: 1.
num_vsnodes_deaths: 0.
num_space_committed: 194.
num_space_uncommitted: 0.
num_chunks_returned_to_freelist: 0.
num_chunks_taken_from_freelist: 1631.
num_chunk_merges: 0.
num_chunk_splits: 1165.
num_chunks_enlarged: 771.
num_inconsistent_stats: 0.

CodeHeap 'non-profiled nmethods': size=120172Kb used=2147Kb max_used=2147Kb free=118024Kb
 bounds [0xeafa2000, 0xeb1e2000, 0xf24fd000]
CodeHeap 'profiled nmethods': size=120172Kb used=5863Kb max_used=5863Kb free=114308Kb
 bounds [0xe34fd000, 0xe3abd000, 0xeaa58000]
CodeHeap 'non-nmethods': size=5416Kb used=750Kb max_used=804Kb free=4665Kb
 bounds [0xeaa58000, 0xeac98000, 0xeafa2000]
 total_blobs=3153 nmethods=2790 adapters=277
 compilation: enabled
              stopped_count=0, restarted_count=0
 full_count=0

Compilation events (20 events):
Event: 7341.580 Thread 0xc18ec4d0 2780       3       script.item.travel_ticket.travel_shuttle::msgShuttleLand (95 bytes)
Event: 7341.581 Thread 0xc18ec4d0 nmethod 2780 0xe3aada88 code [0xe3aade80, 0xe3aaf3e4]
Event: 7367.677 Thread 0xc18ec4d0 2781       3       script.item.travel_ticket.travel_shuttle::msgBoardTime (43 bytes)
Event: 7367.679 Thread 0xc18ec4d0 nmethod 2781 0xe3aafd08 code [0xe3ab0240, 0xe3ab2700]
Event: 7644.709 Thread 0xc18ec4d0 2782   !   3       jdk.internal.reflect.GeneratedMethodAccessor146::invoke (76 bytes)
Event: 7644.710 Thread 0xc18ec4d0 nmethod 2782 0xe3ab3608 code [0xe3ab3820, 0xe3ab4028]
Event: 7704.666 Thread 0xc18ec4d0 2783   !   3       jdk.internal.reflect.GeneratedMethodAccessor147::invoke (76 bytes)
Event: 7704.667 Thread 0xc18ec4d0 nmethod 2783 0xe3ab4488 code [0xe3ab46a0, 0xe3ab4ea8]
Event: 7723.719 Thread 0xc18eb3a0 2784       4       java.util.Arrays::rangeCheck (74 bytes)
Event: 7723.719 Thread 0xc18eb3a0 nmethod 2784 0xeb1b9a88 code [0xeb1b9ba0, 0xeb1b9c50]
Event: 7730.572 Thread 0xc18ec4d0 2785   !   3       jdk.internal.reflect.GeneratedMethodAccessor148::invoke (76 bytes)
Event: 7730.573 Thread 0xc18ec4d0 nmethod 2785 0xe3ab5308 code [0xe3ab5520, 0xe3ab5d28]
Event: 7784.606 Thread 0xc18ec4d0 2787       3       script.base_class::removePlanetaryMapLocation (8 bytes)
Event: 7784.606 Thread 0xc18ec4d0 nmethod 2787 0xe3ab6188 code [0xe3ab62e0, 0xe3ab64ec]
Event: 9162.624 Thread 0xc18eb3a0 2789       4       script.library.gcw::getGcwRegion (152 bytes)
Event: 9162.629 Thread 0xc18eb3a0 nmethod 2789 0xeb1ba388 code [0xeb1ba4e0, 0xeb1ba870]
Event: 9368.599 Thread 0xc18ec4d0 2790       3       script.library.gcw::gcwCalculateInvasionCycle (31 bytes)
Event: 9368.600 Thread 0xc18ec4d0 nmethod 2790 0xe3ab6608 code [0xe3ab6780, 0xe3ab69d0]
Event: 9536.643 Thread 0xc18ec4d0 2791       3       java.lang.ref.ReferenceQueue::remove (6 bytes)
Event: 9536.643 Thread 0xc18ec4d0 nmethod 2791 0xe3ab6b88 code [0xe3ab6cc0, 0xe3ab6e6c]

GC Heap History (20 events):
Event: 39.975 GC heap before
{Heap before GC invocations=4 (full 0):
 garbage-first heap   total 131072K, used 80218K [0xc3200000, 0xe3200000)
  region size 1024K, 76 young (77824K), 5 survivors (5120K)
 Metaspace       used 7230K, committed 8192K, reserved 16384K
}
Event: 39.978 GC heap after
{Heap after GC invocations=5 (full 0):
 garbage-first heap   total 131072K, used 10341K [0xc3200000, 0xe3200000)
  region size 1024K, 7 young (7168K), 7 survivors (7168K)
 Metaspace       used 7230K, committed 8192K, reserved 16384K
}
Event: 42.488 GC heap before
{Heap before GC invocations=5 (full 0):
 garbage-first heap   total 131072K, used 80997K [0xc3200000, 0xe3200000)
  region size 1024K, 76 young (77824K), 7 survivors (7168K)
 Metaspace       used 7442K, committed 8448K, reserved 16384K
}
Event: 42.492 GC heap after
{Heap after GC invocations=6 (full 0):
 garbage-first heap   total 131072K, used 11328K [0xc3200000, 0xe3200000)
  region size 1024K, 6 young (6144K), 6 survivors (6144K)
 Metaspace       used 7442K, committed 8448K, reserved 16384K
}
Event: 48.736 GC heap before
{Heap before GC invocations=6 (full 0):
 garbage-first heap   total 131072K, used 83008K [0xc3200000, 0xe3200000)
  region size 1024K, 76 young (77824K), 6 survivors (6144K)
 Metaspace       used 8530K, committed 9664K, reserved 16384K
}
Event: 48.741 GC heap after
{Heap after GC invocations=7 (full 0):
 garbage-first heap   total 131072K, used 14904K [0xc3200000, 0xe3200000)
  region size 1024K, 9 young (9216K), 9 survivors (9216K)
 Metaspace       used 8530K, committed 9664K, reserved 16384K
}
Event: 51.484 GC heap before
{Heap before GC invocations=7 (full 0):
 garbage-first heap   total 131072K, used 83512K [0xc3200000, 0xe3200000)
  region size 1024K, 76 young (77824K), 9 survivors (9216K)
 Metaspace       used 8822K, committed 10048K, reserved 16384K
}
Event: 51.489 GC heap after
{Heap after GC invocations=8 (full 0):
 garbage-first heap   total 131072K, used 16010K [0xc3200000, 0xe3200000)
  region size 1024K, 6 young (6144K), 6 survivors (6144K)
 Metaspace       used 8822K, committed 10048K, reserved 16384K
}
Event: 53.058 GC heap before
{Heap before GC invocations=8 (full 0):
 garbage-first heap   total 131072K, used 87690K [0xc3200000, 0xe3200000)
  region size 1024K, 76 young (77824K), 6 survivors (6144K)
 Metaspace       used 8951K, committed 10240K, reserved 16384K
}
Event: 53.061 GC heap after
{Heap after GC invocations=9 (full 0):
 garbage-first heap   total 131072K, used 16118K [0xc3200000, 0xe3200000)
  region size 1024K, 6 young (6144K), 6 survivors (6144K)
 Metaspace       used 8951K, committed 10240K, reserved 16384K
}
Event: 54.683 GC heap before
{Heap before GC invocations=9 (full 0):
 garbage-first heap   total 131072K, used 87798K [0xc3200000, 0xe3200000)
  region size 1024K, 76 young (77824K), 6 survivors (6144K)
 Metaspace       used 9476K, committed 10880K, reserved 16384K
}
Event: 54.686 GC heap after
{Heap after GC invocations=10 (full 0):
 garbage-first heap   total 131072K, used 17878K [0xc3200000, 0xe3200000)
  region size 1024K, 7 young (7168K), 7 survivors (7168K)
 Metaspace       used 9476K, committed 10880K, reserved 16384K
}
Event: 74.547 GC heap before
{Heap before GC invocations=10 (full 0):
 garbage-first heap   total 131072K, used 88534K [0xc3200000, 0xe3200000)
  region size 1024K, 76 young (77824K), 7 survivors (7168K)
 Metaspace       used 10257K, committed 11776K, reserved 16384K
}
Event: 74.552 GC heap after
{Heap after GC invocations=11 (full 0):
 garbage-first heap   total 131072K, used 21814K [0xc3200000, 0xe3200000)
  region size 1024K, 8 young (8192K), 8 survivors (8192K)
 Metaspace       used 10257K, committed 11776K, reserved 16384K
}
Event: 1025.813 GC heap before
{Heap before GC invocations=11 (full 0):
 garbage-first heap   total 131072K, used 91446K [0xc3200000, 0xe3200000)
  region size 1024K, 76 young (77824K), 8 survivors (8192K)
 Metaspace       used 10757K, committed 12352K, reserved 16384K
}
Event: 1025.819 GC heap after
{Heap after GC invocations=12 (full 0):
 garbage-first heap   total 131072K, used 26649K [0xc3200000, 0xe3200000)
  region size 1024K, 9 young (9216K), 9 survivors (9216K)
 Metaspace       used 10757K, committed 12352K, reserved 16384K
}
Event: 5096.536 GC heap before
{Heap before GC invocations=12 (full 0):
 garbage-first heap   total 131072K, used 95257K [0xc3200000, 0xe3200000)
  region size 1024K, 76 young (77824K), 9 survivors (9216K)
 Metaspace       used 10838K, committed 12416K, reserved 16384K
}
Event: 5096.541 GC heap after
{Heap after GC invocations=13 (full 0):
 garbage-first heap   total 131072K, used 26503K [0xc3200000, 0xe3200000)
  region size 1024K, 5 young (5120K), 5 survivors (5120K)
 Metaspace       used 10838K, committed 12416K, reserved 16384K
}
Event: 9536.641 GC heap before
{Heap before GC invocations=13 (full 0):
 garbage-first heap   total 131072K, used 99207K [0xc3200000, 0xe3200000)
  region size 1024K, 76 young (77824K), 5 survivors (5120K)
 Metaspace       used 10847K, committed 12416K, reserved 16384K
}
Event: 9536.643 GC heap after
{Heap after GC invocations=14 (full 0):
 garbage-first heap   total 131072K, used 26520K [0xc3200000, 0xe3200000)
  region size 1024K, 5 young (5120K), 5 survivors (5120K)
 Metaspace       used 10847K, committed 12416K, reserved 16384K
}

Dll operation events (4 events):
Event: 0.005 Loaded shared library /usr/lib/jvm/zulu17.66.19-ca-fx-jdk17.0.19-linux_i686/lib/libjava.so
Event: 9.537 Loaded shared library /usr/lib/jvm/zulu17.66.19-ca-fx-jdk17.0.19-linux_i686/lib/libnio.so
Event: 9.538 Loaded shared library /usr/lib/jvm/zulu17.66.19-ca-fx-jdk17.0.19-linux_i686/lib/libjimage.so
Event: 9.538 Loaded shared library /usr/lib/jvm/zulu17.66.19-ca-fx-jdk17.0.19-linux_i686/lib/libnet.so

Deoptimization events (20 events):
Event: 222.632 Thread 0x5c3c87a0 Uncommon trap: trap_request=0xffffffbe fr.pc=0xeb0d2f40 relative=0x00001900
Event: 222.632 Thread 0x5c3c87a0 Uncommon trap: reason=profile_predicate action=maybe_recompile pc=0xeb0d2f40 method=script.base_class.split(Ljava/lang/String;C)[Ljava/lang/String; @ 34 c2
Event: 222.632 Thread 0x5c3c87a0 DEOPT PACKING pc=0xeb0d2f40 sp=0xffe0f1b0
Event: 222.632 Thread 0x5c3c87a0 DEOPT UNPACKING pc=0xeaaa1d33 sp=0xffe0f1c4 mode 2
Event: 1698.703 Thread 0x5c3c87a0 Uncommon trap: trap_request=0xffffffcc fr.pc=0xeb15b9a4 relative=0x00001e64
Event: 1698.703 Thread 0x5c3c87a0 Uncommon trap: reason=intrinsic action=make_not_entrant pc=0xeb15b9a4 method=java.util.ArrayList.toArray([Ljava/lang/Object;)[Ljava/lang/Object; @ 36 c2
Event: 1698.703 Thread 0x5c3c87a0 DEOPT PACKING pc=0xeb15b9a4 sp=0xffe10b50
Event: 1698.703 Thread 0x5c3c87a0 DEOPT UNPACKING pc=0xeaaa1d33 sp=0xffe10a7c mode 2
Event: 5096.541 Thread 0x5c3c87a0 Uncommon trap: trap_request=0xffffff45 fr.pc=0xeb153418 relative=0x00001638
Event: 5096.541 Thread 0x5c3c87a0 Uncommon trap: reason=unstable_if action=reinterpret pc=0xeb153418 method=java.io.ClassCache.processQueue()V @ 9 c2
Event: 5096.541 Thread 0x5c3c87a0 DEOPT PACKING pc=0xeb153418 sp=0xffe10890
Event: 5096.541 Thread 0x5c3c87a0 DEOPT UNPACKING pc=0xeaaa1d33 sp=0xffe10808 mode 2
Event: 5096.541 Thread 0x5c3c87a0 Uncommon trap: trap_request=0xffffff45 fr.pc=0xeb0c7c50 relative=0x00000110
Event: 5096.541 Thread 0x5c3c87a0 Uncommon trap: reason=unstable_if action=reinterpret pc=0xeb0c7c50 method=java.lang.ClassValue.match(Ljava/lang/ClassValue$Entry;)Z @ 12 c2
Event: 5096.541 Thread 0x5c3c87a0 DEOPT PACKING pc=0xeb0c7c50 sp=0xffe10810
Event: 5096.541 Thread 0x5c3c87a0 DEOPT UNPACKING pc=0xeaaa1d33 sp=0xffe107bc mode 2
Event: 5096.541 Thread 0x5c3c87a0 Uncommon trap: trap_request=0xffffff45 fr.pc=0xeb0c851c relative=0x0000051c
Event: 5096.541 Thread 0x5c3c87a0 Uncommon trap: reason=unstable_if action=reinterpret pc=0xeb0c851c method=java.lang.ClassValue.match(Ljava/lang/ClassValue$Entry;)Z @ 12 c2
Event: 5096.541 Thread 0x5c3c87a0 DEOPT PACKING pc=0xeb0c851c sp=0xffe10620
Event: 5096.541 Thread 0x5c3c87a0 DEOPT UNPACKING pc=0xeaaa1d33 sp=0xffe10594 mode 2

Classes loaded (20 events):
Event: 171.753 Loading class java/lang/constant/MethodTypeDescImpl
Event: 171.753 Loading class java/lang/constant/MethodTypeDescImpl done
Event: 171.753 Loading class java/lang/constant/MethodHandleDesc
Event: 171.753 Loading class java/lang/constant/MethodHandleDesc done
Event: 171.753 Loading class java/lang/constant/MethodHandleDesc$1
Event: 171.753 Loading class java/lang/constant/MethodHandleDesc$1 done
Event: 171.753 Loading class java/lang/constant/DirectMethodHandleDescImpl
Event: 171.753 Loading class java/lang/constant/DirectMethodHandleDesc
Event: 171.753 Loading class java/lang/constant/DirectMethodHandleDesc done
Event: 171.753 Loading class java/lang/constant/DirectMethodHandleDescImpl done
Event: 171.753 Loading class java/lang/constant/DirectMethodHandleDescImpl$1
Event: 171.753 Loading class java/lang/constant/DirectMethodHandleDescImpl$1 done
Event: 171.753 Loading class java/lang/constant/DirectMethodHandleDesc$1
Event: 171.753 Loading class java/lang/constant/DirectMethodHandleDesc$1 done
Event: 171.753 Loading class java/lang/constant/PrimitiveClassDescImpl
Event: 171.753 Loading class java/lang/constant/DynamicConstantDesc
Event: 171.754 Loading class java/lang/constant/DynamicConstantDesc done
Event: 171.754 Loading class java/lang/constant/PrimitiveClassDescImpl done
Event: 171.754 Loading class java/lang/constant/DynamicConstantDesc$AnonymousDynamicConstantDesc
Event: 171.754 Loading class java/lang/constant/DynamicConstantDesc$AnonymousDynamicConstantDesc done

Classes unloaded (0 events):
No events

Classes redefined (0 events):
No events

Internal exceptions (19 events):
Event: 9.545 Thread 0x5c3c87a0 Exception <a 'java/lang/NoSuchMethodError'{0xcaead3f8}: 'java.lang.Object java.lang.invoke.DirectMethodHandle$Holder.invokeStaticInit(java.lang.Object)'> (0xcaead3f8) 
thrown [src/hotspot/share/interpreter/linkResolver.cpp, line 759]
Event: 10.803 Thread 0x5c3c87a0 Exception <a 'java/lang/NoSuchMethodError'{0xcace9ff0}: 'java.lang.Object java.lang.invoke.DirectMethodHandle$Holder.invokeStatic(java.lang.Object, float)'> (0xcace9ff0) 
thrown [src/hotspot/share/interpreter/linkResolver.cpp, line 759]
Event: 11.070 Thread 0x5c3c87a0 Exception <a 'java/lang/NoSuchMethodError'{0xca693868}: 'java.lang.Object java.lang.invoke.DirectMethodHandle$Holder.invokeSpecial(java.lang.Object, java.lang.Object, long, java.lang.Object, java.lang.Object, java.lang.Object, java.lang.Object, int, java.lang.Object)'> (0xca693868) 
thrown [src/hotspot/share/interpreter/linkResolver.cpp, line 759]
Event: 11.070 Thread 0x5c3c87a0 Exception <a 'java/lang/NoSuchMethodError'{0xca697b68}: 'java.lang.Object java.lang.invoke.DelegatingMethodHandle$Holder.reinvoke_L(java.lang.Object, long, java.lang.Object, java.lang.Object, java.lang.Object, java.lang.Object, int, java.lang.Object)'> (0xca697b68) 
thrown [src/hotspot/share/interpreter/linkResolver.cpp, line 759]
Event: 11.077 Thread 0x5c3c87a0 Exception <a 'java/lang/NoSuchMethodError'{0xca5203a8}: 'java.lang.Object java.lang.invoke.DirectMethodHandle$Holder.invokeSpecial(java.lang.Object, java.lang.Object, java.lang.Object, java.lang.Object, float)'> (0xca5203a8) 
thrown [src/hotspot/share/interpreter/linkResolver.cpp, line 759]
Event: 11.085 Thread 0x5c3c87a0 Exception <a 'java/lang/NoSuchMethodError'{0xca54cda8}: 'java.lang.Object java.lang.invoke.DirectMethodHandle$Holder.invokeSpecial(java.lang.Object, java.lang.Object, java.lang.Object, java.lang.Object, int)'> (0xca54cda8) 
thrown [src/hotspot/share/interpreter/linkResolver.cpp, line 759]
Event: 11.085 Thread 0x5c3c87a0 Exception <a 'java/lang/NoSuchMethodError'{0xca550510}: 'java.lang.Object java.lang.invoke.Invokers$Holder.linkToTargetMethod(java.lang.Object, java.lang.Object, int, java.lang.Object)'> (0xca550510) 
thrown [src/hotspot/share/interpreter/linkResolver.cpp, line 759]
Event: 11.188 Thread 0x5c3c87a0 Exception <a 'java/lang/NoSuchMethodError'{0xca4f8208}: 'java.lang.Object java.lang.invoke.DirectMethodHandle$Holder.invokeSpecial(java.lang.Object, java.lang.Object, long, java.lang.Object, java.lang.Object, java.lang.Object, java.lang.Object, java.lang.Object, java.lang.Object)'> (0xca4f8208) 
thrown [src/hotspot/share/interpreter/linkResolver.cpp, line 759]
Event: 11.189 Thread 0x5c3c87a0 Exception <a 'java/lang/NoSuchMethodError'{0xca4fc5e0}: 'java.lang.Object java.lang.invoke.DelegatingMethodHandle$Holder.reinvoke_L(java.lang.Object, long, java.lang.Object, java.lang.Object, java.lang.Object, java.lang.Object, java.lang.Object, java.lang.Object)'> (0xca4fc5e0) 
thrown [src/hotspot/share/interpreter/linkResolver.cpp, line 759]
Event: 18.076 Thread 0x5c3c87a0 Exception <a 'java/lang/NoSuchMethodError'{0xcb169a80}: 'java.lang.Object java.lang.invoke.DirectMethodHandle$Holder.invokeSpecial(java.lang.Object, java.lang.Object, java.lang.Object, java.lang.Object, java.lang.Object, java.lang.Object, int)'> (0xcb169a80) 
thrown [src/hotspot/share/interpreter/linkResolver.cpp, line 759]
Event: 32.107 Thread 0x5c3c87a0 Exception <a 'java/lang/NoSuchMethodError'{0xc878b958}: 'java.lang.Object java.lang.invoke.DirectMethodHandle$Holder.invokeSpecial(java.lang.Object, java.lang.Object, int, int, int)'> (0xc878b958) 
thrown [src/hotspot/share/interpreter/linkResolver.cpp, line 759]
Event: 33.665 Thread 0x5c3c87a0 Implicit null exception at 0xeafff52b to 0xeafff568
Event: 33.686 Thread 0x5c3c87a0 Exception <a 'java/lang/NoSuchMethodError'{0xc7e08de8}: 'java.lang.Object java.lang.invoke.DirectMethodHandle$Holder.invokeSpecial(java.lang.Object, java.lang.Object, java.lang.Object, java.lang.Object, int, java.lang.Object)'> (0xc7e08de8) 
thrown [src/hotspot/share/interpreter/linkResolver.cpp, line 759]
Event: 33.687 Thread 0x5c3c87a0 Exception <a 'java/lang/NoSuchMethodError'{0xc7e0c448}: 'java.lang.Object java.lang.invoke.Invokers$Holder.linkToTargetMethod(java.lang.Object, java.lang.Object, int, java.lang.Object, java.lang.Object)'> (0xc7e0c448) 
thrown [src/hotspot/share/interpreter/linkResolver.cpp, line 759]
Event: 33.694 Thread 0x5c3c87a0 Exception <a 'java/lang/NoSuchMethodError'{0xc7e4f600}: 'java.lang.Object java.lang.invoke.DirectMethodHandle$Holder.invokeSpecial(java.lang.Object, java.lang.Object, long, java.lang.Object, java.lang.Object, java.lang.Object, int, java.lang.Object, java.lang.Object)'> (0xc7e4f600) 
thrown [src/hotspot/share/interpreter/linkResolver.cpp, line 759]
Event: 33.695 Thread 0x5c3c87a0 Exception <a 'java/lang/NoSuchMethodError'{0xc7e53900}: 'java.lang.Object java.lang.invoke.DelegatingMethodHandle$Holder.reinvoke_L(java.lang.Object, long, java.lang.Object, java.lang.Object, java.lang.Object, int, java.lang.Object, java.lang.Object)'> (0xc7e53900) 
thrown [src/hotspot/share/interpreter/linkResolver.cpp, line 759]
Event: 63.782 Thread 0x5c3c87a0 Exception <a 'java/lang/NoSuchMethodError'{0xc831a888}: 'java.lang.Object java.lang.invoke.DirectMethodHandle$Holder.invokeSpecial(java.lang.Object, java.lang.Object, java.lang.Object, java.lang.Object, java.lang.Object, int)'> (0xc831a888) 
thrown [src/hotspot/share/interpreter/linkResolver.cpp, line 759]
Event: 63.783 Thread 0x5c3c87a0 Exception <a 'java/lang/NoSuchMethodError'{0xc831dcc0}: 'java.lang.Object java.lang.invoke.Invokers$Holder.linkToTargetMethod(java.lang.Object, java.lang.Object, java.lang.Object, int, java.lang.Object)'> (0xc831dcc0) 
thrown [src/hotspot/share/interpreter/linkResolver.cpp, line 759]
Event: 171.739 Thread 0x5c3c87a0 Exception <a 'java/lang/NoSuchMethodError'{0xc9b70830}: static [I.<clinit>()V> (0xc9b70830) 
thrown [src/hotspot/share/prims/jni.cpp, line 1112]

VM Operations (20 events):
Event: 1852.867 Executing VM operation: Cleanup
Event: 1852.867 Executing VM operation: Cleanup done
Event: 1869.868 Executing VM operation: Cleanup
Event: 1869.868 Executing VM operation: Cleanup done
Event: 2313.894 Executing VM operation: Cleanup
Event: 2313.894 Executing VM operation: Cleanup done
Event: 2360.896 Executing VM operation: Cleanup
Event: 2360.897 Executing VM operation: Cleanup done
Event: 2367.897 Executing VM operation: Cleanup
Event: 2367.897 Executing VM operation: Cleanup done
Event: 3653.972 Executing VM operation: Cleanup
Event: 3653.972 Executing VM operation: Cleanup done
Event: 5096.536 Executing VM operation: G1CollectForAllocation
Event: 5096.541 Executing VM operation: G1CollectForAllocation done
Event: 5101.303 Executing VM operation: HandshakeAllThreads
Event: 5101.303 Executing VM operation: HandshakeAllThreads done
Event: 6263.370 Executing VM operation: Cleanup
Event: 6263.370 Executing VM operation: Cleanup done
Event: 9536.641 Executing VM operation: G1CollectForAllocation
Event: 9536.643 Executing VM operation: G1CollectForAllocation done

Memory protections (14 events):
Event: 0.004 Protecting memory [0xf3738000,0xf373c000] with protection modes 0
Event: 0.084 Protecting memory [0xc0940000,0xc0944000] with protection modes 0
Event: 0.095 Protecting memory [0xc0740000,0xc0744000] with protection modes 0
Event: 0.102 Protecting memory [0xc00c6000,0xc00ca000] with protection modes 0
Event: 0.120 Protecting memory [0xc0005000,0xc0009000] with protection modes 0
Event: 0.125 Protecting memory [0xbed40000,0xbed44000] with protection modes 0
Event: 0.140 Protecting memory [0xc0b2a000,0xc0b2e000] with protection modes 0
Event: 0.145 Protecting memory [0xbeb80000,0xbeb84000] with protection modes 0
Event: 0.164 Protecting memory [0xbe840000,0xbe844000] with protection modes 0
Event: 0.187 Protecting memory [0xbe640000,0xbe644000] with protection modes 0
Event: 0.284 Protecting memory [0xffd53000,0xffd57000] with protection modes 0
Event: 0.292 Protecting memory [0xbe140000,0xbe144000] with protection modes 0
Event: 0.299 Protecting memory [0xbdf40000,0xbdf44000] with protection modes 0
Event: 11.042 Protecting memory [0xbd980000,0xbd984000] with protection modes 0

Nmethod flushes (0 events):
No events

Events (19 events):
Event: 0.064 Thread 0xf3629a00 Thread added: 0xf3629a00
Event: 0.084 Thread 0xf3629a00 Thread added: 0xc18e2fb0
Event: 0.093 Thread 0xf3629a00 Thread added: 0xc18e4060
Event: 0.101 Thread 0xf3629a00 Thread added: 0xc18e7f70
Event: 0.119 Thread 0xf3629a00 Thread added: 0xc18e8fd0
Event: 0.124 Thread 0xf3629a00 Thread added: 0xc18e9ff0
Event: 0.139 Thread 0xf3629a00 Thread added: 0xc18eb3a0
Event: 0.144 Thread 0xf3629a00 Thread added: 0xc18ec4d0
Event: 0.161 Thread 0xf3629a00 Thread added: 0xc18ed530
Event: 0.186 Thread 0xf3629a00 Thread added: 0xbe524670
Event: 0.284 Thread 0x5c3c87a0 Thread added: 0x5c3c87a0
Event: 0.291 Thread 0x5c3c87a0 Thread added: 0x5c3ca3e0
Event: 0.299 Thread 0x5c3c87a0 Thread added: 0x5c3d0ce0
Event: 11.041 Thread 0xc18ec4d0 Thread added: 0xbe91d430
Event: 11.593 Thread 0xbe91d430 Thread exited: 0xbe91d430
Event: 10753.336 Thread 0x5c3c87a0 Thread exited: 0x5c3c87a0
Event: 10753.336 Thread 0xf3629a00 Before exit entered
Event: 10753.336 Thread 0xf3629a00 Thread exited: 0xf3629a00
Event: 10753.336 Thread 0xc18e7f70 Thread exited: 0xc18e7f70


Dynamic libraries:
56649000-57716000 r--p 00000000 09:04 24778802                           /home/swg/swg-main/build/bin/SwgGameServer
57716000-585b9000 r-xp 010cd000 09:04 24778802                           /home/swg/swg-main/build/bin/SwgGameServer
585b9000-58ca0000 r--p 01f70000 09:04 24778802                           /home/swg/swg-main/build/bin/SwgGameServer
58ca0000-58cc7000 rw-p 02656000 09:04 24778802                           /home/swg/swg-main/build/bin/SwgGameServer
58cc7000-5954a000 rw-p 00000000 00:00 0 
5aceb000-73835000 rw-p 00000000 00:00 0                                  [heap]
b9400000-b94fe000 rw-p 00000000 00:00 0 
b94fe000-b9500000 ---p 00000000 00:00 0 
b9600000-b96fb000 rw-p 00000000 00:00 0 
b96fb000-b9700000 ---p 00000000 00:00 0 
b9900000-b99f9000 rw-p 00000000 00:00 0 
b99f9000-b9a00000 ---p 00000000 00:00 0 
b9c00000-b9cff000 rw-p 00000000 00:00 0 
b9cff000-b9d00000 ---p 00000000 00:00 0 
b9d00000-b9df9000 rw-p 00000000 00:00 0 
b9df9000-b9e00000 ---p 00000000 00:00 0 
b9e00000-b9ec2000 rw-p 00000000 00:00 0 
b9ec2000-b9f00000 ---p 00000000 00:00 0 
b9f00000-b9feb000 rw-p 00000000 00:00 0 
b9feb000-ba000000 ---p 00000000 00:00 0 
ba000000-ba0fb000 rw-p 00000000 00:00 0 
ba0fb000-ba100000 ---p 00000000 00:00 0 
ba200000-ba2f9000 rw-p 00000000 00:00 0 
ba2f9000-ba300000 ---p 00000000 00:00 0 
ba300000-ba3f9000 rw-p 00000000 00:00 0 
ba3f9000-ba400000 ---p 00000000 00:00 0 
ba400000-ba4e1000 rw-p 00000000 00:00 0 
ba4e1000-ba500000 ---p 00000000 00:00 0 
bab00000-bab21000 rw-p 00000000 00:00 0 
bab21000-bac00000 ---p 00000000 00:00 0 
bac7f000-bac80000 ---p 00000000 00:00 0 
bac80000-bad00000 rw-p 00000000 00:00 0 
bad00000-bad21000 rw-p 00000000 00:00 0 
bad21000-bae00000 ---p 00000000 00:00 0 
bae7f000-bae80000 ---p 00000000 00:00 0 
bae80000-baf00000 rw-p 00000000 00:00 0 
baf00000-baf21000 rw-p 00000000 00:00 0 
baf21000-bb000000 ---p 00000000 00:00 0 
bb07f000-bb080000 ---p 00000000 00:00 0 
bb080000-bb100000 rw-p 00000000 00:00 0 
bb100000-bb1f9000 rw-p 00000000 00:00 0 
bb1f9000-bb200000 ---p 00000000 00:00 0 
bb200000-bb2c1000 rw-p 00000000 00:00 0 
bb2c1000-bb300000 ---p 00000000 00:00 0 
bb300000-bb3f9000 rw-p 00000000 00:00 0 
bb3f9000-bb400000 ---p 00000000 00:00 0 
bb400000-bb4f9000 rw-p 00000000 00:00 0 
bb4f9000-bb500000 ---p 00000000 00:00 0 
bb500000-bb5f9000 rw-p 00000000 00:00 0 
bb5f9000-bb600000 ---p 00000000 00:00 0 
bb600000-bb6f9000 rw-p 00000000 00:00 0 
bb6f9000-bb700000 ---p 00000000 00:00 0 
bb700000-bb7f9000 rw-p 00000000 00:00 0 
bb7f9000-bb800000 ---p 00000000 00:00 0 
bb800000-bb8fb000 rw-p 00000000 00:00 0 
bb8fb000-bb900000 ---p 00000000 00:00 0 
bb900000-bb9f9000 rw-p 00000000 00:00 0 
bb9f9000-bba00000 ---p 00000000 00:00 0 
bba00000-bbaf9000 rw-p 00000000 00:00 0 
bbaf9000-bbb00000 ---p 00000000 00:00 0 
bbb00000-bbb21000 rw-p 00000000 00:00 0 
bbb21000-bbc00000 ---p 00000000 00:00 0 
bbc7f000-bbc80000 ---p 00000000 00:00 0 
bbc80000-bbd00000 rw-p 00000000 00:00 0 
bbd00000-bbd21000 rw-p 00000000 00:00 0 
bbd21000-bbe00000 ---p 00000000 00:00 0 
bbe00000-bbe21000 rw-p 00000000 00:00 0 
bbe21000-bbf00000 ---p 00000000 00:00 0 
bbf7f000-bbf80000 ---p 00000000 00:00 0 
bbf80000-bc000000 rw-p 00000000 00:00 0 
bc000000-bc021000 rw-p 00000000 00:00 0 
bc021000-bc100000 ---p 00000000 00:00 0 
bc100000-bc121000 rw-p 00000000 00:00 0 
bc121000-bc200000 ---p 00000000 00:00 0 
bc200000-bc221000 rw-p 00000000 00:00 0 
bc221000-bc300000 ---p 00000000 00:00 0 
bc300000-bc321000 rw-p 00000000 00:00 0 
bc321000-bc400000 ---p 00000000 00:00 0 
bc400000-bc4fe000 rw-p 00000000 00:00 0 
bc4fe000-bc500000 ---p 00000000 00:00 0 
bc500000-bc521000 rw-p 00000000 00:00 0 
bc521000-bc600000 ---p 00000000 00:00 0 
bc600000-bc6d0000 rw-p 00000000 00:00 0 
bc6d0000-bc700000 ---p 00000000 00:00 0 
bc700000-bc7f7000 rw-p 00000000 00:00 0 
bc7f7000-bc800000 ---p 00000000 00:00 0 
bc800000-bc8e2000 rw-p 00000000 00:00 0 
bc8e2000-bc900000 ---p 00000000 00:00 0 
bc97f000-bc980000 ---p 00000000 00:00 0 
bc980000-bca00000 rw-p 00000000 00:00 0 
bca00000-bcafa000 rw-p 00000000 00:00 0 
bcafa000-bcb00000 ---p 00000000 00:00 0 
bd17d000-bd17e000 ---p 00000000 00:00 0 
bd17e000-bd1fe000 rw-p 00000000 00:00 0 
bd1fe000-bd1ff000 ---p 00000000 00:00 0 
bd1ff000-bd27f000 rw-p 00000000 00:00 0 
bd27f000-bd280000 ---p 00000000 00:00 0 
bd280000-bd300000 rw-p 00000000 00:00 0 
bd300000-bd3fe000 rw-p 00000000 00:00 0 
bd3fe000-bd400000 ---p 00000000 00:00 0 
bd87d000-bd87e000 ---p 00000000 00:00 0 
bd87e000-bd8fe000 rw-p 00000000 00:00 0 
bd8fe000-bd8ff000 ---p 00000000 00:00 0 
bd8ff000-bd97f000 rw-p 00000000 00:00 0 
bd97f000-bd980000 ---p 00000000 00:00 0 
bd980000-bd984000 ---p 00000000 00:00 0 
bd984000-bda00000 rw-p 00000000 00:00 0 
bda00000-bdaf9000 rw-p 00000000 00:00 0 
bdaf9000-bdb00000 ---p 00000000 00:00 0 
bde00000-bde21000 rw-p 00000000 00:00 0 
bde21000-bdf00000 ---p 00000000 00:00 0 
bdf3f000-bdf40000 ---p 00000000 00:00 0 
bdf40000-bdf44000 ---p 00000000 00:00 0 
bdf44000-be000000 rw-p 00000000 00:00 0 
be000000-be021000 rw-p 00000000 00:00 0 
be021000-be100000 ---p 00000000 00:00 0 
be13f000-be140000 ---p 00000000 00:00 0 
be140000-be144000 ---p 00000000 00:00 0 
be144000-be200000 rw-p 00000000 00:00 0 
be200000-be221000 rw-p 00000000 00:00 0 
be221000-be300000 ---p 00000000 00:00 0 
be37f000-be380000 ---p 00000000 00:00 0 
be380000-be400000 rw-p 00000000 00:00 0 
be400000-be421000 rw-p 00000000 00:00 0 
be421000-be500000 ---p 00000000 00:00 0 
be500000-be528000 rw-p 00000000 00:00 0 
be528000-be600000 ---p 00000000 00:00 0 
be63f000-be640000 ---p 00000000 00:00 0 
be640000-be644000 ---p 00000000 00:00 0 
be644000-be700000 rw-p 00000000 00:00 0 
be700000-be729000 rw-p 00000000 00:00 0 
be729000-be800000 ---p 00000000 00:00 0 
be83f000-be840000 ---p 00000000 00:00 0 
be840000-be844000 ---p 00000000 00:00 0 
be844000-be900000 rw-p 00000000 00:00 0 
be900000-be9fd000 rw-p 00000000 00:00 0 
be9fd000-bea00000 ---p 00000000 00:00 0 
bea00000-beafd000 rw-p 00000000 00:00 0 
beafd000-beb00000 ---p 00000000 00:00 0 
beb7f000-beb80000 ---p 00000000 00:00 0 
beb80000-beb84000 ---p 00000000 00:00 0 
beb84000-bec00000 rw-p 00000000 00:00 0 
bec00000-bec21000 rw-p 00000000 00:00 0 
bec21000-bed00000 ---p 00000000 00:00 0 
bed3f000-bed40000 ---p 00000000 00:00 0 
bed40000-bed44000 ---p 00000000 00:00 0 
bed44000-bee00000 rw-p 00000000 00:00 0 
bee00000-bee21000 rw-p 00000000 00:00 0 
bee21000-bef00000 ---p 00000000 00:00 0 
bef00000-bef21000 rw-p 00000000 00:00 0 
bef21000-bf000000 ---p 00000000 00:00 0 
bf000000-bf1d0000 rw-p 00000000 00:00 0 
bf1d0000-bf400000 ---p 00000000 00:00 0 
bf400000-bfe50000 rw-p 00000000 00:00 0 
bfe50000-c0000000 ---p 00000000 00:00 0 
c0004000-c0005000 ---p 00000000 00:00 0 
c0005000-c0009000 ---p 00000000 00:00 0 
c0009000-c00c5000 rw-p 00000000 00:00 0 
c00c5000-c00c6000 ---p 00000000 00:00 0 
c00c6000-c00ca000 ---p 00000000 00:00 0 
c00ca000-c0186000 rw-p 00000000 00:00 0 
c0186000-c0400000 r--p 0006f000 09:04 15752678                           /usr/lib/locale/locale-archive
c0400000-c0600000 r--p 00000000 09:04 15752678                           /usr/lib/locale/locale-archive
c0600000-c0621000 rw-p 00000000 00:00 0 
c0621000-c0700000 ---p 00000000 00:00 0 
c073f000-c0740000 ---p 00000000 00:00 0 
c0740000-c0744000 ---p 00000000 00:00 0 
c0744000-c0800000 rw-p 00000000 00:00 0 
c0800000-c0821000 rw-p 00000000 00:00 0 
c0821000-c0900000 ---p 00000000 00:00 0 
c093f000-c0940000 ---p 00000000 00:00 0 
c0940000-c0944000 ---p 00000000 00:00 0 
c0944000-c0a00000 rw-p 00000000 00:00 0 
c0a00000-c0a21000 rw-p 00000000 00:00 0 
c0a21000-c0b00000 ---p 00000000 00:00 0 
c0b29000-c0b2a000 ---p 00000000 00:00 0 
c0b2a000-c0b2e000 ---p 00000000 00:00 0 
c0b2e000-c0baa000 rw-p 00000000 00:00 0 
c0baa000-c0bab000 ---p 00000000 00:00 0 
c0bab000-c0c2b000 rw-p 00000000 00:00 0 
c0c2b000-c1500000 rw-p 00001000 09:04 15886960                           /usr/lib/jvm/zulu17.66.19-ca-fx-jdk17.0.19-linux_i686/lib/server/classes.jsa
c1500000-c1521000 rw-p 00000000 00:00 0 
c1521000-c1600000 ---p 00000000 00:00 0 
c167f000-c1680000 ---p 00000000 00:00 0 
c1680000-c1700000 rw-p 00000000 00:00 0 
c1700000-c1721000 rw-p 00000000 00:00 0 
c1721000-c1800000 ---p 00000000 00:00 0 
c1800000-c1900000 rw-p 00000000 00:00 0 
c197f000-c1980000 ---p 00000000 00:00 0 
c1980000-c1a00000 rw-p 00000000 00:00 0 
c1a00000-c1a21000 rw-p 00000000 00:00 0 
c1a21000-c1b00000 ---p 00000000 00:00 0 
c1b7f000-c1b80000 ---p 00000000 00:00 0 
c1b80000-c1c00000 rw-p 00000000 00:00 0 
c1c00000-c1c21000 rw-p 00000000 00:00 0 
c1c21000-c1d00000 ---p 00000000 00:00 0 
c1d7f000-c1d80000 ---p 00000000 00:00 0 
c1d80000-c1e00000 rw-p 00000000 00:00 0 
c1e00000-c1e21000 rw-p 00000000 00:00 0 
c1e21000-c1f00000 ---p 00000000 00:00 0 
c1f7f000-c1f80000 ---p 00000000 00:00 0 
c1f80000-c2200000 rw-p 00000000 00:00 0 
c2200000-c2800000 ---p 00000000 00:00 0 
c2800000-c2a00000 rw-p 00000000 00:00 0 
c2a00000-c3000000 ---p 00000000 00:00 0 
c3000000-c3040000 rw-p 00000000 00:00 0 
c3040000-c3100000 ---p 00000000 00:00 0 
c3100000-c3140000 rw-p 00000000 00:00 0 
c3140000-c3200000 ---p 00000000 00:00 0 
c3200000-cb200000 rw-p 00000000 00:00 0 
cb200000-e3200000 ---p 00000000 00:00 0 
e3200000-e3240000 rw-p 00000000 00:00 0 
e3240000-e3300000 ---p 00000000 00:00 0 
e3300000-e33fd000 rw-p 00000000 00:00 0 
e33fd000-e3400000 ---p 00000000 00:00 0 
e3412000-e3417000 rw-p 00000000 00:00 0 
e3417000-e34fd000 ---p 00000000 00:00 0 
e34fd000-e3abd000 rwxp 00000000 00:00 0 
e3abd000-eaa58000 ---p 00000000 00:00 0 
eaa58000-eac98000 rwxp 00000000 00:00 0 
eac98000-eafa2000 ---p 00000000 00:00 0 
eafa2000-eb1e2000 rwxp 00000000 00:00 0 
eb1e2000-f24fd000 ---p 00000000 00:00 0 
f24fd000-f26b7000 r--s 00000000 09:04 15886949                           /usr/lib/jvm/zulu17.66.19-ca-fx-jdk17.0.19-linux_i686/lib/modules
f26b7000-f3559000 r-xp 00000000 09:04 15886962                           /usr/lib/jvm/zulu17.66.19-ca-fx-jdk17.0.19-linux_i686/lib/server/libjvm.so
f3559000-f355a000 ---p 00ea2000 09:04 15886962                           /usr/lib/jvm/zulu17.66.19-ca-fx-jdk17.0.19-linux_i686/lib/server/libjvm.so
f355a000-f35af000 r--p 00ea2000 09:04 15886962                           /usr/lib/jvm/zulu17.66.19-ca-fx-jdk17.0.19-linux_i686/lib/server/libjvm.so
f35af000-f35d0000 rw-p 00ef7000 09:04 15886962                           /usr/lib/jvm/zulu17.66.19-ca-fx-jdk17.0.19-linux_i686/lib/server/libjvm.so
f35d0000-f3600000 rw-p 00000000 00:00 0 
f3600000-f36f2000 rw-p 00000000 00:00 0 
f36f2000-f3700000 ---p 00000000 00:00 0 
f3737000-f3738000 ---p 00000000 00:00 0 
f3738000-f373c000 ---p 00000000 00:00 0 
f373c000-f42af000 rw-p 00000000 00:00 0 
f42af000-f42c4000 r-xp 00000000 09:04 15886936                           /usr/lib/jvm/zulu17.66.19-ca-fx-jdk17.0.19-linux_i686/lib/libnet.so
f42c4000-f42c5000 r--p 00014000 09:04 15886936                           /usr/lib/jvm/zulu17.66.19-ca-fx-jdk17.0.19-linux_i686/lib/libnet.so
f42c5000-f42c6000 rw-p 00015000 09:04 15886936                           /usr/lib/jvm/zulu17.66.19-ca-fx-jdk17.0.19-linux_i686/lib/libnet.so
f42c6000-f42d8000 r-xp 00000000 09:04 15886937                           /usr/lib/jvm/zulu17.66.19-ca-fx-jdk17.0.19-linux_i686/lib/libnio.so
f42d8000-f42d9000 ---p 00012000 09:04 15886937                           /usr/lib/jvm/zulu17.66.19-ca-fx-jdk17.0.19-linux_i686/lib/libnio.so
f42d9000-f42da000 r--p 00012000 09:04 15886937                           /usr/lib/jvm/zulu17.66.19-ca-fx-jdk17.0.19-linux_i686/lib/libnio.so
f42da000-f42db000 rw-p 00013000 09:04 15886937                           /usr/lib/jvm/zulu17.66.19-ca-fx-jdk17.0.19-linux_i686/lib/libnio.so
f42db000-f42e7000 rw-p 00000000 00:00 0 
f42e7000-f43c6000 ---p 00000000 00:00 0 
f45ef000-f45f6000 r--s 00000000 09:04 15884995                           /usr/lib/i386-linux-gnu/gconv/gconv-modules.cache
f45f6000-f4644000 rw-p 00000000 00:00 0 
f4644000-f464a000 ---p 00000000 00:00 0 
f464a000-f466d000 r-xp 00000000 09:04 15886917                           /usr/lib/jvm/zulu17.66.19-ca-fx-jdk17.0.19-linux_i686/lib/libjava.so
f466d000-f466e000 r--p 00022000 09:04 15886917                           /usr/lib/jvm/zulu17.66.19-ca-fx-jdk17.0.19-linux_i686/lib/libjava.so
f466e000-f466f000 rw-p 00023000 09:04 15886917                           /usr/lib/jvm/zulu17.66.19-ca-fx-jdk17.0.19-linux_i686/lib/libjava.so
f466f000-f468a000 r-xp 00000000 09:04 15886927                           /usr/lib/jvm/zulu17.66.19-ca-fx-jdk17.0.19-linux_i686/lib/libjimage.so
f468a000-f468b000 ---p 0001b000 09:04 15886927                           /usr/lib/jvm/zulu17.66.19-ca-fx-jdk17.0.19-linux_i686/lib/libjimage.so
f468b000-f468c000 r--p 0001b000 09:04 15886927                           /usr/lib/jvm/zulu17.66.19-ca-fx-jdk17.0.19-linux_i686/lib/libjimage.so
f468c000-f468d000 rw-p 0001c000 09:04 15886927                           /usr/lib/jvm/zulu17.66.19-ca-fx-jdk17.0.19-linux_i686/lib/libjimage.so
f468d000-f468e000 r--p 00000000 09:04 15884743                           /usr/lib/i386-linux-gnu/librt.so.1
f468e000-f468f000 r-xp 00001000 09:04 15884743                           /usr/lib/i386-linux-gnu/librt.so.1
f468f000-f4690000 r--p 00002000 09:04 15884743                           /usr/lib/i386-linux-gnu/librt.so.1
f4690000-f4691000 r--p 00002000 09:04 15884743                           /usr/lib/i386-linux-gnu/librt.so.1
f4691000-f4692000 rw-p 00003000 09:04 15884743                           /usr/lib/i386-linux-gnu/librt.so.1
f4692000-f4693000 r--p 00000000 09:04 15884741                           /usr/lib/i386-linux-gnu/libpthread.so.0
f4693000-f4694000 r-xp 00001000 09:04 15884741                           /usr/lib/i386-linux-gnu/libpthread.so.0
f4694000-f4695000 r--p 00002000 09:04 15884741                           /usr/lib/i386-linux-gnu/libpthread.so.0
f4695000-f4696000 r--p 00002000 09:04 15884741                           /usr/lib/i386-linux-gnu/libpthread.so.0
f4696000-f4697000 rw-p 00003000 09:04 15884741                           /usr/lib/i386-linux-gnu/libpthread.so.0
f4697000-f4698000 r--p 00000000 09:04 15884732                           /usr/lib/i386-linux-gnu/libdl.so.2
f4698000-f4699000 r-xp 00001000 09:04 15884732                           /usr/lib/i386-linux-gnu/libdl.so.2
f4699000-f469a000 r--p 00002000 09:04 15884732                           /usr/lib/i386-linux-gnu/libdl.so.2
f469a000-f469b000 r--p 00002000 09:04 15884732                           /usr/lib/i386-linux-gnu/libdl.so.2
f469b000-f469c000 rw-p 00003000 09:04 15884732                           /usr/lib/i386-linux-gnu/libdl.so.2
f469c000-f46a0000 rw-p 00000000 00:00 0 
f46a0000-f46a1000 r--p 00000000 09:04 15887541                           /usr/lib/i386-linux-gnu/libffi.so.8.1.2
f46a1000-f46a6000 r-xp 00001000 09:04 15887541                           /usr/lib/i386-linux-gnu/libffi.so.8.1.2
f46a6000-f46a8000 r--p 00006000 09:04 15887541                           /usr/lib/i386-linux-gnu/libffi.so.8.1.2
f46a8000-f46a9000 r--p 00007000 09:04 15887541                           /usr/lib/i386-linux-gnu/libffi.so.8.1.2
f46a9000-f46aa000 rw-p 00008000 09:04 15887541                           /usr/lib/i386-linux-gnu/libffi.so.8.1.2
f46aa000-f46ac000 r--p 00000000 09:04 15884742                           /usr/lib/i386-linux-gnu/libresolv.so.2
f46ac000-f46b4000 r-xp 00002000 09:04 15884742                           /usr/lib/i386-linux-gnu/libresolv.so.2
f46b4000-f46b8000 r--p 0000a000 09:04 15884742                           /usr/lib/i386-linux-gnu/libresolv.so.2
f46b8000-f46b9000 r--p 0000d000 09:04 15884742                           /usr/lib/i386-linux-gnu/libresolv.so.2
f46b9000-f46ba000 rw-p 0000e000 09:04 15884742                           /usr/lib/i386-linux-gnu/libresolv.so.2
f46ba000-f46bc000 rw-p 00000000 00:00 0 
f46bc000-f46be000 r--p 00000000 09:04 15885012                           /usr/lib/i386-linux-gnu/libkeyutils.so.1.10
f46be000-f46c0000 r-xp 00002000 09:04 15885012                           /usr/lib/i386-linux-gnu/libkeyutils.so.1.10
f46c0000-f46c1000 r--p 00004000 09:04 15885012                           /usr/lib/i386-linux-gnu/libkeyutils.so.1.10
f46c1000-f46c2000 r--p 00005000 09:04 15885012                           /usr/lib/i386-linux-gnu/libkeyutils.so.1.10
f46c2000-f46c3000 rw-p 00006000 09:04 15885012                           /usr/lib/i386-linux-gnu/libkeyutils.so.1.10
f46c3000-f46c5000 rw-p 00000000 00:00 0 
f46c5000-f46c7000 r--p 00000000 09:04 15887545                           /usr/lib/i386-linux-gnu/libtasn1.so.6.6.3
f46c7000-f46d3000 r-xp 00002000 09:04 15887545                           /usr/lib/i386-linux-gnu/libtasn1.so.6.6.3
f46d3000-f46d9000 r--p 0000e000 09:04 15887545                           /usr/lib/i386-linux-gnu/libtasn1.so.6.6.3
f46d9000-f46da000 r--p 00014000 09:04 15887545                           /usr/lib/i386-linux-gnu/libtasn1.so.6.6.3
f46da000-f46db000 rw-p 00015000 09:04 15887545                           /usr/lib/i386-linux-gnu/libtasn1.so.6.6.3
f46db000-f46eb000 r--p 00000000 09:04 15887543                           /usr/lib/i386-linux-gnu/libp11-kit.so.0.3.0
f46eb000-f4794000 r-xp 00010000 09:04 15887543                           /usr/lib/i386-linux-gnu/libp11-kit.so.0.3.0
f4794000-f4825000 r--p 000b9000 09:04 15887543                           /usr/lib/i386-linux-gnu/libp11-kit.so.0.3.0
f4825000-f482b000 r--p 00149000 09:04 15887543                           /usr/lib/i386-linux-gnu/libp11-kit.so.0.3.0
f482b000-f4830000 rw-p 0014f000 09:04 15887543                           /usr/lib/i386-linux-gnu/libp11-kit.so.0.3.0
f4830000-f4831000 rw-p 00000000 00:00 0 
f4831000-f4832000 r--p 00000000 09:04 15887650                           /usr/lib/i386-linux-gnu/libicudata.so.72.1
f4832000-f4833000 r-xp 00001000 09:04 15887650                           /usr/lib/i386-linux-gnu/libicudata.so.72.1
f4833000-f6601000 r--p 00002000 09:04 15887650                           /usr/lib/i386-linux-gnu/libicudata.so.72.1
f6601000-f6602000 r--p 01dcf000 09:04 15887650                           /usr/lib/i386-linux-gnu/libicudata.so.72.1
f6602000-f6603000 rw-p 01dd0000 09:04 15887650                           /usr/lib/i386-linux-gnu/libicudata.so.72.1
f6603000-f6604000 r--p 00000000 09:04 15887529                           /usr/lib/i386-linux-gnu/libbrotlicommon.so.1.0.9
f6604000-f6605000 r-xp 00001000 09:04 15887529                           /usr/lib/i386-linux-gnu/libbrotlicommon.so.1.0.9
f6605000-f6624000 r--p 00002000 09:04 15887529                           /usr/lib/i386-linux-gnu/libbrotlicommon.so.1.0.9
f6624000-f6625000 r--p 00020000 09:04 15887529                           /usr/lib/i386-linux-gnu/libbrotlicommon.so.1.0.9
f6625000-f6626000 rw-p 00021000 09:04 15887529                           /usr/lib/i386-linux-gnu/libbrotlicommon.so.1.0.9
f6626000-f6628000 r--p 00000000 09:04 15887554                           /usr/lib/i386-linux-gnu/libsasl2.so.2.0.25
f6628000-f663a000 r-xp 00002000 09:04 15887554                           /usr/lib/i386-linux-gnu/libsasl2.so.2.0.25
f663a000-f6643000 r--p 00014000 09:04 15887554                           /usr/lib/i386-linux-gnu/libsasl2.so.2.0.25
f6643000-f6644000 r--p 0001c000 09:04 15887554                           /usr/lib/i386-linux-gnu/libsasl2.so.2.0.25
f6644000-f6645000 rw-p 0001d000 09:04 15887554                           /usr/lib/i386-linux-gnu/libsasl2.so.2.0.25
f6645000-f6648000 r--p 00000000 09:04 15885008                           /usr/lib/i386-linux-gnu/libkrb5support.so.0.1
f6648000-f664f000 r-xp 00003000 09:04 15885008                           /usr/lib/i386-linux-gnu/libkrb5support.so.0.1
f664f000-f6653000 r--p 0000a000 09:04 15885008                           /usr/lib/i386-linux-gnu/libkrb5support.so.0.1
f6653000-f6654000 r--p 0000d000 09:04 15885008                           /usr/lib/i386-linux-gnu/libkrb5support.so.0.1
f6654000-f6655000 rw-p 0000e000 09:04 15885008                           /usr/lib/i386-linux-gnu/libkrb5support.so.0.1
f6655000-f6656000 r--p 00000000 09:04 15885006                           /usr/lib/i386-linux-gnu/libcom_err.so.2.1
f6656000-f6657000 r-xp 00001000 09:04 15885006                           /usr/lib/i386-linux-gnu/libcom_err.so.2.1
f6657000-f6658000 r--p 00002000 09:04 15885006                           /usr/lib/i386-linux-gnu/libcom_err.so.2.1
f6658000-f6659000 r--p 00002000 09:04 15885006                           /usr/lib/i386-linux-gnu/libcom_err.so.2.1
f6659000-f665a000 rw-p 00003000 09:04 15885006                           /usr/lib/i386-linux-gnu/libcom_err.so.2.1
f665a000-f665d000 r--p 00000000 09:04 15885010                           /usr/lib/i386-linux-gnu/libk5crypto.so.3.1
f665d000-f6679000 r-xp 00003000 09:04 15885010                           /usr/lib/i386-linux-gnu/libk5crypto.so.3.1
f6679000-f6688000 r--p 0001f000 09:04 15885010                           /usr/lib/i386-linux-gnu/libk5crypto.so.3.1
f6688000-f6689000 r--p 0002e000 09:04 15885010                           /usr/lib/i386-linux-gnu/libk5crypto.so.3.1
f6689000-f668a000 rw-p 0002f000 09:04 15885010                           /usr/lib/i386-linux-gnu/libk5crypto.so.3.1
f668a000-f669c000 r--p 00000000 09:04 15885027                           /usr/lib/i386-linux-gnu/libkrb5.so.3.3
f669c000-f6701000 r-xp 00012000 09:04 15885027                           /usr/lib/i386-linux-gnu/libkrb5.so.3.3
f6701000-f6760000 r--p 00077000 09:04 15885027                           /usr/lib/i386-linux-gnu/libkrb5.so.3.3
f6760000-f6766000 r--p 000d6000 09:04 15885027                           /usr/lib/i386-linux-gnu/libkrb5.so.3.3
f6766000-f6768000 rw-p 000dc000 09:04 15885027                           /usr/lib/i386-linux-gnu/libkrb5.so.3.3
f6768000-f676a000 rw-p 00000000 00:00 0 
f676a000-f6775000 r--p 00000000 09:04 15887535                           /usr/lib/i386-linux-gnu/libgmp.so.10.4.1
f6775000-f67d8000 r-xp 0000b000 09:04 15887535                           /usr/lib/i386-linux-gnu/libgmp.so.10.4.1
f67d8000-f67f6000 r--p 0006e000 09:04 15887535                           /usr/lib/i386-linux-gnu/libgmp.so.10.4.1
f67f6000-f67f7000 r--p 0008c000 09:04 15887535                           /usr/lib/i386-linux-gnu/libgmp.so.10.4.1
f67f7000-f67f8000 rw-p 0008d000 09:04 15887535                           /usr/lib/i386-linux-gnu/libgmp.so.10.4.1
f67f8000-f6800000 r--p 00000000 09:04 15887537                           /usr/lib/i386-linux-gnu/libnettle.so.8.6
f6800000-f682b000 r-xp 00008000 09:04 15887537                           /usr/lib/i386-linux-gnu/libnettle.so.8.6
f682b000-f6845000 r--p 00033000 09:04 15887537                           /usr/lib/i386-linux-gnu/libnettle.so.8.6
f6845000-f6846000 r--p 0004d000 09:04 15887537                           /usr/lib/i386-linux-gnu/libnettle.so.8.6
f6846000-f6847000 rw-p 0004e000 09:04 15887537                           /usr/lib/i386-linux-gnu/libnettle.so.8.6
f6847000-f684d000 r--p 00000000 09:04 15887539                           /usr/lib/i386-linux-gnu/libhogweed.so.6.6
f684d000-f6860000 r-xp 00006000 09:04 15887539                           /usr/lib/i386-linux-gnu/libhogweed.so.6.6
f6860000-f688f000 r--p 00019000 09:04 15887539                           /usr/lib/i386-linux-gnu/libhogweed.so.6.6
f688f000-f6890000 r--p 00048000 09:04 15887539                           /usr/lib/i386-linux-gnu/libhogweed.so.6.6
f6890000-f6891000 rw-p 00049000 09:04 15887539                           /usr/lib/i386-linux-gnu/libhogweed.so.6.6
f6891000-f68b2000 r--p 00000000 09:04 15887547                           /usr/lib/i386-linux-gnu/libgnutls.so.30.34.3
f68b2000-f69e1000 r-xp 00021000 09:04 15887547                           /usr/lib/i386-linux-gnu/libgnutls.so.30.34.3
f69e1000-f6acc000 r--p 00150000 09:04 15887547                           /usr/lib/i386-linux-gnu/libgnutls.so.30.34.3
f6acc000-f6ad6000 r--p 0023b000 09:04 15887547                           /usr/lib/i386-linux-gnu/libgnutls.so.30.34.3
f6ad6000-f6ad8000 rw-p 00245000 09:04 15887547                           /usr/lib/i386-linux-gnu/libgnutls.so.30.34.3
f6ad8000-f6adb000 rw-p 00000000 00:00 0 
f6adb000-f6ae6000 r--p 00000000 09:04 15885031                           /usr/lib/i386-linux-gnu/libunistring.so.2.2.0
f6ae6000-f6b27000 r-xp 0000b000 09:04 15885031                           /usr/lib/i386-linux-gnu/libunistring.so.2.2.0
f6b27000-f6c8c000 r--p 0004c000 09:04 15885031                           /usr/lib/i386-linux-gnu/libunistring.so.2.2.0
f6c8c000-f6c8f000 r--p 001b0000 09:04 15885031                           /usr/lib/i386-linux-gnu/libunistring.so.2.2.0
f6c8f000-f6c90000 rw-p 001b3000 09:04 15885031                           /usr/lib/i386-linux-gnu/libunistring.so.2.2.0
f6c90000-f6c93000 r--p 00000000 09:04 15887662                           /usr/lib/i386-linux-gnu/liblzma.so.5.4.1
f6c93000-f6cb4000 r-xp 00003000 09:04 15887662                           /usr/lib/i386-linux-gnu/liblzma.so.5.4.1
f6cb4000-f6cc4000 r--p 00024000 09:04 15887662                           /usr/lib/i386-linux-gnu/liblzma.so.5.4.1
f6cc4000-f6cc5000 r--p 00034000 09:04 15887662                           /usr/lib/i386-linux-gnu/liblzma.so.5.4.1
f6cc5000-f6cc6000 rw-p 00035000 09:04 15887662                           /usr/lib/i386-linux-gnu/liblzma.so.5.4.1
f6cc6000-f6d11000 r--p 00000000 09:04 15887655                           /usr/lib/i386-linux-gnu/libicuuc.so.72.1
f6d11000-f6e1b000 r-xp 0004b000 09:04 15887655                           /usr/lib/i386-linux-gnu/libicuuc.so.72.1
f6e1b000-f6ec1000 r--p 00155000 09:04 15887655                           /usr/lib/i386-linux-gnu/libicuuc.so.72.1
f6ec1000-f6ecc000 r--p 001fa000 09:04 15887655                           /usr/lib/i386-linux-gnu/libicuuc.so.72.1
f6ecc000-f6ecd000 rw-p 00205000 09:04 15887655                           /usr/lib/i386-linux-gnu/libicuuc.so.72.1
f6ecd000-f6ece000 rw-p 00000000 00:00 0 
f6ece000-f6ecf000 r--p 00000000 09:04 15887530                           /usr/lib/i386-linux-gnu/libbrotlidec.so.1.0.9
f6ecf000-f6ed7000 r-xp 00001000 09:04 15887530                           /usr/lib/i386-linux-gnu/libbrotlidec.so.1.0.9
f6ed7000-f6eda000 r--p 00009000 09:04 15887530                           /usr/lib/i386-linux-gnu/libbrotlidec.so.1.0.9
f6eda000-f6edb000 r--p 0000b000 09:04 15887530                           /usr/lib/i386-linux-gnu/libbrotlidec.so.1.0.9
f6edb000-f6edc000 rw-p 0000c000 09:04 15887530                           /usr/lib/i386-linux-gnu/libbrotlidec.so.1.0.9
f6edc000-f6edf000 r--p 00000000 09:04 15887569                           /usr/lib/i386-linux-gnu/libzstd.so.1.5.4
f6edf000-f6f76000 r-xp 00003000 09:04 15887569                           /usr/lib/i386-linux-gnu/libzstd.so.1.5.4
f6f76000-f6f92000 r--p 0009a000 09:04 15887569                           /usr/lib/i386-linux-gnu/libzstd.so.1.5.4
f6f92000-f6f93000 r--p 000b5000 09:04 15887569                           /usr/lib/i386-linux-gnu/libzstd.so.1.5.4
f6f93000-f6f94000 rw-p 000b6000 09:04 15887569                           /usr/lib/i386-linux-gnu/libzstd.so.1.5.4
f6f94000-f6f97000 r--p 00000000 09:04 15887556                           /usr/lib/i386-linux-gnu/liblber-2.5.so.0.1.8
f6f97000-f6f9e000 r-xp 00003000 09:04 15887556                           /usr/lib/i386-linux-gnu/liblber-2.5.so.0.1.8
f6f9e000-f6fa3000 r--p 0000a000 09:04 15887556                           /usr/lib/i386-linux-gnu/liblber-2.5.so.0.1.8
f6fa3000-f6fa4000 r--p 0000e000 09:04 15887556                           /usr/lib/i386-linux-gnu/liblber-2.5.so.0.1.8
f6fa4000-f6fa5000 rw-p 0000f000 09:04 15887556                           /usr/lib/i386-linux-gnu/liblber-2.5.so.0.1.8
f6fa5000-f6fa7000 rw-p 00000000 00:00 0 
f6fa7000-f6fb2000 r--p 00000000 09:04 15887557                           /usr/lib/i386-linux-gnu/libldap-2.5.so.0.1.8
f6fb2000-f6fee000 r-xp 0000b000 09:04 15887557                           /usr/lib/i386-linux-gnu/libldap-2.5.so.0.1.8
f6fee000-f700c000 r--p 00047000 09:04 15887557                           /usr/lib/i386-linux-gnu/libldap-2.5.so.0.1.8
f700c000-f700d000 r--p 00065000 09:04 15887557                           /usr/lib/i386-linux-gnu/libldap-2.5.so.0.1.8
f700d000-f700e000 rw-p 00066000 09:04 15887557                           /usr/lib/i386-linux-gnu/libldap-2.5.so.0.1.8
f700e000-f700f000 rw-p 00000000 00:00 0 
f700f000-f7016000 r--p 00000000 09:04 15885029                           /usr/lib/i386-linux-gnu/libgssapi_krb5.so.2.2
f7016000-f704d000 r-xp 00007000 09:04 15885029                           /usr/lib/i386-linux-gnu/libgssapi_krb5.so.2.2
f704d000-f7067000 r--p 0003e000 09:04 15885029                           /usr/lib/i386-linux-gnu/libgssapi_krb5.so.2.2
f7067000-f7068000 r--p 00058000 09:04 15885029                           /usr/lib/i386-linux-gnu/libgssapi_krb5.so.2.2
f7068000-f7069000 rw-p 00059000 09:04 15885029                           /usr/lib/i386-linux-gnu/libgssapi_krb5.so.2.2
f7069000-f70d1000 r--p 00000000 09:04 15885018                           /usr/lib/i386-linux-gnu/libcrypto.so.3
f70d1000-f7326000 r-xp 00068000 09:04 15885018                           /usr/lib/i386-linux-gnu/libcrypto.so.3
f7326000-f7482000 r--p 002bd000 09:04 15885018                           /usr/lib/i386-linux-gnu/libcrypto.so.3
f7482000-f74b8000 r--p 00418000 09:04 15885018                           /usr/lib/i386-linux-gnu/libcrypto.so.3
f74b8000-f74ba000 rw-p 0044e000 09:04 15885018                           /usr/lib/i386-linux-gnu/libcrypto.so.3
f74ba000-f74bc000 rw-p 00000000 00:00 0 
f74bc000-f74cd000 r--p 00000000 09:04 15885019                           /usr/lib/i386-linux-gnu/libssl.so.3
f74cd000-f752c000 r-xp 00011000 09:04 15885019                           /usr/lib/i386-linux-gnu/libssl.so.3
f752c000-f7563000 r--p 00070000 09:04 15885019                           /usr/lib/i386-linux-gnu/libssl.so.3
f7563000-f7569000 r--p 000a7000 09:04 15885019                           /usr/lib/i386-linux-gnu/libssl.so.3
f7569000-f756c000 rw-p 000ad000 09:04 15885019                           /usr/lib/i386-linux-gnu/libssl.so.3
f756c000-f756d000 r--p 00000000 09:04 15887562                           /usr/lib/i386-linux-gnu/libpsl.so.5.3.4
f756d000-f756f000 r-xp 00001000 09:04 15887562                           /usr/lib/i386-linux-gnu/libpsl.so.5.3.4
f756f000-f757e000 r--p 00003000 09:04 15887562                           /usr/lib/i386-linux-gnu/libpsl.so.5.3.4
f757e000-f757f000 r--p 00011000 09:04 15887562                           /usr/lib/i386-linux-gnu/libpsl.so.5.3.4
f757f000-f7580000 rw-p 00012000 09:04 15887562                           /usr/lib/i386-linux-gnu/libpsl.so.5.3.4
f7580000-f7584000 r--p 00000000 09:04 15887567                           /usr/lib/i386-linux-gnu/libssh2.so.1.0.1
f7584000-f75ad000 r-xp 00004000 09:04 15887567                           /usr/lib/i386-linux-gnu/libssh2.so.1.0.1
f75ad000-f75c5000 r--p 0002d000 09:04 15887567                           /usr/lib/i386-linux-gnu/libssh2.so.1.0.1
f75c5000-f75c6000 ---p 00045000 09:04 15887567                           /usr/lib/i386-linux-gnu/libssh2.so.1.0.1
f75c6000-f75c7000 r--p 00045000 09:04 15887567                           /usr/lib/i386-linux-gnu/libssh2.so.1.0.1
f75c7000-f75c8000 rw-p 00046000 09:04 15887567                           /usr/lib/i386-linux-gnu/libssh2.so.1.0.1
f75c8000-f75cb000 r--p 00000000 09:04 15887566                           /usr/lib/i386-linux-gnu/librtmp.so.1
f75cb000-f75db000 r-xp 00003000 09:04 15887566                           /usr/lib/i386-linux-gnu/librtmp.so.1
f75db000-f75e6000 r--p 00013000 09:04 15887566                           /usr/lib/i386-linux-gnu/librtmp.so.1
f75e6000-f75e7000 ---p 0001e000 09:04 15887566                           /usr/lib/i386-linux-gnu/librtmp.so.1
f75e7000-f75e8000 r--p 0001e000 09:04 15887566                           /usr/lib/i386-linux-gnu/librtmp.so.1
f75e8000-f75e9000 rw-p 0001f000 09:04 15887566                           /usr/lib/i386-linux-gnu/librtmp.so.1
f75e9000-f75eb000 r--p 00000000 09:04 15885033                           /usr/lib/i386-linux-gnu/libidn2.so.0.3.8
f75eb000-f75f3000 r-xp 00002000 09:04 15885033                           /usr/lib/i386-linux-gnu/libidn2.so.0.3.8
f75f3000-f761a000 r--p 0000a000 09:04 15885033                           /usr/lib/i386-linux-gnu/libidn2.so.0.3.8
f761a000-f761b000 r--p 00031000 09:04 15885033                           /usr/lib/i386-linux-gnu/libidn2.so.0.3.8
f761b000-f761c000 rw-p 00032000 09:04 15885033                           /usr/lib/i386-linux-gnu/libidn2.so.0.3.8
f761c000-f7620000 r--p 00000000 09:04 15887560                           /usr/lib/i386-linux-gnu/libnghttp2.so.14.24.1
f7620000-f7639000 r-xp 00004000 09:04 15887560                           /usr/lib/i386-linux-gnu/libnghttp2.so.14.24.1
f7639000-f764d000 r--p 0001d000 09:04 15887560                           /usr/lib/i386-linux-gnu/libnghttp2.so.14.24.1
f764d000-f764f000 r--p 00030000 09:04 15887560                           /usr/lib/i386-linux-gnu/libnghttp2.so.14.24.1
f764f000-f7650000 rw-p 00032000 09:04 15887560                           /usr/lib/i386-linux-gnu/libnghttp2.so.14.24.1
f7650000-f7672000 r--p 00000000 09:04 15884730                           /usr/lib/i386-linux-gnu/libc.so.6
f7672000-f77eb000 r-xp 00022000 09:04 15884730                           /usr/lib/i386-linux-gnu/libc.so.6
f77eb000-f786b000 r--p 0019b000 09:04 15884730                           /usr/lib/i386-linux-gnu/libc.so.6
f786b000-f786d000 r--p 0021b000 09:04 15884730                           /usr/lib/i386-linux-gnu/libc.so.6
f786d000-f786e000 rw-p 0021d000 09:04 15884730                           /usr/lib/i386-linux-gnu/libc.so.6
f786e000-f787a000 rw-p 00000000 00:00 0 
f787a000-f787d000 r--p 00000000 09:04 15884726                           /usr/lib/i386-linux-gnu/libgcc_s.so.1
f787d000-f789a000 r-xp 00003000 09:04 15884726                           /usr/lib/i386-linux-gnu/libgcc_s.so.1
f789a000-f789f000 r--p 00020000 09:04 15884726                           /usr/lib/i386-linux-gnu/libgcc_s.so.1
f789f000-f78a0000 r--p 00024000 09:04 15884726                           /usr/lib/i386-linux-gnu/libgcc_s.so.1
f78a0000-f78a1000 rw-p 00025000 09:04 15884726                           /usr/lib/i386-linux-gnu/libgcc_s.so.1
f78a1000-f78ae000 r--p 00000000 09:04 15884733                           /usr/lib/i386-linux-gnu/libm.so.6
f78ae000-f796e000 r-xp 0000d000 09:04 15884733                           /usr/lib/i386-linux-gnu/libm.so.6
f796e000-f79a4000 r--p 000cd000 09:04 15884733                           /usr/lib/i386-linux-gnu/libm.so.6
f79a4000-f79a5000 r--p 00103000 09:04 15884733                           /usr/lib/i386-linux-gnu/libm.so.6
f79a5000-f79a6000 rw-p 00104000 09:04 15884733                           /usr/lib/i386-linux-gnu/libm.so.6
f79a6000-f7a1e000 r--p 00000000 09:04 15887614                           /usr/lib/i386-linux-gnu/libstdc++.so.6.0.30
f7a1e000-f7b35000 r-xp 00078000 09:04 15887614                           /usr/lib/i386-linux-gnu/libstdc++.so.6.0.30
f7b35000-f7bbc000 r--p 0018f000 09:04 15887614                           /usr/lib/i386-linux-gnu/libstdc++.so.6.0.30
f7bbc000-f7bc2000 r--p 00215000 09:04 15887614                           /usr/lib/i386-linux-gnu/libstdc++.so.6.0.30
f7bc2000-f7bc4000 rw-p 0021b000 09:04 15887614                           /usr/lib/i386-linux-gnu/libstdc++.so.6.0.30
f7bc4000-f7bc6000 rw-p 00000000 00:00 0 
f7bc6000-f7bc8000 r--p 00000000 09:04 15887564                           /usr/lib/i386-linux-gnu/libz.so.1.2.13
f7bc8000-f7bda000 r-xp 00002000 09:04 15887564                           /usr/lib/i386-linux-gnu/libz.so.1.2.13
f7bda000-f7be1000 r--p 00014000 09:04 15887564                           /usr/lib/i386-linux-gnu/libz.so.1.2.13
f7be1000-f7be2000 r--p 0001a000 09:04 15887564                           /usr/lib/i386-linux-gnu/libz.so.1.2.13
f7be2000-f7be3000 rw-p 0001b000 09:04 15887564                           /usr/lib/i386-linux-gnu/libz.so.1.2.13
f7be3000-f7c00000 r--p 00000000 09:04 15887664                           /usr/lib/i386-linux-gnu/libxml2.so.2.9.14
f7c00000-f7d20000 r-xp 0001d000 09:04 15887664                           /usr/lib/i386-linux-gnu/libxml2.so.2.9.14
f7d20000-f7dab000 r--p 0013d000 09:04 15887664                           /usr/lib/i386-linux-gnu/libxml2.so.2.9.14
f7dab000-f7db0000 r--p 001c7000 09:04 15887664                           /usr/lib/i386-linux-gnu/libxml2.so.2.9.14
f7db0000-f7db1000 rw-p 001cc000 09:04 15887664                           /usr/lib/i386-linux-gnu/libxml2.so.2.9.14
f7db1000-f7db2000 rw-p 00000000 00:00 0 
f7db2000-f7db3000 r--p 00000000 09:04 15887646                           /usr/lib/i386-linux-gnu/libpcre.so.3.13.3
f7db3000-f7e07000 r-xp 00001000 09:04 15887646                           /usr/lib/i386-linux-gnu/libpcre.so.3.13.3
f7e07000-f7e2c000 r--p 00055000 09:04 15887646                           /usr/lib/i386-linux-gnu/libpcre.so.3.13.3
f7e2c000-f7e2d000 r--p 00079000 09:04 15887646                           /usr/lib/i386-linux-gnu/libpcre.so.3.13.3
f7e2d000-f7e2e000 rw-p 0007a000 09:04 15887646                           /usr/lib/i386-linux-gnu/libpcre.so.3.13.3
f7e2e000-f7e37000 r--p 00000000 09:04 15893957                           /usr/lib/i386-linux-gnu/libcurl.so.4.8.0
f7e37000-f7eb0000 r-xp 00009000 09:04 15893957                           /usr/lib/i386-linux-gnu/libcurl.so.4.8.0
f7eb0000-f7eec000 r--p 00082000 09:04 15893957                           /usr/lib/i386-linux-gnu/libcurl.so.4.8.0
f7eec000-f7eee000 r--p 000be000 09:04 15893957                           /usr/lib/i386-linux-gnu/libcurl.so.4.8.0
f7eee000-f7ef0000 rw-p 000c0000 09:04 15893957                           /usr/lib/i386-linux-gnu/libcurl.so.4.8.0
f7ef4000-f7efc000 rw-s 00000000 09:04 8004844                            /tmp/hsperfdata_swg/3987587 (deleted)
f7efc000-f7efd000 ---p 00000000 00:00 0 
f7efd000-f7efe000 r--p 00000000 00:00 0 
f7efe000-f7eff000 ---p 00000000 00:00 0 
f7eff000-f7f00000 r--p 00000000 09:04 15769286                           /usr/local/lib/cfree_fix32.so
f7f00000-f7f01000 r-xp 00001000 09:04 15769286                           /usr/local/lib/cfree_fix32.so
f7f01000-f7f02000 r--p 00002000 09:04 15769286                           /usr/local/lib/cfree_fix32.so
f7f02000-f7f03000 r--p 00002000 09:04 15769286                           /usr/local/lib/cfree_fix32.so
f7f03000-f7f04000 rw-p 00003000 09:04 15769286                           /usr/local/lib/cfree_fix32.so
f7f04000-f7f06000 rw-p 00000000 00:00 0 
f7f06000-f7f0a000 r--p 00000000 00:00 0                                  [vvar]
f7f0a000-f7f0c000 r-xp 00000000 00:00 0                                  [vdso]
f7f0c000-f7f0d000 r--p 00000000 09:04 15884727                           /usr/lib/i386-linux-gnu/ld-linux.so.2
f7f0d000-f7f30000 r-xp 00001000 09:04 15884727                           /usr/lib/i386-linux-gnu/ld-linux.so.2
f7f30000-f7f3e000 r--p 00024000 09:04 15884727                           /usr/lib/i386-linux-gnu/ld-linux.so.2
f7f3e000-f7f40000 r--p 00031000 09:04 15884727                           /usr/lib/i386-linux-gnu/ld-linux.so.2
f7f40000-f7f41000 rw-p 00033000 09:04 15884727                           /usr/lib/i386-linux-gnu/ld-linux.so.2
ffc4e000-ffc4f000 rwxp 00000000 00:00 0 
ffd57000-ffe13000 rw-p 00000000 00:00 0                                  [stack]


VM Arguments:
jvm_args: -Xms128m -Xmx512m -Xss768k -XX:MaxMetaspaceSize=96m -Xrs -XX:-UsePerfData -XX:-AllowUserSignalHandlers -XX:UseSSE=3 -XX+DoEscapeAnalysis -XX:AutoBoxCacheMax:2000 -XX:+OptimizeStringConcat -XX:+OptimizeFill -XX:+EliminateAutoBox -XX:+UseCompressedStrings -XX:+UseCompressedOops -XX:+EliminateLocks -XX:UseFastAccessorMethods -XX:+UseStringCache -XgcPrio:throughput -XXkeepAreaRatio:1 -XXlazyUnlocking -XXcallProfiling -XXcompactRatio:1 
java_command: <unknown>
java_class_path (initial): ../../data/sku.0/sys.server/compiled/game/
Launcher Type: generic

[Global flags]
     intx CICompilerCount                          = 3                                         {product} {ergonomic}
     uint ConcGCThreads                            = 3                                         {product} {ergonomic}
     uint G1ConcRefinementThreads                  = 13                                        {product} {ergonomic}
   size_t G1HeapRegionSize                         = 1048576                                   {product} {ergonomic}
    uintx GCDrainStackTargetSize                   = 64                                        {product} {ergonomic}
   size_t InitialHeapSize                          = 134217728                                 {product} {command line}
   size_t MarkStackSize                            = 49152                                     {product} {ergonomic}
   size_t MaxHeapSize                              = 536870912                                 {product} {command line}
   size_t MaxMetaspaceSize                         = 100663296                                 {product} {command line}
   size_t MaxNewSize                               = 321912832                                 {product} {ergonomic}
   size_t MinHeapDeltaBytes                        = 1048576                                   {product} {ergonomic}
   size_t MinHeapSize                              = 134217728                                 {product} {command line}
    uintx NonNMethodCodeHeapSize                   = 5544422                                {pd product} {ergonomic}
    uintx NonProfiledCodeHeapSize                  = 123056909                              {pd product} {ergonomic}
    uintx ProfiledCodeHeapSize                     = 123056909                              {pd product} {ergonomic}
    uintx ReservedCodeCacheSize                    = 251658240                              {pd product} {ergonomic}
     bool SegmentedCodeCache                       = true                                      {product} {ergonomic}
   size_t SoftMaxHeapSize                          = 536870912                              {manageable} {ergonomic}
   double SweeperThreshold                         = 0.500000                                  {product} {ergonomic}
     intx ThreadStackSize                          = 768                                    {pd product} {command line}
     bool UseG1GC                                  = true                                      {product} {ergonomic}

Logging:
Log output configuration:
 #0: stdout all=off uptime,level,tags
 #1: stderr all=off uptime,level,tags

Environment Variables:
PATH=/usr/local/sbin:/usr/local/bin:/usr/sbin:/usr/bin:/sbin:/bin:/usr/lib/oracle/18.3/client/bin:/usr/lib/jvm/zulu-17-x86/bin/:./
LD_LIBRARY_PATH=/usr/lib/oracle/18.3/client/lib:/usr/lib/jvm/zulu-17-x86/lib/:/usr/lib/jvm/zulu-17-x86/lib/server/:./
LD_PRELOAD=/usr/local/lib/cfree_fix32.so
SHELL=/bin/bash
LANG=en_US.UTF-8

Active Locale:
LC_ALL=en_US.UTF-8
LC_COLLATE=en_US.UTF-8
LC_CTYPE=en_US.UTF-8
LC_MESSAGES=en_US.UTF-8
LC_MONETARY=en_US.UTF-8
LC_NUMERIC=en_US.UTF-8
LC_TIME=en_US.UTF-8

Signal Handlers:
   SIGSEGV: crash_handler in libjvm.so, mask=11100100010111111101111111111110, flags=SA_RESTART|SA_SIGINFO, unblocked
    SIGBUS: crash_handler in libjvm.so, mask=11100100010111111101111111111110, flags=SA_RESTART|SA_SIGINFO, unblocked
    SIGFPE: crash_handler in libjvm.so, mask=11100100010111111101111111111110, flags=SA_RESTART|SA_SIGINFO, unblocked
   SIGPIPE: SIG_IGN, mask=00000000000010000000000000000000, flags=SA_RESTART, blocked
  *** Handler was modified!
  *** Expected: javaSignalHandler in libjvm.so, mask=11100100110111111111111111111110, flags=SA_RESTART|SA_SIGINFO
   SIGXFSZ: javaSignalHandler in libjvm.so, mask=11100100010111111101111111111110, flags=SA_RESTART|SA_SIGINFO, blocked
    SIGILL: crash_handler in libjvm.so, mask=11100100010111111101111111111110, flags=SA_RESTART|SA_SIGINFO, unblocked
   SIGUSR2: SR_handler in libjvm.so, mask=00100000000000000000000000000000, flags=SA_RESTART|SA_SIGINFO, blocked
    SIGHUP: UserHandler in libjvm.so, mask=11100100010111111101111111111110, flags=SA_RESTART|SA_SIGINFO, blocked
    SIGINT: UserHandler in libjvm.so, mask=11100100010111111101111111111110, flags=SA_RESTART|SA_SIGINFO, blocked
   SIGTERM: UserHandler in libjvm.so, mask=11100100010111111101111111111110, flags=SA_RESTART|SA_SIGINFO, blocked
   SIGQUIT: UserHandler in libjvm.so, mask=11100100010111111101111111111110, flags=SA_RESTART|SA_SIGINFO, blocked
   SIGTRAP: crash_handler in libjvm.so, mask=11100100010111111101111111111110, flags=SA_RESTART|SA_SIGINFO, unblocked


Periodic native trim disabled


---------------  S Y S T E M  ---------------

OS:
PRETTY_NAME="Debian GNU/Linux 12 (bookworm)"
NAME="Debian GNU/Linux"
VERSION_ID="12"
VERSION="12 (bookworm)"
VERSION_CODENAME=bookworm
ID=debian
HOME_URL="https://www.debian.org/"
SUPPORT_URL="https://www.debian.org/support"
BUG_REPORT_URL="https://bugs.debian.org/"
uname: Linux 6.1.0-52-amd64 #1 SMP PREEMPT_DYNAMIC Debian 6.1.180-1 (2026-08-03) x86_64
OS uptime: 4 days 1:25 hours
libc: glibc 2.36 NPTL 2.36 
rlimit (soft/hard): STACK 8192k/infinity , CORE 0k/infinity , NPROC 256181/256181 , NOFILE 524288/524288 , AS infinity/infinity , CPU infinity/infinity , DATA infinity/infinity , FSIZE infinity/infinity , MEMLOCK 8192k/8192k
load average: 4.99 5.11 5.10

/proc/meminfo:
MemTotal:       65729880 kB
MemFree:        19480328 kB
MemAvailable:   50503560 kB
Buffers:         1856256 kB
Cached:         37985268 kB
SwapCached:            0 kB
Active:         24398248 kB
Inactive:       19406828 kB
Active(anon):    3297768 kB
Inactive(anon):  9730788 kB
Active(file):   21100480 kB
Inactive(file):  9676040 kB
Unevictable:          64 kB
Mlocked:              64 kB
SwapTotal:       7813112 kB
SwapFree:        7813112 kB
Zswap:                 0 kB
Zswapped:              0 kB
Dirty:              2572 kB
Writeback:             0 kB
AnonPages:       3952724 kB
Mapped:          2660828 kB
Shmem:           9064952 kB
KReclaimable:    1556368 kB
Slab:            1804556 kB
SReclaimable:    1556368 kB
SUnreclaim:       248188 kB
KernelStack:       12848 kB
PageTables:       276896 kB
SecPageTables:         0 kB
NFS_Unstable:          0 kB
Bounce:                0 kB
WritebackTmp:          0 kB
CommitLimit:    40678052 kB
Committed_AS:   17768464 kB
VmallocTotal:   34359738367 kB
VmallocUsed:       69692 kB
VmallocChunk:          0 kB
Percpu:            59008 kB
HardwareCorrupted:     0 kB
AnonHugePages:   2613248 kB
ShmemHugePages:        0 kB
ShmemPmdMapped:        0 kB
FileHugePages:         0 kB
FilePmdMapped:         0 kB
HugePages_Total:       0
HugePages_Free:        0
HugePages_Rsvd:        0
HugePages_Surp:        0
Hugepagesize:       2048 kB
Hugetlb:               0 kB
DirectMap4k:      217572 kB
DirectMap2M:     8060928 kB
DirectMap1G:    58720256 kB

/sys/kernel/mm/transparent_hugepage/enabled: [always] madvise never
/sys/kernel/mm/transparent_hugepage/hpage_pmd_size: 2097152
/sys/kernel/mm/transparent_hugepage/defrag (defrag/compaction efforts parameter): always defer defer+madvise [madvise] never

Process Memory:
Virtual Size: 1446588K (peak: 1462688K)
Resident Set Size: 629436K (peak: 643508K) (anon: 586284K, file: 43152K, shmem: 0K)
Swapped out: 0K
C-Heap outstanding allocations: 33821K, retained: 413686K
glibc malloc tunables: (default)

/proc/sys/kernel/threads-max (system-wide limit on the number of threads): 512362
/proc/sys/vm/max_map_count (maximum number of memory map areas a process may have): 65530
/proc/sys/vm/swappiness (control to define how aggressively the kernel swaps out anonymous memory): 10
/proc/sys/kernel/pid_max (system-wide limit on number of process identifiers): 4194304

container (cgroup) information:
container_type: cgroupv2
cpu_cpuset_cpus: not supported
cpu_memory_nodes: not supported
active_processor_count: 16
cpu_quota: no quota
cpu_period: 100000
cpu_shares: 20480
memory_limit_in_bytes: unlimited
memory_and_swap_limit_in_bytes: unlimited
memory_soft_limit_in_bytes: 0
memory_usage_in_bytes: 1484440 k
memory_max_usage_in_bytes: not supported
rss_usage_in_bytes: 1469252 k
cache_usage_in_bytes: 3792 k
memory_swap_current_in_bytes: 0
memory_swap_max_limit_in_bytes: unlimited
maximum number of tasks: 76854
current number of tasks: 96

Steal ticks since vm start: 0
Steal ticks percentage since vm start:  0.000

CPU: total 32 (initial active 16) (16 cores per cpu, 2 threads per core) family 23 model 113 stepping 0 microcode 0x8701034, cx8, cmov, fxsr, ht, mmx, 3dnowpref, sse, sse2, sse3, ssse3, sse4a, sse4.1, sse4.2, popcnt, lzcnt, tsc, tscinvbit, avx, avx2, aes, clmul, bmi1, bmi2, adx, sha, fma, vzeroupper, clflush, clflushopt
CPU Model and flags from /proc/cpuinfo:
model name	: AMD Ryzen 7 PRO 3700 8-Core Processor
flags		: fpu vme de pse tsc msr pae mce cx8 apic sep mtrr pge mca cmov pat pse36 clflush mmx fxsr sse sse2 ht syscall nx mmxext fxsr_opt pdpe1gb rdtscp lm constant_tsc rep_good nopl nonstop_tsc cpuid extd_apicid aperfmperf rapl pni pclmulqdq monitor ssse3 fma cx16 sse4_1 sse4_2 x2apic movbe popcnt aes xsave avx f16c rdrand lahf_lm cmp_legacy svm extapic cr8_legacy abm sse4a misalignsse 3dnowprefetch osvw ibs skinit wdt tce topoext perfctr_core perfctr_nb bpext perfctr_llc mwaitx cpb cat_l3 cdp_l3 hw_pstate ssbd mba ibpb stibp vmmcall fsgsbase bmi1 avx2 smep bmi2 cqm rdt_a rdseed adx smap clflushopt clwb sha_ni xsaveopt xsavec xgetbv1 cqm_llc cqm_occup_llc cqm_mbm_total cqm_mbm_local clzero irperf xsaveerptr rdpru wbnoinvd arat npt lbrv svm_lock nrip_save tsc_scale vmcb_clean flushbyasid decodeassists pausefilter pfthreshold avic v_vmsave_vmload vgif v_spec_ctrl umip rdpid overflow_recov succor smca sev sev_es ibpb_exit_to_user

Online cpus: 0-15
Offline cpus: 16-31
BIOS frequency limitation: 3600000
Frequency switch latency (ns): 0
Available cpu frequencies: 3600000 2800000 2200000 
Current governor: schedutil
Core performance/turbo boost: 1

Memory: 4k page, physical 65729880k(19480328k free), swap 7813112k(7813112k free)
Page Sizes: 4k

vm_info: OpenJDK Server VM (17.0.19+10-LTS) for linux-x86 JRE (17.0.19+10-LTS) (Zulu17.66+19-CA), built on Apr 17 2026 20:26:03 by "zulu_re" with gcc 8.3.0

END.
