#
# A fatal error has been detected by the Java Runtime Environment:
#
#  SIGSEGV (0xb) at pc=0xf7754c60, pid=3987595, tid=3987595
#
# JRE version: OpenJDK Runtime Environment Zulu17.66+19-CA (17.0.19+10) (build 17.0.19+10-LTS)
# Java VM: OpenJDK Server VM Zulu17.66+19-CA (17.0.19+10-LTS, mixed mode, sharing, tiered, g1 gc, linux-x86)
# Problematic frame:
# C  [libc.so.6+0x99c60]  cfree+0x20
#
# No core dump will be written. Core dumps have been disabled. To enable core dumping, try "ulimit -c unlimited" before starting Java again
#
# If you would like to submit a bug report, please visit:
#   http://www.azul.com/support/
#

---------------  S U M M A R Y ------------

Command Line: -Xms128m -Xmx512m -Xss768k -XX:MaxMetaspaceSize=96m -Xrs -XX:-UsePerfData -XX:-AllowUserSignalHandlers -XX:UseSSE=3 -XX+DoEscapeAnalysis -XX:AutoBoxCacheMax:2000 -XX:+OptimizeStringConcat -XX:+OptimizeFill -XX:+EliminateAutoBox -XX:+UseCompressedStrings -XX:+UseCompressedOops -XX:+EliminateLocks -XX:UseFastAccessorMethods -XX:+UseStringCache -XgcPrio:throughput -XXkeepAreaRatio:1 -XXlazyUnlocking -XXcallProfiling -XXcompactRatio:1 

Host: AMD Ryzen 7 PRO 3700 8-Core Processor, 32 cores, 62G, Debian GNU/Linux 12 (bookworm)
Time: Wed Aug 12 01:15:06 2026 UTC elapsed time: 10765.805212 seconds (0d 2h 59m 25s)

---------------  T H R E A D  ---------------

Current thread is native thread

Stack: [0xff9e3000,0xffaa3000],  sp=0xffaa0e60,  free space=759k
Native frames: (J=compiled Java code, j=interpreted, Vv=VM code, C=native code)
C  [libc.so.6+0x99c60]  cfree+0x20
C  [SwgGameServer+0x11552ff]  FileManifest::remove()+0x51
C  [SwgGameServer+0x1161ecc]  ExitChain::run()+0x6e
C  [SwgGameServer+0x1161cf3]  ExitChain::quit()+0x15
C  [SwgGameServer+0x1170be0]  SetupSharedFoundation::remove()+0x18
C  [SwgGameServer+0x112b300]  main+0x372


siginfo: si_signo: 11 (SIGSEGV), si_code: 1 (SEGV_MAPERR), si_addr: 0x000000fc

Registers:
EAX=0x59a806e8, EBX=0x00000100, ECX=0xf47079c8, EDX=0x00000100
ESP=0xffaa0e60, EBP=0xffaa0ee8, ESI=0xf78d7ff4, EDI=0xffffffa4
EIP=0xf7754c60, EFLAGS=0x00210206, CR2=0x00000000000000fc


Top of Stack: (sp=0xffaa0e60)
0xffaa0e60:   50f7f374 594c8eb8 ffaa0ea8 a007b600
0xffaa0e70:   ffaa0e98 f7a99876 f7c2cff4 f7c2cff4
0xffaa0e80:   59a806e0 f7faab80 ffaa0ee8 f7a99888
0xffaa0e90:   00000100 ffffffa4 00000002 57799d49
0xffaa0ea0:   f774503b f7a99876 f7c2cff4 f7b3a795
0xffaa0eb0:   00000100 594c0ca4 58cb925c 577997db
0xffaa0ec0:   00000000 f7b3a776 58cb925c 577990ee
0xffaa0ed0:   59a806e0 594c0ca0 f7c2cff4 577990c8
0xffaa0ee0:   59705690 58cb925c ffaa0f18 577982ff
0xffaa0ef0:   59a806e0 ffaa0f0c ffaa0f18 577982bb
0xffaa0f00:   00000000 58cb925c 59a84480 594c0ca4
0xffaa0f10:   58cb925c 58cb925c ffaa0f38 577a4ecc
0xffaa0f20:   58cb925c 58cb925c ffaa0f48 59705670
0xffaa0f30:   5af20880 58cb925c ffaa0f48 577a4cf3
0xffaa0f40:   58cb925c 58cb925c ffaa0f58 577b3be0
0xffaa0f50:   57b4abe0 ffaa1060 ffaa1048 5776e300
0xffaa0f60:   0000000d 00000001 59a65900 58590100
0xffaa0f70:   59a65a50 00300100 59a65aa0 ffaa0100
0xffaa0f80:   585dbb20 00000000 00000000 00aa0ff4
0xffaa0f90:   00000000 01010100 53019320 61476777
0xffaa0fa0:   6553656d 72657672 3839333a 35393537
0xffaa0fb0:   59543200 5773ee21 00013748 f7755806
0xffaa0fc0:   f7faaff4 0000002c 00000000 f775561e
0xffaa0fd0:   00013748 00000211 597008b8 00000000
0xffaa0fe0:   58cb925c 57a55a26 ffaa1008 57a54911
0xffaa0ff0:   ffffffff 00f77694 00000000 00000001
0xffaa1000:   594c9200 00000000 00000000 00000000
0xffaa1010:   00000000 59a65900 00000015 00000015
0xffaa1020:   f78e3000 f7f8783b f76d7a4f f78e3000
0xffaa1030:   ffaa1070 f78e31d8 f4709320 ffaa1060
0xffaa1040:   f78d7ff4 58c9b8c8 00000000 f76de2d5
0xffaa1050:   57a53d7a 00000070 f7faaff4 f76de2d5 

Instructions: (pc=0xf7754c60)
0xf7754b60:   5e 5f 5d c3 8d 74 26 00 31 d2 89 f0 e8 3f cb ff
0xf7754b70:   ff 89 f2 89 c3 e8 96 e6 ff ff 85 c0 75 16 85 db
0xf7754b80:   74 1f 89 f2 89 d8 e8 c5 d0 ff ff 89 f2 89 c3 e8
0xf7754b90:   7c e6 ff ff 85 db 74 09 31 d2 87 13 83 fa 01 7f
0xf7754ba0:   77 85 c0 0f 85 6a fe ff ff 31 c0 eb af 8d 87 48
0xf7754bb0:   f0 f9 ff 50 8d 87 00 f3 f9 ff 50 8d 87 a0 e3 f9
0xf7754bc0:   ff 50 6a 01 e8 c7 2e fe ff 8d b4 26 00 00 00 00
0xf7754bd0:   83 ec 0c 53 e8 c7 ae fe ff 83 c4 10 e9 14 fe ff
0xf7754be0:   ff 8d b4 26 00 00 00 00 89 44 24 0c 83 ec 0c 53
0xf7754bf0:   e8 9b af fe ff 83 c4 10 8b 44 24 0c e9 12 fe ff
0xf7754c00:   ff 8d b4 26 00 00 00 00 8d 87 0c ee f9 ff e8 ed
0xf7754c10:   bb ff ff 8d 74 26 00 90 89 44 24 0c 83 ec 0c 53
0xf7754c20:   e8 6b af fe ff 83 c4 10 8b 44 24 0c e9 70 ff ff
0xf7754c30:   ff 8d b4 26 00 00 00 00 8d b4 26 00 00 00 00 90
0xf7754c40:   55 57 56 e8 ad 58 0d 00 81 c6 ac 33 18 00 53 83
0xf7754c50:   ec 1c 8b 5c 24 30 85 db 74 5b 8b be d0 fe ff ff
0xf7754c60:   8b 53 fc 8d 43 f8 65 8b 2f f6 c2 02 75 52 8b 8e
0xf7754c70:   a4 fe ff ff 65 8b 09 85 c9 0f 84 81 00 00 00 83
0xf7754c80:   e2 04 8d 9e cc 07 00 00 74 1d 8b 8e e4 01 00 00
0xf7754c90:   8d 14 8d 00 00 00 00 f7 da 85 c9 b9 00 00 f0 ff
0xf7754ca0:   0f 44 d1 21 c2 8b 1a 89 c2 31 c9 89 d8 e8 8e d3
0xf7754cb0:   ff ff 65 89 2f 83 c4 1c 5b 5e 5f 5d c3 8d 76 00
0xf7754cc0:   8b 9e f8 01 00 00 85 db 75 26 39 96 d4 01 00 00
0xf7754cd0:   73 1e 81 fa 00 00 08 00 77 16 83 e2 f8 89 96 d4
0xf7754ce0:   01 00 00 01 d2 89 96 cc 01 00 00 8d 74 26 00 90
0xf7754cf0:   e8 9b bc ff ff eb bb 8d b4 26 00 00 00 00 66 90
0xf7754d00:   8b 8e a8 fe ff ff 65 80 39 00 0f 85 6f ff ff ff
0xf7754d10:   89 44 24 0c e8 47 f3 ff ff 8b 53 fc 8b 44 24 0c
0xf7754d20:   e9 5a ff ff ff 8d b4 26 00 00 00 00 8d 74 26 00
0xf7754d30:   55 57 56 53 e8 ac 57 0d 00 81 c3 bb 32 18 00 83
0xf7754d40:   ec 0c 8b 83 a4 fe ff ff 8b 93 a8 fe ff ff 65 8b
0xf7754d50:   30 65 c6 02 01 85 f6 74 67 65 c7 00 00 00 00 00 



---------------  P R O C E S S  ---------------

VM state: at safepoint (shutting down)

VM Mutex/Monitor currently owned by a thread:  ([mutex/lock_event])
[0xf3627890] Threads_lock - owner thread: 0xc19e0be0

GC Precious Log:
<Skipped>

Heap:
 garbage-first heap   total 131072K, used 65736K [0xc3200000, 0xe3200000)
  region size 1024K, 61 young (62464K), 8 survivors (8192K)
 Metaspace       used 7989K, committed 9024K, reserved 16384K

Heap Regions: E=young(eden), S=young(survivor), O=old, HS=humongous(starts), HC=humongous(continues), CS=collection set, F=free, OA=open archive, CA=closed archive, TAMS=top-at-mark-start (previous, next)
|   0|0xc3200000, 0xc3300000, 0xc3300000|100%| O|  |TAMS 0xc3200000, 0xc3200000| Untracked 
|   1|0xc3300000, 0xc3400000, 0xc3400000|100%| O|  |TAMS 0xc3300000, 0xc3300000| Untracked 
|   2|0xc3400000, 0xc3500000, 0xc3500000|100%| O|  |TAMS 0xc3400000, 0xc3400000| Untracked 
|   3|0xc3500000, 0xc3600000, 0xc3600000|100%| O|  |TAMS 0xc3500000, 0xc3500000| Untracked 
|   4|0xc3600000, 0xc362fc00, 0xc3700000| 18%| O|  |TAMS 0xc3600000, 0xc3600000| Untracked 
|   5|0xc3700000, 0xc3700000, 0xc3800000|  0%| F|  |TAMS 0xc3700000, 0xc3700000| Untracked 
|   6|0xc3800000, 0xc3800000, 0xc3900000|  0%| F|  |TAMS 0xc3800000, 0xc3800000| Untracked 
|   7|0xc3900000, 0xc3900000, 0xc3a00000|  0%| F|  |TAMS 0xc3900000, 0xc3900000| Untracked 
|   8|0xc3a00000, 0xc3a00000, 0xc3b00000|  0%| F|  |TAMS 0xc3a00000, 0xc3a00000| Untracked 
|   9|0xc3b00000, 0xc3b00000, 0xc3c00000|  0%| F|  |TAMS 0xc3b00000, 0xc3b00000| Untracked 
|  10|0xc3c00000, 0xc3c00000, 0xc3d00000|  0%| F|  |TAMS 0xc3c00000, 0xc3c00000| Untracked 
|  11|0xc3d00000, 0xc3d00000, 0xc3e00000|  0%| F|  |TAMS 0xc3d00000, 0xc3d00000| Untracked 
|  12|0xc3e00000, 0xc3e00000, 0xc3f00000|  0%| F|  |TAMS 0xc3e00000, 0xc3e00000| Untracked 
|  13|0xc3f00000, 0xc3f00000, 0xc4000000|  0%| F|  |TAMS 0xc3f00000, 0xc3f00000| Untracked 
|  14|0xc4000000, 0xc4000000, 0xc4100000|  0%| F|  |TAMS 0xc4000000, 0xc4000000| Untracked 
|  15|0xc4100000, 0xc4100000, 0xc4200000|  0%| F|  |TAMS 0xc4100000, 0xc4100000| Untracked 
|  16|0xc4200000, 0xc4200000, 0xc4300000|  0%| F|  |TAMS 0xc4200000, 0xc4200000| Untracked 
|  17|0xc4300000, 0xc4300000, 0xc4400000|  0%| F|  |TAMS 0xc4300000, 0xc4300000| Untracked 
|  18|0xc4400000, 0xc4400000, 0xc4500000|  0%| F|  |TAMS 0xc4400000, 0xc4400000| Untracked 
|  19|0xc4500000, 0xc4500000, 0xc4600000|  0%| F|  |TAMS 0xc4500000, 0xc4500000| Untracked 
|  20|0xc4600000, 0xc4600000, 0xc4700000|  0%| F|  |TAMS 0xc4600000, 0xc4600000| Untracked 
|  21|0xc4700000, 0xc4700000, 0xc4800000|  0%| F|  |TAMS 0xc4700000, 0xc4700000| Untracked 
|  22|0xc4800000, 0xc4800000, 0xc4900000|  0%| F|  |TAMS 0xc4800000, 0xc4800000| Untracked 
|  23|0xc4900000, 0xc4900000, 0xc4a00000|  0%| F|  |TAMS 0xc4900000, 0xc4900000| Untracked 
|  24|0xc4a00000, 0xc4a00000, 0xc4b00000|  0%| F|  |TAMS 0xc4a00000, 0xc4a00000| Untracked 
|  25|0xc4b00000, 0xc4b00000, 0xc4c00000|  0%| F|  |TAMS 0xc4b00000, 0xc4b00000| Untracked 
|  26|0xc4c00000, 0xc4c00000, 0xc4d00000|  0%| F|  |TAMS 0xc4c00000, 0xc4c00000| Untracked 
|  27|0xc4d00000, 0xc4d00000, 0xc4e00000|  0%| F|  |TAMS 0xc4d00000, 0xc4d00000| Untracked 
|  28|0xc4e00000, 0xc4e00000, 0xc4f00000|  0%| F|  |TAMS 0xc4e00000, 0xc4e00000| Untracked 
|  29|0xc4f00000, 0xc4f00000, 0xc5000000|  0%| F|  |TAMS 0xc4f00000, 0xc4f00000| Untracked 
|  30|0xc5000000, 0xc5000000, 0xc5100000|  0%| F|  |TAMS 0xc5000000, 0xc5000000| Untracked 
|  31|0xc5100000, 0xc5100000, 0xc5200000|  0%| F|  |TAMS 0xc5100000, 0xc5100000| Untracked 
|  32|0xc5200000, 0xc5200000, 0xc5300000|  0%| F|  |TAMS 0xc5200000, 0xc5200000| Untracked 
|  33|0xc5300000, 0xc5300000, 0xc5400000|  0%| F|  |TAMS 0xc5300000, 0xc5300000| Untracked 
|  34|0xc5400000, 0xc5400000, 0xc5500000|  0%| F|  |TAMS 0xc5400000, 0xc5400000| Untracked 
|  35|0xc5500000, 0xc5500000, 0xc5600000|  0%| F|  |TAMS 0xc5500000, 0xc5500000| Untracked 
|  36|0xc5600000, 0xc5600000, 0xc5700000|  0%| F|  |TAMS 0xc5600000, 0xc5600000| Untracked 
|  37|0xc5700000, 0xc5700000, 0xc5800000|  0%| F|  |TAMS 0xc5700000, 0xc5700000| Untracked 
|  38|0xc5800000, 0xc5800000, 0xc5900000|  0%| F|  |TAMS 0xc5800000, 0xc5800000| Untracked 
|  39|0xc5900000, 0xc5900000, 0xc5a00000|  0%| F|  |TAMS 0xc5900000, 0xc5900000| Untracked 
|  40|0xc5a00000, 0xc5a00000, 0xc5b00000|  0%| F|  |TAMS 0xc5a00000, 0xc5a00000| Untracked 
|  41|0xc5b00000, 0xc5b00000, 0xc5c00000|  0%| F|  |TAMS 0xc5b00000, 0xc5b00000| Untracked 
|  42|0xc5c00000, 0xc5c00000, 0xc5d00000|  0%| F|  |TAMS 0xc5c00000, 0xc5c00000| Untracked 
|  43|0xc5d00000, 0xc5d00000, 0xc5e00000|  0%| F|  |TAMS 0xc5d00000, 0xc5d00000| Untracked 
|  44|0xc5e00000, 0xc5e825b0, 0xc5f00000| 50%| S|CS|TAMS 0xc5e00000, 0xc5e00000| Complete 
|  45|0xc5f00000, 0xc6000000, 0xc6000000|100%| S|CS|TAMS 0xc5f00000, 0xc5f00000| Complete 
|  46|0xc6000000, 0xc6000000, 0xc6100000|  0%| F|  |TAMS 0xc6000000, 0xc6000000| Untracked 
|  47|0xc6100000, 0xc6200000, 0xc6200000|100%| S|CS|TAMS 0xc6100000, 0xc6100000| Complete 
|  48|0xc6200000, 0xc6200000, 0xc6300000|  0%| F|  |TAMS 0xc6200000, 0xc6200000| Untracked 
|  49|0xc6300000, 0xc6300000, 0xc6400000|  0%| F|  |TAMS 0xc6300000, 0xc6300000| Untracked 
|  50|0xc6400000, 0xc6400000, 0xc6500000|  0%| F|  |TAMS 0xc6400000, 0xc6400000| Untracked 
|  51|0xc6500000, 0xc6500000, 0xc6600000|  0%| F|  |TAMS 0xc6500000, 0xc6500000| Untracked 
|  52|0xc6600000, 0xc6700000, 0xc6700000|100%| S|CS|TAMS 0xc6600000, 0xc6600000| Complete 
|  53|0xc6700000, 0xc6800000, 0xc6800000|100%| S|CS|TAMS 0xc6700000, 0xc6700000| Complete 
|  54|0xc6800000, 0xc6900000, 0xc6900000|100%| S|CS|TAMS 0xc6800000, 0xc6800000| Complete 
|  55|0xc6900000, 0xc6a00000, 0xc6a00000|100%| S|CS|TAMS 0xc6900000, 0xc6900000| Complete 
|  56|0xc6a00000, 0xc6a00000, 0xc6b00000|  0%| F|  |TAMS 0xc6a00000, 0xc6a00000| Untracked 
|  57|0xc6b00000, 0xc6c00000, 0xc6c00000|100%| S|CS|TAMS 0xc6b00000, 0xc6b00000| Complete 
|  58|0xc6c00000, 0xc6c00000, 0xc6d00000|  0%| F|  |TAMS 0xc6c00000, 0xc6c00000| Untracked 
|  59|0xc6d00000, 0xc6d00000, 0xc6e00000|  0%| F|  |TAMS 0xc6d00000, 0xc6d00000| Untracked 
|  60|0xc6e00000, 0xc6e00000, 0xc6f00000|  0%| F|  |TAMS 0xc6e00000, 0xc6e00000| Untracked 
|  61|0xc6f00000, 0xc6f00000, 0xc7000000|  0%| F|  |TAMS 0xc6f00000, 0xc6f00000| Untracked 
|  62|0xc7000000, 0xc7000000, 0xc7100000|  0%| F|  |TAMS 0xc7000000, 0xc7000000| Untracked 
|  63|0xc7100000, 0xc7100000, 0xc7200000|  0%| F|  |TAMS 0xc7100000, 0xc7100000| Untracked 
|  64|0xc7200000, 0xc7200000, 0xc7300000|  0%| F|  |TAMS 0xc7200000, 0xc7200000| Untracked 
|  65|0xc7300000, 0xc7300000, 0xc7400000|  0%| F|  |TAMS 0xc7300000, 0xc7300000| Untracked 
|  66|0xc7400000, 0xc7400000, 0xc7500000|  0%| F|  |TAMS 0xc7400000, 0xc7400000| Untracked 
|  67|0xc7500000, 0xc7500000, 0xc7600000|  0%| F|  |TAMS 0xc7500000, 0xc7500000| Untracked 
|  68|0xc7600000, 0xc7600000, 0xc7700000|  0%| F|  |TAMS 0xc7600000, 0xc7600000| Untracked 
|  69|0xc7700000, 0xc7700000, 0xc7800000|  0%| F|  |TAMS 0xc7700000, 0xc7700000| Untracked 
|  70|0xc7800000, 0xc7800000, 0xc7900000|  0%| F|  |TAMS 0xc7800000, 0xc7800000| Untracked 
|  71|0xc7900000, 0xc7900000, 0xc7a00000|  0%| F|  |TAMS 0xc7900000, 0xc7900000| Untracked 
|  72|0xc7a00000, 0xc7a00000, 0xc7b00000|  0%| F|  |TAMS 0xc7a00000, 0xc7a00000| Untracked 
|  73|0xc7b00000, 0xc7b00000, 0xc7c00000|  0%| F|  |TAMS 0xc7b00000, 0xc7b00000| Untracked 
|  74|0xc7c00000, 0xc7c00000, 0xc7d00000|  0%| F|  |TAMS 0xc7c00000, 0xc7c00000| Untracked 
|  75|0xc7d00000, 0xc7d80000, 0xc7e00000| 50%| E|  |TAMS 0xc7d00000, 0xc7d00000| Complete 
|  76|0xc7e00000, 0xc7f00000, 0xc7f00000|100%| E|CS|TAMS 0xc7e00000, 0xc7e00000| Complete 
|  77|0xc7f00000, 0xc8000000, 0xc8000000|100%| E|CS|TAMS 0xc7f00000, 0xc7f00000| Complete 
|  78|0xc8000000, 0xc8100000, 0xc8100000|100%| E|CS|TAMS 0xc8000000, 0xc8000000| Complete 
|  79|0xc8100000, 0xc8200000, 0xc8200000|100%| E|CS|TAMS 0xc8100000, 0xc8100000| Complete 
|  80|0xc8200000, 0xc8300000, 0xc8300000|100%| E|CS|TAMS 0xc8200000, 0xc8200000| Complete 
|  81|0xc8300000, 0xc8400000, 0xc8400000|100%| E|CS|TAMS 0xc8300000, 0xc8300000| Complete 
|  82|0xc8400000, 0xc8500000, 0xc8500000|100%| E|CS|TAMS 0xc8400000, 0xc8400000| Complete 
|  83|0xc8500000, 0xc8600000, 0xc8600000|100%| E|CS|TAMS 0xc8500000, 0xc8500000| Complete 
|  84|0xc8600000, 0xc8700000, 0xc8700000|100%| E|CS|TAMS 0xc8600000, 0xc8600000| Complete 
|  85|0xc8700000, 0xc8800000, 0xc8800000|100%| E|CS|TAMS 0xc8700000, 0xc8700000| Complete 
|  86|0xc8800000, 0xc8900000, 0xc8900000|100%| E|CS|TAMS 0xc8800000, 0xc8800000| Complete 
|  87|0xc8900000, 0xc8a00000, 0xc8a00000|100%| E|CS|TAMS 0xc8900000, 0xc8900000| Complete 
|  88|0xc8a00000, 0xc8b00000, 0xc8b00000|100%| E|CS|TAMS 0xc8a00000, 0xc8a00000| Complete 
|  89|0xc8b00000, 0xc8c00000, 0xc8c00000|100%| E|CS|TAMS 0xc8b00000, 0xc8b00000| Complete 
|  90|0xc8c00000, 0xc8d00000, 0xc8d00000|100%| E|CS|TAMS 0xc8c00000, 0xc8c00000| Complete 
|  91|0xc8d00000, 0xc8e00000, 0xc8e00000|100%| E|CS|TAMS 0xc8d00000, 0xc8d00000| Complete 
|  92|0xc8e00000, 0xc8f00000, 0xc8f00000|100%| E|CS|TAMS 0xc8e00000, 0xc8e00000| Complete 
|  93|0xc8f00000, 0xc9000000, 0xc9000000|100%| E|CS|TAMS 0xc8f00000, 0xc8f00000| Complete 
|  94|0xc9000000, 0xc9100000, 0xc9100000|100%| E|CS|TAMS 0xc9000000, 0xc9000000| Complete 
|  95|0xc9100000, 0xc9200000, 0xc9200000|100%| E|CS|TAMS 0xc9100000, 0xc9100000| Complete 
|  96|0xc9200000, 0xc9300000, 0xc9300000|100%| E|CS|TAMS 0xc9200000, 0xc9200000| Complete 
|  97|0xc9300000, 0xc9400000, 0xc9400000|100%| E|CS|TAMS 0xc9300000, 0xc9300000| Complete 
|  98|0xc9400000, 0xc9500000, 0xc9500000|100%| E|CS|TAMS 0xc9400000, 0xc9400000| Complete 
|  99|0xc9500000, 0xc9600000, 0xc9600000|100%| E|CS|TAMS 0xc9500000, 0xc9500000| Complete 
| 100|0xc9600000, 0xc9700000, 0xc9700000|100%| E|CS|TAMS 0xc9600000, 0xc9600000| Complete 
| 101|0xc9700000, 0xc9800000, 0xc9800000|100%| E|CS|TAMS 0xc9700000, 0xc9700000| Complete 
| 102|0xc9800000, 0xc9900000, 0xc9900000|100%| E|CS|TAMS 0xc9800000, 0xc9800000| Complete 
| 103|0xc9900000, 0xc9a00000, 0xc9a00000|100%| E|CS|TAMS 0xc9900000, 0xc9900000| Complete 
| 104|0xc9a00000, 0xc9b00000, 0xc9b00000|100%| E|CS|TAMS 0xc9a00000, 0xc9a00000| Complete 
| 105|0xc9b00000, 0xc9c00000, 0xc9c00000|100%| E|CS|TAMS 0xc9b00000, 0xc9b00000| Complete 
| 106|0xc9c00000, 0xc9d00000, 0xc9d00000|100%| E|CS|TAMS 0xc9c00000, 0xc9c00000| Complete 
| 107|0xc9d00000, 0xc9e00000, 0xc9e00000|100%| E|CS|TAMS 0xc9d00000, 0xc9d00000| Complete 
| 108|0xc9e00000, 0xc9f00000, 0xc9f00000|100%| E|CS|TAMS 0xc9e00000, 0xc9e00000| Complete 
| 109|0xc9f00000, 0xca000000, 0xca000000|100%| E|CS|TAMS 0xc9f00000, 0xc9f00000| Complete 
| 110|0xca000000, 0xca100000, 0xca100000|100%| E|CS|TAMS 0xca000000, 0xca000000| Complete 
| 111|0xca100000, 0xca200000, 0xca200000|100%| E|CS|TAMS 0xca100000, 0xca100000| Complete 
| 112|0xca200000, 0xca300000, 0xca300000|100%| E|CS|TAMS 0xca200000, 0xca200000| Complete 
| 113|0xca300000, 0xca400000, 0xca400000|100%| E|CS|TAMS 0xca300000, 0xca300000| Complete 
| 114|0xca400000, 0xca500000, 0xca500000|100%| E|CS|TAMS 0xca400000, 0xca400000| Complete 
| 115|0xca500000, 0xca600000, 0xca600000|100%| E|CS|TAMS 0xca500000, 0xca500000| Complete 
| 116|0xca600000, 0xca700000, 0xca700000|100%| E|CS|TAMS 0xca600000, 0xca600000| Complete 
| 117|0xca700000, 0xca800000, 0xca800000|100%| E|CS|TAMS 0xca700000, 0xca700000| Complete 
| 118|0xca800000, 0xca900000, 0xca900000|100%| E|CS|TAMS 0xca800000, 0xca800000| Complete 
| 119|0xca900000, 0xcaa00000, 0xcaa00000|100%| E|CS|TAMS 0xca900000, 0xca900000| Complete 
| 120|0xcaa00000, 0xcab00000, 0xcab00000|100%| E|CS|TAMS 0xcaa00000, 0xcaa00000| Complete 
| 121|0xcab00000, 0xcac00000, 0xcac00000|100%| E|CS|TAMS 0xcab00000, 0xcab00000| Complete 
| 122|0xcac00000, 0xcad00000, 0xcad00000|100%| E|CS|TAMS 0xcac00000, 0xcac00000| Complete 
| 123|0xcad00000, 0xcae00000, 0xcae00000|100%| E|CS|TAMS 0xcad00000, 0xcad00000| Complete 
| 124|0xcae00000, 0xcaf00000, 0xcaf00000|100%| E|CS|TAMS 0xcae00000, 0xcae00000| Complete 
| 125|0xcaf00000, 0xcb000000, 0xcb000000|100%| E|CS|TAMS 0xcaf00000, 0xcaf00000| Complete 
| 126|0xcb000000, 0xcb100000, 0xcb100000|100%| E|CS|TAMS 0xcb000000, 0xcb000000| Complete 
| 127|0xcb100000, 0xcb200000, 0xcb200000|100%| E|CS|TAMS 0xcb100000, 0xcb100000| Complete 

Card table byte_map: [0xc3100000,0xc3200000] _byte_map_base: 0xc2ae7000

Marking Bits (Prev, Next): (CMBitMap*) 0xe33300b8, (CMBitMap*) 0xe33300d8
 Prev Bits: [0xc2800000, 0xc3000000)
 Next Bits: [0xc2000000, 0xc2800000)

Polling page: 0xf7f67000

Metaspace:

Usage:
    7.80 MB used.

Virtual space:
     16.00 MB reserved,       8.81 MB ( 55%) committed,  1 nodes.

Chunk freelists:
4.99 MB

MaxMetaspaceSize: 96.00 MB
No class space
Initial GC threshold: 16.00 MB
Current GC threshold: 16.00 MB
CDS: on
MetaspaceReclaimPolicy: balanced
 - commit_granule_bytes: 65536.
 - commit_granule_words: 16384.
 - virtual_space_node_default_size: 4194304.
 - enlarge_chunks_in_place: 1.
 - new_chunks_are_fully_committed: 0.
 - uncommit_free_chunks: 1.
 - use_allocation_guard: 0.
 - handle_deallocations: 1.


Internal statistics:

num_allocs_failed_limit: 0.
num_arena_births: 638.
num_arena_deaths: 0.
num_vsnodes_births: 1.
num_vsnodes_deaths: 0.
num_space_committed: 141.
num_space_uncommitted: 0.
num_chunks_returned_to_freelist: 0.
num_chunks_taken_from_freelist: 1089.
num_chunk_merges: 0.
num_chunk_splits: 795.
num_chunks_enlarged: 554.
num_inconsistent_stats: 0.

CodeHeap 'non-profiled nmethods': size=120172Kb used=1284Kb max_used=1284Kb free=118887Kb
 bounds [0xeafa2000, 0xeb1e2000, 0xf24fd000]
CodeHeap 'profiled nmethods': size=120172Kb used=4819Kb max_used=4819Kb free=115352Kb
 bounds [0xe34fd000, 0xe39b5000, 0xeaa58000]
CodeHeap 'non-nmethods': size=5416Kb used=745Kb max_used=788Kb free=4670Kb
 bounds [0xeaa58000, 0xeac98000, 0xeafa2000]
 total_blobs=2673 nmethods=2315 adapters=272
 compilation: enabled
              stopped_count=0, restarted_count=0
 full_count=0

Compilation events (20 events):
Event: 8405.897 Thread 0xc19ec4d0 2306       3       script.base_class::queueCommand (16 bytes)
Event: 8405.897 Thread 0xc19ec4d0 nmethod 2306 0xe39ad688 code [0xe39ad7e0, 0xe39adb0c]
Event: 8618.913 Thread 0xc19ec4d0 2307       3       script.base_class::_addLocationTarget (13 bytes)
Event: 8618.913 Thread 0xc19ec4d0 nmethod 2307 0xe39add08 code [0xe39ade60, 0xe39ae06c]
Event: 8618.914 Thread 0xc19ec4d0 2308       3       script.base_class::pathTo (9 bytes)
Event: 8618.914 Thread 0xc19ec4d0 nmethod 2308 0xe39ae188 code [0xe39ae2e0, 0xe39ae4ec]
Event: 9075.853 Thread 0xc19ec4d0 2309       3       script.base_class::setPosture (9 bytes)
Event: 9075.853 Thread 0xc19ec4d0 nmethod 2309 0xe39ae608 code [0xe39ae760, 0xe39ae96c]
Event: 9134.892 Thread 0xc19ec4d0 2310       3       script.base_class$attacker_results::<init> (35 bytes)
Event: 9134.893 Thread 0xc19ec4d0 nmethod 2310 0xe39aea88 code [0xe39aebc0, 0xe39aeda0]
Event: 9349.744 Thread 0xc19eb3a0 2311       4       java.util.Hashtable$Enumerator::hasNext (5 bytes)
Event: 9349.747 Thread 0xc19eb3a0 nmethod 2311 0xeb0e2408 code [0xeb0e2520, 0xeb0e27b0]
Event: 9502.797 Thread 0xc19ec4d0 2313       3       script.library.travel::setShuttleAvailability (99 bytes)
Event: 9502.798 Thread 0xc19ec4d0 nmethod 2313 0xe39aee88 code [0xe39af240, 0xe39b0824]
Event: 9602.901 Thread 0xc19ec4d0 2314       3       script.library.gcw::gcwCalculateInvasionCycle (31 bytes)
Event: 9602.901 Thread 0xc19ec4d0 nmethod 2314 0xe39b1188 code [0xe39b1300, 0xe39b1550]
Event: 10458.830 Thread 0xc19eb3a0 2315       4       java.lang.String::startsWith (138 bytes)
Event: 10458.833 Thread 0xc19eb3a0 nmethod 2315 0xeb0e2b88 code [0xeb0e2ca0, 0xeb0e2f70]
Event: 10637.778 Thread 0xc19ec4d0 2316       3       java.lang.String::equalsIgnoreCase (45 bytes)
Event: 10637.778 Thread 0xc19ec4d0 nmethod 2316 0xe39b1708 code [0xe39b1880, 0xe39b1ccc]

GC Heap History (12 events):
Event: 18.980 GC heap before
{Heap before GC invocations=0 (full 0):
 garbage-first heap   total 131072K, used 22528K [0xc3200000, 0xe3200000)
  region size 1024K, 23 young (23552K), 0 survivors (0K)
 Metaspace       used 4002K, committed 4352K, reserved 16384K
}
Event: 19.040 GC heap after
{Heap after GC invocations=1 (full 0):
 garbage-first heap   total 131072K, used 3210K [0xc3200000, 0xe3200000)
  region size 1024K, 3 young (3072K), 3 survivors (3072K)
 Metaspace       used 4002K, committed 4352K, reserved 16384K
}
Event: 26.606 GC heap before
{Heap before GC invocations=1 (full 0):
 garbage-first heap   total 131072K, used 32906K [0xc3200000, 0xe3200000)
  region size 1024K, 32 young (32768K), 3 survivors (3072K)
 Metaspace       used 4569K, committed 4992K, reserved 16384K
}
Event: 26.609 GC heap after
{Heap after GC invocations=2 (full 0):
 garbage-first heap   total 131072K, used 4485K [0xc3200000, 0xe3200000)
  region size 1024K, 2 young (2048K), 2 survivors (2048K)
 Metaspace       used 4569K, committed 4992K, reserved 16384K
}
Event: 33.780 GC heap before
{Heap before GC invocations=2 (full 0):
 garbage-first heap   total 131072K, used 80261K [0xc3200000, 0xe3200000)
  region size 1024K, 76 young (77824K), 2 survivors (2048K)
 Metaspace       used 5198K, committed 5760K, reserved 16384K
}
Event: 33.782 GC heap after
{Heap after GC invocations=3 (full 0):
 garbage-first heap   total 131072K, used 6420K [0xc3200000, 0xe3200000)
  region size 1024K, 4 young (4096K), 4 survivors (4096K)
 Metaspace       used 5198K, committed 5760K, reserved 16384K
}
Event: 39.069 GC heap before
{Heap before GC invocations=3 (full 0):
 garbage-first heap   total 131072K, used 80148K [0xc3200000, 0xe3200000)
  region size 1024K, 76 young (77824K), 4 survivors (4096K)
 Metaspace       used 5747K, committed 6400K, reserved 16384K
}
Event: 39.072 GC heap after
{Heap after GC invocations=4 (full 0):
 garbage-first heap   total 131072K, used 7807K [0xc3200000, 0xe3200000)
  region size 1024K, 5 young (5120K), 5 survivors (5120K)
 Metaspace       used 5747K, committed 6400K, reserved 16384K
}
Event: 45.197 GC heap before
{Heap before GC invocations=4 (full 0):
 garbage-first heap   total 131072K, used 80511K [0xc3200000, 0xe3200000)
  region size 1024K, 76 young (77824K), 5 survivors (5120K)
 Metaspace       used 6241K, committed 7040K, reserved 16384K
}
Event: 45.199 GC heap after
{Heap after GC invocations=5 (full 0):
 garbage-first heap   total 131072K, used 9282K [0xc3200000, 0xe3200000)
  region size 1024K, 6 young (6144K), 6 survivors (6144K)
 Metaspace       used 6241K, committed 7040K, reserved 16384K
}
Event: 56.007 GC heap before
{Heap before GC invocations=5 (full 0):
 garbage-first heap   total 131072K, used 80962K [0xc3200000, 0xe3200000)
  region size 1024K, 76 young (77824K), 6 survivors (6144K)
 Metaspace       used 7301K, committed 8256K, reserved 16384K
}
Event: 56.012 GC heap after
{Heap after GC invocations=6 (full 0):
 garbage-first heap   total 131072K, used 11976K [0xc3200000, 0xe3200000)
  region size 1024K, 8 young (8192K), 8 survivors (8192K)
 Metaspace       used 7301K, committed 8256K, reserved 16384K
}

Dll operation events (4 events):
Event: 0.006 Loaded shared library /usr/lib/jvm/zulu17.66.19-ca-fx-jdk17.0.19-linux_i686/lib/libjava.so
Event: 10.615 Loaded shared library /usr/lib/jvm/zulu17.66.19-ca-fx-jdk17.0.19-linux_i686/lib/libnio.so
Event: 10.616 Loaded shared library /usr/lib/jvm/zulu17.66.19-ca-fx-jdk17.0.19-linux_i686/lib/libjimage.so
Event: 10.617 Loaded shared library /usr/lib/jvm/zulu17.66.19-ca-fx-jdk17.0.19-linux_i686/lib/libnet.so

Deoptimization events (20 events):
Event: 150.936 Thread 0x5ad8d7a0 Uncommon trap: trap_request=0xffffff76 fr.pc=0xeb031518 relative=0x00000278
Event: 150.936 Thread 0x5ad8d7a0 Uncommon trap: reason=predicate action=maybe_recompile pc=0xeb031518 method=java.util.ArrayList.indexOfRange(Ljava/lang/Object;II)I @ 45 c2
Event: 150.936 Thread 0x5ad8d7a0 DEOPT PACKING pc=0xeb031518 sp=0xffa9fe60
Event: 150.936 Thread 0x5ad8d7a0 DEOPT UNPACKING pc=0xeaaa1d33 sp=0xffa9fe30 mode 2
Event: 150.942 Thread 0x5ad8d7a0 Uncommon trap: trap_request=0xffffffde fr.pc=0xeb0869f8 relative=0x00000318
Event: 150.942 Thread 0x5ad8d7a0 Uncommon trap: reason=class_check action=maybe_recompile pc=0xeb0869f8 method=java.util.concurrent.ConcurrentHashMap.get(Ljava/lang/Object;)Ljava/lang/Object; @ 149 c2
Event: 150.942 Thread 0x5ad8d7a0 DEOPT PACKING pc=0xeb0869f8 sp=0xffaa0260
Event: 150.942 Thread 0x5ad8d7a0 DEOPT UNPACKING pc=0xeaaa1d33 sp=0xffaa023c mode 2
Event: 150.943 Thread 0x5ad8d7a0 Uncommon trap: trap_request=0xffffffde fr.pc=0xeb0869f8 relative=0x00000318
Event: 150.943 Thread 0x5ad8d7a0 Uncommon trap: reason=class_check action=maybe_recompile pc=0xeb0869f8 method=java.util.concurrent.ConcurrentHashMap.get(Ljava/lang/Object;)Ljava/lang/Object; @ 149 c2
Event: 150.943 Thread 0x5ad8d7a0 DEOPT PACKING pc=0xeb0869f8 sp=0xffaa03c0
Event: 150.943 Thread 0x5ad8d7a0 DEOPT UNPACKING pc=0xeaaa1d33 sp=0xffaa039c mode 2
Event: 150.945 Thread 0x5ad8d7a0 Uncommon trap: trap_request=0xffffffde fr.pc=0xeb0869f8 relative=0x00000318
Event: 150.945 Thread 0x5ad8d7a0 Uncommon trap: reason=class_check action=maybe_recompile pc=0xeb0869f8 method=java.util.concurrent.ConcurrentHashMap.get(Ljava/lang/Object;)Ljava/lang/Object; @ 149 c2
Event: 150.945 Thread 0x5ad8d7a0 DEOPT PACKING pc=0xeb0869f8 sp=0xffa9f180
Event: 150.945 Thread 0x5ad8d7a0 DEOPT UNPACKING pc=0xeaaa1d33 sp=0xffa9f15c mode 2
Event: 150.947 Thread 0x5ad8d7a0 DEOPT PACKING pc=0xe392f748 sp=0xffaa0910
Event: 150.947 Thread 0x5ad8d7a0 DEOPT UNPACKING pc=0xeaaa1171 sp=0xffaa07bc mode 0
Event: 150.947 Thread 0x5ad8d7a0 DEOPT PACKING pc=0xe37ec748 sp=0xffaa0970
Event: 150.947 Thread 0x5ad8d7a0 DEOPT UNPACKING pc=0xeaaa1171 sp=0xffaa07f4 mode 0

Classes loaded (20 events):
Event: 150.946 Loading class java/lang/constant/MethodTypeDescImpl
Event: 150.946 Loading class java/lang/constant/MethodTypeDescImpl done
Event: 150.946 Loading class java/lang/constant/MethodHandleDesc
Event: 150.946 Loading class java/lang/constant/MethodHandleDesc done
Event: 150.946 Loading class java/lang/constant/MethodHandleDesc$1
Event: 150.946 Loading class java/lang/constant/MethodHandleDesc$1 done
Event: 150.946 Loading class java/lang/constant/DirectMethodHandleDescImpl
Event: 150.946 Loading class java/lang/constant/DirectMethodHandleDesc
Event: 150.946 Loading class java/lang/constant/DirectMethodHandleDesc done
Event: 150.946 Loading class java/lang/constant/DirectMethodHandleDescImpl done
Event: 150.946 Loading class java/lang/constant/DirectMethodHandleDescImpl$1
Event: 150.946 Loading class java/lang/constant/DirectMethodHandleDescImpl$1 done
Event: 150.946 Loading class java/lang/constant/DirectMethodHandleDesc$1
Event: 150.946 Loading class java/lang/constant/DirectMethodHandleDesc$1 done
Event: 150.946 Loading class java/lang/constant/PrimitiveClassDescImpl
Event: 150.946 Loading class java/lang/constant/DynamicConstantDesc
Event: 150.946 Loading class java/lang/constant/DynamicConstantDesc done
Event: 150.946 Loading class java/lang/constant/PrimitiveClassDescImpl done
Event: 150.946 Loading class java/lang/constant/DynamicConstantDesc$AnonymousDynamicConstantDesc
Event: 150.946 Loading class java/lang/constant/DynamicConstantDesc$AnonymousDynamicConstantDesc done

Classes unloaded (0 events):
No events

Classes redefined (0 events):
No events

Internal exceptions (17 events):
Event: 10.622 Thread 0x5ad8d7a0 Exception <a 'java/lang/NoSuchMethodError'{0xcaead3f8}: 'java.lang.Object java.lang.invoke.DirectMethodHandle$Holder.invokeStaticInit(java.lang.Object)'> (0xcaead3f8) 
thrown [src/hotspot/share/interpreter/linkResolver.cpp, line 759]
Event: 15.836 Thread 0x5ad8d7a0 Exception <a 'java/lang/NoSuchMethodError'{0xcaa396c0}: 'java.lang.Object java.lang.invoke.DirectMethodHandle$Holder.invokeStatic(java.lang.Object, float)'> (0xcaa396c0) 
thrown [src/hotspot/share/interpreter/linkResolver.cpp, line 759]
Event: 16.196 Thread 0x5ad8d7a0 Exception <a 'java/lang/NoSuchMethodError'{0xca4b18a0}: 'java.lang.Object java.lang.invoke.DirectMethodHandle$Holder.invokeSpecial(java.lang.Object, java.lang.Object, long, java.lang.Object, java.lang.Object, java.lang.Object, java.lang.Object, int, java.lang.Object)'> (0xca4b18a0) 
thrown [src/hotspot/share/interpreter/linkResolver.cpp, line 759]
Event: 16.196 Thread 0x5ad8d7a0 Exception <a 'java/lang/NoSuchMethodError'{0xca4b5ba0}: 'java.lang.Object java.lang.invoke.DelegatingMethodHandle$Holder.reinvoke_L(java.lang.Object, long, java.lang.Object, java.lang.Object, java.lang.Object, java.lang.Object, int, java.lang.Object)'> (0xca4b5ba0) 
thrown [src/hotspot/share/interpreter/linkResolver.cpp, line 759]
Event: 16.254 Thread 0x5ad8d7a0 Exception <a 'java/lang/NoSuchMethodError'{0xca33eea8}: 'java.lang.Object java.lang.invoke.DirectMethodHandle$Holder.invokeSpecial(java.lang.Object, java.lang.Object, java.lang.Object, java.lang.Object, float)'> (0xca33eea8) 
thrown [src/hotspot/share/interpreter/linkResolver.cpp, line 759]
Event: 16.267 Thread 0x5ad8d7a0 Exception <a 'java/lang/NoSuchMethodError'{0xca36b628}: 'java.lang.Object java.lang.invoke.DirectMethodHandle$Holder.invokeSpecial(java.lang.Object, java.lang.Object, java.lang.Object, java.lang.Object, int)'> (0xca36b628) 
thrown [src/hotspot/share/interpreter/linkResolver.cpp, line 759]
Event: 16.267 Thread 0x5ad8d7a0 Exception <a 'java/lang/NoSuchMethodError'{0xca36ed90}: 'java.lang.Object java.lang.invoke.Invokers$Holder.linkToTargetMethod(java.lang.Object, java.lang.Object, int, java.lang.Object)'> (0xca36ed90) 
thrown [src/hotspot/share/interpreter/linkResolver.cpp, line 759]
Event: 16.306 Thread 0x5ad8d7a0 Exception <a 'java/lang/NoSuchMethodError'{0xca3c1898}: 'java.lang.Object java.lang.invoke.DirectMethodHandle$Holder.invokeSpecial(java.lang.Object, java.lang.Object, long, java.lang.Object, java.lang.Object, java.lang.Object, java.lang.Object, java.lang.Object, java.lang.Object)'> (0xca3c1898) 
thrown [src/hotspot/share/interpreter/linkResolver.cpp, line 759]
Event: 16.306 Thread 0x5ad8d7a0 Exception <a 'java/lang/NoSuchMethodError'{0xca3c5c70}: 'java.lang.Object java.lang.invoke.DelegatingMethodHandle$Holder.reinvoke_L(java.lang.Object, long, java.lang.Object, java.lang.Object, java.lang.Object, java.lang.Object, java.lang.Object, java.lang.Object)'> (0xca3c5c70) 
thrown [src/hotspot/share/interpreter/linkResolver.cpp, line 759]
Event: 18.777 Thread 0x5ad8d7a0 Exception <a 'java/lang/NoSuchMethodError'{0xc9c71cb8}: 'java.lang.Object java.lang.invoke.DirectMethodHandle$Holder.invokeSpecial(java.lang.Object, java.lang.Object, java.lang.Object, java.lang.Object, java.lang.Object, java.lang.Object, int)'> (0xc9c71cb8) 
thrown [src/hotspot/share/interpreter/linkResolver.cpp, line 759]
Event: 26.723 Thread 0x5ad8d7a0 Exception <a 'java/lang/NoSuchMethodError'{0xcad39b70}: 'java.lang.Object java.lang.invoke.DirectMethodHandle$Holder.invokeSpecial(java.lang.Object, java.lang.Object, int, int, int)'> (0xcad39b70) 
thrown [src/hotspot/share/interpreter/linkResolver.cpp, line 759]
Event: 46.885 Thread 0x5ad8d7a0 Implicit null exception at 0xeaffa8ab to 0xeaffa8e8
Event: 46.910 Thread 0x5ad8d7a0 Exception <a 'java/lang/NoSuchMethodError'{0xc8e97420}: 'java.lang.Object java.lang.invoke.DirectMethodHandle$Holder.invokeSpecial(java.lang.Object, java.lang.Object, java.lang.Object, java.lang.Object, int, java.lang.Object)'> (0xc8e97420) 
thrown [src/hotspot/share/interpreter/linkResolver.cpp, line 759]
Event: 46.910 Thread 0x5ad8d7a0 Exception <a 'java/lang/NoSuchMethodError'{0xc8e9aa80}: 'java.lang.Object java.lang.invoke.Invokers$Holder.linkToTargetMethod(java.lang.Object, java.lang.Object, int, java.lang.Object, java.lang.Object)'> (0xc8e9aa80) 
thrown [src/hotspot/share/interpreter/linkResolver.cpp, line 759]
Event: 46.914 Thread 0x5ad8d7a0 Exception <a 'java/lang/NoSuchMethodError'{0xc8ede290}: 'java.lang.Object java.lang.invoke.DirectMethodHandle$Holder.invokeSpecial(java.lang.Object, java.lang.Object, long, java.lang.Object, java.lang.Object, java.lang.Object, int, java.lang.Object, java.lang.Object)'> (0xc8ede290) 
thrown [src/hotspot/share/interpreter/linkResolver.cpp, line 759]
Event: 46.914 Thread 0x5ad8d7a0 Exception <a 'java/lang/NoSuchMethodError'{0xc8ee2590}: 'java.lang.Object java.lang.invoke.DelegatingMethodHandle$Holder.reinvoke_L(java.lang.Object, long, java.lang.Object, java.lang.Object, java.lang.Object, int, java.lang.Object, java.lang.Object)'> (0xc8ee2590) 
thrown [src/hotspot/share/interpreter/linkResolver.cpp, line 759]
Event: 150.934 Thread 0x5ad8d7a0 Exception <a 'java/lang/NoSuchMethodError'{0xc9154308}: static [I.<clinit>()V> (0xc9154308) 
thrown [src/hotspot/share/prims/jni.cpp, line 1112]

VM Operations (20 events):
Event: 150.944 Executing VM operation: HandshakeAllThreads
Event: 150.944 Executing VM operation: HandshakeAllThreads done
Event: 151.944 Executing VM operation: Cleanup
Event: 151.944 Executing VM operation: Cleanup done
Event: 779.980 Executing VM operation: Cleanup
Event: 779.980 Executing VM operation: Cleanup done
Event: 780.980 Executing VM operation: Cleanup
Event: 780.980 Executing VM operation: Cleanup done
Event: 1808.046 Executing VM operation: Cleanup
Event: 1808.046 Executing VM operation: Cleanup done
Event: 2720.977 Executing VM operation: HandshakeAllThreads
Event: 2720.977 Executing VM operation: HandshakeAllThreads done
Event: 2721.977 Executing VM operation: Cleanup
Event: 2721.977 Executing VM operation: Cleanup done
Event: 5341.130 Executing VM operation: Cleanup
Event: 5341.130 Executing VM operation: Cleanup done
Event: 6619.204 Executing VM operation: Cleanup
Event: 6619.204 Executing VM operation: Cleanup done
Event: 9360.360 Executing VM operation: Cleanup
Event: 9360.360 Executing VM operation: Cleanup done

Memory protections (17 events):
Event: 0.005 Protecting memory [0xf37a3000,0xf37a7000] with protection modes 0
Event: 0.114 Protecting memory [0xc0a40000,0xc0a44000] with protection modes 0
Event: 0.125 Protecting memory [0xc0840000,0xc0844000] with protection modes 0
Event: 0.130 Protecting memory [0xc01c6000,0xc01ca000] with protection modes 0
Event: 0.147 Protecting memory [0xc0105000,0xc0109000] with protection modes 0
Event: 0.156 Protecting memory [0xc0044000,0xc0048000] with protection modes 0
Event: 0.174 Protecting memory [0xc0c2a000,0xc0c2e000] with protection modes 0
Event: 0.186 Protecting memory [0xbeb80000,0xbeb84000] with protection modes 0
Event: 0.188 Protecting memory [0xbe940000,0xbe944000] with protection modes 0
Event: 0.218 Protecting memory [0xbe740000,0xbe744000] with protection modes 0
Event: 0.286 Protecting memory [0xff9e3000,0xff9e7000] with protection modes 0
Event: 0.295 Protecting memory [0xbe240000,0xbe244000] with protection modes 0
Event: 0.303 Protecting memory [0xbe040000,0xbe044000] with protection modes 0
Event: 10.692 Protecting memory [0xbdc7e000,0xbdc82000] with protection modes 0
Event: 16.330 Protecting memory [0xbdc7e000,0xbdc82000] with protection modes 0
Event: 18.782 Protecting memory [0xbdc7e000,0xbdc82000] with protection modes 0
Event: 45.958 Protecting memory [0xbabef000,0xbabf3000] with protection modes 0

Nmethod flushes (0 events):
No events

Events (20 events):
Event: 0.147 Thread 0xf3629a00 Thread added: 0xc19e8fd0
Event: 0.156 Thread 0xf3629a00 Thread added: 0xc19e9ff0
Event: 0.168 Thread 0xf3629a00 Thread added: 0xc19eb3a0
Event: 0.185 Thread 0xf3629a00 Thread added: 0xc19ec4d0
Event: 0.188 Thread 0xf3629a00 Thread added: 0xc19ed530
Event: 0.218 Thread 0xf3629a00 Thread added: 0xbe6246f0
Event: 0.286 Thread 0x5ad8d7a0 Thread added: 0x5ad8d7a0
Event: 0.294 Thread 0x5ad8d7a0 Thread added: 0x5ad8f3e0
Event: 0.302 Thread 0x5ad8d7a0 Thread added: 0x5ad95ca0
Event: 10.692 Thread 0xc19eb3a0 Thread added: 0xbed615a0
Event: 10.965 Thread 0xbed615a0 Thread exited: 0xbed615a0
Event: 16.329 Thread 0xc19ec4d0 Thread added: 0xbea0fae0
Event: 17.245 Thread 0xbea0fae0 Thread exited: 0xbea0fae0
Event: 18.780 Thread 0xc19ec4d0 Thread added: 0xbeaf5a20
Event: 18.925 Thread 0xbeaf5a20 Thread exited: 0xbeaf5a20
Event: 45.958 Thread 0xc19ec4d0 Thread added: 0xbb7c8630
Event: 46.190 Thread 0xbb7c8630 Thread exited: 0xbb7c8630
Event: 10753.548 Thread 0x5ad8d7a0 Thread exited: 0x5ad8d7a0
Event: 10753.548 Thread 0xf3629a00 Before exit entered
Event: 10753.548 Thread 0xf3629a00 Thread exited: 0xf3629a00


Dynamic libraries:
56643000-57710000 r--p 00000000 09:04 24778802                           /home/swg/swg-main/build/bin/SwgGameServer
57710000-585b3000 r-xp 010cd000 09:04 24778802                           /home/swg/swg-main/build/bin/SwgGameServer
585b3000-58c9a000 r--p 01f70000 09:04 24778802                           /home/swg/swg-main/build/bin/SwgGameServer
58c9a000-58cc1000 rw-p 02656000 09:04 24778802                           /home/swg/swg-main/build/bin/SwgGameServer
58cc1000-59544000 rw-p 00000000 00:00 0 
596b0000-69800000 rw-p 00000000 00:00 0                                  [heap]
ba000000-ba0e9000 rw-p 00000000 00:00 0 
ba0e9000-ba100000 ---p 00000000 00:00 0 
ba200000-ba231000 rw-p 00000000 00:00 0 
ba231000-ba300000 ---p 00000000 00:00 0 
ba300000-ba3f9000 rw-p 00000000 00:00 0 
ba3f9000-ba400000 ---p 00000000 00:00 0 
ba400000-ba4fa000 rw-p 00000000 00:00 0 
ba4fa000-ba500000 ---p 00000000 00:00 0 
ba500000-ba5fa000 rw-p 00000000 00:00 0 
ba5fa000-ba600000 ---p 00000000 00:00 0 
ba700000-ba7f9000 rw-p 00000000 00:00 0 
ba7f9000-ba800000 ---p 00000000 00:00 0 
ba800000-ba8fd000 rw-p 00000000 00:00 0 
ba8fd000-ba900000 ---p 00000000 00:00 0 
babee000-babef000 ---p 00000000 00:00 0 
babef000-babf3000 ---p 00000000 00:00 0 
babf3000-bac6f000 rw-p 00000000 00:00 0 
baf00000-baf21000 rw-p 00000000 00:00 0 
baf21000-bb000000 ---p 00000000 00:00 0 
bb000000-bb0fb000 rw-p 00000000 00:00 0 
bb0fb000-bb100000 ---p 00000000 00:00 0 
bb17f000-bb180000 ---p 00000000 00:00 0 
bb180000-bb200000 rw-p 00000000 00:00 0 
bb200000-bb2f9000 rw-p 00000000 00:00 0 
bb2f9000-bb300000 ---p 00000000 00:00 0 
bb300000-bb3f9000 rw-p 00000000 00:00 0 
bb3f9000-bb400000 ---p 00000000 00:00 0 
bb400000-bb4f9000 rw-p 00000000 00:00 0 
bb4f9000-bb500000 ---p 00000000 00:00 0 
bb500000-bb5f9000 rw-p 00000000 00:00 0 
bb5f9000-bb600000 ---p 00000000 00:00 0 
bb600000-bb6f9000 rw-p 00000000 00:00 0 
bb6f9000-bb700000 ---p 00000000 00:00 0 
bb700000-bb7fb000 rw-p 00000000 00:00 0 
bb7fb000-bb800000 ---p 00000000 00:00 0 
bb800000-bb821000 rw-p 00000000 00:00 0 
bb821000-bb900000 ---p 00000000 00:00 0 
bb97f000-bb980000 ---p 00000000 00:00 0 
bb980000-bba00000 rw-p 00000000 00:00 0 
bba00000-bba21000 rw-p 00000000 00:00 0 
bba21000-bbb00000 ---p 00000000 00:00 0 
bbb7f000-bbb80000 ---p 00000000 00:00 0 
bbb80000-bbc00000 rw-p 00000000 00:00 0 
bbc00000-bbc21000 rw-p 00000000 00:00 0 
bbc21000-bbd00000 ---p 00000000 00:00 0 
bbd7f000-bbd80000 ---p 00000000 00:00 0 
bbd80000-bbe00000 rw-p 00000000 00:00 0 
bbe00000-bbe21000 rw-p 00000000 00:00 0 
bbe21000-bbf00000 ---p 00000000 00:00 0 
bbf7f000-bbf80000 ---p 00000000 00:00 0 
bbf80000-bc000000 rw-p 00000000 00:00 0 
bc000000-bc021000 rw-p 00000000 00:00 0 
bc021000-bc100000 ---p 00000000 00:00 0 
bc100000-bc121000 rw-p 00000000 00:00 0 
bc121000-bc200000 ---p 00000000 00:00 0 
bc27f000-bc280000 ---p 00000000 00:00 0 
bc280000-bc300000 rw-p 00000000 00:00 0 
bc300000-bc321000 rw-p 00000000 00:00 0 
bc321000-bc400000 ---p 00000000 00:00 0 
bc400000-bc421000 rw-p 00000000 00:00 0 
bc421000-bc500000 ---p 00000000 00:00 0 
bc500000-bc521000 rw-p 00000000 00:00 0 
bc521000-bc600000 ---p 00000000 00:00 0 
bc600000-bc621000 rw-p 00000000 00:00 0 
bc621000-bc700000 ---p 00000000 00:00 0 
bc700000-bc7fc000 rw-p 00000000 00:00 0 
bc7fc000-bc800000 ---p 00000000 00:00 0 
bc800000-bc8f0000 rw-p 00000000 00:00 0 
bc8f0000-bc900000 ---p 00000000 00:00 0 
bc900000-bc9c4000 rw-p 00000000 00:00 0 
bc9c4000-bca00000 ---p 00000000 00:00 0 
bca09000-bca0a000 ---p 00000000 00:00 0 
bca0a000-bca8a000 rw-p 00000000 00:00 0 
bd0fe000-bd0ff000 ---p 00000000 00:00 0 
bd0ff000-bd17f000 rw-p 00000000 00:00 0 
bd17f000-bd180000 ---p 00000000 00:00 0 
bd180000-bd200000 rw-p 00000000 00:00 0 
bd200000-bd2f9000 rw-p 00000000 00:00 0 
bd2f9000-bd300000 ---p 00000000 00:00 0 
bd300000-bd3ff000 rw-p 00000000 00:00 0 
bd3ff000-bd400000 ---p 00000000 00:00 0 
bd400000-bd4b5000 rw-p 00000000 00:00 0 
bd4b5000-bd500000 ---p 00000000 00:00 0 
bd51b000-bd51c000 ---p 00000000 00:00 0 
bd51c000-bd59c000 rw-p 00000000 00:00 0 
bd99d000-bd99e000 ---p 00000000 00:00 0 
bd99e000-bda1e000 rw-p 00000000 00:00 0 
bdb00000-bdbf9000 rw-p 00000000 00:00 0 
bdbf9000-bdc00000 ---p 00000000 00:00 0 
bdc7d000-bdc7e000 ---p 00000000 00:00 0 
bdc7e000-bdc82000 ---p 00000000 00:00 0 
bdc82000-bdcfe000 rw-p 00000000 00:00 0 
bdf00000-bdf21000 rw-p 00000000 00:00 0 
bdf21000-be000000 ---p 00000000 00:00 0 
be03f000-be040000 ---p 00000000 00:00 0 
be040000-be044000 ---p 00000000 00:00 0 
be044000-be100000 rw-p 00000000 00:00 0 
be100000-be121000 rw-p 00000000 00:00 0 
be121000-be200000 ---p 00000000 00:00 0 
be23f000-be240000 ---p 00000000 00:00 0 
be240000-be244000 ---p 00000000 00:00 0 
be244000-be300000 rw-p 00000000 00:00 0 
be300000-be321000 rw-p 00000000 00:00 0 
be321000-be400000 ---p 00000000 00:00 0 
be47f000-be480000 ---p 00000000 00:00 0 
be480000-be500000 rw-p 00000000 00:00 0 
be500000-be521000 rw-p 00000000 00:00 0 
be521000-be600000 ---p 00000000 00:00 0 
be600000-be628000 rw-p 00000000 00:00 0 
be628000-be700000 ---p 00000000 00:00 0 
be73f000-be740000 ---p 00000000 00:00 0 
be740000-be744000 ---p 00000000 00:00 0 
be744000-be800000 rw-p 00000000 00:00 0 
be800000-be821000 rw-p 00000000 00:00 0 
be821000-be900000 ---p 00000000 00:00 0 
be93f000-be940000 ---p 00000000 00:00 0 
be940000-be944000 ---p 00000000 00:00 0 
be944000-bea00000 rw-p 00000000 00:00 0 
bea00000-beafd000 rw-p 00000000 00:00 0 
beafd000-beb00000 ---p 00000000 00:00 0 
beb7f000-beb80000 ---p 00000000 00:00 0 
beb80000-beb84000 ---p 00000000 00:00 0 
beb84000-bec00000 rw-p 00000000 00:00 0 
bec00000-bec21000 rw-p 00000000 00:00 0 
bec21000-bed00000 ---p 00000000 00:00 0 
bed00000-bedfb000 rw-p 00000000 00:00 0 
bedfb000-bee00000 ---p 00000000 00:00 0 
bee00000-bee21000 rw-p 00000000 00:00 0 
bee21000-bef00000 ---p 00000000 00:00 0 
bef00000-bef21000 rw-p 00000000 00:00 0 
bef21000-bf000000 ---p 00000000 00:00 0 
bf000000-bf1c0000 rw-p 00000000 00:00 0 
bf1c0000-bf400000 ---p 00000000 00:00 0 
bf400000-bfb10000 rw-p 00000000 00:00 0 
bfb10000-c0000000 ---p 00000000 00:00 0 
c0043000-c0044000 ---p 00000000 00:00 0 
c0044000-c0048000 ---p 00000000 00:00 0 
c0048000-c0104000 rw-p 00000000 00:00 0 
c0104000-c0105000 ---p 00000000 00:00 0 
c0105000-c0109000 ---p 00000000 00:00 0 
c0109000-c01c5000 rw-p 00000000 00:00 0 
c01c5000-c01c6000 ---p 00000000 00:00 0 
c01c6000-c01ca000 ---p 00000000 00:00 0 
c01ca000-c0286000 rw-p 00000000 00:00 0 
c0286000-c0500000 r--p 0006f000 09:04 15752678                           /usr/lib/locale/locale-archive
c0500000-c0700000 r--p 00000000 09:04 15752678                           /usr/lib/locale/locale-archive
c0700000-c0721000 rw-p 00000000 00:00 0 
c0721000-c0800000 ---p 00000000 00:00 0 
c083f000-c0840000 ---p 00000000 00:00 0 
c0840000-c0844000 ---p 00000000 00:00 0 
c0844000-c0900000 rw-p 00000000 00:00 0 
c0900000-c0921000 rw-p 00000000 00:00 0 
c0921000-c0a00000 ---p 00000000 00:00 0 
c0a3f000-c0a40000 ---p 00000000 00:00 0 
c0a40000-c0a44000 ---p 00000000 00:00 0 
c0a44000-c0b00000 rw-p 00000000 00:00 0 
c0b00000-c0b21000 rw-p 00000000 00:00 0 
c0b21000-c0c00000 ---p 00000000 00:00 0 
c0c29000-c0c2a000 ---p 00000000 00:00 0 
c0c2a000-c0c2e000 ---p 00000000 00:00 0 
c0c2e000-c0caa000 rw-p 00000000 00:00 0 
c0caa000-c0cab000 ---p 00000000 00:00 0 
c0cab000-c0d2b000 rw-p 00000000 00:00 0 
c0d2b000-c1600000 rw-p 00001000 09:04 15886960                           /usr/lib/jvm/zulu17.66.19-ca-fx-jdk17.0.19-linux_i686/lib/server/classes.jsa
c1600000-c1621000 rw-p 00000000 00:00 0 
c1621000-c1700000 ---p 00000000 00:00 0 
c177f000-c1780000 ---p 00000000 00:00 0 
c1780000-c1800000 rw-p 00000000 00:00 0 
c1800000-c1821000 rw-p 00000000 00:00 0 
c1821000-c1900000 ---p 00000000 00:00 0 
c1900000-c1a00000 rw-p 00000000 00:00 0 
c1a7f000-c1a80000 ---p 00000000 00:00 0 
c1a80000-c1b00000 rw-p 00000000 00:00 0 
c1b00000-c1b21000 rw-p 00000000 00:00 0 
c1b21000-c1c00000 ---p 00000000 00:00 0 
c1c7f000-c1c80000 ---p 00000000 00:00 0 
c1c80000-c1d00000 rw-p 00000000 00:00 0 
c1d00000-c1d21000 rw-p 00000000 00:00 0 
c1d21000-c1e00000 ---p 00000000 00:00 0 
c1e00000-c1e21000 rw-p 00000000 00:00 0 
c1e21000-c1f00000 ---p 00000000 00:00 0 
c1f7f000-c1f80000 ---p 00000000 00:00 0 
c1f80000-c2200000 rw-p 00000000 00:00 0 
c2200000-c2800000 ---p 00000000 00:00 0 
c2800000-c2a00000 rw-p 00000000 00:00 0 
c2a00000-c3000000 ---p 00000000 00:00 0 
c3000000-c3040000 rw-p 00000000 00:00 0 
c3040000-c3100000 ---p 00000000 00:00 0 
c3100000-c3140000 rw-p 00000000 00:00 0 
c3140000-c3200000 ---p 00000000 00:00 0 
c3200000-cb200000 rw-p 00000000 00:00 0 
cb200000-e3200000 ---p 00000000 00:00 0 
e3200000-e3240000 rw-p 00000000 00:00 0 
e3240000-e3300000 ---p 00000000 00:00 0 
e3300000-e33fd000 rw-p 00000000 00:00 0 
e33fd000-e3400000 ---p 00000000 00:00 0 
e3412000-e3417000 rw-p 00000000 00:00 0 
e3417000-e34fd000 ---p 00000000 00:00 0 
e34fd000-e39b5000 rwxp 00000000 00:00 0 
e39b5000-eaa58000 ---p 00000000 00:00 0 
eaa58000-eac98000 rwxp 00000000 00:00 0 
eac98000-eafa2000 ---p 00000000 00:00 0 
eafa2000-eb1e2000 rwxp 00000000 00:00 0 
eb1e2000-f24fd000 ---p 00000000 00:00 0 
f24fd000-f26b7000 r--s 00000000 09:04 15886949                           /usr/lib/jvm/zulu17.66.19-ca-fx-jdk17.0.19-linux_i686/lib/modules
f26b7000-f3559000 r-xp 00000000 09:04 15886962                           /usr/lib/jvm/zulu17.66.19-ca-fx-jdk17.0.19-linux_i686/lib/server/libjvm.so
f3559000-f355a000 ---p 00ea2000 09:04 15886962                           /usr/lib/jvm/zulu17.66.19-ca-fx-jdk17.0.19-linux_i686/lib/server/libjvm.so
f355a000-f35af000 r--p 00ea2000 09:04 15886962                           /usr/lib/jvm/zulu17.66.19-ca-fx-jdk17.0.19-linux_i686/lib/server/libjvm.so
f35af000-f35d0000 rw-p 00ef7000 09:04 15886962                           /usr/lib/jvm/zulu17.66.19-ca-fx-jdk17.0.19-linux_i686/lib/server/libjvm.so
f35d0000-f3600000 rw-p 00000000 00:00 0 
f3600000-f36f2000 rw-p 00000000 00:00 0 
f36f2000-f3700000 ---p 00000000 00:00 0 
f3721000-f3722000 ---p 00000000 00:00 0 
f3722000-f37a2000 rw-p 00000000 00:00 0 
f37a2000-f37a3000 ---p 00000000 00:00 0 
f37a3000-f37a7000 ---p 00000000 00:00 0 
f37a7000-f431a000 rw-p 00000000 00:00 0 
f431a000-f432f000 r-xp 00000000 09:04 15886936                           /usr/lib/jvm/zulu17.66.19-ca-fx-jdk17.0.19-linux_i686/lib/libnet.so
f432f000-f4330000 r--p 00014000 09:04 15886936                           /usr/lib/jvm/zulu17.66.19-ca-fx-jdk17.0.19-linux_i686/lib/libnet.so
f4330000-f4331000 rw-p 00015000 09:04 15886936                           /usr/lib/jvm/zulu17.66.19-ca-fx-jdk17.0.19-linux_i686/lib/libnet.so
f4331000-f4343000 r-xp 00000000 09:04 15886937                           /usr/lib/jvm/zulu17.66.19-ca-fx-jdk17.0.19-linux_i686/lib/libnio.so
f4343000-f4344000 ---p 00012000 09:04 15886937                           /usr/lib/jvm/zulu17.66.19-ca-fx-jdk17.0.19-linux_i686/lib/libnio.so
f4344000-f4345000 r--p 00012000 09:04 15886937                           /usr/lib/jvm/zulu17.66.19-ca-fx-jdk17.0.19-linux_i686/lib/libnio.so
f4345000-f4346000 rw-p 00013000 09:04 15886937                           /usr/lib/jvm/zulu17.66.19-ca-fx-jdk17.0.19-linux_i686/lib/libnio.so
f4346000-f4350000 rw-p 00000000 00:00 0 
f4350000-f4431000 ---p 00000000 00:00 0 
f465a000-f4661000 r--s 00000000 09:04 15884995                           /usr/lib/i386-linux-gnu/gconv/gconv-modules.cache
f4661000-f46af000 rw-p 00000000 00:00 0 
f46af000-f46b5000 ---p 00000000 00:00 0 
f46b5000-f46d8000 r-xp 00000000 09:04 15886917                           /usr/lib/jvm/zulu17.66.19-ca-fx-jdk17.0.19-linux_i686/lib/libjava.so
f46d8000-f46d9000 r--p 00022000 09:04 15886917                           /usr/lib/jvm/zulu17.66.19-ca-fx-jdk17.0.19-linux_i686/lib/libjava.so
f46d9000-f46da000 rw-p 00023000 09:04 15886917                           /usr/lib/jvm/zulu17.66.19-ca-fx-jdk17.0.19-linux_i686/lib/libjava.so
f46da000-f46f5000 r-xp 00000000 09:04 15886927                           /usr/lib/jvm/zulu17.66.19-ca-fx-jdk17.0.19-linux_i686/lib/libjimage.so
f46f5000-f46f6000 ---p 0001b000 09:04 15886927                           /usr/lib/jvm/zulu17.66.19-ca-fx-jdk17.0.19-linux_i686/lib/libjimage.so
f46f6000-f46f7000 r--p 0001b000 09:04 15886927                           /usr/lib/jvm/zulu17.66.19-ca-fx-jdk17.0.19-linux_i686/lib/libjimage.so
f46f7000-f46f8000 rw-p 0001c000 09:04 15886927                           /usr/lib/jvm/zulu17.66.19-ca-fx-jdk17.0.19-linux_i686/lib/libjimage.so
f46f8000-f46f9000 r--p 00000000 09:04 15884743                           /usr/lib/i386-linux-gnu/librt.so.1
f46f9000-f46fa000 r-xp 00001000 09:04 15884743                           /usr/lib/i386-linux-gnu/librt.so.1
f46fa000-f46fb000 r--p 00002000 09:04 15884743                           /usr/lib/i386-linux-gnu/librt.so.1
f46fb000-f46fc000 r--p 00002000 09:04 15884743                           /usr/lib/i386-linux-gnu/librt.so.1
f46fc000-f46fd000 rw-p 00003000 09:04 15884743                           /usr/lib/i386-linux-gnu/librt.so.1
f46fd000-f46fe000 r--p 00000000 09:04 15884741                           /usr/lib/i386-linux-gnu/libpthread.so.0
f46fe000-f46ff000 r-xp 00001000 09:04 15884741                           /usr/lib/i386-linux-gnu/libpthread.so.0
f46ff000-f4700000 r--p 00002000 09:04 15884741                           /usr/lib/i386-linux-gnu/libpthread.so.0
f4700000-f4701000 r--p 00002000 09:04 15884741                           /usr/lib/i386-linux-gnu/libpthread.so.0
f4701000-f4702000 rw-p 00003000 09:04 15884741                           /usr/lib/i386-linux-gnu/libpthread.so.0
f4702000-f4703000 r--p 00000000 09:04 15884732                           /usr/lib/i386-linux-gnu/libdl.so.2
f4703000-f4704000 r-xp 00001000 09:04 15884732                           /usr/lib/i386-linux-gnu/libdl.so.2
f4704000-f4705000 r--p 00002000 09:04 15884732                           /usr/lib/i386-linux-gnu/libdl.so.2
f4705000-f4706000 r--p 00002000 09:04 15884732                           /usr/lib/i386-linux-gnu/libdl.so.2
f4706000-f4707000 rw-p 00003000 09:04 15884732                           /usr/lib/i386-linux-gnu/libdl.so.2
f4707000-f470b000 rw-p 00000000 00:00 0 
f470b000-f470c000 r--p 00000000 09:04 15887541                           /usr/lib/i386-linux-gnu/libffi.so.8.1.2
f470c000-f4711000 r-xp 00001000 09:04 15887541                           /usr/lib/i386-linux-gnu/libffi.so.8.1.2
f4711000-f4713000 r--p 00006000 09:04 15887541                           /usr/lib/i386-linux-gnu/libffi.so.8.1.2
f4713000-f4714000 r--p 00007000 09:04 15887541                           /usr/lib/i386-linux-gnu/libffi.so.8.1.2
f4714000-f4715000 rw-p 00008000 09:04 15887541                           /usr/lib/i386-linux-gnu/libffi.so.8.1.2
f4715000-f4717000 r--p 00000000 09:04 15884742                           /usr/lib/i386-linux-gnu/libresolv.so.2
f4717000-f471f000 r-xp 00002000 09:04 15884742                           /usr/lib/i386-linux-gnu/libresolv.so.2
f471f000-f4723000 r--p 0000a000 09:04 15884742                           /usr/lib/i386-linux-gnu/libresolv.so.2
f4723000-f4724000 r--p 0000d000 09:04 15884742                           /usr/lib/i386-linux-gnu/libresolv.so.2
f4724000-f4725000 rw-p 0000e000 09:04 15884742                           /usr/lib/i386-linux-gnu/libresolv.so.2
f4725000-f4727000 rw-p 00000000 00:00 0 
f4727000-f4729000 r--p 00000000 09:04 15885012                           /usr/lib/i386-linux-gnu/libkeyutils.so.1.10
f4729000-f472b000 r-xp 00002000 09:04 15885012                           /usr/lib/i386-linux-gnu/libkeyutils.so.1.10
f472b000-f472c000 r--p 00004000 09:04 15885012                           /usr/lib/i386-linux-gnu/libkeyutils.so.1.10
f472c000-f472d000 r--p 00005000 09:04 15885012                           /usr/lib/i386-linux-gnu/libkeyutils.so.1.10
f472d000-f472e000 rw-p 00006000 09:04 15885012                           /usr/lib/i386-linux-gnu/libkeyutils.so.1.10
f472e000-f4730000 rw-p 00000000 00:00 0 
f4730000-f4732000 r--p 00000000 09:04 15887545                           /usr/lib/i386-linux-gnu/libtasn1.so.6.6.3
f4732000-f473e000 r-xp 00002000 09:04 15887545                           /usr/lib/i386-linux-gnu/libtasn1.so.6.6.3
f473e000-f4744000 r--p 0000e000 09:04 15887545                           /usr/lib/i386-linux-gnu/libtasn1.so.6.6.3
f4744000-f4745000 r--p 00014000 09:04 15887545                           /usr/lib/i386-linux-gnu/libtasn1.so.6.6.3
f4745000-f4746000 rw-p 00015000 09:04 15887545                           /usr/lib/i386-linux-gnu/libtasn1.so.6.6.3
f4746000-f4756000 r--p 00000000 09:04 15887543                           /usr/lib/i386-linux-gnu/libp11-kit.so.0.3.0
f4756000-f47ff000 r-xp 00010000 09:04 15887543                           /usr/lib/i386-linux-gnu/libp11-kit.so.0.3.0
f47ff000-f4890000 r--p 000b9000 09:04 15887543                           /usr/lib/i386-linux-gnu/libp11-kit.so.0.3.0
f4890000-f4896000 r--p 00149000 09:04 15887543                           /usr/lib/i386-linux-gnu/libp11-kit.so.0.3.0
f4896000-f489b000 rw-p 0014f000 09:04 15887543                           /usr/lib/i386-linux-gnu/libp11-kit.so.0.3.0
f489b000-f489c000 rw-p 00000000 00:00 0 
f489c000-f489d000 r--p 00000000 09:04 15887650                           /usr/lib/i386-linux-gnu/libicudata.so.72.1
f489d000-f489e000 r-xp 00001000 09:04 15887650                           /usr/lib/i386-linux-gnu/libicudata.so.72.1
f489e000-f666c000 r--p 00002000 09:04 15887650                           /usr/lib/i386-linux-gnu/libicudata.so.72.1
f666c000-f666d000 r--p 01dcf000 09:04 15887650                           /usr/lib/i386-linux-gnu/libicudata.so.72.1
f666d000-f666e000 rw-p 01dd0000 09:04 15887650                           /usr/lib/i386-linux-gnu/libicudata.so.72.1
f666e000-f666f000 r--p 00000000 09:04 15887529                           /usr/lib/i386-linux-gnu/libbrotlicommon.so.1.0.9
f666f000-f6670000 r-xp 00001000 09:04 15887529                           /usr/lib/i386-linux-gnu/libbrotlicommon.so.1.0.9
f6670000-f668f000 r--p 00002000 09:04 15887529                           /usr/lib/i386-linux-gnu/libbrotlicommon.so.1.0.9
f668f000-f6690000 r--p 00020000 09:04 15887529                           /usr/lib/i386-linux-gnu/libbrotlicommon.so.1.0.9
f6690000-f6691000 rw-p 00021000 09:04 15887529                           /usr/lib/i386-linux-gnu/libbrotlicommon.so.1.0.9
f6691000-f6693000 r--p 00000000 09:04 15887554                           /usr/lib/i386-linux-gnu/libsasl2.so.2.0.25
f6693000-f66a5000 r-xp 00002000 09:04 15887554                           /usr/lib/i386-linux-gnu/libsasl2.so.2.0.25
f66a5000-f66ae000 r--p 00014000 09:04 15887554                           /usr/lib/i386-linux-gnu/libsasl2.so.2.0.25
f66ae000-f66af000 r--p 0001c000 09:04 15887554                           /usr/lib/i386-linux-gnu/libsasl2.so.2.0.25
f66af000-f66b0000 rw-p 0001d000 09:04 15887554                           /usr/lib/i386-linux-gnu/libsasl2.so.2.0.25
f66b0000-f66b3000 r--p 00000000 09:04 15885008                           /usr/lib/i386-linux-gnu/libkrb5support.so.0.1
f66b3000-f66ba000 r-xp 00003000 09:04 15885008                           /usr/lib/i386-linux-gnu/libkrb5support.so.0.1
f66ba000-f66be000 r--p 0000a000 09:04 15885008                           /usr/lib/i386-linux-gnu/libkrb5support.so.0.1
f66be000-f66bf000 r--p 0000d000 09:04 15885008                           /usr/lib/i386-linux-gnu/libkrb5support.so.0.1
f66bf000-f66c0000 rw-p 0000e000 09:04 15885008                           /usr/lib/i386-linux-gnu/libkrb5support.so.0.1
f66c0000-f66c1000 r--p 00000000 09:04 15885006                           /usr/lib/i386-linux-gnu/libcom_err.so.2.1
f66c1000-f66c2000 r-xp 00001000 09:04 15885006                           /usr/lib/i386-linux-gnu/libcom_err.so.2.1
f66c2000-f66c3000 r--p 00002000 09:04 15885006                           /usr/lib/i386-linux-gnu/libcom_err.so.2.1
f66c3000-f66c4000 r--p 00002000 09:04 15885006                           /usr/lib/i386-linux-gnu/libcom_err.so.2.1
f66c4000-f66c5000 rw-p 00003000 09:04 15885006                           /usr/lib/i386-linux-gnu/libcom_err.so.2.1
f66c5000-f66c8000 r--p 00000000 09:04 15885010                           /usr/lib/i386-linux-gnu/libk5crypto.so.3.1
f66c8000-f66e4000 r-xp 00003000 09:04 15885010                           /usr/lib/i386-linux-gnu/libk5crypto.so.3.1
f66e4000-f66f3000 r--p 0001f000 09:04 15885010                           /usr/lib/i386-linux-gnu/libk5crypto.so.3.1
f66f3000-f66f4000 r--p 0002e000 09:04 15885010                           /usr/lib/i386-linux-gnu/libk5crypto.so.3.1
f66f4000-f66f5000 rw-p 0002f000 09:04 15885010                           /usr/lib/i386-linux-gnu/libk5crypto.so.3.1
f66f5000-f6707000 r--p 00000000 09:04 15885027                           /usr/lib/i386-linux-gnu/libkrb5.so.3.3
f6707000-f676c000 r-xp 00012000 09:04 15885027                           /usr/lib/i386-linux-gnu/libkrb5.so.3.3
f676c000-f67cb000 r--p 00077000 09:04 15885027                           /usr/lib/i386-linux-gnu/libkrb5.so.3.3
f67cb000-f67d1000 r--p 000d6000 09:04 15885027                           /usr/lib/i386-linux-gnu/libkrb5.so.3.3
f67d1000-f67d3000 rw-p 000dc000 09:04 15885027                           /usr/lib/i386-linux-gnu/libkrb5.so.3.3
f67d3000-f67d5000 rw-p 00000000 00:00 0 
f67d5000-f67e0000 r--p 00000000 09:04 15887535                           /usr/lib/i386-linux-gnu/libgmp.so.10.4.1
f67e0000-f6843000 r-xp 0000b000 09:04 15887535                           /usr/lib/i386-linux-gnu/libgmp.so.10.4.1
f6843000-f6861000 r--p 0006e000 09:04 15887535                           /usr/lib/i386-linux-gnu/libgmp.so.10.4.1
f6861000-f6862000 r--p 0008c000 09:04 15887535                           /usr/lib/i386-linux-gnu/libgmp.so.10.4.1
f6862000-f6863000 rw-p 0008d000 09:04 15887535                           /usr/lib/i386-linux-gnu/libgmp.so.10.4.1
f6863000-f686b000 r--p 00000000 09:04 15887537                           /usr/lib/i386-linux-gnu/libnettle.so.8.6
f686b000-f6896000 r-xp 00008000 09:04 15887537                           /usr/lib/i386-linux-gnu/libnettle.so.8.6
f6896000-f68b0000 r--p 00033000 09:04 15887537                           /usr/lib/i386-linux-gnu/libnettle.so.8.6
f68b0000-f68b1000 r--p 0004d000 09:04 15887537                           /usr/lib/i386-linux-gnu/libnettle.so.8.6
f68b1000-f68b2000 rw-p 0004e000 09:04 15887537                           /usr/lib/i386-linux-gnu/libnettle.so.8.6
f68b2000-f68b8000 r--p 00000000 09:04 15887539                           /usr/lib/i386-linux-gnu/libhogweed.so.6.6
f68b8000-f68cb000 r-xp 00006000 09:04 15887539                           /usr/lib/i386-linux-gnu/libhogweed.so.6.6
f68cb000-f68fa000 r--p 00019000 09:04 15887539                           /usr/lib/i386-linux-gnu/libhogweed.so.6.6
f68fa000-f68fb000 r--p 00048000 09:04 15887539                           /usr/lib/i386-linux-gnu/libhogweed.so.6.6
f68fb000-f68fc000 rw-p 00049000 09:04 15887539                           /usr/lib/i386-linux-gnu/libhogweed.so.6.6
f68fc000-f691d000 r--p 00000000 09:04 15887547                           /usr/lib/i386-linux-gnu/libgnutls.so.30.34.3
f691d000-f6a4c000 r-xp 00021000 09:04 15887547                           /usr/lib/i386-linux-gnu/libgnutls.so.30.34.3
f6a4c000-f6b37000 r--p 00150000 09:04 15887547                           /usr/lib/i386-linux-gnu/libgnutls.so.30.34.3
f6b37000-f6b41000 r--p 0023b000 09:04 15887547                           /usr/lib/i386-linux-gnu/libgnutls.so.30.34.3
f6b41000-f6b43000 rw-p 00245000 09:04 15887547                           /usr/lib/i386-linux-gnu/libgnutls.so.30.34.3
f6b43000-f6b46000 rw-p 00000000 00:00 0 
f6b46000-f6b51000 r--p 00000000 09:04 15885031                           /usr/lib/i386-linux-gnu/libunistring.so.2.2.0
f6b51000-f6b92000 r-xp 0000b000 09:04 15885031                           /usr/lib/i386-linux-gnu/libunistring.so.2.2.0
f6b92000-f6cf7000 r--p 0004c000 09:04 15885031                           /usr/lib/i386-linux-gnu/libunistring.so.2.2.0
f6cf7000-f6cfa000 r--p 001b0000 09:04 15885031                           /usr/lib/i386-linux-gnu/libunistring.so.2.2.0
f6cfa000-f6cfb000 rw-p 001b3000 09:04 15885031                           /usr/lib/i386-linux-gnu/libunistring.so.2.2.0
f6cfb000-f6cfe000 r--p 00000000 09:04 15887662                           /usr/lib/i386-linux-gnu/liblzma.so.5.4.1
f6cfe000-f6d1f000 r-xp 00003000 09:04 15887662                           /usr/lib/i386-linux-gnu/liblzma.so.5.4.1
f6d1f000-f6d2f000 r--p 00024000 09:04 15887662                           /usr/lib/i386-linux-gnu/liblzma.so.5.4.1
f6d2f000-f6d30000 r--p 00034000 09:04 15887662                           /usr/lib/i386-linux-gnu/liblzma.so.5.4.1
f6d30000-f6d31000 rw-p 00035000 09:04 15887662                           /usr/lib/i386-linux-gnu/liblzma.so.5.4.1
f6d31000-f6d7c000 r--p 00000000 09:04 15887655                           /usr/lib/i386-linux-gnu/libicuuc.so.72.1
f6d7c000-f6e86000 r-xp 0004b000 09:04 15887655                           /usr/lib/i386-linux-gnu/libicuuc.so.72.1
f6e86000-f6f2c000 r--p 00155000 09:04 15887655                           /usr/lib/i386-linux-gnu/libicuuc.so.72.1
f6f2c000-f6f37000 r--p 001fa000 09:04 15887655                           /usr/lib/i386-linux-gnu/libicuuc.so.72.1
f6f37000-f6f38000 rw-p 00205000 09:04 15887655                           /usr/lib/i386-linux-gnu/libicuuc.so.72.1
f6f38000-f6f39000 rw-p 00000000 00:00 0 
f6f39000-f6f3a000 r--p 00000000 09:04 15887530                           /usr/lib/i386-linux-gnu/libbrotlidec.so.1.0.9
f6f3a000-f6f42000 r-xp 00001000 09:04 15887530                           /usr/lib/i386-linux-gnu/libbrotlidec.so.1.0.9
f6f42000-f6f45000 r--p 00009000 09:04 15887530                           /usr/lib/i386-linux-gnu/libbrotlidec.so.1.0.9
f6f45000-f6f46000 r--p 0000b000 09:04 15887530                           /usr/lib/i386-linux-gnu/libbrotlidec.so.1.0.9
f6f46000-f6f47000 rw-p 0000c000 09:04 15887530                           /usr/lib/i386-linux-gnu/libbrotlidec.so.1.0.9
f6f47000-f6f4a000 r--p 00000000 09:04 15887569                           /usr/lib/i386-linux-gnu/libzstd.so.1.5.4
f6f4a000-f6fe1000 r-xp 00003000 09:04 15887569                           /usr/lib/i386-linux-gnu/libzstd.so.1.5.4
f6fe1000-f6ffd000 r--p 0009a000 09:04 15887569                           /usr/lib/i386-linux-gnu/libzstd.so.1.5.4
f6ffd000-f6ffe000 r--p 000b5000 09:04 15887569                           /usr/lib/i386-linux-gnu/libzstd.so.1.5.4
f6ffe000-f6fff000 rw-p 000b6000 09:04 15887569                           /usr/lib/i386-linux-gnu/libzstd.so.1.5.4
f6fff000-f7002000 r--p 00000000 09:04 15887556                           /usr/lib/i386-linux-gnu/liblber-2.5.so.0.1.8
f7002000-f7009000 r-xp 00003000 09:04 15887556                           /usr/lib/i386-linux-gnu/liblber-2.5.so.0.1.8
f7009000-f700e000 r--p 0000a000 09:04 15887556                           /usr/lib/i386-linux-gnu/liblber-2.5.so.0.1.8
f700e000-f700f000 r--p 0000e000 09:04 15887556                           /usr/lib/i386-linux-gnu/liblber-2.5.so.0.1.8
f700f000-f7010000 rw-p 0000f000 09:04 15887556                           /usr/lib/i386-linux-gnu/liblber-2.5.so.0.1.8
f7010000-f7012000 rw-p 00000000 00:00 0 
f7012000-f701d000 r--p 00000000 09:04 15887557                           /usr/lib/i386-linux-gnu/libldap-2.5.so.0.1.8
f701d000-f7059000 r-xp 0000b000 09:04 15887557                           /usr/lib/i386-linux-gnu/libldap-2.5.so.0.1.8
f7059000-f7077000 r--p 00047000 09:04 15887557                           /usr/lib/i386-linux-gnu/libldap-2.5.so.0.1.8
f7077000-f7078000 r--p 00065000 09:04 15887557                           /usr/lib/i386-linux-gnu/libldap-2.5.so.0.1.8
f7078000-f7079000 rw-p 00066000 09:04 15887557                           /usr/lib/i386-linux-gnu/libldap-2.5.so.0.1.8
f7079000-f707a000 rw-p 00000000 00:00 0 
f707a000-f7081000 r--p 00000000 09:04 15885029                           /usr/lib/i386-linux-gnu/libgssapi_krb5.so.2.2
f7081000-f70b8000 r-xp 00007000 09:04 15885029                           /usr/lib/i386-linux-gnu/libgssapi_krb5.so.2.2
f70b8000-f70d2000 r--p 0003e000 09:04 15885029                           /usr/lib/i386-linux-gnu/libgssapi_krb5.so.2.2
f70d2000-f70d3000 r--p 00058000 09:04 15885029                           /usr/lib/i386-linux-gnu/libgssapi_krb5.so.2.2
f70d3000-f70d4000 rw-p 00059000 09:04 15885029                           /usr/lib/i386-linux-gnu/libgssapi_krb5.so.2.2
f70d4000-f713c000 r--p 00000000 09:04 15885018                           /usr/lib/i386-linux-gnu/libcrypto.so.3
f713c000-f7391000 r-xp 00068000 09:04 15885018                           /usr/lib/i386-linux-gnu/libcrypto.so.3
f7391000-f74ed000 r--p 002bd000 09:04 15885018                           /usr/lib/i386-linux-gnu/libcrypto.so.3
f74ed000-f7523000 r--p 00418000 09:04 15885018                           /usr/lib/i386-linux-gnu/libcrypto.so.3
f7523000-f7525000 rw-p 0044e000 09:04 15885018                           /usr/lib/i386-linux-gnu/libcrypto.so.3
f7525000-f7527000 rw-p 00000000 00:00 0 
f7527000-f7538000 r--p 00000000 09:04 15885019                           /usr/lib/i386-linux-gnu/libssl.so.3
f7538000-f7597000 r-xp 00011000 09:04 15885019                           /usr/lib/i386-linux-gnu/libssl.so.3
f7597000-f75ce000 r--p 00070000 09:04 15885019                           /usr/lib/i386-linux-gnu/libssl.so.3
f75ce000-f75d4000 r--p 000a7000 09:04 15885019                           /usr/lib/i386-linux-gnu/libssl.so.3
f75d4000-f75d7000 rw-p 000ad000 09:04 15885019                           /usr/lib/i386-linux-gnu/libssl.so.3
f75d7000-f75d8000 r--p 00000000 09:04 15887562                           /usr/lib/i386-linux-gnu/libpsl.so.5.3.4
f75d8000-f75da000 r-xp 00001000 09:04 15887562                           /usr/lib/i386-linux-gnu/libpsl.so.5.3.4
f75da000-f75e9000 r--p 00003000 09:04 15887562                           /usr/lib/i386-linux-gnu/libpsl.so.5.3.4
f75e9000-f75ea000 r--p 00011000 09:04 15887562                           /usr/lib/i386-linux-gnu/libpsl.so.5.3.4
f75ea000-f75eb000 rw-p 00012000 09:04 15887562                           /usr/lib/i386-linux-gnu/libpsl.so.5.3.4
f75eb000-f75ef000 r--p 00000000 09:04 15887567                           /usr/lib/i386-linux-gnu/libssh2.so.1.0.1
f75ef000-f7618000 r-xp 00004000 09:04 15887567                           /usr/lib/i386-linux-gnu/libssh2.so.1.0.1
f7618000-f7630000 r--p 0002d000 09:04 15887567                           /usr/lib/i386-linux-gnu/libssh2.so.1.0.1
f7630000-f7631000 ---p 00045000 09:04 15887567                           /usr/lib/i386-linux-gnu/libssh2.so.1.0.1
f7631000-f7632000 r--p 00045000 09:04 15887567                           /usr/lib/i386-linux-gnu/libssh2.so.1.0.1
f7632000-f7633000 rw-p 00046000 09:04 15887567                           /usr/lib/i386-linux-gnu/libssh2.so.1.0.1
f7633000-f7636000 r--p 00000000 09:04 15887566                           /usr/lib/i386-linux-gnu/librtmp.so.1
f7636000-f7646000 r-xp 00003000 09:04 15887566                           /usr/lib/i386-linux-gnu/librtmp.so.1
f7646000-f7651000 r--p 00013000 09:04 15887566                           /usr/lib/i386-linux-gnu/librtmp.so.1
f7651000-f7652000 ---p 0001e000 09:04 15887566                           /usr/lib/i386-linux-gnu/librtmp.so.1
f7652000-f7653000 r--p 0001e000 09:04 15887566                           /usr/lib/i386-linux-gnu/librtmp.so.1
f7653000-f7654000 rw-p 0001f000 09:04 15887566                           /usr/lib/i386-linux-gnu/librtmp.so.1
f7654000-f7656000 r--p 00000000 09:04 15885033                           /usr/lib/i386-linux-gnu/libidn2.so.0.3.8
f7656000-f765e000 r-xp 00002000 09:04 15885033                           /usr/lib/i386-linux-gnu/libidn2.so.0.3.8
f765e000-f7685000 r--p 0000a000 09:04 15885033                           /usr/lib/i386-linux-gnu/libidn2.so.0.3.8
f7685000-f7686000 r--p 00031000 09:04 15885033                           /usr/lib/i386-linux-gnu/libidn2.so.0.3.8
f7686000-f7687000 rw-p 00032000 09:04 15885033                           /usr/lib/i386-linux-gnu/libidn2.so.0.3.8
f7687000-f768b000 r--p 00000000 09:04 15887560                           /usr/lib/i386-linux-gnu/libnghttp2.so.14.24.1
f768b000-f76a4000 r-xp 00004000 09:04 15887560                           /usr/lib/i386-linux-gnu/libnghttp2.so.14.24.1
f76a4000-f76b8000 r--p 0001d000 09:04 15887560                           /usr/lib/i386-linux-gnu/libnghttp2.so.14.24.1
f76b8000-f76ba000 r--p 00030000 09:04 15887560                           /usr/lib/i386-linux-gnu/libnghttp2.so.14.24.1
f76ba000-f76bb000 rw-p 00032000 09:04 15887560                           /usr/lib/i386-linux-gnu/libnghttp2.so.14.24.1
f76bb000-f76dd000 r--p 00000000 09:04 15884730                           /usr/lib/i386-linux-gnu/libc.so.6
f76dd000-f7856000 r-xp 00022000 09:04 15884730                           /usr/lib/i386-linux-gnu/libc.so.6
f7856000-f78d6000 r--p 0019b000 09:04 15884730                           /usr/lib/i386-linux-gnu/libc.so.6
f78d6000-f78d8000 r--p 0021b000 09:04 15884730                           /usr/lib/i386-linux-gnu/libc.so.6
f78d8000-f78d9000 rw-p 0021d000 09:04 15884730                           /usr/lib/i386-linux-gnu/libc.so.6
f78d9000-f78e5000 rw-p 00000000 00:00 0 
f78e5000-f78e8000 r--p 00000000 09:04 15884726                           /usr/lib/i386-linux-gnu/libgcc_s.so.1
f78e8000-f7905000 r-xp 00003000 09:04 15884726                           /usr/lib/i386-linux-gnu/libgcc_s.so.1
f7905000-f790a000 r--p 00020000 09:04 15884726                           /usr/lib/i386-linux-gnu/libgcc_s.so.1
f790a000-f790b000 r--p 00024000 09:04 15884726                           /usr/lib/i386-linux-gnu/libgcc_s.so.1
f790b000-f790c000 rw-p 00025000 09:04 15884726                           /usr/lib/i386-linux-gnu/libgcc_s.so.1
f790c000-f7919000 r--p 00000000 09:04 15884733                           /usr/lib/i386-linux-gnu/libm.so.6
f7919000-f79d9000 r-xp 0000d000 09:04 15884733                           /usr/lib/i386-linux-gnu/libm.so.6
f79d9000-f7a0f000 r--p 000cd000 09:04 15884733                           /usr/lib/i386-linux-gnu/libm.so.6
f7a0f000-f7a10000 r--p 00103000 09:04 15884733                           /usr/lib/i386-linux-gnu/libm.so.6
f7a10000-f7a11000 rw-p 00104000 09:04 15884733                           /usr/lib/i386-linux-gnu/libm.so.6
f7a11000-f7a89000 r--p 00000000 09:04 15887614                           /usr/lib/i386-linux-gnu/libstdc++.so.6.0.30
f7a89000-f7ba0000 r-xp 00078000 09:04 15887614                           /usr/lib/i386-linux-gnu/libstdc++.so.6.0.30
f7ba0000-f7c27000 r--p 0018f000 09:04 15887614                           /usr/lib/i386-linux-gnu/libstdc++.so.6.0.30
f7c27000-f7c2d000 r--p 00215000 09:04 15887614                           /usr/lib/i386-linux-gnu/libstdc++.so.6.0.30
f7c2d000-f7c2f000 rw-p 0021b000 09:04 15887614                           /usr/lib/i386-linux-gnu/libstdc++.so.6.0.30
f7c2f000-f7c31000 rw-p 00000000 00:00 0 
f7c31000-f7c33000 r--p 00000000 09:04 15887564                           /usr/lib/i386-linux-gnu/libz.so.1.2.13
f7c33000-f7c45000 r-xp 00002000 09:04 15887564                           /usr/lib/i386-linux-gnu/libz.so.1.2.13
f7c45000-f7c4c000 r--p 00014000 09:04 15887564                           /usr/lib/i386-linux-gnu/libz.so.1.2.13
f7c4c000-f7c4d000 r--p 0001a000 09:04 15887564                           /usr/lib/i386-linux-gnu/libz.so.1.2.13
f7c4d000-f7c4e000 rw-p 0001b000 09:04 15887564                           /usr/lib/i386-linux-gnu/libz.so.1.2.13
f7c4e000-f7c6b000 r--p 00000000 09:04 15887664                           /usr/lib/i386-linux-gnu/libxml2.so.2.9.14
f7c6b000-f7d8b000 r-xp 0001d000 09:04 15887664                           /usr/lib/i386-linux-gnu/libxml2.so.2.9.14
f7d8b000-f7e16000 r--p 0013d000 09:04 15887664                           /usr/lib/i386-linux-gnu/libxml2.so.2.9.14
f7e16000-f7e1b000 r--p 001c7000 09:04 15887664                           /usr/lib/i386-linux-gnu/libxml2.so.2.9.14
f7e1b000-f7e1c000 rw-p 001cc000 09:04 15887664                           /usr/lib/i386-linux-gnu/libxml2.so.2.9.14
f7e1c000-f7e1d000 rw-p 00000000 00:00 0 
f7e1d000-f7e1e000 r--p 00000000 09:04 15887646                           /usr/lib/i386-linux-gnu/libpcre.so.3.13.3
f7e1e000-f7e72000 r-xp 00001000 09:04 15887646                           /usr/lib/i386-linux-gnu/libpcre.so.3.13.3
f7e72000-f7e97000 r--p 00055000 09:04 15887646                           /usr/lib/i386-linux-gnu/libpcre.so.3.13.3
f7e97000-f7e98000 r--p 00079000 09:04 15887646                           /usr/lib/i386-linux-gnu/libpcre.so.3.13.3
f7e98000-f7e99000 rw-p 0007a000 09:04 15887646                           /usr/lib/i386-linux-gnu/libpcre.so.3.13.3
f7e99000-f7ea2000 r--p 00000000 09:04 15893957                           /usr/lib/i386-linux-gnu/libcurl.so.4.8.0
f7ea2000-f7f1b000 r-xp 00009000 09:04 15893957                           /usr/lib/i386-linux-gnu/libcurl.so.4.8.0
f7f1b000-f7f57000 r--p 00082000 09:04 15893957                           /usr/lib/i386-linux-gnu/libcurl.so.4.8.0
f7f57000-f7f59000 r--p 000be000 09:04 15893957                           /usr/lib/i386-linux-gnu/libcurl.so.4.8.0
f7f59000-f7f5b000 rw-p 000c0000 09:04 15893957                           /usr/lib/i386-linux-gnu/libcurl.so.4.8.0
f7f5f000-f7f67000 rw-s 00000000 09:04 8004841                            /tmp/hsperfdata_swg/3987595 (deleted)
f7f67000-f7f68000 ---p 00000000 00:00 0 
f7f68000-f7f69000 r--p 00000000 00:00 0 
f7f69000-f7f6a000 ---p 00000000 00:00 0 
f7f6a000-f7f6b000 r--p 00000000 09:04 15769286                           /usr/local/lib/cfree_fix32.so
f7f6b000-f7f6c000 r-xp 00001000 09:04 15769286                           /usr/local/lib/cfree_fix32.so
f7f6c000-f7f6d000 r--p 00002000 09:04 15769286                           /usr/local/lib/cfree_fix32.so
f7f6d000-f7f6e000 r--p 00002000 09:04 15769286                           /usr/local/lib/cfree_fix32.so
f7f6e000-f7f6f000 rw-p 00003000 09:04 15769286                           /usr/local/lib/cfree_fix32.so
f7f6f000-f7f71000 rw-p 00000000 00:00 0 
f7f71000-f7f75000 r--p 00000000 00:00 0                                  [vvar]
f7f75000-f7f77000 r-xp 00000000 00:00 0                                  [vdso]
f7f77000-f7f78000 r--p 00000000 09:04 15884727                           /usr/lib/i386-linux-gnu/ld-linux.so.2
f7f78000-f7f9b000 r-xp 00001000 09:04 15884727                           /usr/lib/i386-linux-gnu/ld-linux.so.2
f7f9b000-f7fa9000 r--p 00024000 09:04 15884727                           /usr/lib/i386-linux-gnu/ld-linux.so.2
f7fa9000-f7fab000 r--p 00031000 09:04 15884727                           /usr/lib/i386-linux-gnu/ld-linux.so.2
f7fab000-f7fac000 rw-p 00033000 09:04 15884727                           /usr/lib/i386-linux-gnu/ld-linux.so.2
ff8de000-ff8df000 rwxp 00000000 00:00 0 
ff9e7000-ffaa3000 rw-p 00000000 00:00 0                                  [stack]


VM Arguments:
jvm_args: -Xms128m -Xmx512m -Xss768k -XX:MaxMetaspaceSize=96m -Xrs -XX:-UsePerfData -XX:-AllowUserSignalHandlers -XX:UseSSE=3 -XX+DoEscapeAnalysis -XX:AutoBoxCacheMax:2000 -XX:+OptimizeStringConcat -XX:+OptimizeFill -XX:+EliminateAutoBox -XX:+UseCompressedStrings -XX:+UseCompressedOops -XX:+EliminateLocks -XX:UseFastAccessorMethods -XX:+UseStringCache -XgcPrio:throughput -XXkeepAreaRatio:1 -XXlazyUnlocking -XXcallProfiling -XXcompactRatio:1 
java_command: <unknown>
java_class_path (initial): ../../data/sku.0/sys.server/compiled/game/
Launcher Type: generic

[Global flags]
     intx CICompilerCount                          = 3                                         {product} {ergonomic}
     uint ConcGCThreads                            = 3                                         {product} {ergonomic}
     uint G1ConcRefinementThreads                  = 13                                        {product} {ergonomic}
   size_t G1HeapRegionSize                         = 1048576                                   {product} {ergonomic}
    uintx GCDrainStackTargetSize                   = 64                                        {product} {ergonomic}
   size_t InitialHeapSize                          = 134217728                                 {product} {command line}
   size_t MarkStackSize                            = 49152                                     {product} {ergonomic}
   size_t MaxHeapSize                              = 536870912                                 {product} {command line}
   size_t MaxMetaspaceSize                         = 100663296                                 {product} {command line}
   size_t MaxNewSize                               = 321912832                                 {product} {ergonomic}
   size_t MinHeapDeltaBytes                        = 1048576                                   {product} {ergonomic}
   size_t MinHeapSize                              = 134217728                                 {product} {command line}
    uintx NonNMethodCodeHeapSize                   = 5544422                                {pd product} {ergonomic}
    uintx NonProfiledCodeHeapSize                  = 123056909                              {pd product} {ergonomic}
    uintx ProfiledCodeHeapSize                     = 123056909                              {pd product} {ergonomic}
    uintx ReservedCodeCacheSize                    = 251658240                              {pd product} {ergonomic}
     bool SegmentedCodeCache                       = true                                      {product} {ergonomic}
   size_t SoftMaxHeapSize                          = 536870912                              {manageable} {ergonomic}
   double SweeperThreshold                         = 0.500000                                  {product} {ergonomic}
     intx ThreadStackSize                          = 768                                    {pd product} {command line}
     bool UseG1GC                                  = true                                      {product} {ergonomic}

Logging:
Log output configuration:
 #0: stdout all=off uptime,level,tags
 #1: stderr all=off uptime,level,tags

Environment Variables:
PATH=/usr/local/sbin:/usr/local/bin:/usr/sbin:/usr/bin:/sbin:/bin:/usr/lib/oracle/18.3/client/bin:/usr/lib/jvm/zulu-17-x86/bin/:./
LD_LIBRARY_PATH=/usr/lib/oracle/18.3/client/lib:/usr/lib/jvm/zulu-17-x86/lib/:/usr/lib/jvm/zulu-17-x86/lib/server/:./
LD_PRELOAD=/usr/local/lib/cfree_fix32.so
SHELL=/bin/bash
LANG=en_US.UTF-8

Active Locale:
LC_ALL=en_US.UTF-8
LC_COLLATE=en_US.UTF-8
LC_CTYPE=en_US.UTF-8
LC_MESSAGES=en_US.UTF-8
LC_MONETARY=en_US.UTF-8
LC_NUMERIC=en_US.UTF-8
LC_TIME=en_US.UTF-8

Signal Handlers:
   SIGSEGV: crash_handler in libjvm.so, mask=11100100010111111101111111111110, flags=SA_RESTART|SA_SIGINFO, unblocked
    SIGBUS: crash_handler in libjvm.so, mask=11100100010111111101111111111110, flags=SA_RESTART|SA_SIGINFO, unblocked
    SIGFPE: crash_handler in libjvm.so, mask=11100100010111111101111111111110, flags=SA_RESTART|SA_SIGINFO, unblocked
   SIGPIPE: SIG_IGN, mask=00000000000010000000000000000000, flags=SA_RESTART, blocked
  *** Handler was modified!
  *** Expected: javaSignalHandler in libjvm.so, mask=11100100110111111111111111111110, flags=SA_RESTART|SA_SIGINFO
   SIGXFSZ: javaSignalHandler in libjvm.so, mask=11100100010111111101111111111110, flags=SA_RESTART|SA_SIGINFO, blocked
    SIGILL: crash_handler in libjvm.so, mask=11100100010111111101111111111110, flags=SA_RESTART|SA_SIGINFO, unblocked
   SIGUSR2: SR_handler in libjvm.so, mask=00100000000000000000000000000000, flags=SA_RESTART|SA_SIGINFO, blocked
    SIGHUP: UserHandler in libjvm.so, mask=11100100010111111101111111111110, flags=SA_RESTART|SA_SIGINFO, blocked
    SIGINT: UserHandler in libjvm.so, mask=11100100010111111101111111111110, flags=SA_RESTART|SA_SIGINFO, blocked
   SIGTERM: UserHandler in libjvm.so, mask=11100100010111111101111111111110, flags=SA_RESTART|SA_SIGINFO, blocked
   SIGQUIT: UserHandler in libjvm.so, mask=11100100010111111101111111111110, flags=SA_RESTART|SA_SIGINFO, blocked
   SIGTRAP: crash_handler in libjvm.so, mask=11100100010111111101111111111110, flags=SA_RESTART|SA_SIGINFO, unblocked


Periodic native trim disabled


---------------  S Y S T E M  ---------------

OS:
PRETTY_NAME="Debian GNU/Linux 12 (bookworm)"
NAME="Debian GNU/Linux"
VERSION_ID="12"
VERSION="12 (bookworm)"
VERSION_CODENAME=bookworm
ID=debian
HOME_URL="https://www.debian.org/"
SUPPORT_URL="https://www.debian.org/support"
BUG_REPORT_URL="https://bugs.debian.org/"
uname: Linux 6.1.0-52-amd64 #1 SMP PREEMPT_DYNAMIC Debian 6.1.180-1 (2026-08-03) x86_64
OS uptime: 4 days 1:25 hours
libc: glibc 2.36 NPTL 2.36 
rlimit (soft/hard): STACK 8192k/infinity , CORE 0k/infinity , NPROC 256181/256181 , NOFILE 524288/524288 , AS infinity/infinity , CPU infinity/infinity , DATA infinity/infinity , FSIZE infinity/infinity , MEMLOCK 8192k/8192k
load average: 4.99 5.11 5.10

/proc/meminfo:
MemTotal:       65729880 kB
MemFree:        18041096 kB
MemAvailable:   49064200 kB
Buffers:         1856256 kB
Cached:         37985088 kB
SwapCached:            0 kB
Active:         24398260 kB
Inactive:       20893344 kB
Active(anon):    3297780 kB
Inactive(anon): 11217492 kB
Active(file):   21100480 kB
Inactive(file):  9675852 kB
Unevictable:          64 kB
Mlocked:              64 kB
SwapTotal:       7813112 kB
SwapFree:        7813112 kB
Zswap:                 0 kB
Zswapped:              0 kB
Dirty:              2308 kB
Writeback:             0 kB
AnonPages:       5435080 kB
Mapped:          2661152 kB
Shmem:           9064952 kB
KReclaimable:    1556428 kB
Slab:            1805500 kB
SReclaimable:    1556428 kB
SUnreclaim:       249072 kB
KernelStack:       14096 kB
PageTables:       280808 kB
SecPageTables:         0 kB
NFS_Unstable:          0 kB
Bounce:                0 kB
WritebackTmp:          0 kB
CommitLimit:    40678052 kB
Committed_AS:   19421996 kB
VmallocTotal:   34359738367 kB
VmallocUsed:       70972 kB
VmallocChunk:          0 kB
Percpu:            59008 kB
HardwareCorrupted:     0 kB
AnonHugePages:   3911680 kB
ShmemHugePages:        0 kB
ShmemPmdMapped:        0 kB
FileHugePages:         0 kB
FilePmdMapped:         0 kB
HugePages_Total:       0
HugePages_Free:        0
HugePages_Rsvd:        0
HugePages_Surp:        0
Hugepagesize:       2048 kB
Hugetlb:               0 kB
DirectMap4k:      217572 kB
DirectMap2M:     8060928 kB
DirectMap1G:    58720256 kB

/sys/kernel/mm/transparent_hugepage/enabled: [always] madvise never
/sys/kernel/mm/transparent_hugepage/hpage_pmd_size: 2097152
/sys/kernel/mm/transparent_hugepage/defrag (defrag/compaction efforts parameter): always defer defer+madvise [madvise] never

Process Memory:
Virtual Size: 1295388K (peak: 1320716K)
Resident Set Size: 451528K (peak: 472592K) (anon: 410484K, file: 41044K, shmem: 0K)
Swapped out: 0K
C-Heap outstanding allocations: 28178K, retained: 267209K
glibc malloc tunables: (default)

/proc/sys/kernel/threads-max (system-wide limit on the number of threads): 512362
/proc/sys/vm/max_map_count (maximum number of memory map areas a process may have): 65530
/proc/sys/vm/swappiness (control to define how aggressively the kernel swaps out anonymous memory): 10
/proc/sys/kernel/pid_max (system-wide limit on number of process identifiers): 4194304

container (cgroup) information:
container_type: cgroupv2
cpu_cpuset_cpus: not supported
cpu_memory_nodes: not supported
active_processor_count: 16
cpu_quota: no quota
cpu_period: 100000
cpu_shares: 20480
memory_limit_in_bytes: unlimited
memory_and_swap_limit_in_bytes: unlimited
memory_soft_limit_in_bytes: 0
memory_usage_in_bytes: 2976464 k
memory_max_usage_in_bytes: not supported
rss_usage_in_bytes: 2951244 k
cache_usage_in_bytes: 3608 k
memory_swap_current_in_bytes: 0
memory_swap_max_limit_in_bytes: unlimited
maximum number of tasks: 76854
current number of tasks: 172

Steal ticks since vm start: 0
Steal ticks percentage since vm start:  0.000

CPU: total 32 (initial active 16) (16 cores per cpu, 2 threads per core) family 23 model 113 stepping 0 microcode 0x8701034, cx8, cmov, fxsr, ht, mmx, 3dnowpref, sse, sse2, sse3, ssse3, sse4a, sse4.1, sse4.2, popcnt, lzcnt, tsc, tscinvbit, avx, avx2, aes, clmul, bmi1, bmi2, adx, sha, fma, vzeroupper, clflush, clflushopt
CPU Model and flags from /proc/cpuinfo:
model name	: AMD Ryzen 7 PRO 3700 8-Core Processor
flags		: fpu vme de pse tsc msr pae mce cx8 apic sep mtrr pge mca cmov pat pse36 clflush mmx fxsr sse sse2 ht syscall nx mmxext fxsr_opt pdpe1gb rdtscp lm constant_tsc rep_good nopl nonstop_tsc cpuid extd_apicid aperfmperf rapl pni pclmulqdq monitor ssse3 fma cx16 sse4_1 sse4_2 x2apic movbe popcnt aes xsave avx f16c rdrand lahf_lm cmp_legacy svm extapic cr8_legacy abm sse4a misalignsse 3dnowprefetch osvw ibs skinit wdt tce topoext perfctr_core perfctr_nb bpext perfctr_llc mwaitx cpb cat_l3 cdp_l3 hw_pstate ssbd mba ibpb stibp vmmcall fsgsbase bmi1 avx2 smep bmi2 cqm rdt_a rdseed adx smap clflushopt clwb sha_ni xsaveopt xsavec xgetbv1 cqm_llc cqm_occup_llc cqm_mbm_total cqm_mbm_local clzero irperf xsaveerptr rdpru wbnoinvd arat npt lbrv svm_lock nrip_save tsc_scale vmcb_clean flushbyasid decodeassists pausefilter pfthreshold avic v_vmsave_vmload vgif v_spec_ctrl umip rdpid overflow_recov succor smca sev sev_es ibpb_exit_to_user

Online cpus: 0-15
Offline cpus: 16-31
BIOS frequency limitation: 3600000
Frequency switch latency (ns): 0
Available cpu frequencies: 3600000 2800000 2200000 
Current governor: schedutil
Core performance/turbo boost: 1

Memory: 4k page, physical 65729880k(18041096k free), swap 7813112k(7813112k free)
Page Sizes: 4k

vm_info: OpenJDK Server VM (17.0.19+10-LTS) for linux-x86 JRE (17.0.19+10-LTS) (Zulu17.66+19-CA), built on Apr 17 2026 20:26:03 by "zulu_re" with gcc 8.3.0

END.
