#
# A fatal error has been detected by the Java Runtime Environment:
#
#  SIGSEGV (0xb) at pc=0xf7769c60, pid=3987594, tid=3987594
#
# JRE version: OpenJDK Runtime Environment Zulu17.66+19-CA (17.0.19+10) (build 17.0.19+10-LTS)
# Java VM: OpenJDK Server VM Zulu17.66+19-CA (17.0.19+10-LTS, mixed mode, sharing, tiered, g1 gc, linux-x86)
# Problematic frame:
# C  [libc.so.6+0x99c60]  cfree+0x20
#
# No core dump will be written. Core dumps have been disabled. To enable core dumping, try "ulimit -c unlimited" before starting Java again
#
# If you would like to submit a bug report, please visit:
#   http://www.azul.com/support/
#

---------------  S U M M A R Y ------------

Command Line: -Xms128m -Xmx512m -Xss768k -XX:MaxMetaspaceSize=96m -Xrs -XX:-UsePerfData -XX:-AllowUserSignalHandlers -XX:UseSSE=3 -XX+DoEscapeAnalysis -XX:AutoBoxCacheMax:2000 -XX:+OptimizeStringConcat -XX:+OptimizeFill -XX:+EliminateAutoBox -XX:+UseCompressedStrings -XX:+UseCompressedOops -XX:+EliminateLocks -XX:UseFastAccessorMethods -XX:+UseStringCache -XgcPrio:throughput -XXkeepAreaRatio:1 -XXlazyUnlocking -XXcallProfiling -XXcompactRatio:1 

Host: AMD Ryzen 7 PRO 3700 8-Core Processor, 32 cores, 62G, Debian GNU/Linux 12 (bookworm)
Time: Wed Aug 12 01:15:04 2026 UTC elapsed time: 10761.387225 seconds (0d 2h 59m 21s)

---------------  T H R E A D  ---------------

Current thread is native thread

Stack: [0xffb1b000,0xffbdb000],  sp=0xffbda5e0,  free space=765k
Native frames: (J=compiled Java code, j=interpreted, Vv=VM code, C=native code)
C  [libc.so.6+0x99c60]  cfree+0x20
C  [SwgGameServer+0x11552ff]  FileManifest::remove()+0x51
C  [SwgGameServer+0x1161ecc]  ExitChain::run()+0x6e
C  [SwgGameServer+0x1161cf3]  ExitChain::quit()+0x15
C  [SwgGameServer+0x1170be0]  SetupSharedFoundation::remove()+0x18
C  [SwgGameServer+0x112b300]  main+0x372


siginfo: si_signo: 11 (SIGSEGV), si_code: 1 (SEGV_MAPERR), si_addr: 0x000000fc

Registers:
EAX=0x59ed36f8, EBX=0x00000100, ECX=0xf471c9c8, EDX=0x00000100
ESP=0xffbda5e0, EBP=0xffbda668, ESI=0xf78ecff4, EDI=0xffffffa4
EIP=0xf7769c60, EFLAGS=0x00210206, CR2=0x00000000000000fc


Top of Stack: (sp=0xffbda5e0)
0xffbda5e0:   968c6857 59494eb8 ffbda628 61d1f000
0xffbda5f0:   ffbda618 f7aae876 f7c41ff4 f7c41ff4
0xffbda600:   59ed36f0 f7fbfb80 ffbda668 f7aae888
0xffbda610:   00000100 ffffffa4 0000006b 57765d49
0xffbda620:   f775a03b f7aae876 f7c41ff4 f7b4f795
0xffbda630:   00000100 5948cca4 58c8525c 577657db
0xffbda640:   00000000 f7b4f776 58c8525c 577650ee
0xffbda650:   59ed36f0 5948cca0 f7c41ff4 577650c8
0xffbda660:   59b586a0 58c8525c ffbda698 577642ff
0xffbda670:   59ed36f0 ffbda68c ffbda698 577642bb
0xffbda680:   00000000 58c8525c 59ed7490 5948cca4
0xffbda690:   58c8525c 58c8525c ffbda6b8 57770ecc
0xffbda6a0:   58c8525c 58c8525c ffbda6c8 59b58680
0xffbda6b0:   5b36d860 58c8525c ffbda6c8 57770cf3
0xffbda6c0:   58c8525c 58c8525c ffbda6d8 5777fbe0
0xffbda6d0:   57b16be0 ffbda7e0 ffbda7c8 5773a300
0xffbda6e0:   0000000d 00000001 59eb8910 58560100
0xffbda6f0:   59eb8a60 00300100 59eb8ab0 ffbd0100
0xffbda700:   585a7b20 00000000 00000000 00bda774
0xffbda710:   00000000 01010100 5301e320 61476777
0xffbda720:   6553656d 72657672 3839333a 34393537
0xffbda730:   5950f200 5770ae21 00013748 f776a806
0xffbda740:   f7fbfff4 0000002c 00000000 f776a61e
0xffbda750:   00013748 00000211 59b538b8 00000000
0xffbda760:   58c8525c 57a21a26 ffbda788 57a20911
0xffbda770:   ffffffff 00f8c694 00000000 00000001
0xffbda780:   59495200 00000000 00000000 00000000
0xffbda790:   00000000 59eb8910 00000015 00000015
0xffbda7a0:   f78f8000 f7f9c83b f76eca4f f78f8000
0xffbda7b0:   ffbda7f0 f78f81d8 f471e320 ffbda7e0
0xffbda7c0:   f78ecff4 58c678c8 00000000 f76f32d5
0xffbda7d0:   57a1fd7a 00000070 f7fbfff4 f76f32d5 

Instructions: (pc=0xf7769c60)
0xf7769b60:   5e 5f 5d c3 8d 74 26 00 31 d2 89 f0 e8 3f cb ff
0xf7769b70:   ff 89 f2 89 c3 e8 96 e6 ff ff 85 c0 75 16 85 db
0xf7769b80:   74 1f 89 f2 89 d8 e8 c5 d0 ff ff 89 f2 89 c3 e8
0xf7769b90:   7c e6 ff ff 85 db 74 09 31 d2 87 13 83 fa 01 7f
0xf7769ba0:   77 85 c0 0f 85 6a fe ff ff 31 c0 eb af 8d 87 48
0xf7769bb0:   f0 f9 ff 50 8d 87 00 f3 f9 ff 50 8d 87 a0 e3 f9
0xf7769bc0:   ff 50 6a 01 e8 c7 2e fe ff 8d b4 26 00 00 00 00
0xf7769bd0:   83 ec 0c 53 e8 c7 ae fe ff 83 c4 10 e9 14 fe ff
0xf7769be0:   ff 8d b4 26 00 00 00 00 89 44 24 0c 83 ec 0c 53
0xf7769bf0:   e8 9b af fe ff 83 c4 10 8b 44 24 0c e9 12 fe ff
0xf7769c00:   ff 8d b4 26 00 00 00 00 8d 87 0c ee f9 ff e8 ed
0xf7769c10:   bb ff ff 8d 74 26 00 90 89 44 24 0c 83 ec 0c 53
0xf7769c20:   e8 6b af fe ff 83 c4 10 8b 44 24 0c e9 70 ff ff
0xf7769c30:   ff 8d b4 26 00 00 00 00 8d b4 26 00 00 00 00 90
0xf7769c40:   55 57 56 e8 ad 58 0d 00 81 c6 ac 33 18 00 53 83
0xf7769c50:   ec 1c 8b 5c 24 30 85 db 74 5b 8b be d0 fe ff ff
0xf7769c60:   8b 53 fc 8d 43 f8 65 8b 2f f6 c2 02 75 52 8b 8e
0xf7769c70:   a4 fe ff ff 65 8b 09 85 c9 0f 84 81 00 00 00 83
0xf7769c80:   e2 04 8d 9e cc 07 00 00 74 1d 8b 8e e4 01 00 00
0xf7769c90:   8d 14 8d 00 00 00 00 f7 da 85 c9 b9 00 00 f0 ff
0xf7769ca0:   0f 44 d1 21 c2 8b 1a 89 c2 31 c9 89 d8 e8 8e d3
0xf7769cb0:   ff ff 65 89 2f 83 c4 1c 5b 5e 5f 5d c3 8d 76 00
0xf7769cc0:   8b 9e f8 01 00 00 85 db 75 26 39 96 d4 01 00 00
0xf7769cd0:   73 1e 81 fa 00 00 08 00 77 16 83 e2 f8 89 96 d4
0xf7769ce0:   01 00 00 01 d2 89 96 cc 01 00 00 8d 74 26 00 90
0xf7769cf0:   e8 9b bc ff ff eb bb 8d b4 26 00 00 00 00 66 90
0xf7769d00:   8b 8e a8 fe ff ff 65 80 39 00 0f 85 6f ff ff ff
0xf7769d10:   89 44 24 0c e8 47 f3 ff ff 8b 53 fc 8b 44 24 0c
0xf7769d20:   e9 5a ff ff ff 8d b4 26 00 00 00 00 8d 74 26 00
0xf7769d30:   55 57 56 53 e8 ac 57 0d 00 81 c3 bb 32 18 00 83
0xf7769d40:   ec 0c 8b 83 a4 fe ff ff 8b 93 a8 fe ff ff 65 8b
0xf7769d50:   30 65 c6 02 01 85 f6 74 67 65 c7 00 00 00 00 00 



---------------  P R O C E S S  ---------------

VM state: at safepoint (shutting down)

VM Mutex/Monitor currently owned by a thread:  ([mutex/lock_event])
[0xf3627890] Threads_lock - owner thread: 0xc19e0be0

GC Precious Log:
<Skipped>

Heap:
 garbage-first heap   total 131072K, used 72536K [0xc3200000, 0xe3200000)
  region size 1024K, 69 young (70656K), 1 survivors (1024K)
 Metaspace       used 3501K, committed 3776K, reserved 16384K

Heap Regions: E=young(eden), S=young(survivor), O=old, HS=humongous(starts), HC=humongous(continues), CS=collection set, F=free, OA=open archive, CA=closed archive, TAMS=top-at-mark-start (previous, next)
|   0|0xc3200000, 0xc3300000, 0xc3300000|100%| O|  |TAMS 0xc3200000, 0xc3200000| Untracked 
|   1|0xc3300000, 0xc3400000, 0xc3400000|100%| O|  |TAMS 0xc3300000, 0xc3300000| Untracked 
|   2|0xc3400000, 0xc34b7800, 0xc3500000| 71%| O|  |TAMS 0xc3400000, 0xc3400000| Untracked 
|   3|0xc3500000, 0xc3500000, 0xc3600000|  0%| F|  |TAMS 0xc3500000, 0xc3500000| Untracked 
|   4|0xc3600000, 0xc3600000, 0xc3700000|  0%| F|  |TAMS 0xc3600000, 0xc3600000| Untracked 
|   5|0xc3700000, 0xc3700000, 0xc3800000|  0%| F|  |TAMS 0xc3700000, 0xc3700000| Untracked 
|   6|0xc3800000, 0xc3800000, 0xc3900000|  0%| F|  |TAMS 0xc3800000, 0xc3800000| Untracked 
|   7|0xc3900000, 0xc3900000, 0xc3a00000|  0%| F|  |TAMS 0xc3900000, 0xc3900000| Untracked 
|   8|0xc3a00000, 0xc3a00000, 0xc3b00000|  0%| F|  |TAMS 0xc3a00000, 0xc3a00000| Untracked 
|   9|0xc3b00000, 0xc3b00000, 0xc3c00000|  0%| F|  |TAMS 0xc3b00000, 0xc3b00000| Untracked 
|  10|0xc3c00000, 0xc3c00000, 0xc3d00000|  0%| F|  |TAMS 0xc3c00000, 0xc3c00000| Untracked 
|  11|0xc3d00000, 0xc3d00000, 0xc3e00000|  0%| F|  |TAMS 0xc3d00000, 0xc3d00000| Untracked 
|  12|0xc3e00000, 0xc3e00000, 0xc3f00000|  0%| F|  |TAMS 0xc3e00000, 0xc3e00000| Untracked 
|  13|0xc3f00000, 0xc3f00000, 0xc4000000|  0%| F|  |TAMS 0xc3f00000, 0xc3f00000| Untracked 
|  14|0xc4000000, 0xc4000000, 0xc4100000|  0%| F|  |TAMS 0xc4000000, 0xc4000000| Untracked 
|  15|0xc4100000, 0xc4100000, 0xc4200000|  0%| F|  |TAMS 0xc4100000, 0xc4100000| Untracked 
|  16|0xc4200000, 0xc4200000, 0xc4300000|  0%| F|  |TAMS 0xc4200000, 0xc4200000| Untracked 
|  17|0xc4300000, 0xc4300000, 0xc4400000|  0%| F|  |TAMS 0xc4300000, 0xc4300000| Untracked 
|  18|0xc4400000, 0xc4400000, 0xc4500000|  0%| F|  |TAMS 0xc4400000, 0xc4400000| Untracked 
|  19|0xc4500000, 0xc4500000, 0xc4600000|  0%| F|  |TAMS 0xc4500000, 0xc4500000| Untracked 
|  20|0xc4600000, 0xc4600000, 0xc4700000|  0%| F|  |TAMS 0xc4600000, 0xc4600000| Untracked 
|  21|0xc4700000, 0xc4700000, 0xc4800000|  0%| F|  |TAMS 0xc4700000, 0xc4700000| Untracked 
|  22|0xc4800000, 0xc4800000, 0xc4900000|  0%| F|  |TAMS 0xc4800000, 0xc4800000| Untracked 
|  23|0xc4900000, 0xc4900000, 0xc4a00000|  0%| F|  |TAMS 0xc4900000, 0xc4900000| Untracked 
|  24|0xc4a00000, 0xc4a00000, 0xc4b00000|  0%| F|  |TAMS 0xc4a00000, 0xc4a00000| Untracked 
|  25|0xc4b00000, 0xc4b00000, 0xc4c00000|  0%| F|  |TAMS 0xc4b00000, 0xc4b00000| Untracked 
|  26|0xc4c00000, 0xc4c00000, 0xc4d00000|  0%| F|  |TAMS 0xc4c00000, 0xc4c00000| Untracked 
|  27|0xc4d00000, 0xc4d00000, 0xc4e00000|  0%| F|  |TAMS 0xc4d00000, 0xc4d00000| Untracked 
|  28|0xc4e00000, 0xc4e00000, 0xc4f00000|  0%| F|  |TAMS 0xc4e00000, 0xc4e00000| Untracked 
|  29|0xc4f00000, 0xc4f00000, 0xc5000000|  0%| F|  |TAMS 0xc4f00000, 0xc4f00000| Untracked 
|  30|0xc5000000, 0xc5000000, 0xc5100000|  0%| F|  |TAMS 0xc5000000, 0xc5000000| Untracked 
|  31|0xc5100000, 0xc5100000, 0xc5200000|  0%| F|  |TAMS 0xc5100000, 0xc5100000| Untracked 
|  32|0xc5200000, 0xc5200000, 0xc5300000|  0%| F|  |TAMS 0xc5200000, 0xc5200000| Untracked 
|  33|0xc5300000, 0xc5300000, 0xc5400000|  0%| F|  |TAMS 0xc5300000, 0xc5300000| Untracked 
|  34|0xc5400000, 0xc5400000, 0xc5500000|  0%| F|  |TAMS 0xc5400000, 0xc5400000| Untracked 
|  35|0xc5500000, 0xc5500000, 0xc5600000|  0%| F|  |TAMS 0xc5500000, 0xc5500000| Untracked 
|  36|0xc5600000, 0xc5600000, 0xc5700000|  0%| F|  |TAMS 0xc5600000, 0xc5600000| Untracked 
|  37|0xc5700000, 0xc5700000, 0xc5800000|  0%| F|  |TAMS 0xc5700000, 0xc5700000| Untracked 
|  38|0xc5800000, 0xc5800000, 0xc5900000|  0%| F|  |TAMS 0xc5800000, 0xc5800000| Untracked 
|  39|0xc5900000, 0xc5900000, 0xc5a00000|  0%| F|  |TAMS 0xc5900000, 0xc5900000| Untracked 
|  40|0xc5a00000, 0xc5a00000, 0xc5b00000|  0%| F|  |TAMS 0xc5a00000, 0xc5a00000| Untracked 
|  41|0xc5b00000, 0xc5b00000, 0xc5c00000|  0%| F|  |TAMS 0xc5b00000, 0xc5b00000| Untracked 
|  42|0xc5c00000, 0xc5c00000, 0xc5d00000|  0%| F|  |TAMS 0xc5c00000, 0xc5c00000| Untracked 
|  43|0xc5d00000, 0xc5d00000, 0xc5e00000|  0%| F|  |TAMS 0xc5d00000, 0xc5d00000| Untracked 
|  44|0xc5e00000, 0xc5e00000, 0xc5f00000|  0%| F|  |TAMS 0xc5e00000, 0xc5e00000| Untracked 
|  45|0xc5f00000, 0xc5f00000, 0xc6000000|  0%| F|  |TAMS 0xc5f00000, 0xc5f00000| Untracked 
|  46|0xc6000000, 0xc6000000, 0xc6100000|  0%| F|  |TAMS 0xc6000000, 0xc6000000| Untracked 
|  47|0xc6100000, 0xc6100000, 0xc6200000|  0%| F|  |TAMS 0xc6100000, 0xc6100000| Untracked 
|  48|0xc6200000, 0xc6200000, 0xc6300000|  0%| F|  |TAMS 0xc6200000, 0xc6200000| Untracked 
|  49|0xc6300000, 0xc6300000, 0xc6400000|  0%| F|  |TAMS 0xc6300000, 0xc6300000| Untracked 
|  50|0xc6400000, 0xc6400000, 0xc6500000|  0%| F|  |TAMS 0xc6400000, 0xc6400000| Untracked 
|  51|0xc6500000, 0xc659ea20, 0xc6600000| 61%| S|CS|TAMS 0xc6500000, 0xc6500000| Complete 
|  52|0xc6600000, 0xc6600000, 0xc6700000|  0%| F|  |TAMS 0xc6600000, 0xc6600000| Untracked 
|  53|0xc6700000, 0xc6700000, 0xc6800000|  0%| F|  |TAMS 0xc6700000, 0xc6700000| Untracked 
|  54|0xc6800000, 0xc6800000, 0xc6900000|  0%| F|  |TAMS 0xc6800000, 0xc6800000| Untracked 
|  55|0xc6900000, 0xc6900000, 0xc6a00000|  0%| F|  |TAMS 0xc6900000, 0xc6900000| Untracked 
|  56|0xc6a00000, 0xc6a00000, 0xc6b00000|  0%| F|  |TAMS 0xc6a00000, 0xc6a00000| Untracked 
|  57|0xc6b00000, 0xc6b00000, 0xc6c00000|  0%| F|  |TAMS 0xc6b00000, 0xc6b00000| Untracked 
|  58|0xc6c00000, 0xc6c00000, 0xc6d00000|  0%| F|  |TAMS 0xc6c00000, 0xc6c00000| Untracked 
|  59|0xc6d00000, 0xc6d00000, 0xc6e00000|  0%| F|  |TAMS 0xc6d00000, 0xc6d00000| Untracked 
|  60|0xc6e00000, 0xc6e80000, 0xc6f00000| 50%| E|  |TAMS 0xc6e00000, 0xc6e00000| Complete 
|  61|0xc6f00000, 0xc7000000, 0xc7000000|100%| E|CS|TAMS 0xc6f00000, 0xc6f00000| Complete 
|  62|0xc7000000, 0xc7100000, 0xc7100000|100%| E|CS|TAMS 0xc7000000, 0xc7000000| Complete 
|  63|0xc7100000, 0xc7200000, 0xc7200000|100%| E|CS|TAMS 0xc7100000, 0xc7100000| Complete 
|  64|0xc7200000, 0xc7300000, 0xc7300000|100%| E|CS|TAMS 0xc7200000, 0xc7200000| Complete 
|  65|0xc7300000, 0xc7400000, 0xc7400000|100%| E|CS|TAMS 0xc7300000, 0xc7300000| Complete 
|  66|0xc7400000, 0xc7500000, 0xc7500000|100%| E|CS|TAMS 0xc7400000, 0xc7400000| Complete 
|  67|0xc7500000, 0xc7600000, 0xc7600000|100%| E|CS|TAMS 0xc7500000, 0xc7500000| Complete 
|  68|0xc7600000, 0xc7700000, 0xc7700000|100%| E|CS|TAMS 0xc7600000, 0xc7600000| Complete 
|  69|0xc7700000, 0xc7800000, 0xc7800000|100%| E|CS|TAMS 0xc7700000, 0xc7700000| Complete 
|  70|0xc7800000, 0xc7900000, 0xc7900000|100%| E|CS|TAMS 0xc7800000, 0xc7800000| Complete 
|  71|0xc7900000, 0xc7a00000, 0xc7a00000|100%| E|CS|TAMS 0xc7900000, 0xc7900000| Complete 
|  72|0xc7a00000, 0xc7b00000, 0xc7b00000|100%| E|CS|TAMS 0xc7a00000, 0xc7a00000| Complete 
|  73|0xc7b00000, 0xc7c00000, 0xc7c00000|100%| E|CS|TAMS 0xc7b00000, 0xc7b00000| Complete 
|  74|0xc7c00000, 0xc7d00000, 0xc7d00000|100%| E|CS|TAMS 0xc7c00000, 0xc7c00000| Complete 
|  75|0xc7d00000, 0xc7e00000, 0xc7e00000|100%| E|CS|TAMS 0xc7d00000, 0xc7d00000| Complete 
|  76|0xc7e00000, 0xc7f00000, 0xc7f00000|100%| E|CS|TAMS 0xc7e00000, 0xc7e00000| Complete 
|  77|0xc7f00000, 0xc8000000, 0xc8000000|100%| E|CS|TAMS 0xc7f00000, 0xc7f00000| Complete 
|  78|0xc8000000, 0xc8100000, 0xc8100000|100%| E|CS|TAMS 0xc8000000, 0xc8000000| Complete 
|  79|0xc8100000, 0xc8200000, 0xc8200000|100%| E|CS|TAMS 0xc8100000, 0xc8100000| Complete 
|  80|0xc8200000, 0xc8300000, 0xc8300000|100%| E|CS|TAMS 0xc8200000, 0xc8200000| Complete 
|  81|0xc8300000, 0xc8400000, 0xc8400000|100%| E|CS|TAMS 0xc8300000, 0xc8300000| Complete 
|  82|0xc8400000, 0xc8500000, 0xc8500000|100%| E|CS|TAMS 0xc8400000, 0xc8400000| Complete 
|  83|0xc8500000, 0xc8600000, 0xc8600000|100%| E|CS|TAMS 0xc8500000, 0xc8500000| Complete 
|  84|0xc8600000, 0xc8700000, 0xc8700000|100%| E|CS|TAMS 0xc8600000, 0xc8600000| Complete 
|  85|0xc8700000, 0xc8800000, 0xc8800000|100%| E|CS|TAMS 0xc8700000, 0xc8700000| Complete 
|  86|0xc8800000, 0xc8900000, 0xc8900000|100%| E|CS|TAMS 0xc8800000, 0xc8800000| Complete 
|  87|0xc8900000, 0xc8a00000, 0xc8a00000|100%| E|CS|TAMS 0xc8900000, 0xc8900000| Complete 
|  88|0xc8a00000, 0xc8b00000, 0xc8b00000|100%| E|CS|TAMS 0xc8a00000, 0xc8a00000| Complete 
|  89|0xc8b00000, 0xc8c00000, 0xc8c00000|100%| E|CS|TAMS 0xc8b00000, 0xc8b00000| Complete 
|  90|0xc8c00000, 0xc8d00000, 0xc8d00000|100%| E|CS|TAMS 0xc8c00000, 0xc8c00000| Complete 
|  91|0xc8d00000, 0xc8e00000, 0xc8e00000|100%| E|CS|TAMS 0xc8d00000, 0xc8d00000| Complete 
|  92|0xc8e00000, 0xc8f00000, 0xc8f00000|100%| E|CS|TAMS 0xc8e00000, 0xc8e00000| Complete 
|  93|0xc8f00000, 0xc9000000, 0xc9000000|100%| E|CS|TAMS 0xc8f00000, 0xc8f00000| Complete 
|  94|0xc9000000, 0xc9100000, 0xc9100000|100%| E|CS|TAMS 0xc9000000, 0xc9000000| Complete 
|  95|0xc9100000, 0xc9200000, 0xc9200000|100%| E|CS|TAMS 0xc9100000, 0xc9100000| Complete 
|  96|0xc9200000, 0xc9300000, 0xc9300000|100%| E|CS|TAMS 0xc9200000, 0xc9200000| Complete 
|  97|0xc9300000, 0xc9400000, 0xc9400000|100%| E|CS|TAMS 0xc9300000, 0xc9300000| Complete 
|  98|0xc9400000, 0xc9500000, 0xc9500000|100%| E|CS|TAMS 0xc9400000, 0xc9400000| Complete 
|  99|0xc9500000, 0xc9600000, 0xc9600000|100%| E|CS|TAMS 0xc9500000, 0xc9500000| Complete 
| 100|0xc9600000, 0xc9700000, 0xc9700000|100%| E|CS|TAMS 0xc9600000, 0xc9600000| Complete 
| 101|0xc9700000, 0xc9800000, 0xc9800000|100%| E|CS|TAMS 0xc9700000, 0xc9700000| Complete 
| 102|0xc9800000, 0xc9900000, 0xc9900000|100%| E|CS|TAMS 0xc9800000, 0xc9800000| Complete 
| 103|0xc9900000, 0xc9a00000, 0xc9a00000|100%| E|CS|TAMS 0xc9900000, 0xc9900000| Complete 
| 104|0xc9a00000, 0xc9b00000, 0xc9b00000|100%| E|CS|TAMS 0xc9a00000, 0xc9a00000| Complete 
| 105|0xc9b00000, 0xc9c00000, 0xc9c00000|100%| E|CS|TAMS 0xc9b00000, 0xc9b00000| Complete 
| 106|0xc9c00000, 0xc9d00000, 0xc9d00000|100%| E|CS|TAMS 0xc9c00000, 0xc9c00000| Complete 
| 107|0xc9d00000, 0xc9e00000, 0xc9e00000|100%| E|CS|TAMS 0xc9d00000, 0xc9d00000| Complete 
| 108|0xc9e00000, 0xc9f00000, 0xc9f00000|100%| E|CS|TAMS 0xc9e00000, 0xc9e00000| Complete 
| 109|0xc9f00000, 0xca000000, 0xca000000|100%| E|CS|TAMS 0xc9f00000, 0xc9f00000| Complete 
| 110|0xca000000, 0xca100000, 0xca100000|100%| E|CS|TAMS 0xca000000, 0xca000000| Complete 
| 111|0xca100000, 0xca200000, 0xca200000|100%| E|CS|TAMS 0xca100000, 0xca100000| Complete 
| 112|0xca200000, 0xca300000, 0xca300000|100%| E|CS|TAMS 0xca200000, 0xca200000| Complete 
| 113|0xca300000, 0xca400000, 0xca400000|100%| E|CS|TAMS 0xca300000, 0xca300000| Complete 
| 114|0xca400000, 0xca500000, 0xca500000|100%| E|CS|TAMS 0xca400000, 0xca400000| Complete 
| 115|0xca500000, 0xca600000, 0xca600000|100%| E|CS|TAMS 0xca500000, 0xca500000| Complete 
| 116|0xca600000, 0xca700000, 0xca700000|100%| E|CS|TAMS 0xca600000, 0xca600000| Complete 
| 117|0xca700000, 0xca800000, 0xca800000|100%| E|CS|TAMS 0xca700000, 0xca700000| Complete 
| 118|0xca800000, 0xca900000, 0xca900000|100%| E|CS|TAMS 0xca800000, 0xca800000| Complete 
| 119|0xca900000, 0xcaa00000, 0xcaa00000|100%| E|CS|TAMS 0xca900000, 0xca900000| Complete 
| 120|0xcaa00000, 0xcab00000, 0xcab00000|100%| E|CS|TAMS 0xcaa00000, 0xcaa00000| Complete 
| 121|0xcab00000, 0xcac00000, 0xcac00000|100%| E|CS|TAMS 0xcab00000, 0xcab00000| Complete 
| 122|0xcac00000, 0xcad00000, 0xcad00000|100%| E|CS|TAMS 0xcac00000, 0xcac00000| Complete 
| 123|0xcad00000, 0xcae00000, 0xcae00000|100%| E|CS|TAMS 0xcad00000, 0xcad00000| Complete 
| 124|0xcae00000, 0xcaf00000, 0xcaf00000|100%| E|CS|TAMS 0xcae00000, 0xcae00000| Complete 
| 125|0xcaf00000, 0xcb000000, 0xcb000000|100%| E|CS|TAMS 0xcaf00000, 0xcaf00000| Complete 
| 126|0xcb000000, 0xcb100000, 0xcb100000|100%| E|CS|TAMS 0xcb000000, 0xcb000000| Complete 
| 127|0xcb100000, 0xcb200000, 0xcb200000|100%| E|CS|TAMS 0xcb100000, 0xcb100000| Complete 

Card table byte_map: [0xc3100000,0xc3200000] _byte_map_base: 0xc2ae7000

Marking Bits (Prev, Next): (CMBitMap*) 0xe33300b8, (CMBitMap*) 0xe33300d8
 Prev Bits: [0xc2800000, 0xc3000000)
 Next Bits: [0xc2000000, 0xc2800000)

Polling page: 0xf7f7c000

Metaspace:

Usage:
    3.42 MB used.

Virtual space:
     16.00 MB reserved,       3.69 MB ( 23%) committed,  1 nodes.

Chunk freelists:
9.80 MB

MaxMetaspaceSize: 96.00 MB
No class space
Initial GC threshold: 16.00 MB
Current GC threshold: 16.00 MB
CDS: on
MetaspaceReclaimPolicy: balanced
 - commit_granule_bytes: 65536.
 - commit_granule_words: 16384.
 - virtual_space_node_default_size: 4194304.
 - enlarge_chunks_in_place: 1.
 - new_chunks_are_fully_committed: 0.
 - uncommit_free_chunks: 1.
 - use_allocation_guard: 0.
 - handle_deallocations: 1.


Internal statistics:

num_allocs_failed_limit: 0.
num_arena_births: 134.
num_arena_deaths: 0.
num_vsnodes_births: 1.
num_vsnodes_deaths: 0.
num_space_committed: 59.
num_space_uncommitted: 0.
num_chunks_returned_to_freelist: 0.
num_chunks_taken_from_freelist: 272.
num_chunk_merges: 0.
num_chunk_splits: 184.
num_chunks_enlarged: 127.
num_inconsistent_stats: 0.

CodeHeap 'non-profiled nmethods': size=120172Kb used=889Kb max_used=889Kb free=119282Kb
 bounds [0xeafa2000, 0xeb1e2000, 0xf24fd000]
CodeHeap 'profiled nmethods': size=120172Kb used=2902Kb max_used=2902Kb free=117269Kb
 bounds [0xe34fd000, 0xe37d5000, 0xeaa58000]
CodeHeap 'non-nmethods': size=5416Kb used=724Kb max_used=762Kb free=4691Kb
 bounds [0xeaa58000, 0xeac98000, 0xeafa2000]
 total_blobs=1863 nmethods=1532 adapters=245
 compilation: enabled
              stopped_count=0, restarted_count=0
 full_count=0

Compilation events (20 events):
Event: 4621.041 Thread 0xc19eb3a0 1521       4       script.library.space_crafting::getShipInstalledSlots (113 bytes)
Event: 4621.058 Thread 0xc19eb3a0 nmethod 1521 0xeb07d388 code [0xeb07d540, 0xeb07e690]
Event: 7332.888 Thread 0xc19ec4d0 1524       3       script.space.combat.combat_ship::OnShipFiredMissile (46 bytes)
Event: 7332.888 Thread 0xc19ec4d0 nmethod 1524 0xe37cb788 code [0xe37cb960, 0xe37cc030]
Event: 8183.521 Thread 0xc19ec4d0 1525   !   3       jdk.internal.reflect.GeneratedMethodAccessor27::invoke (412 bytes)
Event: 8183.522 Thread 0xc19ec4d0 nmethod 1525 0xe37cc388 code [0xe37cc7c0, 0xe37cf018]
Event: 8453.961 Thread 0xc19eb3a0 1526       4       java.lang.String::substring (58 bytes)
Event: 8453.964 Thread 0xc19eb3a0 nmethod 1526 0xeb07f508 code [0xeb07f640, 0xeb07fb10]
Event: 8692.035 Thread 0xc19ec4d0 1527       3       script.library.utils::getTransformArrayScriptVar (9 bytes)
Event: 8692.036 Thread 0xc19ec4d0 nmethod 1527 0xe37cff88 code [0xe37d0200, 0xe37d1010]
Event: 8692.036 Thread 0xc19ec4d0 1528       3       script.deltadictionary::getTransformArray (23 bytes)
Event: 8692.036 Thread 0xc19ec4d0 nmethod 1528 0xe37d1588 code [0xe37d1700, 0xe37d1b78]
Event: 8992.610 Thread 0xc19ec4d0 1529       3       script.library.ship_ai::unitGetSquadId (5 bytes)
Event: 8992.610 Thread 0xc19ec4d0 nmethod 1529 0xe37d1d88 code [0xe37d1ee0, 0xe37d212c]
Event: 8992.610 Thread 0xc19ec4d0 1530       3       script.base_class::_spaceUnitGetSquadId (8 bytes)
Event: 8992.610 Thread 0xc19ec4d0 nmethod 1530 0xe37d2288 code [0xe37d23e0, 0xe37d25ec]
Event: 9320.000 Thread 0xc19ec4d0 1531       3       java.util.Vector$Itr::hasNext (20 bytes)
Event: 9320.000 Thread 0xc19ec4d0 nmethod 1531 0xe37d2708 code [0xe37d2840, 0xe37d29a0]
Event: 9417.384 Thread 0xc19eb3a0 1532       4       java.io.ObjectInputStream$BlockDataInputStream::peek (55 bytes)
Event: 9417.385 Thread 0xc19eb3a0 nmethod 1532 0xeb07fd88 code [0xeb07fec0, 0xeb0802b0]

GC Heap History (10 events):
Event: 19.397 GC heap before
{Heap before GC invocations=0 (full 0):
 garbage-first heap   total 131072K, used 22528K [0xc3200000, 0xe3200000)
  region size 1024K, 23 young (23552K), 0 survivors (0K)
 Metaspace       used 3006K, committed 3200K, reserved 16384K
}
Event: 19.400 GC heap after
{Heap after GC invocations=1 (full 0):
 garbage-first heap   total 131072K, used 2905K [0xc3200000, 0xe3200000)
  region size 1024K, 3 young (3072K), 3 survivors (3072K)
 Metaspace       used 3006K, committed 3200K, reserved 16384K
}
Event: 1218.126 GC heap before
{Heap before GC invocations=1 (full 0):
 garbage-first heap   total 131072K, used 35673K [0xc3200000, 0xe3200000)
  region size 1024K, 35 young (35840K), 3 survivors (3072K)
 Metaspace       used 3432K, committed 3712K, reserved 16384K
}
Event: 1218.130 GC heap after
{Heap after GC invocations=2 (full 0):
 garbage-first heap   total 131072K, used 3714K [0xc3200000, 0xe3200000)
  region size 1024K, 1 young (1024K), 1 survivors (1024K)
 Metaspace       used 3432K, committed 3712K, reserved 16384K
}
Event: 2604.926 GC heap before
{Heap before GC invocations=2 (full 0):
 garbage-first heap   total 131072K, used 80514K [0xc3200000, 0xe3200000)
  region size 1024K, 76 young (77824K), 1 survivors (1024K)
 Metaspace       used 3468K, committed 3712K, reserved 16384K
}
Event: 2604.928 GC heap after
{Heap after GC invocations=3 (full 0):
 garbage-first heap   total 131072K, used 3528K [0xc3200000, 0xe3200000)
  region size 1024K, 1 young (1024K), 1 survivors (1024K)
 Metaspace       used 3468K, committed 3712K, reserved 16384K
}
Event: 3599.090 GC heap before
{Heap before GC invocations=3 (full 0):
 garbage-first heap   total 131072K, used 80328K [0xc3200000, 0xe3200000)
  region size 1024K, 76 young (77824K), 1 survivors (1024K)
 Metaspace       used 3479K, committed 3776K, reserved 16384K
}
Event: 3599.092 GC heap after
{Heap after GC invocations=4 (full 0):
 garbage-first heap   total 131072K, used 3479K [0xc3200000, 0xe3200000)
  region size 1024K, 1 young (1024K), 1 survivors (1024K)
 Metaspace       used 3479K, committed 3776K, reserved 16384K
}
Event: 6286.489 GC heap before
{Heap before GC invocations=4 (full 0):
 garbage-first heap   total 131072K, used 80279K [0xc3200000, 0xe3200000)
  region size 1024K, 76 young (77824K), 1 survivors (1024K)
 Metaspace       used 3492K, committed 3776K, reserved 16384K
}
Event: 6286.490 GC heap after
{Heap after GC invocations=5 (full 0):
 garbage-first heap   total 131072K, used 3416K [0xc3200000, 0xe3200000)
  region size 1024K, 1 young (1024K), 1 survivors (1024K)
 Metaspace       used 3492K, committed 3776K, reserved 16384K
}

Dll operation events (4 events):
Event: 0.009 Loaded shared library /usr/lib/jvm/zulu17.66.19-ca-fx-jdk17.0.19-linux_i686/lib/libjava.so
Event: 8.738 Loaded shared library /usr/lib/jvm/zulu17.66.19-ca-fx-jdk17.0.19-linux_i686/lib/libnio.so
Event: 8.739 Loaded shared library /usr/lib/jvm/zulu17.66.19-ca-fx-jdk17.0.19-linux_i686/lib/libjimage.so
Event: 8.740 Loaded shared library /usr/lib/jvm/zulu17.66.19-ca-fx-jdk17.0.19-linux_i686/lib/libnet.so

Deoptimization events (20 events):
Event: 1076.124 Thread 0x5b1e26c0 DEOPT PACKING pc=0xeb01147c sp=0xffbd96b0
Event: 1076.124 Thread 0x5b1e26c0 DEOPT UNPACKING pc=0xeaaa1d33 sp=0xffbd969c mode 2
Event: 1077.336 Thread 0x5b1e26c0 Uncommon trap: trap_request=0xffffff45 fr.pc=0xeb00ed84 relative=0x00000a04
Event: 1077.336 Thread 0x5b1e26c0 Uncommon trap: reason=unstable_if action=reinterpret pc=0xeb00ed84 method=script.library.space_combat.getRawEfficiency(ILscript/obj_id;)F @ 67 c2
Event: 1077.336 Thread 0x5b1e26c0 DEOPT PACKING pc=0xeb00ed84 sp=0xffbd96e0
Event: 1077.336 Thread 0x5b1e26c0 DEOPT UNPACKING pc=0xeaaa1d33 sp=0xffbd96e8 mode 2
Event: 3090.159 Thread 0x5b1e26c0 Uncommon trap: trap_request=0xffffff45 fr.pc=0xeb039b14 relative=0x00006194
Event: 3090.159 Thread 0x5b1e26c0 Uncommon trap: reason=unstable_if action=reinterpret pc=0xeb039b14 method=script.space.combat.combat_ship.OnShipWasHit(Lscript/obj_id;Lscript/obj_id;IZIIZFFF)I @ 683 c2
Event: 3090.159 Thread 0x5b1e26c0 DEOPT PACKING pc=0xeb039b14 sp=0xffbd9840
Event: 3090.159 Thread 0x5b1e26c0 DEOPT UNPACKING pc=0xeaaa1d33 sp=0xffbd995c mode 2
Event: 3854.070 Thread 0x5b1e26c0 DEOPT PACKING pc=0xe35097f7 sp=0xffbd7ef0
Event: 3854.070 Thread 0x5b1e26c0 DEOPT UNPACKING pc=0xeaaa1171 sp=0xffbd7d48 mode 0
Event: 3854.070 Thread 0x5b1e26c0 Uncommon trap: trap_request=0xffffffde fr.pc=0xeb044650 relative=0x00000650
Event: 3854.070 Thread 0x5b1e26c0 Uncommon trap: reason=class_check action=maybe_recompile pc=0xeb044650 method=script.dictionary.put(Ljava/lang/Object;Ljava/util/Vector;)Ljava/lang/Object; @ 93 c2
Event: 3854.070 Thread 0x5b1e26c0 DEOPT PACKING pc=0xeb044650 sp=0xffbd8a40
Event: 3854.070 Thread 0x5b1e26c0 DEOPT UNPACKING pc=0xeaaa1d33 sp=0xffbd8a3c mode 2
Event: 3854.074 Thread 0x5b1e26c0 Uncommon trap: trap_request=0xffffff45 fr.pc=0xeb0100f4 relative=0x00000334
Event: 3854.074 Thread 0x5b1e26c0 Uncommon trap: reason=unstable_if action=reinterpret pc=0xeb0100f4 method=java.util.Hashtable.containsKey(Ljava/lang/Object;)Z @ 36 c2
Event: 3854.074 Thread 0x5b1e26c0 DEOPT PACKING pc=0xeb0100f4 sp=0xffbd92c0
Event: 3854.074 Thread 0x5b1e26c0 DEOPT UNPACKING pc=0xeaaa1d33 sp=0xffbd9298 mode 2

Classes loaded (20 events):
Event: 19.095 Loading class java/lang/constant/MethodHandleDesc$1
Event: 19.095 Loading class java/lang/constant/MethodHandleDesc$1 done
Event: 19.095 Loading class java/lang/constant/DirectMethodHandleDescImpl
Event: 19.095 Loading class java/lang/constant/DirectMethodHandleDesc
Event: 19.095 Loading class java/lang/constant/DirectMethodHandleDesc done
Event: 19.095 Loading class java/lang/constant/DirectMethodHandleDescImpl done
Event: 19.095 Loading class java/lang/constant/DirectMethodHandleDescImpl$1
Event: 19.095 Loading class java/lang/constant/DirectMethodHandleDescImpl$1 done
Event: 19.095 Loading class java/lang/constant/DirectMethodHandleDesc$1
Event: 19.095 Loading class java/lang/constant/DirectMethodHandleDesc$1 done
Event: 19.095 Loading class java/lang/constant/PrimitiveClassDescImpl
Event: 19.095 Loading class java/lang/constant/DynamicConstantDesc
Event: 19.095 Loading class java/lang/constant/DynamicConstantDesc done
Event: 19.095 Loading class java/lang/constant/PrimitiveClassDescImpl done
Event: 19.095 Loading class java/lang/constant/DynamicConstantDesc$AnonymousDynamicConstantDesc
Event: 19.095 Loading class java/lang/constant/DynamicConstantDesc$AnonymousDynamicConstantDesc done
Event: 19.297 Loading class java/util/Vector$Itr
Event: 19.297 Loading class java/util/Vector$Itr done
Event: 65.587 Loading class jdk/internal/math/FDBigInteger
Event: 65.587 Loading class jdk/internal/math/FDBigInteger done

Classes unloaded (0 events):
No events

Classes redefined (0 events):
No events

Internal exceptions (5 events):
Event: 8.747 Thread 0x5b1e26c0 Exception <a 'java/lang/NoSuchMethodError'{0xcaead3b0}: 'java.lang.Object java.lang.invoke.DirectMethodHandle$Holder.invokeStaticInit(java.lang.Object)'> (0xcaead3b0) 
thrown [src/hotspot/share/interpreter/linkResolver.cpp, line 759]
Event: 19.067 Thread 0x5b1e26c0 Implicit null exception at 0xeafd19ab to 0xeafd1a00
Event: 19.073 Thread 0x5b1e26c0 Exception <a 'java/lang/NoSuchMethodError'{0xc9f5fee0}: static [Ljava/lang/String;.<clinit>()V> (0xc9f5fee0) 
thrown [src/hotspot/share/prims/jni.cpp, line 1112]
Event: 65.586 Thread 0x5b1e26c0 Exception <a 'java/lang/NoSuchMethodError'{0xcad2cc98}: 'java.lang.Object java.lang.invoke.DirectMethodHandle$Holder.invokeStatic(java.lang.Object, float)'> (0xcad2cc98) 
thrown [src/hotspot/share/interpreter/linkResolver.cpp, line 759]
Event: 3854.070 Thread 0x5b1e26c0 Exception <a 'java/lang/NoSuchMethodError'{0xc8e0b618}: static [Lscript/obj_id;.<clinit>()V> (0xc8e0b618) 
thrown [src/hotspot/share/prims/jni.cpp, line 1112]

VM Operations (20 events):
Event: 3601.005 Executing VM operation: HandshakeAllThreads
Event: 3601.005 Executing VM operation: HandshakeAllThreads done
Event: 3614.005 Executing VM operation: Cleanup
Event: 3614.005 Executing VM operation: Cleanup done
Event: 3855.020 Executing VM operation: Cleanup
Event: 3855.020 Executing VM operation: Cleanup done
Event: 3858.020 Executing VM operation: Cleanup
Event: 3858.020 Executing VM operation: Cleanup done
Event: 3863.020 Executing VM operation: Cleanup
Event: 3863.020 Executing VM operation: Cleanup done
Event: 3901.072 Executing VM operation: HandshakeAllThreads
Event: 3901.072 Executing VM operation: HandshakeAllThreads done
Event: 4526.108 Executing VM operation: Cleanup
Event: 4526.108 Executing VM operation: Cleanup done
Event: 4529.109 Executing VM operation: Cleanup
Event: 4529.109 Executing VM operation: Cleanup done
Event: 4566.111 Executing VM operation: Cleanup
Event: 4566.111 Executing VM operation: Cleanup done
Event: 6286.489 Executing VM operation: G1CollectForAllocation
Event: 6286.490 Executing VM operation: G1CollectForAllocation done

Memory protections (14 events):
Event: 0.007 Protecting memory [0xf37b8000,0xf37bc000] with protection modes 0
Event: 0.112 Protecting memory [0xc0a40000,0xc0a44000] with protection modes 0
Event: 0.116 Protecting memory [0xc0840000,0xc0844000] with protection modes 0
Event: 0.130 Protecting memory [0xc01c6000,0xc01ca000] with protection modes 0
Event: 0.141 Protecting memory [0xc0105000,0xc0109000] with protection modes 0
Event: 0.150 Protecting memory [0xc0044000,0xc0048000] with protection modes 0
Event: 0.165 Protecting memory [0xc0c2a000,0xc0c2e000] with protection modes 0
Event: 0.179 Protecting memory [0xbeb80000,0xbeb84000] with protection modes 0
Event: 0.189 Protecting memory [0xbe940000,0xbe944000] with protection modes 0
Event: 0.219 Protecting memory [0xbe740000,0xbe744000] with protection modes 0
Event: 0.275 Protecting memory [0xffb1b000,0xffb1f000] with protection modes 0
Event: 0.284 Protecting memory [0xbe240000,0xbe244000] with protection modes 0
Event: 0.298 Protecting memory [0xbe040000,0xbe044000] with protection modes 0
Event: 8.876 Protecting memory [0xbdc7e000,0xbdc82000] with protection modes 0

Nmethod flushes (0 events):
No events

Events (18 events):
Event: 0.078 Thread 0xf3629a00 Thread added: 0xf3629a00
Event: 0.101 Thread 0xf3629a00 Thread added: 0xc19e2fb0
Event: 0.115 Thread 0xf3629a00 Thread added: 0xc19e4060
Event: 0.129 Thread 0xf3629a00 Thread added: 0xc19e7f70
Event: 0.141 Thread 0xf3629a00 Thread added: 0xc19e8fd0
Event: 0.150 Thread 0xf3629a00 Thread added: 0xc19e9ff0
Event: 0.164 Thread 0xf3629a00 Thread added: 0xc19eb3a0
Event: 0.179 Thread 0xf3629a00 Thread added: 0xc19ec4d0
Event: 0.189 Thread 0xf3629a00 Thread added: 0xc19ed530
Event: 0.219 Thread 0xf3629a00 Thread added: 0xbe624270
Event: 0.275 Thread 0x5b1e26c0 Thread added: 0x5b1e26c0
Event: 0.283 Thread 0x5b1e26c0 Thread added: 0x5b1e3890
Event: 0.297 Thread 0x5b1e26c0 Thread added: 0x5b1ecff0
Event: 8.875 Thread 0xc19ec4d0 Thread added: 0xbea18000
Event: 9.522 Thread 0xbea18000 Thread exited: 0xbea18000
Event: 10750.808 Thread 0x5b1e26c0 Thread exited: 0x5b1e26c0
Event: 10750.808 Thread 0xf3629a00 Before exit entered
Event: 10750.808 Thread 0xf3629a00 Thread exited: 0xf3629a00


Dynamic libraries:
5660f000-576dc000 r--p 00000000 09:04 24778802                           /home/swg/swg-main/build/bin/SwgGameServer
576dc000-5857f000 r-xp 010cd000 09:04 24778802                           /home/swg/swg-main/build/bin/SwgGameServer
5857f000-58c66000 r--p 01f70000 09:04 24778802                           /home/swg/swg-main/build/bin/SwgGameServer
58c66000-58c8d000 rw-p 02656000 09:04 24778802                           /home/swg/swg-main/build/bin/SwgGameServer
58c8d000-59510000 rw-p 00000000 00:00 0 
59b03000-5e228000 rw-p 00000000 00:00 0                                  [heap]
bbe00000-bbefc000 rw-p 00000000 00:00 0 
bbefc000-bbf00000 ---p 00000000 00:00 0 
bbf00000-bbff9000 rw-p 00000000 00:00 0 
bbff9000-bc000000 ---p 00000000 00:00 0 
bc000000-bc0e4000 rw-p 00000000 00:00 0 
bc0e4000-bc100000 ---p 00000000 00:00 0 
bc100000-bc1ff000 rw-p 00000000 00:00 0 
bc1ff000-bc200000 ---p 00000000 00:00 0 
bc200000-bc2fb000 rw-p 00000000 00:00 0 
bc2fb000-bc300000 ---p 00000000 00:00 0 
bc300000-bc3fe000 rw-p 00000000 00:00 0 
bc3fe000-bc400000 ---p 00000000 00:00 0 
bc400000-bc421000 rw-p 00000000 00:00 0 
bc421000-bc500000 ---p 00000000 00:00 0 
bc57f000-bc580000 ---p 00000000 00:00 0 
bc580000-bc600000 rw-p 00000000 00:00 0 
bc600000-bc621000 rw-p 00000000 00:00 0 
bc621000-bc700000 ---p 00000000 00:00 0 
bc77f000-bc780000 ---p 00000000 00:00 0 
bc780000-bc800000 rw-p 00000000 00:00 0 
bc800000-bc8a9000 rw-p 00000000 00:00 0 
bc8a9000-bc900000 ---p 00000000 00:00 0 
bca00000-bcaf9000 rw-p 00000000 00:00 0 
bcaf9000-bcb00000 ---p 00000000 00:00 0 
bcb00000-bcbf9000 rw-p 00000000 00:00 0 
bcbf9000-bcc00000 ---p 00000000 00:00 0 
bcc00000-bccf3000 rw-p 00000000 00:00 0 
bccf3000-bcd00000 ---p 00000000 00:00 0 
bcd00000-bcded000 rw-p 00000000 00:00 0 
bcded000-bce00000 ---p 00000000 00:00 0 
bce00000-bce21000 rw-p 00000000 00:00 0 
bce21000-bcf00000 ---p 00000000 00:00 0 
bcf7f000-bcf80000 ---p 00000000 00:00 0 
bcf80000-bd000000 rw-p 00000000 00:00 0 
bd000000-bd021000 rw-p 00000000 00:00 0 
bd021000-bd100000 ---p 00000000 00:00 0 
bd17f000-bd180000 ---p 00000000 00:00 0 
bd180000-bd200000 rw-p 00000000 00:00 0 
bd200000-bd221000 rw-p 00000000 00:00 0 
bd221000-bd300000 ---p 00000000 00:00 0 
bd37f000-bd380000 ---p 00000000 00:00 0 
bd380000-bd400000 rw-p 00000000 00:00 0 
bd400000-bd421000 rw-p 00000000 00:00 0 
bd421000-bd500000 ---p 00000000 00:00 0 
bd57f000-bd580000 ---p 00000000 00:00 0 
bd580000-bd600000 rw-p 00000000 00:00 0 
bd600000-bd621000 rw-p 00000000 00:00 0 
bd621000-bd700000 ---p 00000000 00:00 0 
bd76e000-bd76f000 ---p 00000000 00:00 0 
bd76f000-bd7ef000 rw-p 00000000 00:00 0 
bd900000-bd9cd000 rw-p 00000000 00:00 0 
bd9cd000-bda00000 ---p 00000000 00:00 0 
bda00000-bdae9000 rw-p 00000000 00:00 0 
bdae9000-bdb00000 ---p 00000000 00:00 0 
bdb00000-bdbfa000 rw-p 00000000 00:00 0 
bdbfa000-bdc00000 ---p 00000000 00:00 0 
bdc7d000-bdc7e000 ---p 00000000 00:00 0 
bdc7e000-bdc82000 ---p 00000000 00:00 0 
bdc82000-bdcfe000 rw-p 00000000 00:00 0 
bdf00000-bdf21000 rw-p 00000000 00:00 0 
bdf21000-be000000 ---p 00000000 00:00 0 
be03f000-be040000 ---p 00000000 00:00 0 
be040000-be044000 ---p 00000000 00:00 0 
be044000-be100000 rw-p 00000000 00:00 0 
be100000-be121000 rw-p 00000000 00:00 0 
be121000-be200000 ---p 00000000 00:00 0 
be23f000-be240000 ---p 00000000 00:00 0 
be240000-be244000 ---p 00000000 00:00 0 
be244000-be300000 rw-p 00000000 00:00 0 
be300000-be321000 rw-p 00000000 00:00 0 
be321000-be400000 ---p 00000000 00:00 0 
be47f000-be480000 ---p 00000000 00:00 0 
be480000-be500000 rw-p 00000000 00:00 0 
be500000-be521000 rw-p 00000000 00:00 0 
be521000-be600000 ---p 00000000 00:00 0 
be600000-be627000 rw-p 00000000 00:00 0 
be627000-be700000 ---p 00000000 00:00 0 
be73f000-be740000 ---p 00000000 00:00 0 
be740000-be744000 ---p 00000000 00:00 0 
be744000-be800000 rw-p 00000000 00:00 0 
be800000-be821000 rw-p 00000000 00:00 0 
be821000-be900000 ---p 00000000 00:00 0 
be93f000-be940000 ---p 00000000 00:00 0 
be940000-be944000 ---p 00000000 00:00 0 
be944000-bea00000 rw-p 00000000 00:00 0 
bea00000-beafd000 rw-p 00000000 00:00 0 
beafd000-beb00000 ---p 00000000 00:00 0 
beb7f000-beb80000 ---p 00000000 00:00 0 
beb80000-beb84000 ---p 00000000 00:00 0 
beb84000-bec00000 rw-p 00000000 00:00 0 
bec00000-bec21000 rw-p 00000000 00:00 0 
bec21000-bed00000 ---p 00000000 00:00 0 
bed00000-bedf4000 rw-p 00000000 00:00 0 
bedf4000-bee00000 ---p 00000000 00:00 0 
bee00000-bee21000 rw-p 00000000 00:00 0 
bee21000-bef00000 ---p 00000000 00:00 0 
bef00000-bef21000 rw-p 00000000 00:00 0 
bef21000-bf000000 ---p 00000000 00:00 0 
bf000000-bf170000 rw-p 00000000 00:00 0 
bf170000-bf400000 ---p 00000000 00:00 0 
bf400000-bf640000 rw-p 00000000 00:00 0 
bf640000-c0000000 ---p 00000000 00:00 0 
c0043000-c0044000 ---p 00000000 00:00 0 
c0044000-c0048000 ---p 00000000 00:00 0 
c0048000-c0104000 rw-p 00000000 00:00 0 
c0104000-c0105000 ---p 00000000 00:00 0 
c0105000-c0109000 ---p 00000000 00:00 0 
c0109000-c01c5000 rw-p 00000000 00:00 0 
c01c5000-c01c6000 ---p 00000000 00:00 0 
c01c6000-c01ca000 ---p 00000000 00:00 0 
c01ca000-c0286000 rw-p 00000000 00:00 0 
c0286000-c0500000 r--p 0006f000 09:04 15752678                           /usr/lib/locale/locale-archive
c0500000-c0700000 r--p 00000000 09:04 15752678                           /usr/lib/locale/locale-archive
c0700000-c0721000 rw-p 00000000 00:00 0 
c0721000-c0800000 ---p 00000000 00:00 0 
c083f000-c0840000 ---p 00000000 00:00 0 
c0840000-c0844000 ---p 00000000 00:00 0 
c0844000-c0900000 rw-p 00000000 00:00 0 
c0900000-c0921000 rw-p 00000000 00:00 0 
c0921000-c0a00000 ---p 00000000 00:00 0 
c0a3f000-c0a40000 ---p 00000000 00:00 0 
c0a40000-c0a44000 ---p 00000000 00:00 0 
c0a44000-c0b00000 rw-p 00000000 00:00 0 
c0b00000-c0b21000 rw-p 00000000 00:00 0 
c0b21000-c0c00000 ---p 00000000 00:00 0 
c0c29000-c0c2a000 ---p 00000000 00:00 0 
c0c2a000-c0c2e000 ---p 00000000 00:00 0 
c0c2e000-c0caa000 rw-p 00000000 00:00 0 
c0caa000-c0cab000 ---p 00000000 00:00 0 
c0cab000-c0d2b000 rw-p 00000000 00:00 0 
c0d2b000-c1600000 rw-p 00001000 09:04 15886960                           /usr/lib/jvm/zulu17.66.19-ca-fx-jdk17.0.19-linux_i686/lib/server/classes.jsa
c1600000-c1621000 rw-p 00000000 00:00 0 
c1621000-c1700000 ---p 00000000 00:00 0 
c177f000-c1780000 ---p 00000000 00:00 0 
c1780000-c1800000 rw-p 00000000 00:00 0 
c1800000-c1821000 rw-p 00000000 00:00 0 
c1821000-c1900000 ---p 00000000 00:00 0 
c1900000-c1a00000 rw-p 00000000 00:00 0 
c1a7f000-c1a80000 ---p 00000000 00:00 0 
c1a80000-c1b00000 rw-p 00000000 00:00 0 
c1b00000-c1b21000 rw-p 00000000 00:00 0 
c1b21000-c1c00000 ---p 00000000 00:00 0 
c1c7f000-c1c80000 ---p 00000000 00:00 0 
c1c80000-c1d00000 rw-p 00000000 00:00 0 
c1d00000-c1d21000 rw-p 00000000 00:00 0 
c1d21000-c1e00000 ---p 00000000 00:00 0 
c1e00000-c1e21000 rw-p 00000000 00:00 0 
c1e21000-c1f00000 ---p 00000000 00:00 0 
c1f7f000-c1f80000 ---p 00000000 00:00 0 
c1f80000-c2200000 rw-p 00000000 00:00 0 
c2200000-c2800000 ---p 00000000 00:00 0 
c2800000-c2a00000 rw-p 00000000 00:00 0 
c2a00000-c3000000 ---p 00000000 00:00 0 
c3000000-c3040000 rw-p 00000000 00:00 0 
c3040000-c3100000 ---p 00000000 00:00 0 
c3100000-c3140000 rw-p 00000000 00:00 0 
c3140000-c3200000 ---p 00000000 00:00 0 
c3200000-cb200000 rw-p 00000000 00:00 0 
cb200000-e3200000 ---p 00000000 00:00 0 
e3200000-e3240000 rw-p 00000000 00:00 0 
e3240000-e3300000 ---p 00000000 00:00 0 
e3300000-e33fd000 rw-p 00000000 00:00 0 
e33fd000-e3400000 ---p 00000000 00:00 0 
e3412000-e3417000 rw-p 00000000 00:00 0 
e3417000-e34fd000 ---p 00000000 00:00 0 
e34fd000-e37d5000 rwxp 00000000 00:00 0 
e37d5000-eaa58000 ---p 00000000 00:00 0 
eaa58000-eac98000 rwxp 00000000 00:00 0 
eac98000-eafa2000 ---p 00000000 00:00 0 
eafa2000-eb1e2000 rwxp 00000000 00:00 0 
eb1e2000-f24fd000 ---p 00000000 00:00 0 
f24fd000-f26b7000 r--s 00000000 09:04 15886949                           /usr/lib/jvm/zulu17.66.19-ca-fx-jdk17.0.19-linux_i686/lib/modules
f26b7000-f3559000 r-xp 00000000 09:04 15886962                           /usr/lib/jvm/zulu17.66.19-ca-fx-jdk17.0.19-linux_i686/lib/server/libjvm.so
f3559000-f355a000 ---p 00ea2000 09:04 15886962                           /usr/lib/jvm/zulu17.66.19-ca-fx-jdk17.0.19-linux_i686/lib/server/libjvm.so
f355a000-f35af000 r--p 00ea2000 09:04 15886962                           /usr/lib/jvm/zulu17.66.19-ca-fx-jdk17.0.19-linux_i686/lib/server/libjvm.so
f35af000-f35d0000 rw-p 00ef7000 09:04 15886962                           /usr/lib/jvm/zulu17.66.19-ca-fx-jdk17.0.19-linux_i686/lib/server/libjvm.so
f35d0000-f3600000 rw-p 00000000 00:00 0 
f3600000-f36f2000 rw-p 00000000 00:00 0 
f36f2000-f3700000 ---p 00000000 00:00 0 
f3736000-f3737000 ---p 00000000 00:00 0 
f3737000-f37b7000 rw-p 00000000 00:00 0 
f37b7000-f37b8000 ---p 00000000 00:00 0 
f37b8000-f37bc000 ---p 00000000 00:00 0 
f37bc000-f432f000 rw-p 00000000 00:00 0 
f432f000-f4344000 r-xp 00000000 09:04 15886936                           /usr/lib/jvm/zulu17.66.19-ca-fx-jdk17.0.19-linux_i686/lib/libnet.so
f4344000-f4345000 r--p 00014000 09:04 15886936                           /usr/lib/jvm/zulu17.66.19-ca-fx-jdk17.0.19-linux_i686/lib/libnet.so
f4345000-f4346000 rw-p 00015000 09:04 15886936                           /usr/lib/jvm/zulu17.66.19-ca-fx-jdk17.0.19-linux_i686/lib/libnet.so
f4346000-f4358000 r-xp 00000000 09:04 15886937                           /usr/lib/jvm/zulu17.66.19-ca-fx-jdk17.0.19-linux_i686/lib/libnio.so
f4358000-f4359000 ---p 00012000 09:04 15886937                           /usr/lib/jvm/zulu17.66.19-ca-fx-jdk17.0.19-linux_i686/lib/libnio.so
f4359000-f435a000 r--p 00012000 09:04 15886937                           /usr/lib/jvm/zulu17.66.19-ca-fx-jdk17.0.19-linux_i686/lib/libnio.so
f435a000-f435b000 rw-p 00013000 09:04 15886937                           /usr/lib/jvm/zulu17.66.19-ca-fx-jdk17.0.19-linux_i686/lib/libnio.so
f435b000-f4361000 rw-p 00000000 00:00 0 
f4361000-f4446000 ---p 00000000 00:00 0 
f466f000-f4676000 r--s 00000000 09:04 15884995                           /usr/lib/i386-linux-gnu/gconv/gconv-modules.cache
f4676000-f46c4000 rw-p 00000000 00:00 0 
f46c4000-f46ca000 ---p 00000000 00:00 0 
f46ca000-f46ed000 r-xp 00000000 09:04 15886917                           /usr/lib/jvm/zulu17.66.19-ca-fx-jdk17.0.19-linux_i686/lib/libjava.so
f46ed000-f46ee000 r--p 00022000 09:04 15886917                           /usr/lib/jvm/zulu17.66.19-ca-fx-jdk17.0.19-linux_i686/lib/libjava.so
f46ee000-f46ef000 rw-p 00023000 09:04 15886917                           /usr/lib/jvm/zulu17.66.19-ca-fx-jdk17.0.19-linux_i686/lib/libjava.so
f46ef000-f470a000 r-xp 00000000 09:04 15886927                           /usr/lib/jvm/zulu17.66.19-ca-fx-jdk17.0.19-linux_i686/lib/libjimage.so
f470a000-f470b000 ---p 0001b000 09:04 15886927                           /usr/lib/jvm/zulu17.66.19-ca-fx-jdk17.0.19-linux_i686/lib/libjimage.so
f470b000-f470c000 r--p 0001b000 09:04 15886927                           /usr/lib/jvm/zulu17.66.19-ca-fx-jdk17.0.19-linux_i686/lib/libjimage.so
f470c000-f470d000 rw-p 0001c000 09:04 15886927                           /usr/lib/jvm/zulu17.66.19-ca-fx-jdk17.0.19-linux_i686/lib/libjimage.so
f470d000-f470e000 r--p 00000000 09:04 15884743                           /usr/lib/i386-linux-gnu/librt.so.1
f470e000-f470f000 r-xp 00001000 09:04 15884743                           /usr/lib/i386-linux-gnu/librt.so.1
f470f000-f4710000 r--p 00002000 09:04 15884743                           /usr/lib/i386-linux-gnu/librt.so.1
f4710000-f4711000 r--p 00002000 09:04 15884743                           /usr/lib/i386-linux-gnu/librt.so.1
f4711000-f4712000 rw-p 00003000 09:04 15884743                           /usr/lib/i386-linux-gnu/librt.so.1
f4712000-f4713000 r--p 00000000 09:04 15884741                           /usr/lib/i386-linux-gnu/libpthread.so.0
f4713000-f4714000 r-xp 00001000 09:04 15884741                           /usr/lib/i386-linux-gnu/libpthread.so.0
f4714000-f4715000 r--p 00002000 09:04 15884741                           /usr/lib/i386-linux-gnu/libpthread.so.0
f4715000-f4716000 r--p 00002000 09:04 15884741                           /usr/lib/i386-linux-gnu/libpthread.so.0
f4716000-f4717000 rw-p 00003000 09:04 15884741                           /usr/lib/i386-linux-gnu/libpthread.so.0
f4717000-f4718000 r--p 00000000 09:04 15884732                           /usr/lib/i386-linux-gnu/libdl.so.2
f4718000-f4719000 r-xp 00001000 09:04 15884732                           /usr/lib/i386-linux-gnu/libdl.so.2
f4719000-f471a000 r--p 00002000 09:04 15884732                           /usr/lib/i386-linux-gnu/libdl.so.2
f471a000-f471b000 r--p 00002000 09:04 15884732                           /usr/lib/i386-linux-gnu/libdl.so.2
f471b000-f471c000 rw-p 00003000 09:04 15884732                           /usr/lib/i386-linux-gnu/libdl.so.2
f471c000-f4720000 rw-p 00000000 00:00 0 
f4720000-f4721000 r--p 00000000 09:04 15887541                           /usr/lib/i386-linux-gnu/libffi.so.8.1.2
f4721000-f4726000 r-xp 00001000 09:04 15887541                           /usr/lib/i386-linux-gnu/libffi.so.8.1.2
f4726000-f4728000 r--p 00006000 09:04 15887541                           /usr/lib/i386-linux-gnu/libffi.so.8.1.2
f4728000-f4729000 r--p 00007000 09:04 15887541                           /usr/lib/i386-linux-gnu/libffi.so.8.1.2
f4729000-f472a000 rw-p 00008000 09:04 15887541                           /usr/lib/i386-linux-gnu/libffi.so.8.1.2
f472a000-f472c000 r--p 00000000 09:04 15884742                           /usr/lib/i386-linux-gnu/libresolv.so.2
f472c000-f4734000 r-xp 00002000 09:04 15884742                           /usr/lib/i386-linux-gnu/libresolv.so.2
f4734000-f4738000 r--p 0000a000 09:04 15884742                           /usr/lib/i386-linux-gnu/libresolv.so.2
f4738000-f4739000 r--p 0000d000 09:04 15884742                           /usr/lib/i386-linux-gnu/libresolv.so.2
f4739000-f473a000 rw-p 0000e000 09:04 15884742                           /usr/lib/i386-linux-gnu/libresolv.so.2
f473a000-f473c000 rw-p 00000000 00:00 0 
f473c000-f473e000 r--p 00000000 09:04 15885012                           /usr/lib/i386-linux-gnu/libkeyutils.so.1.10
f473e000-f4740000 r-xp 00002000 09:04 15885012                           /usr/lib/i386-linux-gnu/libkeyutils.so.1.10
f4740000-f4741000 r--p 00004000 09:04 15885012                           /usr/lib/i386-linux-gnu/libkeyutils.so.1.10
f4741000-f4742000 r--p 00005000 09:04 15885012                           /usr/lib/i386-linux-gnu/libkeyutils.so.1.10
f4742000-f4743000 rw-p 00006000 09:04 15885012                           /usr/lib/i386-linux-gnu/libkeyutils.so.1.10
f4743000-f4745000 rw-p 00000000 00:00 0 
f4745000-f4747000 r--p 00000000 09:04 15887545                           /usr/lib/i386-linux-gnu/libtasn1.so.6.6.3
f4747000-f4753000 r-xp 00002000 09:04 15887545                           /usr/lib/i386-linux-gnu/libtasn1.so.6.6.3
f4753000-f4759000 r--p 0000e000 09:04 15887545                           /usr/lib/i386-linux-gnu/libtasn1.so.6.6.3
f4759000-f475a000 r--p 00014000 09:04 15887545                           /usr/lib/i386-linux-gnu/libtasn1.so.6.6.3
f475a000-f475b000 rw-p 00015000 09:04 15887545                           /usr/lib/i386-linux-gnu/libtasn1.so.6.6.3
f475b000-f476b000 r--p 00000000 09:04 15887543                           /usr/lib/i386-linux-gnu/libp11-kit.so.0.3.0
f476b000-f4814000 r-xp 00010000 09:04 15887543                           /usr/lib/i386-linux-gnu/libp11-kit.so.0.3.0
f4814000-f48a5000 r--p 000b9000 09:04 15887543                           /usr/lib/i386-linux-gnu/libp11-kit.so.0.3.0
f48a5000-f48ab000 r--p 00149000 09:04 15887543                           /usr/lib/i386-linux-gnu/libp11-kit.so.0.3.0
f48ab000-f48b0000 rw-p 0014f000 09:04 15887543                           /usr/lib/i386-linux-gnu/libp11-kit.so.0.3.0
f48b0000-f48b1000 rw-p 00000000 00:00 0 
f48b1000-f48b2000 r--p 00000000 09:04 15887650                           /usr/lib/i386-linux-gnu/libicudata.so.72.1
f48b2000-f48b3000 r-xp 00001000 09:04 15887650                           /usr/lib/i386-linux-gnu/libicudata.so.72.1
f48b3000-f6681000 r--p 00002000 09:04 15887650                           /usr/lib/i386-linux-gnu/libicudata.so.72.1
f6681000-f6682000 r--p 01dcf000 09:04 15887650                           /usr/lib/i386-linux-gnu/libicudata.so.72.1
f6682000-f6683000 rw-p 01dd0000 09:04 15887650                           /usr/lib/i386-linux-gnu/libicudata.so.72.1
f6683000-f6684000 r--p 00000000 09:04 15887529                           /usr/lib/i386-linux-gnu/libbrotlicommon.so.1.0.9
f6684000-f6685000 r-xp 00001000 09:04 15887529                           /usr/lib/i386-linux-gnu/libbrotlicommon.so.1.0.9
f6685000-f66a4000 r--p 00002000 09:04 15887529                           /usr/lib/i386-linux-gnu/libbrotlicommon.so.1.0.9
f66a4000-f66a5000 r--p 00020000 09:04 15887529                           /usr/lib/i386-linux-gnu/libbrotlicommon.so.1.0.9
f66a5000-f66a6000 rw-p 00021000 09:04 15887529                           /usr/lib/i386-linux-gnu/libbrotlicommon.so.1.0.9
f66a6000-f66a8000 r--p 00000000 09:04 15887554                           /usr/lib/i386-linux-gnu/libsasl2.so.2.0.25
f66a8000-f66ba000 r-xp 00002000 09:04 15887554                           /usr/lib/i386-linux-gnu/libsasl2.so.2.0.25
f66ba000-f66c3000 r--p 00014000 09:04 15887554                           /usr/lib/i386-linux-gnu/libsasl2.so.2.0.25
f66c3000-f66c4000 r--p 0001c000 09:04 15887554                           /usr/lib/i386-linux-gnu/libsasl2.so.2.0.25
f66c4000-f66c5000 rw-p 0001d000 09:04 15887554                           /usr/lib/i386-linux-gnu/libsasl2.so.2.0.25
f66c5000-f66c8000 r--p 00000000 09:04 15885008                           /usr/lib/i386-linux-gnu/libkrb5support.so.0.1
f66c8000-f66cf000 r-xp 00003000 09:04 15885008                           /usr/lib/i386-linux-gnu/libkrb5support.so.0.1
f66cf000-f66d3000 r--p 0000a000 09:04 15885008                           /usr/lib/i386-linux-gnu/libkrb5support.so.0.1
f66d3000-f66d4000 r--p 0000d000 09:04 15885008                           /usr/lib/i386-linux-gnu/libkrb5support.so.0.1
f66d4000-f66d5000 rw-p 0000e000 09:04 15885008                           /usr/lib/i386-linux-gnu/libkrb5support.so.0.1
f66d5000-f66d6000 r--p 00000000 09:04 15885006                           /usr/lib/i386-linux-gnu/libcom_err.so.2.1
f66d6000-f66d7000 r-xp 00001000 09:04 15885006                           /usr/lib/i386-linux-gnu/libcom_err.so.2.1
f66d7000-f66d8000 r--p 00002000 09:04 15885006                           /usr/lib/i386-linux-gnu/libcom_err.so.2.1
f66d8000-f66d9000 r--p 00002000 09:04 15885006                           /usr/lib/i386-linux-gnu/libcom_err.so.2.1
f66d9000-f66da000 rw-p 00003000 09:04 15885006                           /usr/lib/i386-linux-gnu/libcom_err.so.2.1
f66da000-f66dd000 r--p 00000000 09:04 15885010                           /usr/lib/i386-linux-gnu/libk5crypto.so.3.1
f66dd000-f66f9000 r-xp 00003000 09:04 15885010                           /usr/lib/i386-linux-gnu/libk5crypto.so.3.1
f66f9000-f6708000 r--p 0001f000 09:04 15885010                           /usr/lib/i386-linux-gnu/libk5crypto.so.3.1
f6708000-f6709000 r--p 0002e000 09:04 15885010                           /usr/lib/i386-linux-gnu/libk5crypto.so.3.1
f6709000-f670a000 rw-p 0002f000 09:04 15885010                           /usr/lib/i386-linux-gnu/libk5crypto.so.3.1
f670a000-f671c000 r--p 00000000 09:04 15885027                           /usr/lib/i386-linux-gnu/libkrb5.so.3.3
f671c000-f6781000 r-xp 00012000 09:04 15885027                           /usr/lib/i386-linux-gnu/libkrb5.so.3.3
f6781000-f67e0000 r--p 00077000 09:04 15885027                           /usr/lib/i386-linux-gnu/libkrb5.so.3.3
f67e0000-f67e6000 r--p 000d6000 09:04 15885027                           /usr/lib/i386-linux-gnu/libkrb5.so.3.3
f67e6000-f67e8000 rw-p 000dc000 09:04 15885027                           /usr/lib/i386-linux-gnu/libkrb5.so.3.3
f67e8000-f67ea000 rw-p 00000000 00:00 0 
f67ea000-f67f5000 r--p 00000000 09:04 15887535                           /usr/lib/i386-linux-gnu/libgmp.so.10.4.1
f67f5000-f6858000 r-xp 0000b000 09:04 15887535                           /usr/lib/i386-linux-gnu/libgmp.so.10.4.1
f6858000-f6876000 r--p 0006e000 09:04 15887535                           /usr/lib/i386-linux-gnu/libgmp.so.10.4.1
f6876000-f6877000 r--p 0008c000 09:04 15887535                           /usr/lib/i386-linux-gnu/libgmp.so.10.4.1
f6877000-f6878000 rw-p 0008d000 09:04 15887535                           /usr/lib/i386-linux-gnu/libgmp.so.10.4.1
f6878000-f6880000 r--p 00000000 09:04 15887537                           /usr/lib/i386-linux-gnu/libnettle.so.8.6
f6880000-f68ab000 r-xp 00008000 09:04 15887537                           /usr/lib/i386-linux-gnu/libnettle.so.8.6
f68ab000-f68c5000 r--p 00033000 09:04 15887537                           /usr/lib/i386-linux-gnu/libnettle.so.8.6
f68c5000-f68c6000 r--p 0004d000 09:04 15887537                           /usr/lib/i386-linux-gnu/libnettle.so.8.6
f68c6000-f68c7000 rw-p 0004e000 09:04 15887537                           /usr/lib/i386-linux-gnu/libnettle.so.8.6
f68c7000-f68cd000 r--p 00000000 09:04 15887539                           /usr/lib/i386-linux-gnu/libhogweed.so.6.6
f68cd000-f68e0000 r-xp 00006000 09:04 15887539                           /usr/lib/i386-linux-gnu/libhogweed.so.6.6
f68e0000-f690f000 r--p 00019000 09:04 15887539                           /usr/lib/i386-linux-gnu/libhogweed.so.6.6
f690f000-f6910000 r--p 00048000 09:04 15887539                           /usr/lib/i386-linux-gnu/libhogweed.so.6.6
f6910000-f6911000 rw-p 00049000 09:04 15887539                           /usr/lib/i386-linux-gnu/libhogweed.so.6.6
f6911000-f6932000 r--p 00000000 09:04 15887547                           /usr/lib/i386-linux-gnu/libgnutls.so.30.34.3
f6932000-f6a61000 r-xp 00021000 09:04 15887547                           /usr/lib/i386-linux-gnu/libgnutls.so.30.34.3
f6a61000-f6b4c000 r--p 00150000 09:04 15887547                           /usr/lib/i386-linux-gnu/libgnutls.so.30.34.3
f6b4c000-f6b56000 r--p 0023b000 09:04 15887547                           /usr/lib/i386-linux-gnu/libgnutls.so.30.34.3
f6b56000-f6b58000 rw-p 00245000 09:04 15887547                           /usr/lib/i386-linux-gnu/libgnutls.so.30.34.3
f6b58000-f6b5b000 rw-p 00000000 00:00 0 
f6b5b000-f6b66000 r--p 00000000 09:04 15885031                           /usr/lib/i386-linux-gnu/libunistring.so.2.2.0
f6b66000-f6ba7000 r-xp 0000b000 09:04 15885031                           /usr/lib/i386-linux-gnu/libunistring.so.2.2.0
f6ba7000-f6d0c000 r--p 0004c000 09:04 15885031                           /usr/lib/i386-linux-gnu/libunistring.so.2.2.0
f6d0c000-f6d0f000 r--p 001b0000 09:04 15885031                           /usr/lib/i386-linux-gnu/libunistring.so.2.2.0
f6d0f000-f6d10000 rw-p 001b3000 09:04 15885031                           /usr/lib/i386-linux-gnu/libunistring.so.2.2.0
f6d10000-f6d13000 r--p 00000000 09:04 15887662                           /usr/lib/i386-linux-gnu/liblzma.so.5.4.1
f6d13000-f6d34000 r-xp 00003000 09:04 15887662                           /usr/lib/i386-linux-gnu/liblzma.so.5.4.1
f6d34000-f6d44000 r--p 00024000 09:04 15887662                           /usr/lib/i386-linux-gnu/liblzma.so.5.4.1
f6d44000-f6d45000 r--p 00034000 09:04 15887662                           /usr/lib/i386-linux-gnu/liblzma.so.5.4.1
f6d45000-f6d46000 rw-p 00035000 09:04 15887662                           /usr/lib/i386-linux-gnu/liblzma.so.5.4.1
f6d46000-f6d91000 r--p 00000000 09:04 15887655                           /usr/lib/i386-linux-gnu/libicuuc.so.72.1
f6d91000-f6e9b000 r-xp 0004b000 09:04 15887655                           /usr/lib/i386-linux-gnu/libicuuc.so.72.1
f6e9b000-f6f41000 r--p 00155000 09:04 15887655                           /usr/lib/i386-linux-gnu/libicuuc.so.72.1
f6f41000-f6f4c000 r--p 001fa000 09:04 15887655                           /usr/lib/i386-linux-gnu/libicuuc.so.72.1
f6f4c000-f6f4d000 rw-p 00205000 09:04 15887655                           /usr/lib/i386-linux-gnu/libicuuc.so.72.1
f6f4d000-f6f4e000 rw-p 00000000 00:00 0 
f6f4e000-f6f4f000 r--p 00000000 09:04 15887530                           /usr/lib/i386-linux-gnu/libbrotlidec.so.1.0.9
f6f4f000-f6f57000 r-xp 00001000 09:04 15887530                           /usr/lib/i386-linux-gnu/libbrotlidec.so.1.0.9
f6f57000-f6f5a000 r--p 00009000 09:04 15887530                           /usr/lib/i386-linux-gnu/libbrotlidec.so.1.0.9
f6f5a000-f6f5b000 r--p 0000b000 09:04 15887530                           /usr/lib/i386-linux-gnu/libbrotlidec.so.1.0.9
f6f5b000-f6f5c000 rw-p 0000c000 09:04 15887530                           /usr/lib/i386-linux-gnu/libbrotlidec.so.1.0.9
f6f5c000-f6f5f000 r--p 00000000 09:04 15887569                           /usr/lib/i386-linux-gnu/libzstd.so.1.5.4
f6f5f000-f6ff6000 r-xp 00003000 09:04 15887569                           /usr/lib/i386-linux-gnu/libzstd.so.1.5.4
f6ff6000-f7012000 r--p 0009a000 09:04 15887569                           /usr/lib/i386-linux-gnu/libzstd.so.1.5.4
f7012000-f7013000 r--p 000b5000 09:04 15887569                           /usr/lib/i386-linux-gnu/libzstd.so.1.5.4
f7013000-f7014000 rw-p 000b6000 09:04 15887569                           /usr/lib/i386-linux-gnu/libzstd.so.1.5.4
f7014000-f7017000 r--p 00000000 09:04 15887556                           /usr/lib/i386-linux-gnu/liblber-2.5.so.0.1.8
f7017000-f701e000 r-xp 00003000 09:04 15887556                           /usr/lib/i386-linux-gnu/liblber-2.5.so.0.1.8
f701e000-f7023000 r--p 0000a000 09:04 15887556                           /usr/lib/i386-linux-gnu/liblber-2.5.so.0.1.8
f7023000-f7024000 r--p 0000e000 09:04 15887556                           /usr/lib/i386-linux-gnu/liblber-2.5.so.0.1.8
f7024000-f7025000 rw-p 0000f000 09:04 15887556                           /usr/lib/i386-linux-gnu/liblber-2.5.so.0.1.8
f7025000-f7027000 rw-p 00000000 00:00 0 
f7027000-f7032000 r--p 00000000 09:04 15887557                           /usr/lib/i386-linux-gnu/libldap-2.5.so.0.1.8
f7032000-f706e000 r-xp 0000b000 09:04 15887557                           /usr/lib/i386-linux-gnu/libldap-2.5.so.0.1.8
f706e000-f708c000 r--p 00047000 09:04 15887557                           /usr/lib/i386-linux-gnu/libldap-2.5.so.0.1.8
f708c000-f708d000 r--p 00065000 09:04 15887557                           /usr/lib/i386-linux-gnu/libldap-2.5.so.0.1.8
f708d000-f708e000 rw-p 00066000 09:04 15887557                           /usr/lib/i386-linux-gnu/libldap-2.5.so.0.1.8
f708e000-f708f000 rw-p 00000000 00:00 0 
f708f000-f7096000 r--p 00000000 09:04 15885029                           /usr/lib/i386-linux-gnu/libgssapi_krb5.so.2.2
f7096000-f70cd000 r-xp 00007000 09:04 15885029                           /usr/lib/i386-linux-gnu/libgssapi_krb5.so.2.2
f70cd000-f70e7000 r--p 0003e000 09:04 15885029                           /usr/lib/i386-linux-gnu/libgssapi_krb5.so.2.2
f70e7000-f70e8000 r--p 00058000 09:04 15885029                           /usr/lib/i386-linux-gnu/libgssapi_krb5.so.2.2
f70e8000-f70e9000 rw-p 00059000 09:04 15885029                           /usr/lib/i386-linux-gnu/libgssapi_krb5.so.2.2
f70e9000-f7151000 r--p 00000000 09:04 15885018                           /usr/lib/i386-linux-gnu/libcrypto.so.3
f7151000-f73a6000 r-xp 00068000 09:04 15885018                           /usr/lib/i386-linux-gnu/libcrypto.so.3
f73a6000-f7502000 r--p 002bd000 09:04 15885018                           /usr/lib/i386-linux-gnu/libcrypto.so.3
f7502000-f7538000 r--p 00418000 09:04 15885018                           /usr/lib/i386-linux-gnu/libcrypto.so.3
f7538000-f753a000 rw-p 0044e000 09:04 15885018                           /usr/lib/i386-linux-gnu/libcrypto.so.3
f753a000-f753c000 rw-p 00000000 00:00 0 
f753c000-f754d000 r--p 00000000 09:04 15885019                           /usr/lib/i386-linux-gnu/libssl.so.3
f754d000-f75ac000 r-xp 00011000 09:04 15885019                           /usr/lib/i386-linux-gnu/libssl.so.3
f75ac000-f75e3000 r--p 00070000 09:04 15885019                           /usr/lib/i386-linux-gnu/libssl.so.3
f75e3000-f75e9000 r--p 000a7000 09:04 15885019                           /usr/lib/i386-linux-gnu/libssl.so.3
f75e9000-f75ec000 rw-p 000ad000 09:04 15885019                           /usr/lib/i386-linux-gnu/libssl.so.3
f75ec000-f75ed000 r--p 00000000 09:04 15887562                           /usr/lib/i386-linux-gnu/libpsl.so.5.3.4
f75ed000-f75ef000 r-xp 00001000 09:04 15887562                           /usr/lib/i386-linux-gnu/libpsl.so.5.3.4
f75ef000-f75fe000 r--p 00003000 09:04 15887562                           /usr/lib/i386-linux-gnu/libpsl.so.5.3.4
f75fe000-f75ff000 r--p 00011000 09:04 15887562                           /usr/lib/i386-linux-gnu/libpsl.so.5.3.4
f75ff000-f7600000 rw-p 00012000 09:04 15887562                           /usr/lib/i386-linux-gnu/libpsl.so.5.3.4
f7600000-f7604000 r--p 00000000 09:04 15887567                           /usr/lib/i386-linux-gnu/libssh2.so.1.0.1
f7604000-f762d000 r-xp 00004000 09:04 15887567                           /usr/lib/i386-linux-gnu/libssh2.so.1.0.1
f762d000-f7645000 r--p 0002d000 09:04 15887567                           /usr/lib/i386-linux-gnu/libssh2.so.1.0.1
f7645000-f7646000 ---p 00045000 09:04 15887567                           /usr/lib/i386-linux-gnu/libssh2.so.1.0.1
f7646000-f7647000 r--p 00045000 09:04 15887567                           /usr/lib/i386-linux-gnu/libssh2.so.1.0.1
f7647000-f7648000 rw-p 00046000 09:04 15887567                           /usr/lib/i386-linux-gnu/libssh2.so.1.0.1
f7648000-f764b000 r--p 00000000 09:04 15887566                           /usr/lib/i386-linux-gnu/librtmp.so.1
f764b000-f765b000 r-xp 00003000 09:04 15887566                           /usr/lib/i386-linux-gnu/librtmp.so.1
f765b000-f7666000 r--p 00013000 09:04 15887566                           /usr/lib/i386-linux-gnu/librtmp.so.1
f7666000-f7667000 ---p 0001e000 09:04 15887566                           /usr/lib/i386-linux-gnu/librtmp.so.1
f7667000-f7668000 r--p 0001e000 09:04 15887566                           /usr/lib/i386-linux-gnu/librtmp.so.1
f7668000-f7669000 rw-p 0001f000 09:04 15887566                           /usr/lib/i386-linux-gnu/librtmp.so.1
f7669000-f766b000 r--p 00000000 09:04 15885033                           /usr/lib/i386-linux-gnu/libidn2.so.0.3.8
f766b000-f7673000 r-xp 00002000 09:04 15885033                           /usr/lib/i386-linux-gnu/libidn2.so.0.3.8
f7673000-f769a000 r--p 0000a000 09:04 15885033                           /usr/lib/i386-linux-gnu/libidn2.so.0.3.8
f769a000-f769b000 r--p 00031000 09:04 15885033                           /usr/lib/i386-linux-gnu/libidn2.so.0.3.8
f769b000-f769c000 rw-p 00032000 09:04 15885033                           /usr/lib/i386-linux-gnu/libidn2.so.0.3.8
f769c000-f76a0000 r--p 00000000 09:04 15887560                           /usr/lib/i386-linux-gnu/libnghttp2.so.14.24.1
f76a0000-f76b9000 r-xp 00004000 09:04 15887560                           /usr/lib/i386-linux-gnu/libnghttp2.so.14.24.1
f76b9000-f76cd000 r--p 0001d000 09:04 15887560                           /usr/lib/i386-linux-gnu/libnghttp2.so.14.24.1
f76cd000-f76cf000 r--p 00030000 09:04 15887560                           /usr/lib/i386-linux-gnu/libnghttp2.so.14.24.1
f76cf000-f76d0000 rw-p 00032000 09:04 15887560                           /usr/lib/i386-linux-gnu/libnghttp2.so.14.24.1
f76d0000-f76f2000 r--p 00000000 09:04 15884730                           /usr/lib/i386-linux-gnu/libc.so.6
f76f2000-f786b000 r-xp 00022000 09:04 15884730                           /usr/lib/i386-linux-gnu/libc.so.6
f786b000-f78eb000 r--p 0019b000 09:04 15884730                           /usr/lib/i386-linux-gnu/libc.so.6
f78eb000-f78ed000 r--p 0021b000 09:04 15884730                           /usr/lib/i386-linux-gnu/libc.so.6
f78ed000-f78ee000 rw-p 0021d000 09:04 15884730                           /usr/lib/i386-linux-gnu/libc.so.6
f78ee000-f78fa000 rw-p 00000000 00:00 0 
f78fa000-f78fd000 r--p 00000000 09:04 15884726                           /usr/lib/i386-linux-gnu/libgcc_s.so.1
f78fd000-f791a000 r-xp 00003000 09:04 15884726                           /usr/lib/i386-linux-gnu/libgcc_s.so.1
f791a000-f791f000 r--p 00020000 09:04 15884726                           /usr/lib/i386-linux-gnu/libgcc_s.so.1
f791f000-f7920000 r--p 00024000 09:04 15884726                           /usr/lib/i386-linux-gnu/libgcc_s.so.1
f7920000-f7921000 rw-p 00025000 09:04 15884726                           /usr/lib/i386-linux-gnu/libgcc_s.so.1
f7921000-f792e000 r--p 00000000 09:04 15884733                           /usr/lib/i386-linux-gnu/libm.so.6
f792e000-f79ee000 r-xp 0000d000 09:04 15884733                           /usr/lib/i386-linux-gnu/libm.so.6
f79ee000-f7a24000 r--p 000cd000 09:04 15884733                           /usr/lib/i386-linux-gnu/libm.so.6
f7a24000-f7a25000 r--p 00103000 09:04 15884733                           /usr/lib/i386-linux-gnu/libm.so.6
f7a25000-f7a26000 rw-p 00104000 09:04 15884733                           /usr/lib/i386-linux-gnu/libm.so.6
f7a26000-f7a9e000 r--p 00000000 09:04 15887614                           /usr/lib/i386-linux-gnu/libstdc++.so.6.0.30
f7a9e000-f7bb5000 r-xp 00078000 09:04 15887614                           /usr/lib/i386-linux-gnu/libstdc++.so.6.0.30
f7bb5000-f7c3c000 r--p 0018f000 09:04 15887614                           /usr/lib/i386-linux-gnu/libstdc++.so.6.0.30
f7c3c000-f7c42000 r--p 00215000 09:04 15887614                           /usr/lib/i386-linux-gnu/libstdc++.so.6.0.30
f7c42000-f7c44000 rw-p 0021b000 09:04 15887614                           /usr/lib/i386-linux-gnu/libstdc++.so.6.0.30
f7c44000-f7c46000 rw-p 00000000 00:00 0 
f7c46000-f7c48000 r--p 00000000 09:04 15887564                           /usr/lib/i386-linux-gnu/libz.so.1.2.13
f7c48000-f7c5a000 r-xp 00002000 09:04 15887564                           /usr/lib/i386-linux-gnu/libz.so.1.2.13
f7c5a000-f7c61000 r--p 00014000 09:04 15887564                           /usr/lib/i386-linux-gnu/libz.so.1.2.13
f7c61000-f7c62000 r--p 0001a000 09:04 15887564                           /usr/lib/i386-linux-gnu/libz.so.1.2.13
f7c62000-f7c63000 rw-p 0001b000 09:04 15887564                           /usr/lib/i386-linux-gnu/libz.so.1.2.13
f7c63000-f7c80000 r--p 00000000 09:04 15887664                           /usr/lib/i386-linux-gnu/libxml2.so.2.9.14
f7c80000-f7da0000 r-xp 0001d000 09:04 15887664                           /usr/lib/i386-linux-gnu/libxml2.so.2.9.14
f7da0000-f7e2b000 r--p 0013d000 09:04 15887664                           /usr/lib/i386-linux-gnu/libxml2.so.2.9.14
f7e2b000-f7e30000 r--p 001c7000 09:04 15887664                           /usr/lib/i386-linux-gnu/libxml2.so.2.9.14
f7e30000-f7e31000 rw-p 001cc000 09:04 15887664                           /usr/lib/i386-linux-gnu/libxml2.so.2.9.14
f7e31000-f7e32000 rw-p 00000000 00:00 0 
f7e32000-f7e33000 r--p 00000000 09:04 15887646                           /usr/lib/i386-linux-gnu/libpcre.so.3.13.3
f7e33000-f7e87000 r-xp 00001000 09:04 15887646                           /usr/lib/i386-linux-gnu/libpcre.so.3.13.3
f7e87000-f7eac000 r--p 00055000 09:04 15887646                           /usr/lib/i386-linux-gnu/libpcre.so.3.13.3
f7eac000-f7ead000 r--p 00079000 09:04 15887646                           /usr/lib/i386-linux-gnu/libpcre.so.3.13.3
f7ead000-f7eae000 rw-p 0007a000 09:04 15887646                           /usr/lib/i386-linux-gnu/libpcre.so.3.13.3
f7eae000-f7eb7000 r--p 00000000 09:04 15893957                           /usr/lib/i386-linux-gnu/libcurl.so.4.8.0
f7eb7000-f7f30000 r-xp 00009000 09:04 15893957                           /usr/lib/i386-linux-gnu/libcurl.so.4.8.0
f7f30000-f7f6c000 r--p 00082000 09:04 15893957                           /usr/lib/i386-linux-gnu/libcurl.so.4.8.0
f7f6c000-f7f6e000 r--p 000be000 09:04 15893957                           /usr/lib/i386-linux-gnu/libcurl.so.4.8.0
f7f6e000-f7f70000 rw-p 000c0000 09:04 15893957                           /usr/lib/i386-linux-gnu/libcurl.so.4.8.0
f7f74000-f7f7c000 rw-s 00000000 09:04 8004892                            /tmp/hsperfdata_swg/3987594 (deleted)
f7f7c000-f7f7d000 ---p 00000000 00:00 0 
f7f7d000-f7f7e000 r--p 00000000 00:00 0 
f7f7e000-f7f7f000 ---p 00000000 00:00 0 
f7f7f000-f7f80000 r--p 00000000 09:04 15769286                           /usr/local/lib/cfree_fix32.so
f7f80000-f7f81000 r-xp 00001000 09:04 15769286                           /usr/local/lib/cfree_fix32.so
f7f81000-f7f82000 r--p 00002000 09:04 15769286                           /usr/local/lib/cfree_fix32.so
f7f82000-f7f83000 r--p 00002000 09:04 15769286                           /usr/local/lib/cfree_fix32.so
f7f83000-f7f84000 rw-p 00003000 09:04 15769286                           /usr/local/lib/cfree_fix32.so
f7f84000-f7f86000 rw-p 00000000 00:00 0 
f7f86000-f7f8a000 r--p 00000000 00:00 0                                  [vvar]
f7f8a000-f7f8c000 r-xp 00000000 00:00 0                                  [vdso]
f7f8c000-f7f8d000 r--p 00000000 09:04 15884727                           /usr/lib/i386-linux-gnu/ld-linux.so.2
f7f8d000-f7fb0000 r-xp 00001000 09:04 15884727                           /usr/lib/i386-linux-gnu/ld-linux.so.2
f7fb0000-f7fbe000 r--p 00024000 09:04 15884727                           /usr/lib/i386-linux-gnu/ld-linux.so.2
f7fbe000-f7fc0000 r--p 00031000 09:04 15884727                           /usr/lib/i386-linux-gnu/ld-linux.so.2
f7fc0000-f7fc1000 rw-p 00033000 09:04 15884727                           /usr/lib/i386-linux-gnu/ld-linux.so.2
ffa16000-ffa17000 rwxp 00000000 00:00 0 
ffb1f000-ffbdb000 rw-p 00000000 00:00 0                                  [stack]


VM Arguments:
jvm_args: -Xms128m -Xmx512m -Xss768k -XX:MaxMetaspaceSize=96m -Xrs -XX:-UsePerfData -XX:-AllowUserSignalHandlers -XX:UseSSE=3 -XX+DoEscapeAnalysis -XX:AutoBoxCacheMax:2000 -XX:+OptimizeStringConcat -XX:+OptimizeFill -XX:+EliminateAutoBox -XX:+UseCompressedStrings -XX:+UseCompressedOops -XX:+EliminateLocks -XX:UseFastAccessorMethods -XX:+UseStringCache -XgcPrio:throughput -XXkeepAreaRatio:1 -XXlazyUnlocking -XXcallProfiling -XXcompactRatio:1 
java_command: <unknown>
java_class_path (initial): ../../data/sku.0/sys.server/compiled/game/
Launcher Type: generic

[Global flags]
     intx CICompilerCount                          = 3                                         {product} {ergonomic}
     uint ConcGCThreads                            = 3                                         {product} {ergonomic}
     uint G1ConcRefinementThreads                  = 13                                        {product} {ergonomic}
   size_t G1HeapRegionSize                         = 1048576                                   {product} {ergonomic}
    uintx GCDrainStackTargetSize                   = 64                                        {product} {ergonomic}
   size_t InitialHeapSize                          = 134217728                                 {product} {command line}
   size_t MarkStackSize                            = 49152                                     {product} {ergonomic}
   size_t MaxHeapSize                              = 536870912                                 {product} {command line}
   size_t MaxMetaspaceSize                         = 100663296                                 {product} {command line}
   size_t MaxNewSize                               = 321912832                                 {product} {ergonomic}
   size_t MinHeapDeltaBytes                        = 1048576                                   {product} {ergonomic}
   size_t MinHeapSize                              = 134217728                                 {product} {command line}
    uintx NonNMethodCodeHeapSize                   = 5544422                                {pd product} {ergonomic}
    uintx NonProfiledCodeHeapSize                  = 123056909                              {pd product} {ergonomic}
    uintx ProfiledCodeHeapSize                     = 123056909                              {pd product} {ergonomic}
    uintx ReservedCodeCacheSize                    = 251658240                              {pd product} {ergonomic}
     bool SegmentedCodeCache                       = true                                      {product} {ergonomic}
   size_t SoftMaxHeapSize                          = 536870912                              {manageable} {ergonomic}
   double SweeperThreshold                         = 0.500000                                  {product} {ergonomic}
     intx ThreadStackSize                          = 768                                    {pd product} {command line}
     bool UseG1GC                                  = true                                      {product} {ergonomic}

Logging:
Log output configuration:
 #0: stdout all=off uptime,level,tags
 #1: stderr all=off uptime,level,tags

Environment Variables:
PATH=/usr/local/sbin:/usr/local/bin:/usr/sbin:/usr/bin:/sbin:/bin:/usr/lib/oracle/18.3/client/bin:/usr/lib/jvm/zulu-17-x86/bin/:./
LD_LIBRARY_PATH=/usr/lib/oracle/18.3/client/lib:/usr/lib/jvm/zulu-17-x86/lib/:/usr/lib/jvm/zulu-17-x86/lib/server/:./
LD_PRELOAD=/usr/local/lib/cfree_fix32.so
SHELL=/bin/bash
LANG=en_US.UTF-8

Active Locale:
LC_ALL=en_US.UTF-8
LC_COLLATE=en_US.UTF-8
LC_CTYPE=en_US.UTF-8
LC_MESSAGES=en_US.UTF-8
LC_MONETARY=en_US.UTF-8
LC_NUMERIC=en_US.UTF-8
LC_TIME=en_US.UTF-8

Signal Handlers:
   SIGSEGV: crash_handler in libjvm.so, mask=11100100010111111101111111111110, flags=SA_RESTART|SA_SIGINFO, unblocked
    SIGBUS: crash_handler in libjvm.so, mask=11100100010111111101111111111110, flags=SA_RESTART|SA_SIGINFO, unblocked
    SIGFPE: crash_handler in libjvm.so, mask=11100100010111111101111111111110, flags=SA_RESTART|SA_SIGINFO, unblocked
   SIGPIPE: SIG_IGN, mask=00000000000010000000000000000000, flags=SA_RESTART, blocked
  *** Handler was modified!
  *** Expected: javaSignalHandler in libjvm.so, mask=11100100110111111111111111111110, flags=SA_RESTART|SA_SIGINFO
   SIGXFSZ: javaSignalHandler in libjvm.so, mask=11100100010111111101111111111110, flags=SA_RESTART|SA_SIGINFO, blocked
    SIGILL: crash_handler in libjvm.so, mask=11100100010111111101111111111110, flags=SA_RESTART|SA_SIGINFO, unblocked
   SIGUSR2: SR_handler in libjvm.so, mask=00100000000000000000000000000000, flags=SA_RESTART|SA_SIGINFO, blocked
    SIGHUP: UserHandler in libjvm.so, mask=11100100010111111101111111111110, flags=SA_RESTART|SA_SIGINFO, blocked
    SIGINT: UserHandler in libjvm.so, mask=11100100010111111101111111111110, flags=SA_RESTART|SA_SIGINFO, blocked
   SIGTERM: UserHandler in libjvm.so, mask=11100100010111111101111111111110, flags=SA_RESTART|SA_SIGINFO, blocked
   SIGQUIT: UserHandler in libjvm.so, mask=11100100010111111101111111111110, flags=SA_RESTART|SA_SIGINFO, blocked
   SIGTRAP: crash_handler in libjvm.so, mask=11100100010111111101111111111110, flags=SA_RESTART|SA_SIGINFO, unblocked


Periodic native trim disabled


---------------  S Y S T E M  ---------------

OS:
PRETTY_NAME="Debian GNU/Linux 12 (bookworm)"
NAME="Debian GNU/Linux"
VERSION_ID="12"
VERSION="12 (bookworm)"
VERSION_CODENAME=bookworm
ID=debian
HOME_URL="https://www.debian.org/"
SUPPORT_URL="https://www.debian.org/support"
BUG_REPORT_URL="https://bugs.debian.org/"
uname: Linux 6.1.0-52-amd64 #1 SMP PREEMPT_DYNAMIC Debian 6.1.180-1 (2026-08-03) x86_64
OS uptime: 4 days 1:25 hours
libc: glibc 2.36 NPTL 2.36 
rlimit (soft/hard): STACK 8192k/infinity , CORE 0k/infinity , NPROC 256181/256181 , NOFILE 524288/524288 , AS infinity/infinity , CPU infinity/infinity , DATA infinity/infinity , FSIZE infinity/infinity , MEMLOCK 8192k/8192k
load average: 4.65 5.04 5.08

/proc/meminfo:
MemTotal:       65729880 kB
MemFree:        13508232 kB
MemAvailable:   44530272 kB
Buffers:         1856256 kB
Cached:         37983844 kB
SwapCached:            0 kB
Active:         24398356 kB
Inactive:       25365912 kB
Active(anon):    3297876 kB
Inactive(anon): 15691244 kB
Active(file):   21100480 kB
Inactive(file):  9674668 kB
Unevictable:          64 kB
Mlocked:              64 kB
SwapTotal:       7813112 kB
SwapFree:        7813112 kB
Zswap:                 0 kB
Zswapped:              0 kB
Dirty:               468 kB
Writeback:             0 kB
AnonPages:       9884912 kB
Mapped:          2662460 kB
Shmem:           9064952 kB
KReclaimable:    1556548 kB
Slab:            1808232 kB
SReclaimable:    1556548 kB
SUnreclaim:       251684 kB
KernelStack:       21656 kB
PageTables:       296960 kB
SecPageTables:         0 kB
NFS_Unstable:          0 kB
Bounce:                0 kB
WritebackTmp:          0 kB
CommitLimit:    40678052 kB
Committed_AS:   25591680 kB
VmallocTotal:   34359738367 kB
VmallocUsed:       77724 kB
VmallocChunk:          0 kB
Percpu:            59008 kB
HardwareCorrupted:     0 kB
AnonHugePages:   7532544 kB
ShmemHugePages:        0 kB
ShmemPmdMapped:        0 kB
FileHugePages:         0 kB
FilePmdMapped:         0 kB
HugePages_Total:       0
HugePages_Free:        0
HugePages_Rsvd:        0
HugePages_Surp:        0
Hugepagesize:       2048 kB
Hugetlb:               0 kB
DirectMap4k:      217572 kB
DirectMap2M:     8060928 kB
DirectMap1G:    58720256 kB

/sys/kernel/mm/transparent_hugepage/enabled: [always] madvise never
/sys/kernel/mm/transparent_hugepage/hpage_pmd_size: 2097152
/sys/kernel/mm/transparent_hugepage/defrag (defrag/compaction efforts parameter): always defer defer+madvise [madvise] never

Process Memory:
Virtual Size: 1093232K (peak: 1102520K)
Resident Set Size: 242712K (peak: 243840K) (anon: 199740K, file: 42972K, shmem: 0K)
Swapped out: 0K
C-Heap outstanding allocations: 22142K, retained: 78061K
glibc malloc tunables: (default)

/proc/sys/kernel/threads-max (system-wide limit on the number of threads): 512362
/proc/sys/vm/max_map_count (maximum number of memory map areas a process may have): 65530
/proc/sys/vm/swappiness (control to define how aggressively the kernel swaps out anonymous memory): 10
/proc/sys/kernel/pid_max (system-wide limit on number of process identifiers): 4194304

container (cgroup) information:
container_type: cgroupv2
cpu_cpuset_cpus: not supported
cpu_memory_nodes: not supported
active_processor_count: 16
cpu_quota: no quota
cpu_period: 100000
cpu_shares: 20480
memory_limit_in_bytes: unlimited
memory_and_swap_limit_in_bytes: unlimited
memory_soft_limit_in_bytes: 0
memory_usage_in_bytes: 7476584 k
memory_max_usage_in_bytes: not supported
rss_usage_in_bytes: 7398912 k
cache_usage_in_bytes: 2740 k
memory_swap_current_in_bytes: 0
memory_swap_max_limit_in_bytes: unlimited
maximum number of tasks: 76854
current number of tasks: 596

Steal ticks since vm start: 0
Steal ticks percentage since vm start:  0.000

CPU: total 32 (initial active 16) (16 cores per cpu, 2 threads per core) family 23 model 113 stepping 0 microcode 0x8701034, cx8, cmov, fxsr, ht, mmx, 3dnowpref, sse, sse2, sse3, ssse3, sse4a, sse4.1, sse4.2, popcnt, lzcnt, tsc, tscinvbit, avx, avx2, aes, clmul, bmi1, bmi2, adx, sha, fma, vzeroupper, clflush, clflushopt
CPU Model and flags from /proc/cpuinfo:
model name	: AMD Ryzen 7 PRO 3700 8-Core Processor
flags		: fpu vme de pse tsc msr pae mce cx8 apic sep mtrr pge mca cmov pat pse36 clflush mmx fxsr sse sse2 ht syscall nx mmxext fxsr_opt pdpe1gb rdtscp lm constant_tsc rep_good nopl nonstop_tsc cpuid extd_apicid aperfmperf rapl pni pclmulqdq monitor ssse3 fma cx16 sse4_1 sse4_2 x2apic movbe popcnt aes xsave avx f16c rdrand lahf_lm cmp_legacy svm extapic cr8_legacy abm sse4a misalignsse 3dnowprefetch osvw ibs skinit wdt tce topoext perfctr_core perfctr_nb bpext perfctr_llc mwaitx cpb cat_l3 cdp_l3 hw_pstate ssbd mba ibpb stibp vmmcall fsgsbase bmi1 avx2 smep bmi2 cqm rdt_a rdseed adx smap clflushopt clwb sha_ni xsaveopt xsavec xgetbv1 cqm_llc cqm_occup_llc cqm_mbm_total cqm_mbm_local clzero irperf xsaveerptr rdpru wbnoinvd arat npt lbrv svm_lock nrip_save tsc_scale vmcb_clean flushbyasid decodeassists pausefilter pfthreshold avic v_vmsave_vmload vgif v_spec_ctrl umip rdpid overflow_recov succor smca sev sev_es ibpb_exit_to_user

Online cpus: 0-15
Offline cpus: 16-31
BIOS frequency limitation: 3600000
Frequency switch latency (ns): 0
Available cpu frequencies: 3600000 2800000 2200000 
Current governor: schedutil
Core performance/turbo boost: 1

Memory: 4k page, physical 65729880k(13528240k free), swap 7813112k(7813112k free)
Page Sizes: 4k

vm_info: OpenJDK Server VM (17.0.19+10-LTS) for linux-x86 JRE (17.0.19+10-LTS) (Zulu17.66+19-CA), built on Apr 17 2026 20:26:03 by "zulu_re" with gcc 8.3.0

END.
