#
# A fatal error has been detected by the Java Runtime Environment:
#
#  SIGSEGV (0xb) at pc=0xf7737c60, pid=3987605, tid=3987605
#
# JRE version: OpenJDK Runtime Environment Zulu17.66+19-CA (17.0.19+10) (build 17.0.19+10-LTS)
# Java VM: OpenJDK Server VM Zulu17.66+19-CA (17.0.19+10-LTS, mixed mode, sharing, tiered, g1 gc, linux-x86)
# Problematic frame:
# C  [libc.so.6+0x99c60]  cfree+0x20
#
# No core dump will be written. Core dumps have been disabled. To enable core dumping, try "ulimit -c unlimited" before starting Java again
#
# If you would like to submit a bug report, please visit:
#   http://www.azul.com/support/
#

---------------  S U M M A R Y ------------

Command Line: -Xms128m -Xmx512m -Xss768k -XX:MaxMetaspaceSize=96m -Xrs -XX:-UsePerfData -XX:-AllowUserSignalHandlers -XX:UseSSE=3 -XX+DoEscapeAnalysis -XX:AutoBoxCacheMax:2000 -XX:+OptimizeStringConcat -XX:+OptimizeFill -XX:+EliminateAutoBox -XX:+UseCompressedStrings -XX:+UseCompressedOops -XX:+EliminateLocks -XX:UseFastAccessorMethods -XX:+UseStringCache -XgcPrio:throughput -XXkeepAreaRatio:1 -XXlazyUnlocking -XXcallProfiling -XXcompactRatio:1 

Host: AMD Ryzen 7 PRO 3700 8-Core Processor, 32 cores, 62G, Debian GNU/Linux 12 (bookworm)
Time: Wed Aug 12 01:15:05 2026 UTC elapsed time: 10764.093801 seconds (0d 2h 59m 24s)

---------------  T H R E A D  ---------------

Current thread is native thread

Stack: [0xffb2d000,0xffbed000],  sp=0xffbeb390,  free space=760k
Native frames: (J=compiled Java code, j=interpreted, Vv=VM code, C=native code)
C  [libc.so.6+0x99c60]  cfree+0x20
C  [SwgGameServer+0x11552ff]  FileManifest::remove()+0x51
C  [SwgGameServer+0x1161ecc]  ExitChain::run()+0x6e
C  [SwgGameServer+0x1161cf3]  ExitChain::quit()+0x15
C  [SwgGameServer+0x1170be0]  SetupSharedFoundation::remove()+0x18
C  [SwgGameServer+0x112b300]  main+0x372


siginfo: si_signo: 11 (SIGSEGV), si_code: 1 (SEGV_MAPERR), si_addr: 0x000000fc

Registers:
EAX=0x5ad446e8, EBX=0x00000100, ECX=0xf46ea9c8, EDX=0x00000100
ESP=0xffbeb390, EBP=0xffbeb418, ESI=0xf78baff4, EDI=0xffffffa4
EIP=0xf7737c60, EFLAGS=0x00210206, CR2=0x00000000000000fc


Top of Stack: (sp=0xffbeb390)
0xffbeb390:   43de32ec 594a2eb8 ffbeb3d8 03697e00
0xffbeb3a0:   ffbeb3c8 f7a7c876 f7c0fff4 f7c0fff4
0xffbeb3b0:   5ad446e0 f7f8db80 ffbeb418 f7a7c888
0xffbeb3c0:   00000100 ffffffa4 00000002 57773d49
0xffbeb3d0:   f772803b f7a7c876 f7c0fff4 f7b1d795
0xffbeb3e0:   00000100 5949aca4 58c9325c 577737db
0xffbeb3f0:   00000000 f7b1d776 58c9325c 577730ee
0xffbeb400:   5ad446e0 5949aca0 f7c0fff4 577730c8
0xffbeb410:   5a9c9690 58c9325c ffbeb448 577722ff
0xffbeb420:   5ad446e0 ffbeb43c ffbeb448 577722bb
0xffbeb430:   00000000 58c9325c 5ad48480 5949aca4
0xffbeb440:   58c9325c 58c9325c ffbeb468 5777eecc
0xffbeb450:   58c9325c 58c9325c ffbeb478 5a9c9670
0xffbeb460:   5c1ded30 58c9325c ffbeb478 5777ecf3
0xffbeb470:   58c9325c 58c9325c ffbeb488 5778dbe0
0xffbeb480:   57b24be0 ffbeb590 ffbeb578 57748300
0xffbeb490:   0000000d 00000001 5ad29900 58570100
0xffbeb4a0:   5ad29a50 00300100 5ad29aa0 ffbe0100
0xffbeb4b0:   585b5b20 00000000 00000000 00beb524
0xffbeb4c0:   00000000 01010100 5301c320 61476777
0xffbeb4d0:   6553656d 72657672 3839333a 35303637
0xffbeb4e0:   5951d200 57718e21 00013748 f7738806
0xffbeb4f0:   f7f8dff4 0000002c 00000000 f773861e
0xffbeb500:   00013748 00000211 5a9c48b8 00000000
0xffbeb510:   58c9325c 57a2fa26 ffbeb538 57a2e911
0xffbeb520:   ffffffff 00f5a694 00000000 00000001
0xffbeb530:   594a3200 00000000 00000000 00000000
0xffbeb540:   00000000 5ad29900 00000015 00000015
0xffbeb550:   f78c6000 f7f6a83b f76baa4f f78c6000
0xffbeb560:   ffbeb5a0 f78c61d8 f46ec320 ffbeb590
0xffbeb570:   f78baff4 58c758c8 00000000 f76c12d5
0xffbeb580:   57a2dd7a 00000070 f7f8dff4 f76c12d5 

Instructions: (pc=0xf7737c60)
0xf7737b60:   5e 5f 5d c3 8d 74 26 00 31 d2 89 f0 e8 3f cb ff
0xf7737b70:   ff 89 f2 89 c3 e8 96 e6 ff ff 85 c0 75 16 85 db
0xf7737b80:   74 1f 89 f2 89 d8 e8 c5 d0 ff ff 89 f2 89 c3 e8
0xf7737b90:   7c e6 ff ff 85 db 74 09 31 d2 87 13 83 fa 01 7f
0xf7737ba0:   77 85 c0 0f 85 6a fe ff ff 31 c0 eb af 8d 87 48
0xf7737bb0:   f0 f9 ff 50 8d 87 00 f3 f9 ff 50 8d 87 a0 e3 f9
0xf7737bc0:   ff 50 6a 01 e8 c7 2e fe ff 8d b4 26 00 00 00 00
0xf7737bd0:   83 ec 0c 53 e8 c7 ae fe ff 83 c4 10 e9 14 fe ff
0xf7737be0:   ff 8d b4 26 00 00 00 00 89 44 24 0c 83 ec 0c 53
0xf7737bf0:   e8 9b af fe ff 83 c4 10 8b 44 24 0c e9 12 fe ff
0xf7737c00:   ff 8d b4 26 00 00 00 00 8d 87 0c ee f9 ff e8 ed
0xf7737c10:   bb ff ff 8d 74 26 00 90 89 44 24 0c 83 ec 0c 53
0xf7737c20:   e8 6b af fe ff 83 c4 10 8b 44 24 0c e9 70 ff ff
0xf7737c30:   ff 8d b4 26 00 00 00 00 8d b4 26 00 00 00 00 90
0xf7737c40:   55 57 56 e8 ad 58 0d 00 81 c6 ac 33 18 00 53 83
0xf7737c50:   ec 1c 8b 5c 24 30 85 db 74 5b 8b be d0 fe ff ff
0xf7737c60:   8b 53 fc 8d 43 f8 65 8b 2f f6 c2 02 75 52 8b 8e
0xf7737c70:   a4 fe ff ff 65 8b 09 85 c9 0f 84 81 00 00 00 83
0xf7737c80:   e2 04 8d 9e cc 07 00 00 74 1d 8b 8e e4 01 00 00
0xf7737c90:   8d 14 8d 00 00 00 00 f7 da 85 c9 b9 00 00 f0 ff
0xf7737ca0:   0f 44 d1 21 c2 8b 1a 89 c2 31 c9 89 d8 e8 8e d3
0xf7737cb0:   ff ff 65 89 2f 83 c4 1c 5b 5e 5f 5d c3 8d 76 00
0xf7737cc0:   8b 9e f8 01 00 00 85 db 75 26 39 96 d4 01 00 00
0xf7737cd0:   73 1e 81 fa 00 00 08 00 77 16 83 e2 f8 89 96 d4
0xf7737ce0:   01 00 00 01 d2 89 96 cc 01 00 00 8d 74 26 00 90
0xf7737cf0:   e8 9b bc ff ff eb bb 8d b4 26 00 00 00 00 66 90
0xf7737d00:   8b 8e a8 fe ff ff 65 80 39 00 0f 85 6f ff ff ff
0xf7737d10:   89 44 24 0c e8 47 f3 ff ff 8b 53 fc 8b 44 24 0c
0xf7737d20:   e9 5a ff ff ff 8d b4 26 00 00 00 00 8d 74 26 00
0xf7737d30:   55 57 56 53 e8 ac 57 0d 00 81 c3 bb 32 18 00 83
0xf7737d40:   ec 0c 8b 83 a4 fe ff ff 8b 93 a8 fe ff ff 65 8b
0xf7737d50:   30 65 c6 02 01 85 f6 74 67 65 c7 00 00 00 00 00 



---------------  P R O C E S S  ---------------

VM state: at safepoint (shutting down)

VM Mutex/Monitor currently owned by a thread:  ([mutex/lock_event])
[0xf3627890] Threads_lock - owner thread: 0xc19e0be0

GC Precious Log:
<Skipped>

Heap:
 garbage-first heap   total 131072K, used 49045K [0xc3200000, 0xe3200000)
  region size 1024K, 39 young (39936K), 4 survivors (4096K)
 Metaspace       used 8602K, committed 9664K, reserved 16384K

Heap Regions: E=young(eden), S=young(survivor), O=old, HS=humongous(starts), HC=humongous(continues), CS=collection set, F=free, OA=open archive, CA=closed archive, TAMS=top-at-mark-start (previous, next)
|   0|0xc3200000, 0xc3300000, 0xc3300000|100%| O|  |TAMS 0xc3200000, 0xc3200000| Untracked 
|   1|0xc3300000, 0xc3400000, 0xc3400000|100%| O|  |TAMS 0xc3300000, 0xc3300000| Untracked 
|   2|0xc3400000, 0xc3500000, 0xc3500000|100%| O|  |TAMS 0xc3400000, 0xc3400000| Untracked 
|   3|0xc3500000, 0xc3600000, 0xc3600000|100%| O|  |TAMS 0xc3500000, 0xc3500000| Untracked 
|   4|0xc3600000, 0xc3700000, 0xc3700000|100%| O|  |TAMS 0xc3600000, 0xc3600000| Untracked 
|   5|0xc3700000, 0xc3800000, 0xc3800000|100%| O|  |TAMS 0xc3700000, 0xc3700000| Untracked 
|   6|0xc3800000, 0xc3900000, 0xc3900000|100%| O|  |TAMS 0xc3800000, 0xc3800000| Untracked 
|   7|0xc3900000, 0xc3a00000, 0xc3a00000|100%| O|  |TAMS 0xc3900000, 0xc3900000| Untracked 
|   8|0xc3a00000, 0xc3b00000, 0xc3b00000|100%| O|  |TAMS 0xc3a00000, 0xc3a00000| Untracked 
|   9|0xc3b00000, 0xc3bc1c00, 0xc3c00000| 75%| O|  |TAMS 0xc3b00000, 0xc3b00000| Untracked 
|  10|0xc3c00000, 0xc3c00000, 0xc3d00000|  0%| F|  |TAMS 0xc3c00000, 0xc3c00000| Untracked 
|  11|0xc3d00000, 0xc3d00000, 0xc3e00000|  0%| F|  |TAMS 0xc3d00000, 0xc3d00000| Untracked 
|  12|0xc3e00000, 0xc3e00000, 0xc3f00000|  0%| F|  |TAMS 0xc3e00000, 0xc3e00000| Untracked 
|  13|0xc3f00000, 0xc3f00000, 0xc4000000|  0%| F|  |TAMS 0xc3f00000, 0xc3f00000| Untracked 
|  14|0xc4000000, 0xc4000000, 0xc4100000|  0%| F|  |TAMS 0xc4000000, 0xc4000000| Untracked 
|  15|0xc4100000, 0xc4100000, 0xc4200000|  0%| F|  |TAMS 0xc4100000, 0xc4100000| Untracked 
|  16|0xc4200000, 0xc4200000, 0xc4300000|  0%| F|  |TAMS 0xc4200000, 0xc4200000| Untracked 
|  17|0xc4300000, 0xc4300000, 0xc4400000|  0%| F|  |TAMS 0xc4300000, 0xc4300000| Untracked 
|  18|0xc4400000, 0xc4400000, 0xc4500000|  0%| F|  |TAMS 0xc4400000, 0xc4400000| Untracked 
|  19|0xc4500000, 0xc4500000, 0xc4600000|  0%| F|  |TAMS 0xc4500000, 0xc4500000| Untracked 
|  20|0xc4600000, 0xc4600000, 0xc4700000|  0%| F|  |TAMS 0xc4600000, 0xc4600000| Untracked 
|  21|0xc4700000, 0xc4700000, 0xc4800000|  0%| F|  |TAMS 0xc4700000, 0xc4700000| Untracked 
|  22|0xc4800000, 0xc4800000, 0xc4900000|  0%| F|  |TAMS 0xc4800000, 0xc4800000| Untracked 
|  23|0xc4900000, 0xc4900000, 0xc4a00000|  0%| F|  |TAMS 0xc4900000, 0xc4900000| Untracked 
|  24|0xc4a00000, 0xc4a00000, 0xc4b00000|  0%| F|  |TAMS 0xc4a00000, 0xc4a00000| Untracked 
|  25|0xc4b00000, 0xc4b00000, 0xc4c00000|  0%| F|  |TAMS 0xc4b00000, 0xc4b00000| Untracked 
|  26|0xc4c00000, 0xc4c00000, 0xc4d00000|  0%| F|  |TAMS 0xc4c00000, 0xc4c00000| Untracked 
|  27|0xc4d00000, 0xc4d00000, 0xc4e00000|  0%| F|  |TAMS 0xc4d00000, 0xc4d00000| Untracked 
|  28|0xc4e00000, 0xc4e00000, 0xc4f00000|  0%| F|  |TAMS 0xc4e00000, 0xc4e00000| Untracked 
|  29|0xc4f00000, 0xc4f00000, 0xc5000000|  0%| F|  |TAMS 0xc4f00000, 0xc4f00000| Untracked 
|  30|0xc5000000, 0xc5000000, 0xc5100000|  0%| F|  |TAMS 0xc5000000, 0xc5000000| Untracked 
|  31|0xc5100000, 0xc5100000, 0xc5200000|  0%| F|  |TAMS 0xc5100000, 0xc5100000| Untracked 
|  32|0xc5200000, 0xc5200000, 0xc5300000|  0%| F|  |TAMS 0xc5200000, 0xc5200000| Untracked 
|  33|0xc5300000, 0xc5300000, 0xc5400000|  0%| F|  |TAMS 0xc5300000, 0xc5300000| Untracked 
|  34|0xc5400000, 0xc5400000, 0xc5500000|  0%| F|  |TAMS 0xc5400000, 0xc5400000| Untracked 
|  35|0xc5500000, 0xc5500000, 0xc5600000|  0%| F|  |TAMS 0xc5500000, 0xc5500000| Untracked 
|  36|0xc5600000, 0xc5600000, 0xc5700000|  0%| F|  |TAMS 0xc5600000, 0xc5600000| Untracked 
|  37|0xc5700000, 0xc5700000, 0xc5800000|  0%| F|  |TAMS 0xc5700000, 0xc5700000| Untracked 
|  38|0xc5800000, 0xc5800000, 0xc5900000|  0%| F|  |TAMS 0xc5800000, 0xc5800000| Untracked 
|  39|0xc5900000, 0xc5900000, 0xc5a00000|  0%| F|  |TAMS 0xc5900000, 0xc5900000| Untracked 
|  40|0xc5a00000, 0xc5a00000, 0xc5b00000|  0%| F|  |TAMS 0xc5a00000, 0xc5a00000| Untracked 
|  41|0xc5b00000, 0xc5b00000, 0xc5c00000|  0%| F|  |TAMS 0xc5b00000, 0xc5b00000| Untracked 
|  42|0xc5c00000, 0xc5c00000, 0xc5d00000|  0%| F|  |TAMS 0xc5c00000, 0xc5c00000| Untracked 
|  43|0xc5d00000, 0xc5d00000, 0xc5e00000|  0%| F|  |TAMS 0xc5d00000, 0xc5d00000| Untracked 
|  44|0xc5e00000, 0xc5e00000, 0xc5f00000|  0%| F|  |TAMS 0xc5e00000, 0xc5e00000| Untracked 
|  45|0xc5f00000, 0xc5f00000, 0xc6000000|  0%| F|  |TAMS 0xc5f00000, 0xc5f00000| Untracked 
|  46|0xc6000000, 0xc6000000, 0xc6100000|  0%| F|  |TAMS 0xc6000000, 0xc6000000| Untracked 
|  47|0xc6100000, 0xc6100000, 0xc6200000|  0%| F|  |TAMS 0xc6100000, 0xc6100000| Untracked 
|  48|0xc6200000, 0xc62a38a0, 0xc6300000| 63%| S|CS|TAMS 0xc6200000, 0xc6200000| Complete 
|  49|0xc6300000, 0xc6400000, 0xc6400000|100%| S|CS|TAMS 0xc6300000, 0xc6300000| Complete 
|  50|0xc6400000, 0xc6500000, 0xc6500000|100%| S|CS|TAMS 0xc6400000, 0xc6400000| Complete 
|  51|0xc6500000, 0xc6600000, 0xc6600000|100%| S|CS|TAMS 0xc6500000, 0xc6500000| Complete 
|  52|0xc6600000, 0xc6600000, 0xc6700000|  0%| F|  |TAMS 0xc6600000, 0xc6600000| Untracked 
|  53|0xc6700000, 0xc6700000, 0xc6800000|  0%| F|  |TAMS 0xc6700000, 0xc6700000| Untracked 
|  54|0xc6800000, 0xc6800000, 0xc6900000|  0%| F|  |TAMS 0xc6800000, 0xc6800000| Untracked 
|  55|0xc6900000, 0xc6900000, 0xc6a00000|  0%| F|  |TAMS 0xc6900000, 0xc6900000| Untracked 
|  56|0xc6a00000, 0xc6a00000, 0xc6b00000|  0%| F|  |TAMS 0xc6a00000, 0xc6a00000| Untracked 
|  57|0xc6b00000, 0xc6b00000, 0xc6c00000|  0%| F|  |TAMS 0xc6b00000, 0xc6b00000| Untracked 
|  58|0xc6c00000, 0xc6c00000, 0xc6d00000|  0%| F|  |TAMS 0xc6c00000, 0xc6c00000| Untracked 
|  59|0xc6d00000, 0xc6d00000, 0xc6e00000|  0%| F|  |TAMS 0xc6d00000, 0xc6d00000| Untracked 
|  60|0xc6e00000, 0xc6e00000, 0xc6f00000|  0%| F|  |TAMS 0xc6e00000, 0xc6e00000| Untracked 
|  61|0xc6f00000, 0xc6f00000, 0xc7000000|  0%| F|  |TAMS 0xc6f00000, 0xc6f00000| Untracked 
|  62|0xc7000000, 0xc7000000, 0xc7100000|  0%| F|  |TAMS 0xc7000000, 0xc7000000| Untracked 
|  63|0xc7100000, 0xc7100000, 0xc7200000|  0%| F|  |TAMS 0xc7100000, 0xc7100000| Untracked 
|  64|0xc7200000, 0xc7200000, 0xc7300000|  0%| F|  |TAMS 0xc7200000, 0xc7200000| Untracked 
|  65|0xc7300000, 0xc7300000, 0xc7400000|  0%| F|  |TAMS 0xc7300000, 0xc7300000| Untracked 
|  66|0xc7400000, 0xc7400000, 0xc7500000|  0%| F|  |TAMS 0xc7400000, 0xc7400000| Untracked 
|  67|0xc7500000, 0xc7500000, 0xc7600000|  0%| F|  |TAMS 0xc7500000, 0xc7500000| Untracked 
|  68|0xc7600000, 0xc7600000, 0xc7700000|  0%| F|  |TAMS 0xc7600000, 0xc7600000| Untracked 
|  69|0xc7700000, 0xc7700000, 0xc7800000|  0%| F|  |TAMS 0xc7700000, 0xc7700000| Untracked 
|  70|0xc7800000, 0xc7800000, 0xc7900000|  0%| F|  |TAMS 0xc7800000, 0xc7800000| Untracked 
|  71|0xc7900000, 0xc7900000, 0xc7a00000|  0%| F|  |TAMS 0xc7900000, 0xc7900000| Untracked 
|  72|0xc7a00000, 0xc7a00000, 0xc7b00000|  0%| F|  |TAMS 0xc7a00000, 0xc7a00000| Untracked 
|  73|0xc7b00000, 0xc7b00000, 0xc7c00000|  0%| F|  |TAMS 0xc7b00000, 0xc7b00000| Untracked 
|  74|0xc7c00000, 0xc7c00000, 0xc7d00000|  0%| F|  |TAMS 0xc7c00000, 0xc7c00000| Untracked 
|  75|0xc7d00000, 0xc7d00000, 0xc7e00000|  0%| F|  |TAMS 0xc7d00000, 0xc7d00000| Untracked 
|  76|0xc7e00000, 0xc7e00000, 0xc7f00000|  0%| F|  |TAMS 0xc7e00000, 0xc7e00000| Untracked 
|  77|0xc7f00000, 0xc7f00000, 0xc8000000|  0%| F|  |TAMS 0xc7f00000, 0xc7f00000| Untracked 
|  78|0xc8000000, 0xc8000000, 0xc8100000|  0%| F|  |TAMS 0xc8000000, 0xc8000000| Untracked 
|  79|0xc8100000, 0xc8100000, 0xc8200000|  0%| F|  |TAMS 0xc8100000, 0xc8100000| Untracked 
|  80|0xc8200000, 0xc8200000, 0xc8300000|  0%| F|  |TAMS 0xc8200000, 0xc8200000| Untracked 
|  81|0xc8300000, 0xc8300000, 0xc8400000|  0%| F|  |TAMS 0xc8300000, 0xc8300000| Untracked 
|  82|0xc8400000, 0xc8400000, 0xc8500000|  0%| F|  |TAMS 0xc8400000, 0xc8400000| Untracked 
|  83|0xc8500000, 0xc8500000, 0xc8600000|  0%| F|  |TAMS 0xc8500000, 0xc8500000| Untracked 
|  84|0xc8600000, 0xc8600000, 0xc8700000|  0%| F|  |TAMS 0xc8600000, 0xc8600000| Untracked 
|  85|0xc8700000, 0xc8700000, 0xc8800000|  0%| F|  |TAMS 0xc8700000, 0xc8700000| Untracked 
|  86|0xc8800000, 0xc8800000, 0xc8900000|  0%| F|  |TAMS 0xc8800000, 0xc8800000| Untracked 
|  87|0xc8900000, 0xc8900000, 0xc8a00000|  0%| F|  |TAMS 0xc8900000, 0xc8900000| Untracked 
|  88|0xc8a00000, 0xc8a00000, 0xc8b00000|  0%| F|  |TAMS 0xc8a00000, 0xc8a00000| Untracked 
|  89|0xc8b00000, 0xc8b00000, 0xc8c00000|  0%| F|  |TAMS 0xc8b00000, 0xc8b00000| Untracked 
|  90|0xc8c00000, 0xc8c00000, 0xc8d00000|  0%| F|  |TAMS 0xc8c00000, 0xc8c00000| Untracked 
|  91|0xc8d00000, 0xc8d00000, 0xc8e00000|  0%| F|  |TAMS 0xc8d00000, 0xc8d00000| Untracked 
|  92|0xc8e00000, 0xc8e00000, 0xc8f00000|  0%| F|  |TAMS 0xc8e00000, 0xc8e00000| Untracked 
|  93|0xc8f00000, 0xc8f80000, 0xc9000000| 50%| E|  |TAMS 0xc8f00000, 0xc8f00000| Complete 
|  94|0xc9000000, 0xc9100000, 0xc9100000|100%| E|CS|TAMS 0xc9000000, 0xc9000000| Complete 
|  95|0xc9100000, 0xc9200000, 0xc9200000|100%| E|CS|TAMS 0xc9100000, 0xc9100000| Complete 
|  96|0xc9200000, 0xc9300000, 0xc9300000|100%| E|CS|TAMS 0xc9200000, 0xc9200000| Complete 
|  97|0xc9300000, 0xc9400000, 0xc9400000|100%| E|CS|TAMS 0xc9300000, 0xc9300000| Complete 
|  98|0xc9400000, 0xc9500000, 0xc9500000|100%| E|CS|TAMS 0xc9400000, 0xc9400000| Complete 
|  99|0xc9500000, 0xc9600000, 0xc9600000|100%| E|CS|TAMS 0xc9500000, 0xc9500000| Complete 
| 100|0xc9600000, 0xc9700000, 0xc9700000|100%| E|CS|TAMS 0xc9600000, 0xc9600000| Complete 
| 101|0xc9700000, 0xc9800000, 0xc9800000|100%| E|CS|TAMS 0xc9700000, 0xc9700000| Complete 
| 102|0xc9800000, 0xc9900000, 0xc9900000|100%| E|CS|TAMS 0xc9800000, 0xc9800000| Complete 
| 103|0xc9900000, 0xc9a00000, 0xc9a00000|100%| E|CS|TAMS 0xc9900000, 0xc9900000| Complete 
| 104|0xc9a00000, 0xc9b00000, 0xc9b00000|100%| E|CS|TAMS 0xc9a00000, 0xc9a00000| Complete 
| 105|0xc9b00000, 0xc9c00000, 0xc9c00000|100%| E|CS|TAMS 0xc9b00000, 0xc9b00000| Complete 
| 106|0xc9c00000, 0xc9d00000, 0xc9d00000|100%| E|CS|TAMS 0xc9c00000, 0xc9c00000| Complete 
| 107|0xc9d00000, 0xc9e00000, 0xc9e00000|100%| E|CS|TAMS 0xc9d00000, 0xc9d00000| Complete 
| 108|0xc9e00000, 0xc9f00000, 0xc9f00000|100%| E|CS|TAMS 0xc9e00000, 0xc9e00000| Complete 
| 109|0xc9f00000, 0xca000000, 0xca000000|100%| E|CS|TAMS 0xc9f00000, 0xc9f00000| Complete 
| 110|0xca000000, 0xca100000, 0xca100000|100%| E|CS|TAMS 0xca000000, 0xca000000| Complete 
| 111|0xca100000, 0xca200000, 0xca200000|100%| E|CS|TAMS 0xca100000, 0xca100000| Complete 
| 112|0xca200000, 0xca300000, 0xca300000|100%| E|CS|TAMS 0xca200000, 0xca200000| Complete 
| 113|0xca300000, 0xca400000, 0xca400000|100%| E|CS|TAMS 0xca300000, 0xca300000| Complete 
| 114|0xca400000, 0xca500000, 0xca500000|100%| E|CS|TAMS 0xca400000, 0xca400000| Complete 
| 115|0xca500000, 0xca600000, 0xca600000|100%| E|CS|TAMS 0xca500000, 0xca500000| Complete 
| 116|0xca600000, 0xca700000, 0xca700000|100%| E|CS|TAMS 0xca600000, 0xca600000| Complete 
| 117|0xca700000, 0xca800000, 0xca800000|100%| E|CS|TAMS 0xca700000, 0xca700000| Complete 
| 118|0xca800000, 0xca900000, 0xca900000|100%| E|CS|TAMS 0xca800000, 0xca800000| Complete 
| 119|0xca900000, 0xcaa00000, 0xcaa00000|100%| E|CS|TAMS 0xca900000, 0xca900000| Complete 
| 120|0xcaa00000, 0xcab00000, 0xcab00000|100%| E|CS|TAMS 0xcaa00000, 0xcaa00000| Complete 
| 121|0xcab00000, 0xcac00000, 0xcac00000|100%| E|CS|TAMS 0xcab00000, 0xcab00000| Complete 
| 122|0xcac00000, 0xcad00000, 0xcad00000|100%| E|CS|TAMS 0xcac00000, 0xcac00000| Complete 
| 123|0xcad00000, 0xcae00000, 0xcae00000|100%| E|CS|TAMS 0xcad00000, 0xcad00000| Complete 
| 124|0xcae00000, 0xcaf00000, 0xcaf00000|100%| E|CS|TAMS 0xcae00000, 0xcae00000| Complete 
| 125|0xcaf00000, 0xcb000000, 0xcb000000|100%| E|CS|TAMS 0xcaf00000, 0xcaf00000| Complete 
| 126|0xcb000000, 0xcb100000, 0xcb100000|100%| E|CS|TAMS 0xcb000000, 0xcb000000| Complete 
| 127|0xcb100000, 0xcb200000, 0xcb200000|100%| E|CS|TAMS 0xcb100000, 0xcb100000| Complete 

Card table byte_map: [0xc3100000,0xc3200000] _byte_map_base: 0xc2ae7000

Marking Bits (Prev, Next): (CMBitMap*) 0xe33300b8, (CMBitMap*) 0xe33300d8
 Prev Bits: [0xc2800000, 0xc3000000)
 Next Bits: [0xc2000000, 0xc2800000)

Polling page: 0xf7f4a000

Metaspace:

Usage:
    8.40 MB used.

Virtual space:
     16.00 MB reserved,       9.44 MB ( 59%) committed,  1 nodes.

Chunk freelists:
4.33 MB

MaxMetaspaceSize: 96.00 MB
No class space
Initial GC threshold: 16.00 MB
Current GC threshold: 16.00 MB
CDS: on
MetaspaceReclaimPolicy: balanced
 - commit_granule_bytes: 65536.
 - commit_granule_words: 16384.
 - virtual_space_node_default_size: 4194304.
 - enlarge_chunks_in_place: 1.
 - new_chunks_are_fully_committed: 0.
 - uncommit_free_chunks: 1.
 - use_allocation_guard: 0.
 - handle_deallocations: 1.


Internal statistics:

num_allocs_failed_limit: 0.
num_arena_births: 564.
num_arena_deaths: 0.
num_vsnodes_births: 1.
num_vsnodes_deaths: 0.
num_space_committed: 151.
num_space_uncommitted: 0.
num_chunks_returned_to_freelist: 0.
num_chunks_taken_from_freelist: 1068.
num_chunk_merges: 0.
num_chunk_splits: 757.
num_chunks_enlarged: 508.
num_inconsistent_stats: 0.

CodeHeap 'non-profiled nmethods': size=120172Kb used=1582Kb max_used=1582Kb free=118590Kb
 bounds [0xeafa2000, 0xeb1e2000, 0xf24fd000]
CodeHeap 'profiled nmethods': size=120172Kb used=4750Kb max_used=4750Kb free=115421Kb
 bounds [0xe34fd000, 0xe39a5000, 0xeaa58000]
CodeHeap 'non-nmethods': size=5416Kb used=744Kb max_used=788Kb free=4671Kb
 bounds [0xeaa58000, 0xeac98000, 0xeafa2000]
 total_blobs=2658 nmethods=2301 adapters=271
 compilation: enabled
              stopped_count=0, restarted_count=0
 full_count=0

Compilation events (20 events):
Event: 9253.357 Thread 0xc19eb3a0 2291   !   4       java.io.ObjectInputStream::readSerialData (549 bytes)
Event: 9253.429 Thread 0xc19eb3a0 nmethod 2291 0xeb111708 code [0xeb111a40, 0xeb114bf0]
Event: 9397.328 Thread 0xc19eb3a0 2292       4       script.base_class::messageTo (12 bytes)
Event: 9397.383 Thread 0xc19eb3a0 nmethod 2292 0xeb116f08 code [0xeb1171c0, 0xeb11a5ec]
Event: 9421.573 Thread 0xc19eb3a0 2293       4       java.lang.String::decodeUTF8_UTF16 (624 bytes)
Event: 9421.580 Thread 0xc19eb3a0 nmethod 2293 0xeb11b908 code [0xeb11baa0, 0xeb11c240]
Event: 9632.352 Thread 0xc19eb3a0 2295   !   4       java.io.ObjectInputStream::readSerialData (549 bytes)
Event: 9632.438 Thread 0xc19eb3a0 nmethod 2295 0xeb11cc08 code [0xeb11cf40, 0xeb120090]
Event: 9678.426 Thread 0xc19eb3a0 2296   !   4       script.script_entry::runScript (1498 bytes)
Event: 9678.481 Thread 0xc19eb3a0 nmethod 2296 0xeb122488 code [0xeb122840, 0xeb125544]
Event: 9743.565 Thread 0xc19eb3a0 2297   !   4       java.io.ObjectOutputStream::defaultWriteFields (288 bytes)
Event: 9743.590 Thread 0xc19eb3a0 nmethod 2297 0xeb126f88 code [0xeb127180, 0xeb128998]
Event: 10016.531 Thread 0xc19eb3a0 2298       4       script.dictionary::put (49 bytes)
Event: 10016.531 Thread 0xc19eb3a0 nmethod 2298 0xeb129588 code [0xeb1296c0, 0xeb1297dc]
Event: 10395.553 Thread 0xc19eb3a0 2299       4       java.io.ObjectOutputStream::<init> (99 bytes)
Event: 10395.590 Thread 0xc19eb3a0 nmethod 2299 0xeb129908 code [0xeb129b00, 0xeb12ba3c]
Event: 10624.282 Thread 0xc19eb3a0 2300       4       java.lang.AbstractStringBuilder::append (45 bytes)
Event: 10624.288 Thread 0xc19eb3a0 nmethod 2300 0xeb12c408 code [0xeb12c560, 0xeb12ced0]
Event: 10681.475 Thread 0xc19eb3a0 2301       4       java.io.ByteArrayOutputStream::<init> (43 bytes)
Event: 10681.476 Thread 0xc19eb3a0 nmethod 2301 0xeb12d408 code [0xeb12d520, 0xeb12d730]

GC Heap History (14 events):
Event: 22.903 GC heap before
{Heap before GC invocations=0 (full 0):
 garbage-first heap   total 131072K, used 22528K [0xc3200000, 0xe3200000)
  region size 1024K, 23 young (23552K), 0 survivors (0K)
 Metaspace       used 3055K, committed 3264K, reserved 16384K
}
Event: 22.906 GC heap after
{Heap after GC invocations=1 (full 0):
 garbage-first heap   total 131072K, used 2576K [0xc3200000, 0xe3200000)
  region size 1024K, 3 young (3072K), 3 survivors (3072K)
 Metaspace       used 3055K, committed 3264K, reserved 16384K
}
Event: 33.559 GC heap before
{Heap before GC invocations=1 (full 0):
 garbage-first heap   total 131072K, used 37392K [0xc3200000, 0xe3200000)
  region size 1024K, 37 young (37888K), 3 survivors (3072K)
 Metaspace       used 4759K, committed 5184K, reserved 16384K
}
Event: 33.564 GC heap after
{Heap after GC invocations=2 (full 0):
 garbage-first heap   total 131072K, used 4385K [0xc3200000, 0xe3200000)
  region size 1024K, 5 young (5120K), 5 survivors (5120K)
 Metaspace       used 4759K, committed 5184K, reserved 16384K
}
Event: 52.665 GC heap before
{Heap before GC invocations=2 (full 0):
 garbage-first heap   total 131072K, used 77089K [0xc3200000, 0xe3200000)
  region size 1024K, 76 young (77824K), 5 survivors (5120K)
 Metaspace       used 5443K, committed 6080K, reserved 16384K
}
Event: 52.671 GC heap after
{Heap after GC invocations=3 (full 0):
 garbage-first heap   total 131072K, used 6628K [0xc3200000, 0xe3200000)
  region size 1024K, 7 young (7168K), 7 survivors (7168K)
 Metaspace       used 5443K, committed 6080K, reserved 16384K
}
Event: 75.198 GC heap before
{Heap before GC invocations=3 (full 0):
 garbage-first heap   total 131072K, used 77284K [0xc3200000, 0xe3200000)
  region size 1024K, 76 young (77824K), 7 survivors (7168K)
 Metaspace       used 6753K, committed 7552K, reserved 16384K
}
Event: 75.205 GC heap after
{Heap after GC invocations=4 (full 0):
 garbage-first heap   total 131072K, used 10593K [0xc3200000, 0xe3200000)
  region size 1024K, 8 young (8192K), 8 survivors (8192K)
 Metaspace       used 6753K, committed 7552K, reserved 16384K
}
Event: 1834.247 GC heap before
{Heap before GC invocations=4 (full 0):
 garbage-first heap   total 131072K, used 80225K [0xc3200000, 0xe3200000)
  region size 1024K, 76 young (77824K), 8 survivors (8192K)
 Metaspace       used 7060K, committed 7872K, reserved 16384K
}
Event: 1834.251 GC heap after
{Heap after GC invocations=5 (full 0):
 garbage-first heap   total 131072K, used 12781K [0xc3200000, 0xe3200000)
  region size 1024K, 7 young (7168K), 7 survivors (7168K)
 Metaspace       used 7060K, committed 7872K, reserved 16384K
}
Event: 5764.312 GC heap before
{Heap before GC invocations=5 (full 0):
 garbage-first heap   total 131072K, used 83437K [0xc3200000, 0xe3200000)
  region size 1024K, 76 young (77824K), 7 survivors (7168K)
 Metaspace       used 7087K, committed 7936K, reserved 16384K
}
Event: 5764.315 GC heap after
{Heap after GC invocations=6 (full 0):
 garbage-first heap   total 131072K, used 12983K [0xc3200000, 0xe3200000)
  region size 1024K, 3 young (3072K), 3 survivors (3072K)
 Metaspace       used 7087K, committed 7936K, reserved 16384K
}
Event: 8829.393 GC heap before
{Heap before GC invocations=6 (full 0):
 garbage-first heap   total 131072K, used 87735K [0xc3200000, 0xe3200000)
  region size 1024K, 76 young (77824K), 3 survivors (3072K)
 Metaspace       used 8601K, committed 9664K, reserved 16384K
}
Event: 8829.395 GC heap after
{Heap after GC invocations=7 (full 0):
 garbage-first heap   total 131072K, used 13717K [0xc3200000, 0xe3200000)
  region size 1024K, 4 young (4096K), 4 survivors (4096K)
 Metaspace       used 8601K, committed 9664K, reserved 16384K
}

Dll operation events (4 events):
Event: 0.006 Loaded shared library /usr/lib/jvm/zulu17.66.19-ca-fx-jdk17.0.19-linux_i686/lib/libjava.so
Event: 10.422 Loaded shared library /usr/lib/jvm/zulu17.66.19-ca-fx-jdk17.0.19-linux_i686/lib/libnio.so
Event: 10.423 Loaded shared library /usr/lib/jvm/zulu17.66.19-ca-fx-jdk17.0.19-linux_i686/lib/libjimage.so
Event: 10.424 Loaded shared library /usr/lib/jvm/zulu17.66.19-ca-fx-jdk17.0.19-linux_i686/lib/libnet.so

Deoptimization events (20 events):
Event: 8698.742 Thread 0x5c0517a0 DEOPT PACKING pc=0xeb0397dc sp=0xffbe8e20
Event: 8698.742 Thread 0x5c0517a0 DEOPT UNPACKING pc=0xeaaa1d33 sp=0xffbe8dfc mode 2
Event: 8698.750 Thread 0x5c0517a0 Uncommon trap: trap_request=0xffffff45 fr.pc=0xeafffef8 relative=0x00000058
Event: 8698.750 Thread 0x5c0517a0 Uncommon trap: reason=unstable_if action=reinterpret pc=0xeafffef8 method=java.lang.StringConcatHelper.stringOf(Ljava/lang/Object;)Ljava/lang/String; @ 1 c2
Event: 8698.750 Thread 0x5c0517a0 DEOPT PACKING pc=0xeafffef8 sp=0xffbea590
Event: 8698.750 Thread 0x5c0517a0 DEOPT UNPACKING pc=0xeaaa1d33 sp=0xffbea564 mode 2
Event: 8817.547 Thread 0x5c0517a0 DEOPT PACKING pc=0xe399797f sp=0xffbe54b0
Event: 8817.547 Thread 0x5c0517a0 DEOPT UNPACKING pc=0xeaaa1171 sp=0xffbe5370 mode 0
Event: 8966.525 Thread 0x5c0517a0 DEOPT PACKING pc=0xe399797f sp=0xffbe54b0
Event: 8966.525 Thread 0x5c0517a0 DEOPT UNPACKING pc=0xeaaa1171 sp=0xffbe5370 mode 0
Event: 9113.449 Thread 0x5c0517a0 DEOPT PACKING pc=0xe399797f sp=0xffbe54b0
Event: 9113.449 Thread 0x5c0517a0 DEOPT UNPACKING pc=0xeaaa1171 sp=0xffbe5370 mode 0
Event: 9254.283 Thread 0x5c0517a0 Uncommon trap: trap_request=0xffffffcc fr.pc=0xeb113a88 relative=0x00002048
Event: 9254.283 Thread 0x5c0517a0 Uncommon trap: reason=intrinsic action=make_not_entrant pc=0xeb113a88 method=java.util.ArrayList.toArray([Ljava/lang/Object;)[Ljava/lang/Object; @ 36 c2
Event: 9254.283 Thread 0x5c0517a0 DEOPT PACKING pc=0xeb113a88 sp=0xffbeaa30
Event: 9254.283 Thread 0x5c0517a0 DEOPT UNPACKING pc=0xeaaa1d33 sp=0xffbea95c mode 2
Event: 9260.574 Thread 0x5c0517a0 DEOPT PACKING pc=0xe399797f sp=0xffbe54b0
Event: 9260.574 Thread 0x5c0517a0 DEOPT UNPACKING pc=0xeaaa1171 sp=0xffbe5370 mode 0
Event: 9421.573 Thread 0x5c0517a0 DEOPT PACKING pc=0xe399797f sp=0xffbe54b0
Event: 9421.573 Thread 0x5c0517a0 DEOPT UNPACKING pc=0xeaaa1171 sp=0xffbe5370 mode 0

Classes loaded (20 events):
Event: 23.048 Loading class jdk/internal/jimage/ImageBufferCache
Event: 23.048 Loading class jdk/internal/jimage/ImageBufferCache done
Event: 23.048 Loading class jdk/internal/jimage/ImageBufferCache$1
Event: 23.048 Loading class jdk/internal/jimage/ImageBufferCache$1 done
Event: 23.048 Loading class jdk/internal/jimage/ImageBufferCache$2
Event: 23.048 Loading class jdk/internal/jimage/ImageBufferCache$2 done
Event: 23.048 Loading class java/nio/DirectByteBuffer$Deallocator
Event: 23.048 Loading class java/nio/DirectByteBuffer$Deallocator done
Event: 23.049 Loading class sun/nio/ch/NativeThread
Event: 23.049 Loading class sun/nio/ch/NativeThread done
Event: 23.049 Loading class sun/nio/ch/IOStatus
Event: 23.049 Loading class sun/nio/ch/IOStatus done
Event: 23.049 Loading class sun/net/www/protocol/jrt/Handler
Event: 23.049 Loading class sun/net/www/protocol/jrt/Handler done
Event: 23.049 Loading class java/util/AbstractMap$SimpleEntry
Event: 23.049 Loading class java/util/AbstractMap$SimpleEntry done
Event: 23.052 Loading class sun/text/resources/cldr/FormatData_en
Event: 23.052 Loading class sun/text/resources/cldr/FormatData_en done
Event: 23.052 Loading class sun/text/resources/cldr/FormatData_en_US
Event: 23.052 Loading class sun/text/resources/cldr/FormatData_en_US done

Classes unloaded (0 events):
No events

Classes redefined (0 events):
No events

Internal exceptions (11 events):
Event: 10.429 Thread 0x5c0517a0 Exception <a 'java/lang/NoSuchMethodError'{0xcaead4a8}: 'java.lang.Object java.lang.invoke.DirectMethodHandle$Holder.invokeStaticInit(java.lang.Object)'> (0xcaead4a8) 
thrown [src/hotspot/share/interpreter/linkResolver.cpp, line 759]
Event: 17.964 Thread 0x5c0517a0 Exception <a 'java/lang/NoSuchMethodError'{0xca99a490}: 'java.lang.Object java.lang.invoke.DirectMethodHandle$Holder.invokeStatic(java.lang.Object, float)'> (0xca99a490) 
thrown [src/hotspot/share/interpreter/linkResolver.cpp, line 759]
Event: 17.998 Thread 0x5c0517a0 Exception <a 'java/lang/NoSuchMethodError'{0xca83c2d8}: 'java.lang.Object java.lang.invoke.DirectMethodHandle$Holder.invokeSpecial(java.lang.Object, java.lang.Object, java.lang.Object, java.lang.Object, java.lang.Object, java.lang.Object, int)'> (0xca83c2d8) 
thrown [src/hotspot/share/interpreter/linkResolver.cpp, line 759]
Event: 21.066 Thread 0x5c0517a0 Exception <a 'java/lang/NoSuchMethodError'{0xc9b9a8f8}: static [Ljava/lang/Object;.<clinit>()V> (0xc9b9a8f8) 
thrown [src/hotspot/share/prims/jni.cpp, line 1112]
Event: 23.078 Thread 0x5c0517a0 Exception <a 'java/lang/NoSuchMethodError'{0xcaf4fe10}: 'java.lang.Object java.lang.invoke.DirectMethodHandle$Holder.invokeSpecial(java.lang.Object, java.lang.Object, java.lang.Object, java.lang.Object, int)'> (0xcaf4fe10) 
thrown [src/hotspot/share/interpreter/linkResolver.cpp, line 759]
Event: 23.078 Thread 0x5c0517a0 Exception <a 'java/lang/NoSuchMethodError'{0xcaf53390}: 'java.lang.Object java.lang.invoke.Invokers$Holder.linkToTargetMethod(java.lang.Object, java.lang.Object, int, java.lang.Object)'> (0xcaf53390) 
thrown [src/hotspot/share/interpreter/linkResolver.cpp, line 759]
Event: 75.434 Thread 0x5c0517a0 Exception <a 'java/lang/NoSuchMethodError'{0xcaff8ae8}: 'java.lang.Object java.lang.invoke.DirectMethodHandle$Holder.invokeSpecial(java.lang.Object, java.lang.Object, long, java.lang.Object, java.lang.Object, java.lang.Object, java.lang.Object, java.lang.Object, java.lang.Object)'> (0xcaff8ae8) 
thrown [src/hotspot/share/interpreter/linkResolver.cpp, line 759]
Event: 75.434 Thread 0x5c0517a0 Exception <a 'java/lang/NoSuchMethodError'{0xcaffcec0}: 'java.lang.Object java.lang.invoke.DelegatingMethodHandle$Holder.reinvoke_L(java.lang.Object, long, java.lang.Object, java.lang.Object, java.lang.Object, java.lang.Object, java.lang.Object, java.lang.Object)'> (0xcaffcec0) 
thrown [src/hotspot/share/interpreter/linkResolver.cpp, line 759]
Event: 5410.450 Thread 0x5c0517a0 Implicit null exception at 0xeb0f9be2 to 0xeb0f9f34
Event: 8698.740 Thread 0x5c0517a0 Exception <a 'java/lang/NoSuchMethodError'{0xc688ff80}: static [I.<clinit>()V> (0xc688ff80) 
thrown [src/hotspot/share/prims/jni.cpp, line 1112]
Event: 8698.750 Thread 0x5c0517a0 Implicit null exception at 0xeafffeab to 0xeafffee8

VM Operations (20 events):
Event: 5344.459 Executing VM operation: Cleanup
Event: 5344.459 Executing VM operation: Cleanup done
Event: 5764.312 Executing VM operation: G1CollectForAllocation
Event: 5764.315 Executing VM operation: G1CollectForAllocation done
Event: 7056.389 Executing VM operation: Cleanup
Event: 7056.389 Executing VM operation: Cleanup done
Event: 8660.480 Executing VM operation: Cleanup
Event: 8660.480 Executing VM operation: Cleanup done
Event: 8680.481 Executing VM operation: Cleanup
Event: 8680.481 Executing VM operation: Cleanup done
Event: 8698.740 Executing VM operation: HandshakeAllThreads
Event: 8698.740 Executing VM operation: HandshakeAllThreads done
Event: 8698.740 Executing VM operation: Cleanup
Event: 8698.740 Executing VM operation: Cleanup done
Event: 8699.740 Executing VM operation: Cleanup
Event: 8699.740 Executing VM operation: Cleanup done
Event: 8829.392 Executing VM operation: G1CollectForAllocation
Event: 8829.395 Executing VM operation: G1CollectForAllocation done
Event: 9695.445 Executing VM operation: Cleanup
Event: 9695.445 Executing VM operation: Cleanup done

Memory protections (14 events):
Event: 0.005 Protecting memory [0xf3786000,0xf378a000] with protection modes 0
Event: 0.090 Protecting memory [0xc0a40000,0xc0a44000] with protection modes 0
Event: 0.097 Protecting memory [0xc0840000,0xc0844000] with protection modes 0
Event: 0.100 Protecting memory [0xc01c6000,0xc01ca000] with protection modes 0
Event: 0.133 Protecting memory [0xc0105000,0xc0109000] with protection modes 0
Event: 0.142 Protecting memory [0xc0044000,0xc0048000] with protection modes 0
Event: 0.159 Protecting memory [0xc0c2a000,0xc0c2e000] with protection modes 0
Event: 0.175 Protecting memory [0xbeb80000,0xbeb84000] with protection modes 0
Event: 0.190 Protecting memory [0xbe940000,0xbe944000] with protection modes 0
Event: 0.220 Protecting memory [0xbe740000,0xbe744000] with protection modes 0
Event: 0.283 Protecting memory [0xffb2d000,0xffb31000] with protection modes 0
Event: 0.295 Protecting memory [0xbe240000,0xbe244000] with protection modes 0
Event: 0.353 Protecting memory [0xbe040000,0xbe044000] with protection modes 0
Event: 10.500 Protecting memory [0xbdc7e000,0xbdc82000] with protection modes 0

Nmethod flushes (0 events):
No events

Events (18 events):
Event: 0.071 Thread 0xf3629a00 Thread added: 0xf3629a00
Event: 0.090 Thread 0xf3629a00 Thread added: 0xc19e2fb0
Event: 0.097 Thread 0xf3629a00 Thread added: 0xc19e4060
Event: 0.099 Thread 0xf3629a00 Thread added: 0xc19e7f70
Event: 0.132 Thread 0xf3629a00 Thread added: 0xc19e8fd0
Event: 0.142 Thread 0xf3629a00 Thread added: 0xc19e9ff0
Event: 0.158 Thread 0xf3629a00 Thread added: 0xc19eb3a0
Event: 0.175 Thread 0xf3629a00 Thread added: 0xc19ec4d0
Event: 0.190 Thread 0xf3629a00 Thread added: 0xc19ed530
Event: 0.220 Thread 0xf3629a00 Thread added: 0xbe624750
Event: 0.283 Thread 0x5c0517a0 Thread added: 0x5c0517a0
Event: 0.290 Thread 0x5c0517a0 Thread added: 0x5c0529e0
Event: 0.302 Thread 0x5c0517a0 Thread added: 0x5c0592d0
Event: 10.500 Thread 0xc19ec4d0 Thread added: 0xbea1fe10
Event: 11.161 Thread 0xbea1fe10 Thread exited: 0xbea1fe10
Event: 10753.023 Thread 0x5c0517a0 Thread exited: 0x5c0517a0
Event: 10753.023 Thread 0xf3629a00 Before exit entered
Event: 10753.024 Thread 0xf3629a00 Thread exited: 0xf3629a00


Dynamic libraries:
5661d000-576ea000 r--p 00000000 09:04 24778802                           /home/swg/swg-main/build/bin/SwgGameServer
576ea000-5858d000 r-xp 010cd000 09:04 24778802                           /home/swg/swg-main/build/bin/SwgGameServer
5858d000-58c74000 r--p 01f70000 09:04 24778802                           /home/swg/swg-main/build/bin/SwgGameServer
58c74000-58c9b000 rw-p 02656000 09:04 24778802                           /home/swg/swg-main/build/bin/SwgGameServer
58c9b000-5951e000 rw-p 00000000 00:00 0 
5a974000-682f9000 rw-p 00000000 00:00 0                                  [heap]
b9d00000-b9de0000 rw-p 00000000 00:00 0 
b9de0000-b9e00000 ---p 00000000 00:00 0 
b9e00000-b9ee9000 rw-p 00000000 00:00 0 
b9ee9000-b9f00000 ---p 00000000 00:00 0 
b9f00000-b9ff9000 rw-p 00000000 00:00 0 
b9ff9000-ba000000 ---p 00000000 00:00 0 
ba200000-ba2c3000 rw-p 00000000 00:00 0 
ba2c3000-ba300000 ---p 00000000 00:00 0 
ba300000-ba3fa000 rw-p 00000000 00:00 0 
ba3fa000-ba400000 ---p 00000000 00:00 0 
ba400000-ba4ff000 rw-p 00000000 00:00 0 
ba4ff000-ba500000 ---p 00000000 00:00 0 
ba500000-ba5c1000 rw-p 00000000 00:00 0 
ba5c1000-ba600000 ---p 00000000 00:00 0 
ba600000-ba6f9000 rw-p 00000000 00:00 0 
ba6f9000-ba700000 ---p 00000000 00:00 0 
ba700000-ba7b7000 rw-p 00000000 00:00 0 
ba7b7000-ba800000 ---p 00000000 00:00 0 
ba800000-ba8f9000 rw-p 00000000 00:00 0 
ba8f9000-ba900000 ---p 00000000 00:00 0 
ba900000-ba9f9000 rw-p 00000000 00:00 0 
ba9f9000-baa00000 ---p 00000000 00:00 0 
baa00000-baaf9000 rw-p 00000000 00:00 0 
baaf9000-bab00000 ---p 00000000 00:00 0 
bab00000-babf9000 rw-p 00000000 00:00 0 
babf9000-bac00000 ---p 00000000 00:00 0 
bac00000-bacf9000 rw-p 00000000 00:00 0 
bacf9000-bad00000 ---p 00000000 00:00 0 
bad00000-badfb000 rw-p 00000000 00:00 0 
badfb000-bae00000 ---p 00000000 00:00 0 
bae00000-baef9000 rw-p 00000000 00:00 0 
baef9000-baf00000 ---p 00000000 00:00 0 
bb000000-bb0ff000 rw-p 00000000 00:00 0 
bb0ff000-bb100000 ---p 00000000 00:00 0 
bb100000-bb1f9000 rw-p 00000000 00:00 0 
bb1f9000-bb200000 ---p 00000000 00:00 0 
bb200000-bb2f9000 rw-p 00000000 00:00 0 
bb2f9000-bb300000 ---p 00000000 00:00 0 
bb300000-bb3e5000 rw-p 00000000 00:00 0 
bb3e5000-bb400000 ---p 00000000 00:00 0 
bb400000-bb4fe000 rw-p 00000000 00:00 0 
bb4fe000-bb500000 ---p 00000000 00:00 0 
bb500000-bb5e9000 rw-p 00000000 00:00 0 
bb5e9000-bb600000 ---p 00000000 00:00 0 
bb600000-bb6f9000 rw-p 00000000 00:00 0 
bb6f9000-bb700000 ---p 00000000 00:00 0 
bb700000-bb7f1000 rw-p 00000000 00:00 0 
bb7f1000-bb800000 ---p 00000000 00:00 0 
bb900000-bb9f9000 rw-p 00000000 00:00 0 
bb9f9000-bba00000 ---p 00000000 00:00 0 
bba00000-bbaf9000 rw-p 00000000 00:00 0 
bbaf9000-bbb00000 ---p 00000000 00:00 0 
bbb00000-bbb21000 rw-p 00000000 00:00 0 
bbb21000-bbc00000 ---p 00000000 00:00 0 
bbc7f000-bbc80000 ---p 00000000 00:00 0 
bbc80000-bbd00000 rw-p 00000000 00:00 0 
bbd00000-bbd21000 rw-p 00000000 00:00 0 
bbd21000-bbe00000 ---p 00000000 00:00 0 
bbe7f000-bbe80000 ---p 00000000 00:00 0 
bbe80000-bbf00000 rw-p 00000000 00:00 0 
bbf00000-bbf21000 rw-p 00000000 00:00 0 
bbf21000-bc000000 ---p 00000000 00:00 0 
bc000000-bc021000 rw-p 00000000 00:00 0 
bc021000-bc100000 ---p 00000000 00:00 0 
bc100000-bc121000 rw-p 00000000 00:00 0 
bc121000-bc200000 ---p 00000000 00:00 0 
bc278000-bc279000 ---p 00000000 00:00 0 
bc279000-bc2f9000 rw-p 00000000 00:00 0 
bc488000-bc489000 ---p 00000000 00:00 0 
bc489000-bc509000 rw-p 00000000 00:00 0 
bc509000-bc50a000 ---p 00000000 00:00 0 
bc50a000-bc58a000 rw-p 00000000 00:00 0 
bcd00000-bcdfe000 rw-p 00000000 00:00 0 
bcdfe000-bce00000 ---p 00000000 00:00 0 
bcf00000-bcf21000 rw-p 00000000 00:00 0 
bcf21000-bd000000 ---p 00000000 00:00 0 
bd07f000-bd080000 ---p 00000000 00:00 0 
bd080000-bd100000 rw-p 00000000 00:00 0 
bd100000-bd121000 rw-p 00000000 00:00 0 
bd121000-bd200000 ---p 00000000 00:00 0 
bd27f000-bd280000 ---p 00000000 00:00 0 
bd280000-bd300000 rw-p 00000000 00:00 0 
bd300000-bd321000 rw-p 00000000 00:00 0 
bd321000-bd400000 ---p 00000000 00:00 0 
bd47f000-bd480000 ---p 00000000 00:00 0 
bd480000-bd500000 rw-p 00000000 00:00 0 
bd500000-bd521000 rw-p 00000000 00:00 0 
bd521000-bd600000 ---p 00000000 00:00 0 
bd600000-bd621000 rw-p 00000000 00:00 0 
bd621000-bd700000 ---p 00000000 00:00 0 
bd77f000-bd780000 ---p 00000000 00:00 0 
bd780000-bd800000 rw-p 00000000 00:00 0 
bd800000-bd821000 rw-p 00000000 00:00 0 
bd821000-bd900000 ---p 00000000 00:00 0 
bd948000-bd949000 ---p 00000000 00:00 0 
bd949000-bd9c9000 rw-p 00000000 00:00 0 
bd9c9000-bd9ca000 ---p 00000000 00:00 0 
bd9ca000-bda4a000 rw-p 00000000 00:00 0 
bdb00000-bdbcd000 rw-p 00000000 00:00 0 
bdbcd000-bdc00000 ---p 00000000 00:00 0 
bdc7d000-bdc7e000 ---p 00000000 00:00 0 
bdc7e000-bdc82000 ---p 00000000 00:00 0 
bdc82000-bdcfe000 rw-p 00000000 00:00 0 
bdf00000-bdf21000 rw-p 00000000 00:00 0 
bdf21000-be000000 ---p 00000000 00:00 0 
be03f000-be040000 ---p 00000000 00:00 0 
be040000-be044000 ---p 00000000 00:00 0 
be044000-be100000 rw-p 00000000 00:00 0 
be100000-be121000 rw-p 00000000 00:00 0 
be121000-be200000 ---p 00000000 00:00 0 
be23f000-be240000 ---p 00000000 00:00 0 
be240000-be244000 ---p 00000000 00:00 0 
be244000-be300000 rw-p 00000000 00:00 0 
be300000-be321000 rw-p 00000000 00:00 0 
be321000-be400000 ---p 00000000 00:00 0 
be47f000-be480000 ---p 00000000 00:00 0 
be480000-be500000 rw-p 00000000 00:00 0 
be500000-be521000 rw-p 00000000 00:00 0 
be521000-be600000 ---p 00000000 00:00 0 
be600000-be628000 rw-p 00000000 00:00 0 
be628000-be700000 ---p 00000000 00:00 0 
be73f000-be740000 ---p 00000000 00:00 0 
be740000-be744000 ---p 00000000 00:00 0 
be744000-be800000 rw-p 00000000 00:00 0 
be800000-be821000 rw-p 00000000 00:00 0 
be821000-be900000 ---p 00000000 00:00 0 
be93f000-be940000 ---p 00000000 00:00 0 
be940000-be944000 ---p 00000000 00:00 0 
be944000-bea00000 rw-p 00000000 00:00 0 
bea00000-beafd000 rw-p 00000000 00:00 0 
beafd000-beb00000 ---p 00000000 00:00 0 
beb7f000-beb80000 ---p 00000000 00:00 0 
beb80000-beb84000 ---p 00000000 00:00 0 
beb84000-bec00000 rw-p 00000000 00:00 0 
bec00000-bec21000 rw-p 00000000 00:00 0 
bec21000-bed00000 ---p 00000000 00:00 0 
bed00000-bee00000 rw-p 00000000 00:00 0 
bee00000-bee21000 rw-p 00000000 00:00 0 
bee21000-bef00000 ---p 00000000 00:00 0 
bef00000-bef21000 rw-p 00000000 00:00 0 
bef21000-bf000000 ---p 00000000 00:00 0 
bf000000-bf1c0000 rw-p 00000000 00:00 0 
bf1c0000-bf400000 ---p 00000000 00:00 0 
bf400000-bfbb0000 rw-p 00000000 00:00 0 
bfbb0000-c0000000 ---p 00000000 00:00 0 
c0043000-c0044000 ---p 00000000 00:00 0 
c0044000-c0048000 ---p 00000000 00:00 0 
c0048000-c0104000 rw-p 00000000 00:00 0 
c0104000-c0105000 ---p 00000000 00:00 0 
c0105000-c0109000 ---p 00000000 00:00 0 
c0109000-c01c5000 rw-p 00000000 00:00 0 
c01c5000-c01c6000 ---p 00000000 00:00 0 
c01c6000-c01ca000 ---p 00000000 00:00 0 
c01ca000-c0286000 rw-p 00000000 00:00 0 
c0286000-c0500000 r--p 0006f000 09:04 15752678                           /usr/lib/locale/locale-archive
c0500000-c0700000 r--p 00000000 09:04 15752678                           /usr/lib/locale/locale-archive
c0700000-c0721000 rw-p 00000000 00:00 0 
c0721000-c0800000 ---p 00000000 00:00 0 
c083f000-c0840000 ---p 00000000 00:00 0 
c0840000-c0844000 ---p 00000000 00:00 0 
c0844000-c0900000 rw-p 00000000 00:00 0 
c0900000-c0921000 rw-p 00000000 00:00 0 
c0921000-c0a00000 ---p 00000000 00:00 0 
c0a3f000-c0a40000 ---p 00000000 00:00 0 
c0a40000-c0a44000 ---p 00000000 00:00 0 
c0a44000-c0b00000 rw-p 00000000 00:00 0 
c0b00000-c0b21000 rw-p 00000000 00:00 0 
c0b21000-c0c00000 ---p 00000000 00:00 0 
c0c29000-c0c2a000 ---p 00000000 00:00 0 
c0c2a000-c0c2e000 ---p 00000000 00:00 0 
c0c2e000-c0caa000 rw-p 00000000 00:00 0 
c0caa000-c0cab000 ---p 00000000 00:00 0 
c0cab000-c0d2b000 rw-p 00000000 00:00 0 
c0d2b000-c1600000 rw-p 00001000 09:04 15886960                           /usr/lib/jvm/zulu17.66.19-ca-fx-jdk17.0.19-linux_i686/lib/server/classes.jsa
c1600000-c1621000 rw-p 00000000 00:00 0 
c1621000-c1700000 ---p 00000000 00:00 0 
c177f000-c1780000 ---p 00000000 00:00 0 
c1780000-c1800000 rw-p 00000000 00:00 0 
c1800000-c1821000 rw-p 00000000 00:00 0 
c1821000-c1900000 ---p 00000000 00:00 0 
c1900000-c1a00000 rw-p 00000000 00:00 0 
c1a7f000-c1a80000 ---p 00000000 00:00 0 
c1a80000-c1b00000 rw-p 00000000 00:00 0 
c1b00000-c1b21000 rw-p 00000000 00:00 0 
c1b21000-c1c00000 ---p 00000000 00:00 0 
c1c7f000-c1c80000 ---p 00000000 00:00 0 
c1c80000-c1d00000 rw-p 00000000 00:00 0 
c1d00000-c1d21000 rw-p 00000000 00:00 0 
c1d21000-c1e00000 ---p 00000000 00:00 0 
c1e00000-c1e21000 rw-p 00000000 00:00 0 
c1e21000-c1f00000 ---p 00000000 00:00 0 
c1f7f000-c1f80000 ---p 00000000 00:00 0 
c1f80000-c2200000 rw-p 00000000 00:00 0 
c2200000-c2800000 ---p 00000000 00:00 0 
c2800000-c2a00000 rw-p 00000000 00:00 0 
c2a00000-c3000000 ---p 00000000 00:00 0 
c3000000-c3040000 rw-p 00000000 00:00 0 
c3040000-c3100000 ---p 00000000 00:00 0 
c3100000-c3140000 rw-p 00000000 00:00 0 
c3140000-c3200000 ---p 00000000 00:00 0 
c3200000-cb200000 rw-p 00000000 00:00 0 
cb200000-e3200000 ---p 00000000 00:00 0 
e3200000-e3240000 rw-p 00000000 00:00 0 
e3240000-e3300000 ---p 00000000 00:00 0 
e3300000-e33fd000 rw-p 00000000 00:00 0 
e33fd000-e3400000 ---p 00000000 00:00 0 
e3412000-e3417000 rw-p 00000000 00:00 0 
e3417000-e34fd000 ---p 00000000 00:00 0 
e34fd000-e39a5000 rwxp 00000000 00:00 0 
e39a5000-eaa58000 ---p 00000000 00:00 0 
eaa58000-eac98000 rwxp 00000000 00:00 0 
eac98000-eafa2000 ---p 00000000 00:00 0 
eafa2000-eb1e2000 rwxp 00000000 00:00 0 
eb1e2000-f24fd000 ---p 00000000 00:00 0 
f24fd000-f26b7000 r--s 00000000 09:04 15886949                           /usr/lib/jvm/zulu17.66.19-ca-fx-jdk17.0.19-linux_i686/lib/modules
f26b7000-f3559000 r-xp 00000000 09:04 15886962                           /usr/lib/jvm/zulu17.66.19-ca-fx-jdk17.0.19-linux_i686/lib/server/libjvm.so
f3559000-f355a000 ---p 00ea2000 09:04 15886962                           /usr/lib/jvm/zulu17.66.19-ca-fx-jdk17.0.19-linux_i686/lib/server/libjvm.so
f355a000-f35af000 r--p 00ea2000 09:04 15886962                           /usr/lib/jvm/zulu17.66.19-ca-fx-jdk17.0.19-linux_i686/lib/server/libjvm.so
f35af000-f35d0000 rw-p 00ef7000 09:04 15886962                           /usr/lib/jvm/zulu17.66.19-ca-fx-jdk17.0.19-linux_i686/lib/server/libjvm.so
f35d0000-f3600000 rw-p 00000000 00:00 0 
f3600000-f36f2000 rw-p 00000000 00:00 0 
f36f2000-f3700000 ---p 00000000 00:00 0 
f3704000-f3705000 ---p 00000000 00:00 0 
f3705000-f3785000 rw-p 00000000 00:00 0 
f3785000-f3786000 ---p 00000000 00:00 0 
f3786000-f378a000 ---p 00000000 00:00 0 
f378a000-f42fd000 rw-p 00000000 00:00 0 
f42fd000-f4312000 r-xp 00000000 09:04 15886936                           /usr/lib/jvm/zulu17.66.19-ca-fx-jdk17.0.19-linux_i686/lib/libnet.so
f4312000-f4313000 r--p 00014000 09:04 15886936                           /usr/lib/jvm/zulu17.66.19-ca-fx-jdk17.0.19-linux_i686/lib/libnet.so
f4313000-f4314000 rw-p 00015000 09:04 15886936                           /usr/lib/jvm/zulu17.66.19-ca-fx-jdk17.0.19-linux_i686/lib/libnet.so
f4314000-f4326000 r-xp 00000000 09:04 15886937                           /usr/lib/jvm/zulu17.66.19-ca-fx-jdk17.0.19-linux_i686/lib/libnio.so
f4326000-f4327000 ---p 00012000 09:04 15886937                           /usr/lib/jvm/zulu17.66.19-ca-fx-jdk17.0.19-linux_i686/lib/libnio.so
f4327000-f4328000 r--p 00012000 09:04 15886937                           /usr/lib/jvm/zulu17.66.19-ca-fx-jdk17.0.19-linux_i686/lib/libnio.so
f4328000-f4329000 rw-p 00013000 09:04 15886937                           /usr/lib/jvm/zulu17.66.19-ca-fx-jdk17.0.19-linux_i686/lib/libnio.so
f4329000-f4333000 rw-p 00000000 00:00 0 
f4333000-f4414000 ---p 00000000 00:00 0 
f463d000-f4644000 r--s 00000000 09:04 15884995                           /usr/lib/i386-linux-gnu/gconv/gconv-modules.cache
f4644000-f4692000 rw-p 00000000 00:00 0 
f4692000-f4698000 ---p 00000000 00:00 0 
f4698000-f46bb000 r-xp 00000000 09:04 15886917                           /usr/lib/jvm/zulu17.66.19-ca-fx-jdk17.0.19-linux_i686/lib/libjava.so
f46bb000-f46bc000 r--p 00022000 09:04 15886917                           /usr/lib/jvm/zulu17.66.19-ca-fx-jdk17.0.19-linux_i686/lib/libjava.so
f46bc000-f46bd000 rw-p 00023000 09:04 15886917                           /usr/lib/jvm/zulu17.66.19-ca-fx-jdk17.0.19-linux_i686/lib/libjava.so
f46bd000-f46d8000 r-xp 00000000 09:04 15886927                           /usr/lib/jvm/zulu17.66.19-ca-fx-jdk17.0.19-linux_i686/lib/libjimage.so
f46d8000-f46d9000 ---p 0001b000 09:04 15886927                           /usr/lib/jvm/zulu17.66.19-ca-fx-jdk17.0.19-linux_i686/lib/libjimage.so
f46d9000-f46da000 r--p 0001b000 09:04 15886927                           /usr/lib/jvm/zulu17.66.19-ca-fx-jdk17.0.19-linux_i686/lib/libjimage.so
f46da000-f46db000 rw-p 0001c000 09:04 15886927                           /usr/lib/jvm/zulu17.66.19-ca-fx-jdk17.0.19-linux_i686/lib/libjimage.so
f46db000-f46dc000 r--p 00000000 09:04 15884743                           /usr/lib/i386-linux-gnu/librt.so.1
f46dc000-f46dd000 r-xp 00001000 09:04 15884743                           /usr/lib/i386-linux-gnu/librt.so.1
f46dd000-f46de000 r--p 00002000 09:04 15884743                           /usr/lib/i386-linux-gnu/librt.so.1
f46de000-f46df000 r--p 00002000 09:04 15884743                           /usr/lib/i386-linux-gnu/librt.so.1
f46df000-f46e0000 rw-p 00003000 09:04 15884743                           /usr/lib/i386-linux-gnu/librt.so.1
f46e0000-f46e1000 r--p 00000000 09:04 15884741                           /usr/lib/i386-linux-gnu/libpthread.so.0
f46e1000-f46e2000 r-xp 00001000 09:04 15884741                           /usr/lib/i386-linux-gnu/libpthread.so.0
f46e2000-f46e3000 r--p 00002000 09:04 15884741                           /usr/lib/i386-linux-gnu/libpthread.so.0
f46e3000-f46e4000 r--p 00002000 09:04 15884741                           /usr/lib/i386-linux-gnu/libpthread.so.0
f46e4000-f46e5000 rw-p 00003000 09:04 15884741                           /usr/lib/i386-linux-gnu/libpthread.so.0
f46e5000-f46e6000 r--p 00000000 09:04 15884732                           /usr/lib/i386-linux-gnu/libdl.so.2
f46e6000-f46e7000 r-xp 00001000 09:04 15884732                           /usr/lib/i386-linux-gnu/libdl.so.2
f46e7000-f46e8000 r--p 00002000 09:04 15884732                           /usr/lib/i386-linux-gnu/libdl.so.2
f46e8000-f46e9000 r--p 00002000 09:04 15884732                           /usr/lib/i386-linux-gnu/libdl.so.2
f46e9000-f46ea000 rw-p 00003000 09:04 15884732                           /usr/lib/i386-linux-gnu/libdl.so.2
f46ea000-f46ee000 rw-p 00000000 00:00 0 
f46ee000-f46ef000 r--p 00000000 09:04 15887541                           /usr/lib/i386-linux-gnu/libffi.so.8.1.2
f46ef000-f46f4000 r-xp 00001000 09:04 15887541                           /usr/lib/i386-linux-gnu/libffi.so.8.1.2
f46f4000-f46f6000 r--p 00006000 09:04 15887541                           /usr/lib/i386-linux-gnu/libffi.so.8.1.2
f46f6000-f46f7000 r--p 00007000 09:04 15887541                           /usr/lib/i386-linux-gnu/libffi.so.8.1.2
f46f7000-f46f8000 rw-p 00008000 09:04 15887541                           /usr/lib/i386-linux-gnu/libffi.so.8.1.2
f46f8000-f46fa000 r--p 00000000 09:04 15884742                           /usr/lib/i386-linux-gnu/libresolv.so.2
f46fa000-f4702000 r-xp 00002000 09:04 15884742                           /usr/lib/i386-linux-gnu/libresolv.so.2
f4702000-f4706000 r--p 0000a000 09:04 15884742                           /usr/lib/i386-linux-gnu/libresolv.so.2
f4706000-f4707000 r--p 0000d000 09:04 15884742                           /usr/lib/i386-linux-gnu/libresolv.so.2
f4707000-f4708000 rw-p 0000e000 09:04 15884742                           /usr/lib/i386-linux-gnu/libresolv.so.2
f4708000-f470a000 rw-p 00000000 00:00 0 
f470a000-f470c000 r--p 00000000 09:04 15885012                           /usr/lib/i386-linux-gnu/libkeyutils.so.1.10
f470c000-f470e000 r-xp 00002000 09:04 15885012                           /usr/lib/i386-linux-gnu/libkeyutils.so.1.10
f470e000-f470f000 r--p 00004000 09:04 15885012                           /usr/lib/i386-linux-gnu/libkeyutils.so.1.10
f470f000-f4710000 r--p 00005000 09:04 15885012                           /usr/lib/i386-linux-gnu/libkeyutils.so.1.10
f4710000-f4711000 rw-p 00006000 09:04 15885012                           /usr/lib/i386-linux-gnu/libkeyutils.so.1.10
f4711000-f4713000 rw-p 00000000 00:00 0 
f4713000-f4715000 r--p 00000000 09:04 15887545                           /usr/lib/i386-linux-gnu/libtasn1.so.6.6.3
f4715000-f4721000 r-xp 00002000 09:04 15887545                           /usr/lib/i386-linux-gnu/libtasn1.so.6.6.3
f4721000-f4727000 r--p 0000e000 09:04 15887545                           /usr/lib/i386-linux-gnu/libtasn1.so.6.6.3
f4727000-f4728000 r--p 00014000 09:04 15887545                           /usr/lib/i386-linux-gnu/libtasn1.so.6.6.3
f4728000-f4729000 rw-p 00015000 09:04 15887545                           /usr/lib/i386-linux-gnu/libtasn1.so.6.6.3
f4729000-f4739000 r--p 00000000 09:04 15887543                           /usr/lib/i386-linux-gnu/libp11-kit.so.0.3.0
f4739000-f47e2000 r-xp 00010000 09:04 15887543                           /usr/lib/i386-linux-gnu/libp11-kit.so.0.3.0
f47e2000-f4873000 r--p 000b9000 09:04 15887543                           /usr/lib/i386-linux-gnu/libp11-kit.so.0.3.0
f4873000-f4879000 r--p 00149000 09:04 15887543                           /usr/lib/i386-linux-gnu/libp11-kit.so.0.3.0
f4879000-f487e000 rw-p 0014f000 09:04 15887543                           /usr/lib/i386-linux-gnu/libp11-kit.so.0.3.0
f487e000-f487f000 rw-p 00000000 00:00 0 
f487f000-f4880000 r--p 00000000 09:04 15887650                           /usr/lib/i386-linux-gnu/libicudata.so.72.1
f4880000-f4881000 r-xp 00001000 09:04 15887650                           /usr/lib/i386-linux-gnu/libicudata.so.72.1
f4881000-f664f000 r--p 00002000 09:04 15887650                           /usr/lib/i386-linux-gnu/libicudata.so.72.1
f664f000-f6650000 r--p 01dcf000 09:04 15887650                           /usr/lib/i386-linux-gnu/libicudata.so.72.1
f6650000-f6651000 rw-p 01dd0000 09:04 15887650                           /usr/lib/i386-linux-gnu/libicudata.so.72.1
f6651000-f6652000 r--p 00000000 09:04 15887529                           /usr/lib/i386-linux-gnu/libbrotlicommon.so.1.0.9
f6652000-f6653000 r-xp 00001000 09:04 15887529                           /usr/lib/i386-linux-gnu/libbrotlicommon.so.1.0.9
f6653000-f6672000 r--p 00002000 09:04 15887529                           /usr/lib/i386-linux-gnu/libbrotlicommon.so.1.0.9
f6672000-f6673000 r--p 00020000 09:04 15887529                           /usr/lib/i386-linux-gnu/libbrotlicommon.so.1.0.9
f6673000-f6674000 rw-p 00021000 09:04 15887529                           /usr/lib/i386-linux-gnu/libbrotlicommon.so.1.0.9
f6674000-f6676000 r--p 00000000 09:04 15887554                           /usr/lib/i386-linux-gnu/libsasl2.so.2.0.25
f6676000-f6688000 r-xp 00002000 09:04 15887554                           /usr/lib/i386-linux-gnu/libsasl2.so.2.0.25
f6688000-f6691000 r--p 00014000 09:04 15887554                           /usr/lib/i386-linux-gnu/libsasl2.so.2.0.25
f6691000-f6692000 r--p 0001c000 09:04 15887554                           /usr/lib/i386-linux-gnu/libsasl2.so.2.0.25
f6692000-f6693000 rw-p 0001d000 09:04 15887554                           /usr/lib/i386-linux-gnu/libsasl2.so.2.0.25
f6693000-f6696000 r--p 00000000 09:04 15885008                           /usr/lib/i386-linux-gnu/libkrb5support.so.0.1
f6696000-f669d000 r-xp 00003000 09:04 15885008                           /usr/lib/i386-linux-gnu/libkrb5support.so.0.1
f669d000-f66a1000 r--p 0000a000 09:04 15885008                           /usr/lib/i386-linux-gnu/libkrb5support.so.0.1
f66a1000-f66a2000 r--p 0000d000 09:04 15885008                           /usr/lib/i386-linux-gnu/libkrb5support.so.0.1
f66a2000-f66a3000 rw-p 0000e000 09:04 15885008                           /usr/lib/i386-linux-gnu/libkrb5support.so.0.1
f66a3000-f66a4000 r--p 00000000 09:04 15885006                           /usr/lib/i386-linux-gnu/libcom_err.so.2.1
f66a4000-f66a5000 r-xp 00001000 09:04 15885006                           /usr/lib/i386-linux-gnu/libcom_err.so.2.1
f66a5000-f66a6000 r--p 00002000 09:04 15885006                           /usr/lib/i386-linux-gnu/libcom_err.so.2.1
f66a6000-f66a7000 r--p 00002000 09:04 15885006                           /usr/lib/i386-linux-gnu/libcom_err.so.2.1
f66a7000-f66a8000 rw-p 00003000 09:04 15885006                           /usr/lib/i386-linux-gnu/libcom_err.so.2.1
f66a8000-f66ab000 r--p 00000000 09:04 15885010                           /usr/lib/i386-linux-gnu/libk5crypto.so.3.1
f66ab000-f66c7000 r-xp 00003000 09:04 15885010                           /usr/lib/i386-linux-gnu/libk5crypto.so.3.1
f66c7000-f66d6000 r--p 0001f000 09:04 15885010                           /usr/lib/i386-linux-gnu/libk5crypto.so.3.1
f66d6000-f66d7000 r--p 0002e000 09:04 15885010                           /usr/lib/i386-linux-gnu/libk5crypto.so.3.1
f66d7000-f66d8000 rw-p 0002f000 09:04 15885010                           /usr/lib/i386-linux-gnu/libk5crypto.so.3.1
f66d8000-f66ea000 r--p 00000000 09:04 15885027                           /usr/lib/i386-linux-gnu/libkrb5.so.3.3
f66ea000-f674f000 r-xp 00012000 09:04 15885027                           /usr/lib/i386-linux-gnu/libkrb5.so.3.3
f674f000-f67ae000 r--p 00077000 09:04 15885027                           /usr/lib/i386-linux-gnu/libkrb5.so.3.3
f67ae000-f67b4000 r--p 000d6000 09:04 15885027                           /usr/lib/i386-linux-gnu/libkrb5.so.3.3
f67b4000-f67b6000 rw-p 000dc000 09:04 15885027                           /usr/lib/i386-linux-gnu/libkrb5.so.3.3
f67b6000-f67b8000 rw-p 00000000 00:00 0 
f67b8000-f67c3000 r--p 00000000 09:04 15887535                           /usr/lib/i386-linux-gnu/libgmp.so.10.4.1
f67c3000-f6826000 r-xp 0000b000 09:04 15887535                           /usr/lib/i386-linux-gnu/libgmp.so.10.4.1
f6826000-f6844000 r--p 0006e000 09:04 15887535                           /usr/lib/i386-linux-gnu/libgmp.so.10.4.1
f6844000-f6845000 r--p 0008c000 09:04 15887535                           /usr/lib/i386-linux-gnu/libgmp.so.10.4.1
f6845000-f6846000 rw-p 0008d000 09:04 15887535                           /usr/lib/i386-linux-gnu/libgmp.so.10.4.1
f6846000-f684e000 r--p 00000000 09:04 15887537                           /usr/lib/i386-linux-gnu/libnettle.so.8.6
f684e000-f6879000 r-xp 00008000 09:04 15887537                           /usr/lib/i386-linux-gnu/libnettle.so.8.6
f6879000-f6893000 r--p 00033000 09:04 15887537                           /usr/lib/i386-linux-gnu/libnettle.so.8.6
f6893000-f6894000 r--p 0004d000 09:04 15887537                           /usr/lib/i386-linux-gnu/libnettle.so.8.6
f6894000-f6895000 rw-p 0004e000 09:04 15887537                           /usr/lib/i386-linux-gnu/libnettle.so.8.6
f6895000-f689b000 r--p 00000000 09:04 15887539                           /usr/lib/i386-linux-gnu/libhogweed.so.6.6
f689b000-f68ae000 r-xp 00006000 09:04 15887539                           /usr/lib/i386-linux-gnu/libhogweed.so.6.6
f68ae000-f68dd000 r--p 00019000 09:04 15887539                           /usr/lib/i386-linux-gnu/libhogweed.so.6.6
f68dd000-f68de000 r--p 00048000 09:04 15887539                           /usr/lib/i386-linux-gnu/libhogweed.so.6.6
f68de000-f68df000 rw-p 00049000 09:04 15887539                           /usr/lib/i386-linux-gnu/libhogweed.so.6.6
f68df000-f6900000 r--p 00000000 09:04 15887547                           /usr/lib/i386-linux-gnu/libgnutls.so.30.34.3
f6900000-f6a2f000 r-xp 00021000 09:04 15887547                           /usr/lib/i386-linux-gnu/libgnutls.so.30.34.3
f6a2f000-f6b1a000 r--p 00150000 09:04 15887547                           /usr/lib/i386-linux-gnu/libgnutls.so.30.34.3
f6b1a000-f6b24000 r--p 0023b000 09:04 15887547                           /usr/lib/i386-linux-gnu/libgnutls.so.30.34.3
f6b24000-f6b26000 rw-p 00245000 09:04 15887547                           /usr/lib/i386-linux-gnu/libgnutls.so.30.34.3
f6b26000-f6b29000 rw-p 00000000 00:00 0 
f6b29000-f6b34000 r--p 00000000 09:04 15885031                           /usr/lib/i386-linux-gnu/libunistring.so.2.2.0
f6b34000-f6b75000 r-xp 0000b000 09:04 15885031                           /usr/lib/i386-linux-gnu/libunistring.so.2.2.0
f6b75000-f6cda000 r--p 0004c000 09:04 15885031                           /usr/lib/i386-linux-gnu/libunistring.so.2.2.0
f6cda000-f6cdd000 r--p 001b0000 09:04 15885031                           /usr/lib/i386-linux-gnu/libunistring.so.2.2.0
f6cdd000-f6cde000 rw-p 001b3000 09:04 15885031                           /usr/lib/i386-linux-gnu/libunistring.so.2.2.0
f6cde000-f6ce1000 r--p 00000000 09:04 15887662                           /usr/lib/i386-linux-gnu/liblzma.so.5.4.1
f6ce1000-f6d02000 r-xp 00003000 09:04 15887662                           /usr/lib/i386-linux-gnu/liblzma.so.5.4.1
f6d02000-f6d12000 r--p 00024000 09:04 15887662                           /usr/lib/i386-linux-gnu/liblzma.so.5.4.1
f6d12000-f6d13000 r--p 00034000 09:04 15887662                           /usr/lib/i386-linux-gnu/liblzma.so.5.4.1
f6d13000-f6d14000 rw-p 00035000 09:04 15887662                           /usr/lib/i386-linux-gnu/liblzma.so.5.4.1
f6d14000-f6d5f000 r--p 00000000 09:04 15887655                           /usr/lib/i386-linux-gnu/libicuuc.so.72.1
f6d5f000-f6e69000 r-xp 0004b000 09:04 15887655                           /usr/lib/i386-linux-gnu/libicuuc.so.72.1
f6e69000-f6f0f000 r--p 00155000 09:04 15887655                           /usr/lib/i386-linux-gnu/libicuuc.so.72.1
f6f0f000-f6f1a000 r--p 001fa000 09:04 15887655                           /usr/lib/i386-linux-gnu/libicuuc.so.72.1
f6f1a000-f6f1b000 rw-p 00205000 09:04 15887655                           /usr/lib/i386-linux-gnu/libicuuc.so.72.1
f6f1b000-f6f1c000 rw-p 00000000 00:00 0 
f6f1c000-f6f1d000 r--p 00000000 09:04 15887530                           /usr/lib/i386-linux-gnu/libbrotlidec.so.1.0.9
f6f1d000-f6f25000 r-xp 00001000 09:04 15887530                           /usr/lib/i386-linux-gnu/libbrotlidec.so.1.0.9
f6f25000-f6f28000 r--p 00009000 09:04 15887530                           /usr/lib/i386-linux-gnu/libbrotlidec.so.1.0.9
f6f28000-f6f29000 r--p 0000b000 09:04 15887530                           /usr/lib/i386-linux-gnu/libbrotlidec.so.1.0.9
f6f29000-f6f2a000 rw-p 0000c000 09:04 15887530                           /usr/lib/i386-linux-gnu/libbrotlidec.so.1.0.9
f6f2a000-f6f2d000 r--p 00000000 09:04 15887569                           /usr/lib/i386-linux-gnu/libzstd.so.1.5.4
f6f2d000-f6fc4000 r-xp 00003000 09:04 15887569                           /usr/lib/i386-linux-gnu/libzstd.so.1.5.4
f6fc4000-f6fe0000 r--p 0009a000 09:04 15887569                           /usr/lib/i386-linux-gnu/libzstd.so.1.5.4
f6fe0000-f6fe1000 r--p 000b5000 09:04 15887569                           /usr/lib/i386-linux-gnu/libzstd.so.1.5.4
f6fe1000-f6fe2000 rw-p 000b6000 09:04 15887569                           /usr/lib/i386-linux-gnu/libzstd.so.1.5.4
f6fe2000-f6fe5000 r--p 00000000 09:04 15887556                           /usr/lib/i386-linux-gnu/liblber-2.5.so.0.1.8
f6fe5000-f6fec000 r-xp 00003000 09:04 15887556                           /usr/lib/i386-linux-gnu/liblber-2.5.so.0.1.8
f6fec000-f6ff1000 r--p 0000a000 09:04 15887556                           /usr/lib/i386-linux-gnu/liblber-2.5.so.0.1.8
f6ff1000-f6ff2000 r--p 0000e000 09:04 15887556                           /usr/lib/i386-linux-gnu/liblber-2.5.so.0.1.8
f6ff2000-f6ff3000 rw-p 0000f000 09:04 15887556                           /usr/lib/i386-linux-gnu/liblber-2.5.so.0.1.8
f6ff3000-f6ff5000 rw-p 00000000 00:00 0 
f6ff5000-f7000000 r--p 00000000 09:04 15887557                           /usr/lib/i386-linux-gnu/libldap-2.5.so.0.1.8
f7000000-f703c000 r-xp 0000b000 09:04 15887557                           /usr/lib/i386-linux-gnu/libldap-2.5.so.0.1.8
f703c000-f705a000 r--p 00047000 09:04 15887557                           /usr/lib/i386-linux-gnu/libldap-2.5.so.0.1.8
f705a000-f705b000 r--p 00065000 09:04 15887557                           /usr/lib/i386-linux-gnu/libldap-2.5.so.0.1.8
f705b000-f705c000 rw-p 00066000 09:04 15887557                           /usr/lib/i386-linux-gnu/libldap-2.5.so.0.1.8
f705c000-f705d000 rw-p 00000000 00:00 0 
f705d000-f7064000 r--p 00000000 09:04 15885029                           /usr/lib/i386-linux-gnu/libgssapi_krb5.so.2.2
f7064000-f709b000 r-xp 00007000 09:04 15885029                           /usr/lib/i386-linux-gnu/libgssapi_krb5.so.2.2
f709b000-f70b5000 r--p 0003e000 09:04 15885029                           /usr/lib/i386-linux-gnu/libgssapi_krb5.so.2.2
f70b5000-f70b6000 r--p 00058000 09:04 15885029                           /usr/lib/i386-linux-gnu/libgssapi_krb5.so.2.2
f70b6000-f70b7000 rw-p 00059000 09:04 15885029                           /usr/lib/i386-linux-gnu/libgssapi_krb5.so.2.2
f70b7000-f711f000 r--p 00000000 09:04 15885018                           /usr/lib/i386-linux-gnu/libcrypto.so.3
f711f000-f7374000 r-xp 00068000 09:04 15885018                           /usr/lib/i386-linux-gnu/libcrypto.so.3
f7374000-f74d0000 r--p 002bd000 09:04 15885018                           /usr/lib/i386-linux-gnu/libcrypto.so.3
f74d0000-f7506000 r--p 00418000 09:04 15885018                           /usr/lib/i386-linux-gnu/libcrypto.so.3
f7506000-f7508000 rw-p 0044e000 09:04 15885018                           /usr/lib/i386-linux-gnu/libcrypto.so.3
f7508000-f750a000 rw-p 00000000 00:00 0 
f750a000-f751b000 r--p 00000000 09:04 15885019                           /usr/lib/i386-linux-gnu/libssl.so.3
f751b000-f757a000 r-xp 00011000 09:04 15885019                           /usr/lib/i386-linux-gnu/libssl.so.3
f757a000-f75b1000 r--p 00070000 09:04 15885019                           /usr/lib/i386-linux-gnu/libssl.so.3
f75b1000-f75b7000 r--p 000a7000 09:04 15885019                           /usr/lib/i386-linux-gnu/libssl.so.3
f75b7000-f75ba000 rw-p 000ad000 09:04 15885019                           /usr/lib/i386-linux-gnu/libssl.so.3
f75ba000-f75bb000 r--p 00000000 09:04 15887562                           /usr/lib/i386-linux-gnu/libpsl.so.5.3.4
f75bb000-f75bd000 r-xp 00001000 09:04 15887562                           /usr/lib/i386-linux-gnu/libpsl.so.5.3.4
f75bd000-f75cc000 r--p 00003000 09:04 15887562                           /usr/lib/i386-linux-gnu/libpsl.so.5.3.4
f75cc000-f75cd000 r--p 00011000 09:04 15887562                           /usr/lib/i386-linux-gnu/libpsl.so.5.3.4
f75cd000-f75ce000 rw-p 00012000 09:04 15887562                           /usr/lib/i386-linux-gnu/libpsl.so.5.3.4
f75ce000-f75d2000 r--p 00000000 09:04 15887567                           /usr/lib/i386-linux-gnu/libssh2.so.1.0.1
f75d2000-f75fb000 r-xp 00004000 09:04 15887567                           /usr/lib/i386-linux-gnu/libssh2.so.1.0.1
f75fb000-f7613000 r--p 0002d000 09:04 15887567                           /usr/lib/i386-linux-gnu/libssh2.so.1.0.1
f7613000-f7614000 ---p 00045000 09:04 15887567                           /usr/lib/i386-linux-gnu/libssh2.so.1.0.1
f7614000-f7615000 r--p 00045000 09:04 15887567                           /usr/lib/i386-linux-gnu/libssh2.so.1.0.1
f7615000-f7616000 rw-p 00046000 09:04 15887567                           /usr/lib/i386-linux-gnu/libssh2.so.1.0.1
f7616000-f7619000 r--p 00000000 09:04 15887566                           /usr/lib/i386-linux-gnu/librtmp.so.1
f7619000-f7629000 r-xp 00003000 09:04 15887566                           /usr/lib/i386-linux-gnu/librtmp.so.1
f7629000-f7634000 r--p 00013000 09:04 15887566                           /usr/lib/i386-linux-gnu/librtmp.so.1
f7634000-f7635000 ---p 0001e000 09:04 15887566                           /usr/lib/i386-linux-gnu/librtmp.so.1
f7635000-f7636000 r--p 0001e000 09:04 15887566                           /usr/lib/i386-linux-gnu/librtmp.so.1
f7636000-f7637000 rw-p 0001f000 09:04 15887566                           /usr/lib/i386-linux-gnu/librtmp.so.1
f7637000-f7639000 r--p 00000000 09:04 15885033                           /usr/lib/i386-linux-gnu/libidn2.so.0.3.8
f7639000-f7641000 r-xp 00002000 09:04 15885033                           /usr/lib/i386-linux-gnu/libidn2.so.0.3.8
f7641000-f7668000 r--p 0000a000 09:04 15885033                           /usr/lib/i386-linux-gnu/libidn2.so.0.3.8
f7668000-f7669000 r--p 00031000 09:04 15885033                           /usr/lib/i386-linux-gnu/libidn2.so.0.3.8
f7669000-f766a000 rw-p 00032000 09:04 15885033                           /usr/lib/i386-linux-gnu/libidn2.so.0.3.8
f766a000-f766e000 r--p 00000000 09:04 15887560                           /usr/lib/i386-linux-gnu/libnghttp2.so.14.24.1
f766e000-f7687000 r-xp 00004000 09:04 15887560                           /usr/lib/i386-linux-gnu/libnghttp2.so.14.24.1
f7687000-f769b000 r--p 0001d000 09:04 15887560                           /usr/lib/i386-linux-gnu/libnghttp2.so.14.24.1
f769b000-f769d000 r--p 00030000 09:04 15887560                           /usr/lib/i386-linux-gnu/libnghttp2.so.14.24.1
f769d000-f769e000 rw-p 00032000 09:04 15887560                           /usr/lib/i386-linux-gnu/libnghttp2.so.14.24.1
f769e000-f76c0000 r--p 00000000 09:04 15884730                           /usr/lib/i386-linux-gnu/libc.so.6
f76c0000-f7839000 r-xp 00022000 09:04 15884730                           /usr/lib/i386-linux-gnu/libc.so.6
f7839000-f78b9000 r--p 0019b000 09:04 15884730                           /usr/lib/i386-linux-gnu/libc.so.6
f78b9000-f78bb000 r--p 0021b000 09:04 15884730                           /usr/lib/i386-linux-gnu/libc.so.6
f78bb000-f78bc000 rw-p 0021d000 09:04 15884730                           /usr/lib/i386-linux-gnu/libc.so.6
f78bc000-f78c8000 rw-p 00000000 00:00 0 
f78c8000-f78cb000 r--p 00000000 09:04 15884726                           /usr/lib/i386-linux-gnu/libgcc_s.so.1
f78cb000-f78e8000 r-xp 00003000 09:04 15884726                           /usr/lib/i386-linux-gnu/libgcc_s.so.1
f78e8000-f78ed000 r--p 00020000 09:04 15884726                           /usr/lib/i386-linux-gnu/libgcc_s.so.1
f78ed000-f78ee000 r--p 00024000 09:04 15884726                           /usr/lib/i386-linux-gnu/libgcc_s.so.1
f78ee000-f78ef000 rw-p 00025000 09:04 15884726                           /usr/lib/i386-linux-gnu/libgcc_s.so.1
f78ef000-f78fc000 r--p 00000000 09:04 15884733                           /usr/lib/i386-linux-gnu/libm.so.6
f78fc000-f79bc000 r-xp 0000d000 09:04 15884733                           /usr/lib/i386-linux-gnu/libm.so.6
f79bc000-f79f2000 r--p 000cd000 09:04 15884733                           /usr/lib/i386-linux-gnu/libm.so.6
f79f2000-f79f3000 r--p 00103000 09:04 15884733                           /usr/lib/i386-linux-gnu/libm.so.6
f79f3000-f79f4000 rw-p 00104000 09:04 15884733                           /usr/lib/i386-linux-gnu/libm.so.6
f79f4000-f7a6c000 r--p 00000000 09:04 15887614                           /usr/lib/i386-linux-gnu/libstdc++.so.6.0.30
f7a6c000-f7b83000 r-xp 00078000 09:04 15887614                           /usr/lib/i386-linux-gnu/libstdc++.so.6.0.30
f7b83000-f7c0a000 r--p 0018f000 09:04 15887614                           /usr/lib/i386-linux-gnu/libstdc++.so.6.0.30
f7c0a000-f7c10000 r--p 00215000 09:04 15887614                           /usr/lib/i386-linux-gnu/libstdc++.so.6.0.30
f7c10000-f7c12000 rw-p 0021b000 09:04 15887614                           /usr/lib/i386-linux-gnu/libstdc++.so.6.0.30
f7c12000-f7c14000 rw-p 00000000 00:00 0 
f7c14000-f7c16000 r--p 00000000 09:04 15887564                           /usr/lib/i386-linux-gnu/libz.so.1.2.13
f7c16000-f7c28000 r-xp 00002000 09:04 15887564                           /usr/lib/i386-linux-gnu/libz.so.1.2.13
f7c28000-f7c2f000 r--p 00014000 09:04 15887564                           /usr/lib/i386-linux-gnu/libz.so.1.2.13
f7c2f000-f7c30000 r--p 0001a000 09:04 15887564                           /usr/lib/i386-linux-gnu/libz.so.1.2.13
f7c30000-f7c31000 rw-p 0001b000 09:04 15887564                           /usr/lib/i386-linux-gnu/libz.so.1.2.13
f7c31000-f7c4e000 r--p 00000000 09:04 15887664                           /usr/lib/i386-linux-gnu/libxml2.so.2.9.14
f7c4e000-f7d6e000 r-xp 0001d000 09:04 15887664                           /usr/lib/i386-linux-gnu/libxml2.so.2.9.14
f7d6e000-f7df9000 r--p 0013d000 09:04 15887664                           /usr/lib/i386-linux-gnu/libxml2.so.2.9.14
f7df9000-f7dfe000 r--p 001c7000 09:04 15887664                           /usr/lib/i386-linux-gnu/libxml2.so.2.9.14
f7dfe000-f7dff000 rw-p 001cc000 09:04 15887664                           /usr/lib/i386-linux-gnu/libxml2.so.2.9.14
f7dff000-f7e00000 rw-p 00000000 00:00 0 
f7e00000-f7e01000 r--p 00000000 09:04 15887646                           /usr/lib/i386-linux-gnu/libpcre.so.3.13.3
f7e01000-f7e55000 r-xp 00001000 09:04 15887646                           /usr/lib/i386-linux-gnu/libpcre.so.3.13.3
f7e55000-f7e7a000 r--p 00055000 09:04 15887646                           /usr/lib/i386-linux-gnu/libpcre.so.3.13.3
f7e7a000-f7e7b000 r--p 00079000 09:04 15887646                           /usr/lib/i386-linux-gnu/libpcre.so.3.13.3
f7e7b000-f7e7c000 rw-p 0007a000 09:04 15887646                           /usr/lib/i386-linux-gnu/libpcre.so.3.13.3
f7e7c000-f7e85000 r--p 00000000 09:04 15893957                           /usr/lib/i386-linux-gnu/libcurl.so.4.8.0
f7e85000-f7efe000 r-xp 00009000 09:04 15893957                           /usr/lib/i386-linux-gnu/libcurl.so.4.8.0
f7efe000-f7f3a000 r--p 00082000 09:04 15893957                           /usr/lib/i386-linux-gnu/libcurl.so.4.8.0
f7f3a000-f7f3c000 r--p 000be000 09:04 15893957                           /usr/lib/i386-linux-gnu/libcurl.so.4.8.0
f7f3c000-f7f3e000 rw-p 000c0000 09:04 15893957                           /usr/lib/i386-linux-gnu/libcurl.so.4.8.0
f7f42000-f7f4a000 rw-s 00000000 09:04 8004852                            /tmp/hsperfdata_swg/3987605 (deleted)
f7f4a000-f7f4b000 ---p 00000000 00:00 0 
f7f4b000-f7f4c000 r--p 00000000 00:00 0 
f7f4c000-f7f4d000 ---p 00000000 00:00 0 
f7f4d000-f7f4e000 r--p 00000000 09:04 15769286                           /usr/local/lib/cfree_fix32.so
f7f4e000-f7f4f000 r-xp 00001000 09:04 15769286                           /usr/local/lib/cfree_fix32.so
f7f4f000-f7f50000 r--p 00002000 09:04 15769286                           /usr/local/lib/cfree_fix32.so
f7f50000-f7f51000 r--p 00002000 09:04 15769286                           /usr/local/lib/cfree_fix32.so
f7f51000-f7f52000 rw-p 00003000 09:04 15769286                           /usr/local/lib/cfree_fix32.so
f7f52000-f7f54000 rw-p 00000000 00:00 0 
f7f54000-f7f58000 r--p 00000000 00:00 0                                  [vvar]
f7f58000-f7f5a000 r-xp 00000000 00:00 0                                  [vdso]
f7f5a000-f7f5b000 r--p 00000000 09:04 15884727                           /usr/lib/i386-linux-gnu/ld-linux.so.2
f7f5b000-f7f7e000 r-xp 00001000 09:04 15884727                           /usr/lib/i386-linux-gnu/ld-linux.so.2
f7f7e000-f7f8c000 r--p 00024000 09:04 15884727                           /usr/lib/i386-linux-gnu/ld-linux.so.2
f7f8c000-f7f8e000 r--p 00031000 09:04 15884727                           /usr/lib/i386-linux-gnu/ld-linux.so.2
f7f8e000-f7f8f000 rw-p 00033000 09:04 15884727                           /usr/lib/i386-linux-gnu/ld-linux.so.2
ffa28000-ffa29000 rwxp 00000000 00:00 0 
ffb31000-ffbed000 rw-p 00000000 00:00 0                                  [stack]


VM Arguments:
jvm_args: -Xms128m -Xmx512m -Xss768k -XX:MaxMetaspaceSize=96m -Xrs -XX:-UsePerfData -XX:-AllowUserSignalHandlers -XX:UseSSE=3 -XX+DoEscapeAnalysis -XX:AutoBoxCacheMax:2000 -XX:+OptimizeStringConcat -XX:+OptimizeFill -XX:+EliminateAutoBox -XX:+UseCompressedStrings -XX:+UseCompressedOops -XX:+EliminateLocks -XX:UseFastAccessorMethods -XX:+UseStringCache -XgcPrio:throughput -XXkeepAreaRatio:1 -XXlazyUnlocking -XXcallProfiling -XXcompactRatio:1 
java_command: <unknown>
java_class_path (initial): ../../data/sku.0/sys.server/compiled/game/
Launcher Type: generic

[Global flags]
     intx CICompilerCount                          = 3                                         {product} {ergonomic}
     uint ConcGCThreads                            = 3                                         {product} {ergonomic}
     uint G1ConcRefinementThreads                  = 13                                        {product} {ergonomic}
   size_t G1HeapRegionSize                         = 1048576                                   {product} {ergonomic}
    uintx GCDrainStackTargetSize                   = 64                                        {product} {ergonomic}
   size_t InitialHeapSize                          = 134217728                                 {product} {command line}
   size_t MarkStackSize                            = 49152                                     {product} {ergonomic}
   size_t MaxHeapSize                              = 536870912                                 {product} {command line}
   size_t MaxMetaspaceSize                         = 100663296                                 {product} {command line}
   size_t MaxNewSize                               = 321912832                                 {product} {ergonomic}
   size_t MinHeapDeltaBytes                        = 1048576                                   {product} {ergonomic}
   size_t MinHeapSize                              = 134217728                                 {product} {command line}
    uintx NonNMethodCodeHeapSize                   = 5544422                                {pd product} {ergonomic}
    uintx NonProfiledCodeHeapSize                  = 123056909                              {pd product} {ergonomic}
    uintx ProfiledCodeHeapSize                     = 123056909                              {pd product} {ergonomic}
    uintx ReservedCodeCacheSize                    = 251658240                              {pd product} {ergonomic}
     bool SegmentedCodeCache                       = true                                      {product} {ergonomic}
   size_t SoftMaxHeapSize                          = 536870912                              {manageable} {ergonomic}
   double SweeperThreshold                         = 0.500000                                  {product} {ergonomic}
     intx ThreadStackSize                          = 768                                    {pd product} {command line}
     bool UseG1GC                                  = true                                      {product} {ergonomic}

Logging:
Log output configuration:
 #0: stdout all=off uptime,level,tags
 #1: stderr all=off uptime,level,tags

Environment Variables:
PATH=/usr/local/sbin:/usr/local/bin:/usr/sbin:/usr/bin:/sbin:/bin:/usr/lib/oracle/18.3/client/bin:/usr/lib/jvm/zulu-17-x86/bin/:./
LD_LIBRARY_PATH=/usr/lib/oracle/18.3/client/lib:/usr/lib/jvm/zulu-17-x86/lib/:/usr/lib/jvm/zulu-17-x86/lib/server/:./
LD_PRELOAD=/usr/local/lib/cfree_fix32.so
SHELL=/bin/bash
LANG=en_US.UTF-8

Active Locale:
LC_ALL=en_US.UTF-8
LC_COLLATE=en_US.UTF-8
LC_CTYPE=en_US.UTF-8
LC_MESSAGES=en_US.UTF-8
LC_MONETARY=en_US.UTF-8
LC_NUMERIC=en_US.UTF-8
LC_TIME=en_US.UTF-8

Signal Handlers:
   SIGSEGV: crash_handler in libjvm.so, mask=11100100010111111101111111111110, flags=SA_RESTART|SA_SIGINFO, unblocked
    SIGBUS: crash_handler in libjvm.so, mask=11100100010111111101111111111110, flags=SA_RESTART|SA_SIGINFO, unblocked
    SIGFPE: crash_handler in libjvm.so, mask=11100100010111111101111111111110, flags=SA_RESTART|SA_SIGINFO, unblocked
   SIGPIPE: SIG_IGN, mask=00000000000010000000000000000000, flags=SA_RESTART, blocked
  *** Handler was modified!
  *** Expected: javaSignalHandler in libjvm.so, mask=11100100110111111111111111111110, flags=SA_RESTART|SA_SIGINFO
   SIGXFSZ: javaSignalHandler in libjvm.so, mask=11100100010111111101111111111110, flags=SA_RESTART|SA_SIGINFO, blocked
    SIGILL: crash_handler in libjvm.so, mask=11100100010111111101111111111110, flags=SA_RESTART|SA_SIGINFO, unblocked
   SIGUSR2: SR_handler in libjvm.so, mask=00100000000000000000000000000000, flags=SA_RESTART|SA_SIGINFO, blocked
    SIGHUP: UserHandler in libjvm.so, mask=11100100010111111101111111111110, flags=SA_RESTART|SA_SIGINFO, blocked
    SIGINT: UserHandler in libjvm.so, mask=11100100010111111101111111111110, flags=SA_RESTART|SA_SIGINFO, blocked
   SIGTERM: UserHandler in libjvm.so, mask=11100100010111111101111111111110, flags=SA_RESTART|SA_SIGINFO, blocked
   SIGQUIT: UserHandler in libjvm.so, mask=11100100010111111101111111111110, flags=SA_RESTART|SA_SIGINFO, blocked
   SIGTRAP: crash_handler in libjvm.so, mask=11100100010111111101111111111110, flags=SA_RESTART|SA_SIGINFO, unblocked


Periodic native trim disabled


---------------  S Y S T E M  ---------------

OS:
PRETTY_NAME="Debian GNU/Linux 12 (bookworm)"
NAME="Debian GNU/Linux"
VERSION_ID="12"
VERSION="12 (bookworm)"
VERSION_CODENAME=bookworm
ID=debian
HOME_URL="https://www.debian.org/"
SUPPORT_URL="https://www.debian.org/support"
BUG_REPORT_URL="https://bugs.debian.org/"
uname: Linux 6.1.0-52-amd64 #1 SMP PREEMPT_DYNAMIC Debian 6.1.180-1 (2026-08-03) x86_64
OS uptime: 4 days 1:25 hours
libc: glibc 2.36 NPTL 2.36 
rlimit (soft/hard): STACK 8192k/infinity , CORE 0k/infinity , NPROC 256181/256181 , NOFILE 524288/524288 , AS infinity/infinity , CPU infinity/infinity , DATA infinity/infinity , FSIZE infinity/infinity , MEMLOCK 8192k/8192k
load average: 4.65 5.04 5.08

/proc/meminfo:
MemTotal:       65729880 kB
MemFree:        15597040 kB
MemAvailable:   46619536 kB
Buffers:         1856256 kB
Cached:         37984356 kB
SwapCached:            0 kB
Active:         24398316 kB
Inactive:       23317120 kB
Active(anon):    3297836 kB
Inactive(anon): 13641964 kB
Active(file):   21100480 kB
Inactive(file):  9675156 kB
Unevictable:          64 kB
Mlocked:              64 kB
SwapTotal:       7813112 kB
SwapFree:        7813112 kB
Zswap:                 0 kB
Zswapped:              0 kB
Dirty:              1192 kB
Writeback:             0 kB
AnonPages:       7848384 kB
Mapped:          2662268 kB
Shmem:           9064952 kB
KReclaimable:    1556516 kB
Slab:            1807464 kB
SReclaimable:    1556516 kB
SUnreclaim:       250948 kB
KernelStack:       18024 kB
PageTables:       289852 kB
SecPageTables:         0 kB
NFS_Unstable:          0 kB
Bounce:                0 kB
WritebackTmp:          0 kB
CommitLimit:    40678052 kB
Committed_AS:   22514316 kB
VmallocTotal:   34359738367 kB
VmallocUsed:       74972 kB
VmallocChunk:          0 kB
Percpu:            59008 kB
HardwareCorrupted:     0 kB
AnonHugePages:   5912576 kB
ShmemHugePages:        0 kB
ShmemPmdMapped:        0 kB
FileHugePages:         0 kB
FilePmdMapped:         0 kB
HugePages_Total:       0
HugePages_Free:        0
HugePages_Rsvd:        0
HugePages_Surp:        0
Hugepagesize:       2048 kB
Hugetlb:               0 kB
DirectMap4k:      217572 kB
DirectMap2M:     8060928 kB
DirectMap1G:    58720256 kB

/sys/kernel/mm/transparent_hugepage/enabled: [always] madvise never
/sys/kernel/mm/transparent_hugepage/hpage_pmd_size: 2097152
/sys/kernel/mm/transparent_hugepage/defrag (defrag/compaction efforts parameter): always defer defer+madvise [madvise] never

Process Memory:
Virtual Size: 1262228K (peak: 1276080K)
Resident Set Size: 425416K (peak: 435072K) (anon: 382148K, file: 43268K, shmem: 0K)
Swapped out: 0K
C-Heap outstanding allocations: 27434K, retained: 235321K
glibc malloc tunables: (default)

/proc/sys/kernel/threads-max (system-wide limit on the number of threads): 512362
/proc/sys/vm/max_map_count (maximum number of memory map areas a process may have): 65530
/proc/sys/vm/swappiness (control to define how aggressively the kernel swaps out anonymous memory): 10
/proc/sys/kernel/pid_max (system-wide limit on number of process identifiers): 4194304

container (cgroup) information:
container_type: cgroupv2
cpu_cpuset_cpus: not supported
cpu_memory_nodes: not supported
active_processor_count: 16
cpu_quota: no quota
cpu_period: 100000
cpu_shares: 20480
memory_limit_in_bytes: unlimited
memory_and_swap_limit_in_bytes: unlimited
memory_soft_limit_in_bytes: 0
memory_usage_in_bytes: 5414408 k
memory_max_usage_in_bytes: not supported
rss_usage_in_bytes: 5363368 k
cache_usage_in_bytes: 3188 k
memory_swap_current_in_bytes: 0
memory_swap_max_limit_in_bytes: unlimited
maximum number of tasks: 76854
current number of tasks: 374

Steal ticks since vm start: 0
Steal ticks percentage since vm start:  0.000

CPU: total 32 (initial active 16) (16 cores per cpu, 2 threads per core) family 23 model 113 stepping 0 microcode 0x8701034, cx8, cmov, fxsr, ht, mmx, 3dnowpref, sse, sse2, sse3, ssse3, sse4a, sse4.1, sse4.2, popcnt, lzcnt, tsc, tscinvbit, avx, avx2, aes, clmul, bmi1, bmi2, adx, sha, fma, vzeroupper, clflush, clflushopt
CPU Model and flags from /proc/cpuinfo:
model name	: AMD Ryzen 7 PRO 3700 8-Core Processor
flags		: fpu vme de pse tsc msr pae mce cx8 apic sep mtrr pge mca cmov pat pse36 clflush mmx fxsr sse sse2 ht syscall nx mmxext fxsr_opt pdpe1gb rdtscp lm constant_tsc rep_good nopl nonstop_tsc cpuid extd_apicid aperfmperf rapl pni pclmulqdq monitor ssse3 fma cx16 sse4_1 sse4_2 x2apic movbe popcnt aes xsave avx f16c rdrand lahf_lm cmp_legacy svm extapic cr8_legacy abm sse4a misalignsse 3dnowprefetch osvw ibs skinit wdt tce topoext perfctr_core perfctr_nb bpext perfctr_llc mwaitx cpb cat_l3 cdp_l3 hw_pstate ssbd mba ibpb stibp vmmcall fsgsbase bmi1 avx2 smep bmi2 cqm rdt_a rdseed adx smap clflushopt clwb sha_ni xsaveopt xsavec xgetbv1 cqm_llc cqm_occup_llc cqm_mbm_total cqm_mbm_local clzero irperf xsaveerptr rdpru wbnoinvd arat npt lbrv svm_lock nrip_save tsc_scale vmcb_clean flushbyasid decodeassists pausefilter pfthreshold avic v_vmsave_vmload vgif v_spec_ctrl umip rdpid overflow_recov succor smca sev sev_es ibpb_exit_to_user

Online cpus: 0-15
Offline cpus: 16-31
BIOS frequency limitation: 3600000
Frequency switch latency (ns): 0
Available cpu frequencies: 3600000 2800000 2200000 
Current governor: schedutil
Core performance/turbo boost: 1

Memory: 4k page, physical 65729880k(15597040k free), swap 7813112k(7813112k free)
Page Sizes: 4k

vm_info: OpenJDK Server VM (17.0.19+10-LTS) for linux-x86 JRE (17.0.19+10-LTS) (Zulu17.66+19-CA), built on Apr 17 2026 20:26:03 by "zulu_re" with gcc 8.3.0

END.
