#
# A fatal error has been detected by the Java Runtime Environment:
#
#  SIGSEGV (0xb) at pc=0xf76f9c60, pid=3987588, tid=3987588
#
# JRE version: OpenJDK Runtime Environment Zulu17.66+19-CA (17.0.19+10) (build 17.0.19+10-LTS)
# Java VM: OpenJDK Server VM Zulu17.66+19-CA (17.0.19+10-LTS, mixed mode, sharing, tiered, g1 gc, linux-x86)
# Problematic frame:
# C  [libc.so.6+0x99c60]  cfree+0x20
#
# No core dump will be written. Core dumps have been disabled. To enable core dumping, try "ulimit -c unlimited" before starting Java again
#
# If you would like to submit a bug report, please visit:
#   http://www.azul.com/support/
#

---------------  S U M M A R Y ------------

Command Line: -Xms128m -Xmx512m -Xss768k -XX:MaxMetaspaceSize=96m -Xrs -XX:-UsePerfData -XX:-AllowUserSignalHandlers -XX:UseSSE=3 -XX+DoEscapeAnalysis -XX:AutoBoxCacheMax:2000 -XX:+OptimizeStringConcat -XX:+OptimizeFill -XX:+EliminateAutoBox -XX:+UseCompressedStrings -XX:+UseCompressedOops -XX:+EliminateLocks -XX:UseFastAccessorMethods -XX:+UseStringCache -XgcPrio:throughput -XXkeepAreaRatio:1 -XXlazyUnlocking -XXcallProfiling -XXcompactRatio:1 

Host: AMD Ryzen 7 PRO 3700 8-Core Processor, 32 cores, 62G, Debian GNU/Linux 12 (bookworm)
Time: Wed Aug 12 01:15:06 2026 UTC elapsed time: 10764.168470 seconds (0d 2h 59m 24s)

---------------  T H R E A D  ---------------

Current thread is native thread

Stack: [0xff9c7000,0xffa87000],  sp=0xffa85df0,  free space=763k
Native frames: (J=compiled Java code, j=interpreted, Vv=VM code, C=native code)
C  [libc.so.6+0x99c60]  cfree+0x20
C  [SwgGameServer+0x11552ff]  FileManifest::remove()+0x51
C  [SwgGameServer+0x1161ecc]  ExitChain::run()+0x6e
C  [SwgGameServer+0x1161cf3]  ExitChain::quit()+0x15
C  [SwgGameServer+0x1170be0]  SetupSharedFoundation::remove()+0x18
C  [SwgGameServer+0x112b300]  main+0x372


siginfo: si_signo: 11 (SIGSEGV), si_code: 1 (SEGV_MAPERR), si_addr: 0x000000fc

Registers:
EAX=0x59eb66e8, EBX=0x00000100, ECX=0xf46ac9c8, EDX=0x00000100
ESP=0xffa85df0, EBP=0xffa85e78, ESI=0xf787cff4, EDI=0xffffffa4
EIP=0xf76f9c60, EFLAGS=0x00210206, CR2=0x00000000000000fc


Top of Stack: (sp=0xffa85df0)
0xffa85df0:   6cd77f57 5947beb8 ffa85e38 41164f00
0xffa85e00:   ffa85e28 f7a3e876 f7bd1ff4 f7bd1ff4
0xffa85e10:   59eb66e0 f7f4fb80 ffa85e78 f7a3e888
0xffa85e20:   00000100 ffffffa4 00000002 5774cd49
0xffa85e30:   f76ea03b f7a3e876 f7bd1ff4 f7adf795
0xffa85e40:   00000100 59473ca4 58c6c25c 5774c7db
0xffa85e50:   00000000 f7adf776 58c6c25c 5774c0ee
0xffa85e60:   59eb66e0 59473ca0 f7bd1ff4 5774c0c8
0xffa85e70:   59b3b690 58c6c25c ffa85ea8 5774b2ff
0xffa85e80:   59eb66e0 ffa85e9c ffa85ea8 5774b2bb
0xffa85e90:   00000000 58c6c25c 59eba480 59473ca4
0xffa85ea0:   58c6c25c 58c6c25c ffa85ec8 57757ecc
0xffa85eb0:   58c6c25c 58c6c25c ffa85ed8 59b3b670
0xffa85ec0:   5b3510c0 58c6c25c ffa85ed8 57757cf3
0xffa85ed0:   58c6c25c 58c6c25c ffa85ee8 57766be0
0xffa85ee0:   57afdbe0 ffa85ff0 ffa85fd8 57721300
0xffa85ef0:   0000000d 00000001 59e9b900 58540100
0xffa85f00:   59e9ba50 00300100 59e9baa0 ffa80100
0xffa85f10:   5858eb20 00000000 00000000 00a85f84
0xffa85f20:   00000000 01010100 5301e320 61476777
0xffa85f30:   6553656d 72657672 3839333a 38383537
0xffa85f40:   594f6200 576f1e21 00013748 f76fa806
0xffa85f50:   f7f4fff4 0000002c 00000000 f76fa61e
0xffa85f60:   00013748 00000211 59b368b8 00000000
0xffa85f70:   58c6c25c 57a08a26 ffa85f98 57a07911
0xffa85f80:   ffffffff 00f1c694 00000000 00000001
0xffa85f90:   5947c200 00000000 00000000 00000000
0xffa85fa0:   00000000 59e9b900 00000015 00000015
0xffa85fb0:   f7888000 f7f2c83b f767ca4f f7888000
0xffa85fc0:   ffa86000 f78881d8 f46ae320 ffa85ff0
0xffa85fd0:   f787cff4 58c4e8c8 00000000 f76832d5
0xffa85fe0:   57a06d7a 00000070 f7f4fff4 f76832d5 

Instructions: (pc=0xf76f9c60)
0xf76f9b60:   5e 5f 5d c3 8d 74 26 00 31 d2 89 f0 e8 3f cb ff
0xf76f9b70:   ff 89 f2 89 c3 e8 96 e6 ff ff 85 c0 75 16 85 db
0xf76f9b80:   74 1f 89 f2 89 d8 e8 c5 d0 ff ff 89 f2 89 c3 e8
0xf76f9b90:   7c e6 ff ff 85 db 74 09 31 d2 87 13 83 fa 01 7f
0xf76f9ba0:   77 85 c0 0f 85 6a fe ff ff 31 c0 eb af 8d 87 48
0xf76f9bb0:   f0 f9 ff 50 8d 87 00 f3 f9 ff 50 8d 87 a0 e3 f9
0xf76f9bc0:   ff 50 6a 01 e8 c7 2e fe ff 8d b4 26 00 00 00 00
0xf76f9bd0:   83 ec 0c 53 e8 c7 ae fe ff 83 c4 10 e9 14 fe ff
0xf76f9be0:   ff 8d b4 26 00 00 00 00 89 44 24 0c 83 ec 0c 53
0xf76f9bf0:   e8 9b af fe ff 83 c4 10 8b 44 24 0c e9 12 fe ff
0xf76f9c00:   ff 8d b4 26 00 00 00 00 8d 87 0c ee f9 ff e8 ed
0xf76f9c10:   bb ff ff 8d 74 26 00 90 89 44 24 0c 83 ec 0c 53
0xf76f9c20:   e8 6b af fe ff 83 c4 10 8b 44 24 0c e9 70 ff ff
0xf76f9c30:   ff 8d b4 26 00 00 00 00 8d b4 26 00 00 00 00 90
0xf76f9c40:   55 57 56 e8 ad 58 0d 00 81 c6 ac 33 18 00 53 83
0xf76f9c50:   ec 1c 8b 5c 24 30 85 db 74 5b 8b be d0 fe ff ff
0xf76f9c60:   8b 53 fc 8d 43 f8 65 8b 2f f6 c2 02 75 52 8b 8e
0xf76f9c70:   a4 fe ff ff 65 8b 09 85 c9 0f 84 81 00 00 00 83
0xf76f9c80:   e2 04 8d 9e cc 07 00 00 74 1d 8b 8e e4 01 00 00
0xf76f9c90:   8d 14 8d 00 00 00 00 f7 da 85 c9 b9 00 00 f0 ff
0xf76f9ca0:   0f 44 d1 21 c2 8b 1a 89 c2 31 c9 89 d8 e8 8e d3
0xf76f9cb0:   ff ff 65 89 2f 83 c4 1c 5b 5e 5f 5d c3 8d 76 00
0xf76f9cc0:   8b 9e f8 01 00 00 85 db 75 26 39 96 d4 01 00 00
0xf76f9cd0:   73 1e 81 fa 00 00 08 00 77 16 83 e2 f8 89 96 d4
0xf76f9ce0:   01 00 00 01 d2 89 96 cc 01 00 00 8d 74 26 00 90
0xf76f9cf0:   e8 9b bc ff ff eb bb 8d b4 26 00 00 00 00 66 90
0xf76f9d00:   8b 8e a8 fe ff ff 65 80 39 00 0f 85 6f ff ff ff
0xf76f9d10:   89 44 24 0c e8 47 f3 ff ff 8b 53 fc 8b 44 24 0c
0xf76f9d20:   e9 5a ff ff ff 8d b4 26 00 00 00 00 8d 74 26 00
0xf76f9d30:   55 57 56 53 e8 ac 57 0d 00 81 c3 bb 32 18 00 83
0xf76f9d40:   ec 0c 8b 83 a4 fe ff ff 8b 93 a8 fe ff ff 65 8b
0xf76f9d50:   30 65 c6 02 01 85 f6 74 67 65 c7 00 00 00 00 00 



---------------  P R O C E S S  ---------------

VM state: at safepoint (shutting down)

VM Mutex/Monitor currently owned by a thread:  ([mutex/lock_event])
[0xf3627890] Threads_lock - owner thread: 0xc18e0be0

GC Precious Log:
<Skipped>

Heap:
 garbage-first heap   total 131072K, used 32844K [0xc3200000, 0xe3200000)
  region size 1024K, 20 young (20480K), 5 survivors (5120K)
 Metaspace       used 7868K, committed 8832K, reserved 16384K

Heap Regions: E=young(eden), S=young(survivor), O=old, HS=humongous(starts), HC=humongous(continues), CS=collection set, F=free, OA=open archive, CA=closed archive, TAMS=top-at-mark-start (previous, next)
|   0|0xc3200000, 0xc3300000, 0xc3300000|100%| O|  |TAMS 0xc3200000, 0xc3200000| Untracked 
|   1|0xc3300000, 0xc3400000, 0xc3400000|100%| O|  |TAMS 0xc3300000, 0xc3300000| Untracked 
|   2|0xc3400000, 0xc3500000, 0xc3500000|100%| O|  |TAMS 0xc3400000, 0xc3400000| Untracked 
|   3|0xc3500000, 0xc3600000, 0xc3600000|100%| O|  |TAMS 0xc3500000, 0xc3500000| Untracked 
|   4|0xc3600000, 0xc3700000, 0xc3700000|100%| O|  |TAMS 0xc3600000, 0xc3600000| Untracked 
|   5|0xc3700000, 0xc3800000, 0xc3800000|100%| O|  |TAMS 0xc3700000, 0xc3700000| Untracked 
|   6|0xc3800000, 0xc3900000, 0xc3900000|100%| O|  |TAMS 0xc3800000, 0xc3800000| Untracked 
|   7|0xc3900000, 0xc3a00000, 0xc3a00000|100%| O|  |TAMS 0xc3900000, 0xc3900000| Untracked 
|   8|0xc3a00000, 0xc3b00000, 0xc3b00000|100%| O|  |TAMS 0xc3a00000, 0xc3a00000| Untracked 
|   9|0xc3b00000, 0xc3c00000, 0xc3c00000|100%| O|  |TAMS 0xc3b00000, 0xc3b00000| Untracked 
|  10|0xc3c00000, 0xc3d00000, 0xc3d00000|100%| O|  |TAMS 0xc3c00000, 0xc3c00000| Untracked 
|  11|0xc3d00000, 0xc3e00000, 0xc3e00000|100%| O|  |TAMS 0xc3d00000, 0xc3d00000| Untracked 
|  12|0xc3e00000, 0xc3f00000, 0xc3f00000|100%| O|  |TAMS 0xc3e00000, 0xc3e00000| Untracked 
|  13|0xc3f00000, 0xc3f5b800, 0xc4000000| 35%| O|  |TAMS 0xc3f00000, 0xc3f00000| Untracked 
|  14|0xc4000000, 0xc4000000, 0xc4100000|  0%| F|  |TAMS 0xc4000000, 0xc4000000| Untracked 
|  15|0xc4100000, 0xc4100000, 0xc4200000|  0%| F|  |TAMS 0xc4100000, 0xc4100000| Untracked 
|  16|0xc4200000, 0xc4200000, 0xc4300000|  0%| F|  |TAMS 0xc4200000, 0xc4200000| Untracked 
|  17|0xc4300000, 0xc4300000, 0xc4400000|  0%| F|  |TAMS 0xc4300000, 0xc4300000| Untracked 
|  18|0xc4400000, 0xc4400000, 0xc4500000|  0%| F|  |TAMS 0xc4400000, 0xc4400000| Untracked 
|  19|0xc4500000, 0xc4500000, 0xc4600000|  0%| F|  |TAMS 0xc4500000, 0xc4500000| Untracked 
|  20|0xc4600000, 0xc4600000, 0xc4700000|  0%| F|  |TAMS 0xc4600000, 0xc4600000| Untracked 
|  21|0xc4700000, 0xc4700000, 0xc4800000|  0%| F|  |TAMS 0xc4700000, 0xc4700000| Untracked 
|  22|0xc4800000, 0xc4800000, 0xc4900000|  0%| F|  |TAMS 0xc4800000, 0xc4800000| Untracked 
|  23|0xc4900000, 0xc4900000, 0xc4a00000|  0%| F|  |TAMS 0xc4900000, 0xc4900000| Untracked 
|  24|0xc4a00000, 0xc4a00000, 0xc4b00000|  0%| F|  |TAMS 0xc4a00000, 0xc4a00000| Untracked 
|  25|0xc4b00000, 0xc4b00000, 0xc4c00000|  0%| F|  |TAMS 0xc4b00000, 0xc4b00000| Untracked 
|  26|0xc4c00000, 0xc4c00000, 0xc4d00000|  0%| F|  |TAMS 0xc4c00000, 0xc4c00000| Untracked 
|  27|0xc4d00000, 0xc4d00000, 0xc4e00000|  0%| F|  |TAMS 0xc4d00000, 0xc4d00000| Untracked 
|  28|0xc4e00000, 0xc4e00000, 0xc4f00000|  0%| F|  |TAMS 0xc4e00000, 0xc4e00000| Untracked 
|  29|0xc4f00000, 0xc4f00000, 0xc5000000|  0%| F|  |TAMS 0xc4f00000, 0xc4f00000| Untracked 
|  30|0xc5000000, 0xc5000000, 0xc5100000|  0%| F|  |TAMS 0xc5000000, 0xc5000000| Untracked 
|  31|0xc5100000, 0xc5100000, 0xc5200000|  0%| F|  |TAMS 0xc5100000, 0xc5100000| Untracked 
|  32|0xc5200000, 0xc5200000, 0xc5300000|  0%| F|  |TAMS 0xc5200000, 0xc5200000| Untracked 
|  33|0xc5300000, 0xc5300000, 0xc5400000|  0%| F|  |TAMS 0xc5300000, 0xc5300000| Untracked 
|  34|0xc5400000, 0xc5400000, 0xc5500000|  0%| F|  |TAMS 0xc5400000, 0xc5400000| Untracked 
|  35|0xc5500000, 0xc5500000, 0xc5600000|  0%| F|  |TAMS 0xc5500000, 0xc5500000| Untracked 
|  36|0xc5600000, 0xc5600000, 0xc5700000|  0%| F|  |TAMS 0xc5600000, 0xc5600000| Untracked 
|  37|0xc5700000, 0xc5700000, 0xc5800000|  0%| F|  |TAMS 0xc5700000, 0xc5700000| Untracked 
|  38|0xc5800000, 0xc5800000, 0xc5900000|  0%| F|  |TAMS 0xc5800000, 0xc5800000| Untracked 
|  39|0xc5900000, 0xc5900000, 0xc5a00000|  0%| F|  |TAMS 0xc5900000, 0xc5900000| Untracked 
|  40|0xc5a00000, 0xc5a00000, 0xc5b00000|  0%| F|  |TAMS 0xc5a00000, 0xc5a00000| Untracked 
|  41|0xc5b00000, 0xc5b00000, 0xc5c00000|  0%| F|  |TAMS 0xc5b00000, 0xc5b00000| Untracked 
|  42|0xc5c00000, 0xc5c00000, 0xc5d00000|  0%| F|  |TAMS 0xc5c00000, 0xc5c00000| Untracked 
|  43|0xc5d00000, 0xc5d00000, 0xc5e00000|  0%| F|  |TAMS 0xc5d00000, 0xc5d00000| Untracked 
|  44|0xc5e00000, 0xc5e00000, 0xc5f00000|  0%| F|  |TAMS 0xc5e00000, 0xc5e00000| Untracked 
|  45|0xc5f00000, 0xc5f00000, 0xc6000000|  0%| F|  |TAMS 0xc5f00000, 0xc5f00000| Untracked 
|  46|0xc6000000, 0xc6000000, 0xc6100000|  0%| F|  |TAMS 0xc6000000, 0xc6000000| Untracked 
|  47|0xc6100000, 0xc6137858, 0xc6200000| 21%| S|CS|TAMS 0xc6100000, 0xc6100000| Complete 
|  48|0xc6200000, 0xc6300000, 0xc6300000|100%| S|CS|TAMS 0xc6200000, 0xc6200000| Complete 
|  49|0xc6300000, 0xc6400000, 0xc6400000|100%| S|CS|TAMS 0xc6300000, 0xc6300000| Complete 
|  50|0xc6400000, 0xc6500000, 0xc6500000|100%| S|CS|TAMS 0xc6400000, 0xc6400000| Complete 
|  51|0xc6500000, 0xc6600000, 0xc6600000|100%| S|CS|TAMS 0xc6500000, 0xc6500000| Complete 
|  52|0xc6600000, 0xc6600000, 0xc6700000|  0%| F|  |TAMS 0xc6600000, 0xc6600000| Untracked 
|  53|0xc6700000, 0xc6700000, 0xc6800000|  0%| F|  |TAMS 0xc6700000, 0xc6700000| Untracked 
|  54|0xc6800000, 0xc6800000, 0xc6900000|  0%| F|  |TAMS 0xc6800000, 0xc6800000| Untracked 
|  55|0xc6900000, 0xc6900000, 0xc6a00000|  0%| F|  |TAMS 0xc6900000, 0xc6900000| Untracked 
|  56|0xc6a00000, 0xc6a00000, 0xc6b00000|  0%| F|  |TAMS 0xc6a00000, 0xc6a00000| Untracked 
|  57|0xc6b00000, 0xc6b00000, 0xc6c00000|  0%| F|  |TAMS 0xc6b00000, 0xc6b00000| Untracked 
|  58|0xc6c00000, 0xc6c00000, 0xc6d00000|  0%| F|  |TAMS 0xc6c00000, 0xc6c00000| Untracked 
|  59|0xc6d00000, 0xc6d00000, 0xc6e00000|  0%| F|  |TAMS 0xc6d00000, 0xc6d00000| Untracked 
|  60|0xc6e00000, 0xc6e00000, 0xc6f00000|  0%| F|  |TAMS 0xc6e00000, 0xc6e00000| Untracked 
|  61|0xc6f00000, 0xc6f00000, 0xc7000000|  0%| F|  |TAMS 0xc6f00000, 0xc6f00000| Untracked 
|  62|0xc7000000, 0xc7000000, 0xc7100000|  0%| F|  |TAMS 0xc7000000, 0xc7000000| Untracked 
|  63|0xc7100000, 0xc7100000, 0xc7200000|  0%| F|  |TAMS 0xc7100000, 0xc7100000| Untracked 
|  64|0xc7200000, 0xc7200000, 0xc7300000|  0%| F|  |TAMS 0xc7200000, 0xc7200000| Untracked 
|  65|0xc7300000, 0xc7300000, 0xc7400000|  0%| F|  |TAMS 0xc7300000, 0xc7300000| Untracked 
|  66|0xc7400000, 0xc7400000, 0xc7500000|  0%| F|  |TAMS 0xc7400000, 0xc7400000| Untracked 
|  67|0xc7500000, 0xc7500000, 0xc7600000|  0%| F|  |TAMS 0xc7500000, 0xc7500000| Untracked 
|  68|0xc7600000, 0xc7600000, 0xc7700000|  0%| F|  |TAMS 0xc7600000, 0xc7600000| Untracked 
|  69|0xc7700000, 0xc7700000, 0xc7800000|  0%| F|  |TAMS 0xc7700000, 0xc7700000| Untracked 
|  70|0xc7800000, 0xc7800000, 0xc7900000|  0%| F|  |TAMS 0xc7800000, 0xc7800000| Untracked 
|  71|0xc7900000, 0xc7900000, 0xc7a00000|  0%| F|  |TAMS 0xc7900000, 0xc7900000| Untracked 
|  72|0xc7a00000, 0xc7a00000, 0xc7b00000|  0%| F|  |TAMS 0xc7a00000, 0xc7a00000| Untracked 
|  73|0xc7b00000, 0xc7b00000, 0xc7c00000|  0%| F|  |TAMS 0xc7b00000, 0xc7b00000| Untracked 
|  74|0xc7c00000, 0xc7c00000, 0xc7d00000|  0%| F|  |TAMS 0xc7c00000, 0xc7c00000| Untracked 
|  75|0xc7d00000, 0xc7d00000, 0xc7e00000|  0%| F|  |TAMS 0xc7d00000, 0xc7d00000| Untracked 
|  76|0xc7e00000, 0xc7e00000, 0xc7f00000|  0%| F|  |TAMS 0xc7e00000, 0xc7e00000| Untracked 
|  77|0xc7f00000, 0xc7f00000, 0xc8000000|  0%| F|  |TAMS 0xc7f00000, 0xc7f00000| Untracked 
|  78|0xc8000000, 0xc8000000, 0xc8100000|  0%| F|  |TAMS 0xc8000000, 0xc8000000| Untracked 
|  79|0xc8100000, 0xc8100000, 0xc8200000|  0%| F|  |TAMS 0xc8100000, 0xc8100000| Untracked 
|  80|0xc8200000, 0xc8200000, 0xc8300000|  0%| F|  |TAMS 0xc8200000, 0xc8200000| Untracked 
|  81|0xc8300000, 0xc8300000, 0xc8400000|  0%| F|  |TAMS 0xc8300000, 0xc8300000| Untracked 
|  82|0xc8400000, 0xc8400000, 0xc8500000|  0%| F|  |TAMS 0xc8400000, 0xc8400000| Untracked 
|  83|0xc8500000, 0xc8500000, 0xc8600000|  0%| F|  |TAMS 0xc8500000, 0xc8500000| Untracked 
|  84|0xc8600000, 0xc8600000, 0xc8700000|  0%| F|  |TAMS 0xc8600000, 0xc8600000| Untracked 
|  85|0xc8700000, 0xc8700000, 0xc8800000|  0%| F|  |TAMS 0xc8700000, 0xc8700000| Untracked 
|  86|0xc8800000, 0xc8800000, 0xc8900000|  0%| F|  |TAMS 0xc8800000, 0xc8800000| Untracked 
|  87|0xc8900000, 0xc8900000, 0xc8a00000|  0%| F|  |TAMS 0xc8900000, 0xc8900000| Untracked 
|  88|0xc8a00000, 0xc8a00000, 0xc8b00000|  0%| F|  |TAMS 0xc8a00000, 0xc8a00000| Untracked 
|  89|0xc8b00000, 0xc8b00000, 0xc8c00000|  0%| F|  |TAMS 0xc8b00000, 0xc8b00000| Untracked 
|  90|0xc8c00000, 0xc8c00000, 0xc8d00000|  0%| F|  |TAMS 0xc8c00000, 0xc8c00000| Untracked 
|  91|0xc8d00000, 0xc8d00000, 0xc8e00000|  0%| F|  |TAMS 0xc8d00000, 0xc8d00000| Untracked 
|  92|0xc8e00000, 0xc8e00000, 0xc8f00000|  0%| F|  |TAMS 0xc8e00000, 0xc8e00000| Untracked 
|  93|0xc8f00000, 0xc8f00000, 0xc9000000|  0%| F|  |TAMS 0xc8f00000, 0xc8f00000| Untracked 
|  94|0xc9000000, 0xc9000000, 0xc9100000|  0%| F|  |TAMS 0xc9000000, 0xc9000000| Untracked 
|  95|0xc9100000, 0xc9100000, 0xc9200000|  0%| F|  |TAMS 0xc9100000, 0xc9100000| Untracked 
|  96|0xc9200000, 0xc9200000, 0xc9300000|  0%| F|  |TAMS 0xc9200000, 0xc9200000| Untracked 
|  97|0xc9300000, 0xc9300000, 0xc9400000|  0%| F|  |TAMS 0xc9300000, 0xc9300000| Untracked 
|  98|0xc9400000, 0xc9400000, 0xc9500000|  0%| F|  |TAMS 0xc9400000, 0xc9400000| Untracked 
|  99|0xc9500000, 0xc9500000, 0xc9600000|  0%| F|  |TAMS 0xc9500000, 0xc9500000| Untracked 
| 100|0xc9600000, 0xc9600000, 0xc9700000|  0%| F|  |TAMS 0xc9600000, 0xc9600000| Untracked 
| 101|0xc9700000, 0xc9700000, 0xc9800000|  0%| F|  |TAMS 0xc9700000, 0xc9700000| Untracked 
| 102|0xc9800000, 0xc9800000, 0xc9900000|  0%| F|  |TAMS 0xc9800000, 0xc9800000| Untracked 
| 103|0xc9900000, 0xc9900000, 0xc9a00000|  0%| F|  |TAMS 0xc9900000, 0xc9900000| Untracked 
| 104|0xc9a00000, 0xc9a00000, 0xc9b00000|  0%| F|  |TAMS 0xc9a00000, 0xc9a00000| Untracked 
| 105|0xc9b00000, 0xc9b00000, 0xc9c00000|  0%| F|  |TAMS 0xc9b00000, 0xc9b00000| Untracked 
| 106|0xc9c00000, 0xc9c00000, 0xc9d00000|  0%| F|  |TAMS 0xc9c00000, 0xc9c00000| Untracked 
| 107|0xc9d00000, 0xc9d00000, 0xc9e00000|  0%| F|  |TAMS 0xc9d00000, 0xc9d00000| Untracked 
| 108|0xc9e00000, 0xc9e00000, 0xc9f00000|  0%| F|  |TAMS 0xc9e00000, 0xc9e00000| Untracked 
| 109|0xc9f00000, 0xc9f00000, 0xca000000|  0%| F|  |TAMS 0xc9f00000, 0xc9f00000| Untracked 
| 110|0xca000000, 0xca000000, 0xca100000|  0%| F|  |TAMS 0xca000000, 0xca000000| Untracked 
| 111|0xca100000, 0xca100000, 0xca200000|  0%| F|  |TAMS 0xca100000, 0xca100000| Untracked 
| 112|0xca200000, 0xca200000, 0xca300000|  0%| F|  |TAMS 0xca200000, 0xca200000| Untracked 
| 113|0xca300000, 0xca380000, 0xca400000| 50%| E|  |TAMS 0xca300000, 0xca300000| Complete 
| 114|0xca400000, 0xca500000, 0xca500000|100%| E|CS|TAMS 0xca400000, 0xca400000| Complete 
| 115|0xca500000, 0xca600000, 0xca600000|100%| E|CS|TAMS 0xca500000, 0xca500000| Complete 
| 116|0xca600000, 0xca700000, 0xca700000|100%| E|CS|TAMS 0xca600000, 0xca600000| Complete 
| 117|0xca700000, 0xca800000, 0xca800000|100%| E|CS|TAMS 0xca700000, 0xca700000| Complete 
| 118|0xca800000, 0xca900000, 0xca900000|100%| E|CS|TAMS 0xca800000, 0xca800000| Complete 
| 119|0xca900000, 0xcaa00000, 0xcaa00000|100%| E|CS|TAMS 0xca900000, 0xca900000| Complete 
| 120|0xcaa00000, 0xcab00000, 0xcab00000|100%| E|CS|TAMS 0xcaa00000, 0xcaa00000| Complete 
| 121|0xcab00000, 0xcac00000, 0xcac00000|100%| E|CS|TAMS 0xcab00000, 0xcab00000| Complete 
| 122|0xcac00000, 0xcad00000, 0xcad00000|100%| E|CS|TAMS 0xcac00000, 0xcac00000| Complete 
| 123|0xcad00000, 0xcae00000, 0xcae00000|100%| E|CS|TAMS 0xcad00000, 0xcad00000| Complete 
| 124|0xcae00000, 0xcaf00000, 0xcaf00000|100%| E|CS|TAMS 0xcae00000, 0xcae00000| Complete 
| 125|0xcaf00000, 0xcb000000, 0xcb000000|100%| E|CS|TAMS 0xcaf00000, 0xcaf00000| Complete 
| 126|0xcb000000, 0xcb100000, 0xcb100000|100%| E|CS|TAMS 0xcb000000, 0xcb000000| Complete 
| 127|0xcb100000, 0xcb200000, 0xcb200000|100%| E|CS|TAMS 0xcb100000, 0xcb100000| Complete 

Card table byte_map: [0xc3100000,0xc3200000] _byte_map_base: 0xc2ae7000

Marking Bits (Prev, Next): (CMBitMap*) 0xe33300b8, (CMBitMap*) 0xe33300d8
 Prev Bits: [0xc2800000, 0xc3000000)
 Next Bits: [0xc2000000, 0xc2800000)

Polling page: 0xf7f0c000

Metaspace:

Usage:
    7.68 MB used.

Virtual space:
     16.00 MB reserved,       8.62 MB ( 54%) committed,  1 nodes.

Chunk freelists:
4.78 MB

MaxMetaspaceSize: 96.00 MB
No class space
Initial GC threshold: 16.00 MB
Current GC threshold: 16.00 MB
CDS: on
MetaspaceReclaimPolicy: balanced
 - commit_granule_bytes: 65536.
 - commit_granule_words: 16384.
 - virtual_space_node_default_size: 4194304.
 - enlarge_chunks_in_place: 1.
 - new_chunks_are_fully_committed: 0.
 - uncommit_free_chunks: 1.
 - use_allocation_guard: 0.
 - handle_deallocations: 1.


Internal statistics:

num_allocs_failed_limit: 0.
num_arena_births: 584.
num_arena_deaths: 0.
num_vsnodes_births: 1.
num_vsnodes_deaths: 0.
num_space_committed: 138.
num_space_uncommitted: 0.
num_chunks_returned_to_freelist: 0.
num_chunks_taken_from_freelist: 1052.
num_chunk_merges: 0.
num_chunk_splits: 733.
num_chunks_enlarged: 486.
num_inconsistent_stats: 0.

CodeHeap 'non-profiled nmethods': size=120172Kb used=1886Kb max_used=1886Kb free=118285Kb
 bounds [0xeafa2000, 0xeb1e2000, 0xf24fd000]
CodeHeap 'profiled nmethods': size=120172Kb used=5049Kb max_used=5049Kb free=115122Kb
 bounds [0xe34fd000, 0xe39ed000, 0xeaa58000]
CodeHeap 'non-nmethods': size=5416Kb used=745Kb max_used=799Kb free=4670Kb
 bounds [0xeaa58000, 0xeac98000, 0xeafa2000]
 total_blobs=2816 nmethods=2457 adapters=273
 compilation: enabled
              stopped_count=0, restarted_count=0
 full_count=0

Compilation events (20 events):
Event: 7415.927 Thread 0xc18eb3a0 2445   !   4       java.io.ObjectOutputStream::writeObject0 (620 bytes)
Event: 7415.952 Thread 0xc18eb3a0 nmethod 2445 0xeb171388 code [0xeb171640, 0xeb17323c]
Event: 7889.869 Thread 0xc18eb3a0 2447       4       script.library.spawning::checkSpawnCount (25 bytes)
Event: 7889.885 Thread 0xc18eb3a0 nmethod 2447 0xeb174a08 code [0xeb174bc0, 0xeb175990]
Event: 8488.928 Thread 0xc18ec4d0 2448       3       script.obj_id::flagDestroyed (6 bytes)
Event: 8488.928 Thread 0xc18ec4d0 nmethod 2448 0xe39e8d88 code [0xe39e8ec0, 0xe39e8fc0]
Event: 9485.865 Thread 0xc18ec4d0 2449       3       script.base_class::queueCommand (16 bytes)
Event: 9485.866 Thread 0xc18ec4d0 nmethod 2449 0xe39e9088 code [0xe39e91e0, 0xe39e950c]
Event: 9610.217 Thread 0xc18eb3a0 2450       4       java.io.ByteArrayOutputStream::<init> (43 bytes)
Event: 9610.218 Thread 0xc18eb3a0 nmethod 2450 0xeb176088 code [0xeb1761a0, 0xeb1763b0]
Event: 9701.084 Thread 0xc18ec4d0 2451       3       script.deltadictionary::removeAll (42 bytes)
Event: 9701.085 Thread 0xc18ec4d0 nmethod 2451 0xe39e9708 code [0xe39e98c0, 0xe39e9ebc]
Event: 9845.803 Thread 0xc18ec4d0 2454       3       script.base_class::setPosture (9 bytes)
Event: 9845.803 Thread 0xc18ec4d0 nmethod 2454 0xe39ea108 code [0xe39ea260, 0xe39ea46c]
Event: 9845.803 Thread 0xc18ec4d0 2455       3       script.base_class$attacker_results::<init> (35 bytes)
Event: 9845.803 Thread 0xc18ec4d0 nmethod 2455 0xe39ea588 code [0xe39ea6c0, 0xe39ea8a0]
Event: 10393.204 Thread 0xc18eb3a0 2457       4       java.io.ObjectOutputStream::<init> (99 bytes)
Event: 10393.241 Thread 0xc18eb3a0 nmethod 2457 0xeb176d88 code [0xeb176f80, 0xeb178ebc]
Event: 10489.821 Thread 0xc18ec4d0 2458       3       script.library.travel::getStarportFromTerminal (38 bytes)
Event: 10489.822 Thread 0xc18ec4d0 nmethod 2458 0xe39ea988 code [0xe39eab80, 0xe39eb370]

GC Heap History (18 events):
Event: 14.440 GC heap before
{Heap before GC invocations=0 (full 0):
 garbage-first heap   total 131072K, used 23552K [0xc3200000, 0xe3200000)
  region size 1024K, 23 young (23552K), 0 survivors (0K)
 Metaspace       used 4120K, committed 4416K, reserved 16384K
}
Event: 14.513 GC heap after
{Heap after GC invocations=1 (full 0):
 garbage-first heap   total 131072K, used 3210K [0xc3200000, 0xe3200000)
  region size 1024K, 3 young (3072K), 3 survivors (3072K)
 Metaspace       used 4120K, committed 4416K, reserved 16384K
}
Event: 18.843 GC heap before
{Heap before GC invocations=1 (full 0):
 garbage-first heap   total 131072K, used 31882K [0xc3200000, 0xe3200000)
  region size 1024K, 31 young (31744K), 3 survivors (3072K)
 Metaspace       used 4741K, committed 5120K, reserved 16384K
}
Event: 18.847 GC heap after
{Heap after GC invocations=2 (full 0):
 garbage-first heap   total 131072K, used 4436K [0xc3200000, 0xe3200000)
  region size 1024K, 2 young (2048K), 2 survivors (2048K)
 Metaspace       used 4741K, committed 5120K, reserved 16384K
}
Event: 33.325 GC heap before
{Heap before GC invocations=2 (full 0):
 garbage-first heap   total 131072K, used 80212K [0xc3200000, 0xe3200000)
  region size 1024K, 76 young (77824K), 2 survivors (2048K)
 Metaspace       used 6342K, committed 7040K, reserved 16384K
}
Event: 33.329 GC heap after
{Heap after GC invocations=3 (full 0):
 garbage-first heap   total 131072K, used 7712K [0xc3200000, 0xe3200000)
  region size 1024K, 5 young (5120K), 5 survivors (5120K)
 Metaspace       used 6342K, committed 7040K, reserved 16384K
}
Event: 42.855 GC heap before
{Heap before GC invocations=3 (full 0):
 garbage-first heap   total 131072K, used 80416K [0xc3200000, 0xe3200000)
  region size 1024K, 76 young (77824K), 5 survivors (5120K)
 Metaspace       used 7288K, committed 8064K, reserved 16384K
}
Event: 42.860 GC heap after
{Heap after GC invocations=4 (full 0):
 garbage-first heap   total 131072K, used 11352K [0xc3200000, 0xe3200000)
  region size 1024K, 8 young (8192K), 8 survivors (8192K)
 Metaspace       used 7288K, committed 8064K, reserved 16384K
}
Event: 129.867 GC heap before
{Heap before GC invocations=4 (full 0):
 garbage-first heap   total 131072K, used 80984K [0xc3200000, 0xe3200000)
  region size 1024K, 76 young (77824K), 8 survivors (8192K)
 Metaspace       used 7788K, committed 8768K, reserved 16384K
}
Event: 129.872 GC heap after
{Heap after GC invocations=5 (full 0):
 garbage-first heap   total 131072K, used 13990K [0xc3200000, 0xe3200000)
  region size 1024K, 7 young (7168K), 7 survivors (7168K)
 Metaspace       used 7788K, committed 8768K, reserved 16384K
}
Event: 511.841 GC heap before
{Heap before GC invocations=5 (full 0):
 garbage-first heap   total 131072K, used 84646K [0xc3200000, 0xe3200000)
  region size 1024K, 76 young (77824K), 7 survivors (7168K)
 Metaspace       used 7811K, committed 8768K, reserved 16384K
}
Event: 511.846 GC heap after
{Heap after GC invocations=6 (full 0):
 garbage-first heap   total 131072K, used 16989K [0xc3200000, 0xe3200000)
  region size 1024K, 6 young (6144K), 6 survivors (6144K)
 Metaspace       used 7811K, committed 8768K, reserved 16384K
}
Event: 2617.850 GC heap before
{Heap before GC invocations=6 (full 0):
 garbage-first heap   total 131072K, used 88669K [0xc3200000, 0xe3200000)
  region size 1024K, 76 young (77824K), 6 survivors (6144K)
 Metaspace       used 7849K, committed 8832K, reserved 16384K
}
Event: 2617.853 GC heap after
{Heap after GC invocations=7 (full 0):
 garbage-first heap   total 131072K, used 17930K [0xc3200000, 0xe3200000)
  region size 1024K, 7 young (7168K), 7 survivors (7168K)
 Metaspace       used 7849K, committed 8832K, reserved 16384K
}
Event: 6264.817 GC heap before
{Heap before GC invocations=7 (full 0):
 garbage-first heap   total 131072K, used 88586K [0xc3200000, 0xe3200000)
  region size 1024K, 76 young (77824K), 7 survivors (7168K)
 Metaspace       used 7858K, committed 8832K, reserved 16384K
}
Event: 6264.821 GC heap after
{Heap after GC invocations=8 (full 0):
 garbage-first heap   total 131072K, used 18073K [0xc3200000, 0xe3200000)
  region size 1024K, 5 young (5120K), 5 survivors (5120K)
 Metaspace       used 7858K, committed 8832K, reserved 16384K
}
Event: 10026.793 GC heap before
{Heap before GC invocations=8 (full 0):
 garbage-first heap   total 131072K, used 90777K [0xc3200000, 0xe3200000)
  region size 1024K, 76 young (77824K), 5 survivors (5120K)
 Metaspace       used 7867K, committed 8832K, reserved 16384K
}
Event: 10026.795 GC heap after
{Heap after GC invocations=9 (full 0):
 garbage-first heap   total 131072K, used 17996K [0xc3200000, 0xe3200000)
  region size 1024K, 5 young (5120K), 5 survivors (5120K)
 Metaspace       used 7867K, committed 8832K, reserved 16384K
}

Dll operation events (4 events):
Event: 0.008 Loaded shared library /usr/lib/jvm/zulu17.66.19-ca-fx-jdk17.0.19-linux_i686/lib/libjava.so
Event: 9.582 Loaded shared library /usr/lib/jvm/zulu17.66.19-ca-fx-jdk17.0.19-linux_i686/lib/libnio.so
Event: 9.584 Loaded shared library /usr/lib/jvm/zulu17.66.19-ca-fx-jdk17.0.19-linux_i686/lib/libjimage.so
Event: 9.585 Loaded shared library /usr/lib/jvm/zulu17.66.19-ca-fx-jdk17.0.19-linux_i686/lib/libnet.so

Deoptimization events (20 events):
Event: 635.094 Thread 0x5b1c37a0 Uncommon trap: trap_request=0xffffff45 fr.pc=0xeb11fef0 relative=0x00001150
Event: 635.094 Thread 0x5b1c37a0 Uncommon trap: reason=unstable_if action=reinterpret pc=0xeb11fef0 method=java.io.ObjectStreamClass.computeFieldOffsets()V @ 34 c2
Event: 635.094 Thread 0x5b1c37a0 DEOPT PACKING pc=0xeb11fef0 sp=0xffa853c0
Event: 635.094 Thread 0x5b1c37a0 DEOPT UNPACKING pc=0xeaaa1d33 sp=0xffa85368 mode 2
Event: 635.094 Thread 0x5b1c37a0 Uncommon trap: trap_request=0xffffff45 fr.pc=0xeb10c1f0 relative=0x00002930
Event: 635.094 Thread 0x5b1c37a0 Uncommon trap: reason=unstable_if action=reinterpret pc=0xeb10c1f0 method=java.io.ObjectInputStream$FieldValues.<init>(Ljava/io/ObjectInputStream;Ljava/io/ObjectStreamClass;Z)V @ 66 c2
Event: 635.094 Thread 0x5b1c37a0 DEOPT PACKING pc=0xeb10c1f0 sp=0xffa85430
Event: 635.094 Thread 0x5b1c37a0 DEOPT UNPACKING pc=0xeaaa1d33 sp=0xffa853d4 mode 2
Event: 635.094 Thread 0x5b1c37a0 Uncommon trap: trap_request=0xffffff45 fr.pc=0xeb11cc50 relative=0x00000d70
Event: 635.094 Thread 0x5b1c37a0 Uncommon trap: reason=unstable_if action=reinterpret pc=0xeb11cc50 method=java.io.ObjectInputStream.readObject0(Ljava/lang/Class;Z)Ljava/lang/Object; @ 9 c2
Event: 635.094 Thread 0x5b1c37a0 DEOPT PACKING pc=0xeb11cc50 sp=0xffa85380
Event: 635.094 Thread 0x5b1c37a0 DEOPT UNPACKING pc=0xeaaa1d33 sp=0xffa8537c mode 2
Event: 6264.821 Thread 0x5b1c37a0 Uncommon trap: trap_request=0xffffff45 fr.pc=0xeb0a2924 relative=0x00003044
Event: 6264.821 Thread 0x5b1c37a0 Uncommon trap: reason=unstable_if action=reinterpret pc=0xeb0a2924 method=java.io.ClassCache.processQueue()V @ 9 c2
Event: 6264.821 Thread 0x5b1c37a0 DEOPT PACKING pc=0xeb0a2924 sp=0xffa85260
Event: 6264.821 Thread 0x5b1c37a0 DEOPT UNPACKING pc=0xeaaa1d33 sp=0xffa85208 mode 2
Event: 6264.821 Thread 0x5b1c37a0 Uncommon trap: trap_request=0xffffff45 fr.pc=0xeb093f9c relative=0x0000051c
Event: 6264.821 Thread 0x5b1c37a0 Uncommon trap: reason=unstable_if action=reinterpret pc=0xeb093f9c method=java.lang.ClassValue.match(Ljava/lang/ClassValue$Entry;)Z @ 12 c2
Event: 6264.821 Thread 0x5b1c37a0 DEOPT PACKING pc=0xeb093f9c sp=0xffa85080
Event: 6264.821 Thread 0x5b1c37a0 DEOPT UNPACKING pc=0xeaaa1d33 sp=0xffa84ff4 mode 2

Classes loaded (20 events):
Event: 14.108 Loading class sun/nio/ch/NativeThread
Event: 14.108 Loading class sun/nio/ch/NativeThread done
Event: 14.109 Loading class sun/nio/ch/IOStatus
Event: 14.109 Loading class sun/nio/ch/IOStatus done
Event: 14.109 Loading class sun/net/www/protocol/jrt/Handler
Event: 14.109 Loading class sun/net/www/protocol/jrt/Handler done
Event: 14.109 Loading class java/util/AbstractMap$SimpleEntry
Event: 14.109 Loading class java/util/AbstractMap$SimpleEntry done
Event: 14.125 Loading class sun/text/resources/cldr/FormatData_en
Event: 14.126 Loading class sun/text/resources/cldr/FormatData_en done
Event: 14.126 Loading class sun/text/resources/cldr/FormatData_en_US
Event: 14.126 Loading class sun/text/resources/cldr/FormatData_en_US done
Event: 30.330 Loading class java/lang/StrictMath
Event: 30.330 Loading class java/lang/StrictMath done
Event: 70.911 Loading class java/util/Vector$Itr
Event: 70.911 Loading class java/util/Vector$Itr done
Event: 78.888 Loading class jdk/internal/math/FloatingDecimal$ASCIIToBinaryBuffer
Event: 78.888 Loading class jdk/internal/math/FloatingDecimal$ASCIIToBinaryBuffer done
Event: 149.112 Loading class java/io/ObjectStreamClass$ExceptionInfo
Event: 149.112 Loading class java/io/ObjectStreamClass$ExceptionInfo done

Classes unloaded (0 events):
No events

Classes redefined (0 events):
No events

Internal exceptions (12 events):
Event: 9.593 Thread 0x5b1c37a0 Exception <a 'java/lang/NoSuchMethodError'{0xcaead468}: 'java.lang.Object java.lang.invoke.DirectMethodHandle$Holder.invokeStaticInit(java.lang.Object)'> (0xcaead468) 
thrown [src/hotspot/share/interpreter/linkResolver.cpp, line 759]
Event: 13.872 Thread 0x5b1c37a0 Exception <a 'java/lang/NoSuchMethodError'{0xca1f7e40}: 'java.lang.Object java.lang.invoke.DirectMethodHandle$Holder.invokeStatic(java.lang.Object, float)'> (0xca1f7e40) 
thrown [src/hotspot/share/interpreter/linkResolver.cpp, line 759]
Event: 14.380 Thread 0x5b1c37a0 Exception <a 'java/lang/NoSuchMethodError'{0xc9bad108}: 'java.lang.Object java.lang.invoke.DirectMethodHandle$Holder.invokeSpecial(java.lang.Object, java.lang.Object, long, java.lang.Object, java.lang.Object, java.lang.Object, java.lang.Object, int, java.lang.Object)'> (0xc9bad108) 
thrown [src/hotspot/share/interpreter/linkResolver.cpp, line 759]
Event: 14.380 Thread 0x5b1c37a0 Exception <a 'java/lang/NoSuchMethodError'{0xc9bb1408}: 'java.lang.Object java.lang.invoke.DelegatingMethodHandle$Holder.reinvoke_L(java.lang.Object, long, java.lang.Object, java.lang.Object, java.lang.Object, java.lang.Object, int, java.lang.Object)'> (0xc9bb1408) 
thrown [src/hotspot/share/interpreter/linkResolver.cpp, line 759]
Event: 14.515 Thread 0x5b1c37a0 Exception <a 'java/lang/NoSuchMethodError'{0xcb139f58}: 'java.lang.Object java.lang.invoke.DirectMethodHandle$Holder.invokeSpecial(java.lang.Object, java.lang.Object, java.lang.Object, java.lang.Object, float)'> (0xcb139f58) 
thrown [src/hotspot/share/interpreter/linkResolver.cpp, line 759]
Event: 14.518 Thread 0x5b1c37a0 Exception <a 'java/lang/NoSuchMethodError'{0xcb1668f8}: 'java.lang.Object java.lang.invoke.DirectMethodHandle$Holder.invokeSpecial(java.lang.Object, java.lang.Object, java.lang.Object, java.lang.Object, int)'> (0xcb1668f8) 
thrown [src/hotspot/share/interpreter/linkResolver.cpp, line 759]
Event: 14.518 Thread 0x5b1c37a0 Exception <a 'java/lang/NoSuchMethodError'{0xcb16a060}: 'java.lang.Object java.lang.invoke.Invokers$Holder.linkToTargetMethod(java.lang.Object, java.lang.Object, int, java.lang.Object)'> (0xcb16a060) 
thrown [src/hotspot/share/interpreter/linkResolver.cpp, line 759]
Event: 14.541 Thread 0x5b1c37a0 Exception <a 'java/lang/NoSuchMethodError'{0xcb1c5130}: 'java.lang.Object java.lang.invoke.DirectMethodHandle$Holder.invokeSpecial(java.lang.Object, java.lang.Object, long, java.lang.Object, java.lang.Object, java.lang.Object, java.lang.Object, java.lang.Object, java.lang.Object)'> (0xcb1c5130) 
thrown [src/hotspot/share/interpreter/linkResolver.cpp, line 759]
Event: 14.542 Thread 0x5b1c37a0 Exception <a 'java/lang/NoSuchMethodError'{0xcb1c9508}: 'java.lang.Object java.lang.invoke.DelegatingMethodHandle$Holder.reinvoke_L(java.lang.Object, long, java.lang.Object, java.lang.Object, java.lang.Object, java.lang.Object, java.lang.Object, java.lang.Object)'> (0xcb1c9508) 
thrown [src/hotspot/share/interpreter/linkResolver.cpp, line 759]
Event: 20.856 Thread 0x5b1c37a0 Exception <a 'java/lang/NoSuchMethodError'{0xcaa01540}: 'java.lang.Object java.lang.invoke.DirectMethodHandle$Holder.invokeSpecial(java.lang.Object, java.lang.Object, java.lang.Object, java.lang.Object, java.lang.Object, java.lang.Object, int)'> (0xcaa01540) 
thrown [src/hotspot/share/interpreter/linkResolver.cpp, line 759]
Event: 27.936 Thread 0x5b1c37a0 Exception <a 'java/lang/NoSuchMethodError'{0xc8c252f0}: 'java.lang.Object java.lang.invoke.DirectMethodHandle$Holder.invokeSpecial(java.lang.Object, java.lang.Object, int, int, int)'> (0xc8c252f0) 
thrown [src/hotspot/share/interpreter/linkResolver.cpp, line 759]
Event: 635.092 Thread 0x5b1c37a0 Implicit null exception at 0xeb020b2b to 0xeb020b68

VM Operations (20 events):
Event: 832.865 Executing VM operation: Cleanup
Event: 832.865 Executing VM operation: Cleanup done
Event: 940.871 Executing VM operation: Cleanup
Event: 940.871 Executing VM operation: Cleanup done
Event: 1239.888 Executing VM operation: Cleanup
Event: 1239.888 Executing VM operation: Cleanup done
Event: 1958.929 Executing VM operation: Cleanup
Event: 1958.929 Executing VM operation: Cleanup done
Event: 1989.931 Executing VM operation: Cleanup
Event: 1989.931 Executing VM operation: Cleanup done
Event: 2447.958 Executing VM operation: Cleanup
Event: 2447.958 Executing VM operation: Cleanup done
Event: 2617.850 Executing VM operation: G1CollectForAllocation
Event: 2617.853 Executing VM operation: G1CollectForAllocation done
Event: 2618.853 Executing VM operation: Cleanup
Event: 2618.853 Executing VM operation: Cleanup done
Event: 6264.817 Executing VM operation: G1CollectForAllocation
Event: 6264.821 Executing VM operation: G1CollectForAllocation done
Event: 10026.793 Executing VM operation: G1CollectForAllocation
Event: 10026.795 Executing VM operation: G1CollectForAllocation done

Memory protections (14 events):
Event: 0.007 Protecting memory [0xf3748000,0xf374c000] with protection modes 0
Event: 0.100 Protecting memory [0xc0940000,0xc0944000] with protection modes 0
Event: 0.109 Protecting memory [0xc0740000,0xc0744000] with protection modes 0
Event: 0.117 Protecting memory [0xc00c6000,0xc00ca000] with protection modes 0
Event: 0.136 Protecting memory [0xc0005000,0xc0009000] with protection modes 0
Event: 0.148 Protecting memory [0xbed40000,0xbed44000] with protection modes 0
Event: 0.156 Protecting memory [0xc0b2a000,0xc0b2e000] with protection modes 0
Event: 0.172 Protecting memory [0xbeb80000,0xbeb84000] with protection modes 0
Event: 0.187 Protecting memory [0xbe840000,0xbe844000] with protection modes 0
Event: 0.220 Protecting memory [0xbe640000,0xbe644000] with protection modes 0
Event: 0.271 Protecting memory [0xff9c7000,0xff9cb000] with protection modes 0
Event: 0.285 Protecting memory [0xbe140000,0xbe144000] with protection modes 0
Event: 0.300 Protecting memory [0xbdf40000,0xbdf44000] with protection modes 0
Event: 9.688 Protecting memory [0xbdb7e000,0xbdb82000] with protection modes 0

Nmethod flushes (0 events):
No events

Events (19 events):
Event: 0.068 Thread 0xf3629a00 Thread added: 0xf3629a00
Event: 0.099 Thread 0xf3629a00 Thread added: 0xc18e2fb0
Event: 0.107 Thread 0xf3629a00 Thread added: 0xc18e4060
Event: 0.116 Thread 0xf3629a00 Thread added: 0xc18e7f70
Event: 0.136 Thread 0xf3629a00 Thread added: 0xc18e8fd0
Event: 0.147 Thread 0xf3629a00 Thread added: 0xc18e9ff0
Event: 0.156 Thread 0xf3629a00 Thread added: 0xc18eb3a0
Event: 0.172 Thread 0xf3629a00 Thread added: 0xc18ec4d0
Event: 0.186 Thread 0xf3629a00 Thread added: 0xc18ed530
Event: 0.220 Thread 0xf3629a00 Thread added: 0xbe523ea0
Event: 0.271 Thread 0x5b1c37a0 Thread added: 0x5b1c37a0
Event: 0.280 Thread 0x5b1c37a0 Thread added: 0x5b1c53c0
Event: 0.291 Thread 0x5b1c37a0 Thread added: 0x5b1cbcc0
Event: 9.688 Thread 0xc18ec4d0 Thread added: 0xbe9ea8a0
Event: 11.706 Thread 0xbe9ea8a0 Thread exited: 0xbe9ea8a0
Event: 10751.588 Thread 0x5b1c37a0 Thread exited: 0x5b1c37a0
Event: 10751.588 Thread 0xf3629a00 Before exit entered
Event: 10751.588 Thread 0xf3629a00 Thread exited: 0xf3629a00
Event: 10751.588 Thread 0xc18e7f70 Thread exited: 0xc18e7f70


Dynamic libraries:
565f6000-576c3000 r--p 00000000 09:04 24778802                           /home/swg/swg-main/build/bin/SwgGameServer
576c3000-58566000 r-xp 010cd000 09:04 24778802                           /home/swg/swg-main/build/bin/SwgGameServer
58566000-58c4d000 r--p 01f70000 09:04 24778802                           /home/swg/swg-main/build/bin/SwgGameServer
58c4d000-58c74000 rw-p 02656000 09:04 24778802                           /home/swg/swg-main/build/bin/SwgGameServer
58c74000-594f7000 rw-p 00000000 00:00 0 
59ae6000-6b506000 rw-p 00000000 00:00 0                                  [heap]
b9500000-b9541000 rw-p 00000000 00:00 0 
b9541000-b9600000 ---p 00000000 00:00 0 
b9700000-b9774000 rw-p 00000000 00:00 0 
b9774000-b9800000 ---p 00000000 00:00 0 
b9800000-b98f9000 rw-p 00000000 00:00 0 
b98f9000-b9900000 ---p 00000000 00:00 0 
b9900000-b99ff000 rw-p 00000000 00:00 0 
b99ff000-b9a00000 ---p 00000000 00:00 0 
b9a00000-b9af9000 rw-p 00000000 00:00 0 
b9af9000-b9b00000 ---p 00000000 00:00 0 
b9b00000-b9bf9000 rw-p 00000000 00:00 0 
b9bf9000-b9c00000 ---p 00000000 00:00 0 
b9c00000-b9cf9000 rw-p 00000000 00:00 0 
b9cf9000-b9d00000 ---p 00000000 00:00 0 
b9d00000-b9dfb000 rw-p 00000000 00:00 0 
b9dfb000-b9e00000 ---p 00000000 00:00 0 
b9e00000-b9ef9000 rw-p 00000000 00:00 0 
b9ef9000-b9f00000 ---p 00000000 00:00 0 
b9f00000-b9ff9000 rw-p 00000000 00:00 0 
b9ff9000-ba000000 ---p 00000000 00:00 0 
ba000000-ba0f9000 rw-p 00000000 00:00 0 
ba0f9000-ba100000 ---p 00000000 00:00 0 
ba100000-ba200000 rw-p 00000000 00:00 0 
ba300000-ba3ee000 rw-p 00000000 00:00 0 
ba3ee000-ba400000 ---p 00000000 00:00 0 
ba400000-ba4fc000 rw-p 00000000 00:00 0 
ba4fc000-ba500000 ---p 00000000 00:00 0 
ba500000-ba5f1000 rw-p 00000000 00:00 0 
ba5f1000-ba600000 ---p 00000000 00:00 0 
ba700000-ba7f9000 rw-p 00000000 00:00 0 
ba7f9000-ba800000 ---p 00000000 00:00 0 
ba800000-ba8f9000 rw-p 00000000 00:00 0 
ba8f9000-ba900000 ---p 00000000 00:00 0 
ba900000-ba9f5000 rw-p 00000000 00:00 0 
ba9f5000-baa00000 ---p 00000000 00:00 0 
baa00000-baaf9000 rw-p 00000000 00:00 0 
baaf9000-bab00000 ---p 00000000 00:00 0 
bab00000-bab21000 rw-p 00000000 00:00 0 
bab21000-bac00000 ---p 00000000 00:00 0 
bac7f000-bac80000 ---p 00000000 00:00 0 
bac80000-bad00000 rw-p 00000000 00:00 0 
bad00000-bad21000 rw-p 00000000 00:00 0 
bad21000-bae00000 ---p 00000000 00:00 0 
bae7f000-bae80000 ---p 00000000 00:00 0 
bae80000-baf00000 rw-p 00000000 00:00 0 
baf00000-baffb000 rw-p 00000000 00:00 0 
baffb000-bb000000 ---p 00000000 00:00 0 
bb000000-bb0f9000 rw-p 00000000 00:00 0 
bb0f9000-bb100000 ---p 00000000 00:00 0 
bb100000-bb1f9000 rw-p 00000000 00:00 0 
bb1f9000-bb200000 ---p 00000000 00:00 0 
bb200000-bb2f9000 rw-p 00000000 00:00 0 
bb2f9000-bb300000 ---p 00000000 00:00 0 
bb300000-bb3fb000 rw-p 00000000 00:00 0 
bb3fb000-bb400000 ---p 00000000 00:00 0 
bb700000-bb7f9000 rw-p 00000000 00:00 0 
bb7f9000-bb800000 ---p 00000000 00:00 0 
bb800000-bb8f9000 rw-p 00000000 00:00 0 
bb8f9000-bb900000 ---p 00000000 00:00 0 
bb900000-bb921000 rw-p 00000000 00:00 0 
bb921000-bba00000 ---p 00000000 00:00 0 
bba00000-bbaf9000 rw-p 00000000 00:00 0 
bbaf9000-bbb00000 ---p 00000000 00:00 0 
bbb00000-bbbf7000 rw-p 00000000 00:00 0 
bbbf7000-bbc00000 ---p 00000000 00:00 0 
bbc7f000-bbc80000 ---p 00000000 00:00 0 
bbc80000-bbd00000 rw-p 00000000 00:00 0 
bbd00000-bbdf7000 rw-p 00000000 00:00 0 
bbdf7000-bbe00000 ---p 00000000 00:00 0 
bbe00000-bbefa000 rw-p 00000000 00:00 0 
bbefa000-bbf00000 ---p 00000000 00:00 0 
bbf00000-bbf21000 rw-p 00000000 00:00 0 
bbf21000-bc000000 ---p 00000000 00:00 0 
bc07f000-bc080000 ---p 00000000 00:00 0 
bc080000-bc100000 rw-p 00000000 00:00 0 
bc100000-bc121000 rw-p 00000000 00:00 0 
bc121000-bc200000 ---p 00000000 00:00 0 
bc200000-bc221000 rw-p 00000000 00:00 0 
bc221000-bc300000 ---p 00000000 00:00 0 
bc37f000-bc380000 ---p 00000000 00:00 0 
bc380000-bc400000 rw-p 00000000 00:00 0 
bc400000-bc421000 rw-p 00000000 00:00 0 
bc421000-bc500000 ---p 00000000 00:00 0 
bc500000-bc521000 rw-p 00000000 00:00 0 
bc521000-bc600000 ---p 00000000 00:00 0 
bc600000-bc621000 rw-p 00000000 00:00 0 
bc621000-bc700000 ---p 00000000 00:00 0 
bc709000-bc70a000 ---p 00000000 00:00 0 
bc70a000-bc78a000 rw-p 00000000 00:00 0 
bcdfe000-bcdff000 ---p 00000000 00:00 0 
bcdff000-bce7f000 rw-p 00000000 00:00 0 
bce7f000-bce80000 ---p 00000000 00:00 0 
bce80000-bcf00000 rw-p 00000000 00:00 0 
bcf00000-bcf21000 rw-p 00000000 00:00 0 
bcf21000-bd000000 ---p 00000000 00:00 0 
bd000000-bd021000 rw-p 00000000 00:00 0 
bd021000-bd100000 ---p 00000000 00:00 0 
bd100000-bd1fc000 rw-p 00000000 00:00 0 
bd1fc000-bd200000 ---p 00000000 00:00 0 
bd27f000-bd280000 ---p 00000000 00:00 0 
bd280000-bd300000 rw-p 00000000 00:00 0 
bd300000-bd3f9000 rw-p 00000000 00:00 0 
bd3f9000-bd400000 ---p 00000000 00:00 0 
bd450000-bd451000 ---p 00000000 00:00 0 
bd451000-bd4d1000 rw-p 00000000 00:00 0 
bd89d000-bd89e000 ---p 00000000 00:00 0 
bd89e000-bd91e000 rw-p 00000000 00:00 0 
bda00000-bda8b000 rw-p 00000000 00:00 0 
bda8b000-bdb00000 ---p 00000000 00:00 0 
bdb7d000-bdb7e000 ---p 00000000 00:00 0 
bdb7e000-bdb82000 ---p 00000000 00:00 0 
bdb82000-bdbfe000 rw-p 00000000 00:00 0 
bde00000-bde21000 rw-p 00000000 00:00 0 
bde21000-bdf00000 ---p 00000000 00:00 0 
bdf3f000-bdf40000 ---p 00000000 00:00 0 
bdf40000-bdf44000 ---p 00000000 00:00 0 
bdf44000-be000000 rw-p 00000000 00:00 0 
be000000-be021000 rw-p 00000000 00:00 0 
be021000-be100000 ---p 00000000 00:00 0 
be13f000-be140000 ---p 00000000 00:00 0 
be140000-be144000 ---p 00000000 00:00 0 
be144000-be200000 rw-p 00000000 00:00 0 
be200000-be221000 rw-p 00000000 00:00 0 
be221000-be300000 ---p 00000000 00:00 0 
be37f000-be380000 ---p 00000000 00:00 0 
be380000-be400000 rw-p 00000000 00:00 0 
be400000-be421000 rw-p 00000000 00:00 0 
be421000-be500000 ---p 00000000 00:00 0 
be500000-be527000 rw-p 00000000 00:00 0 
be527000-be600000 ---p 00000000 00:00 0 
be63f000-be640000 ---p 00000000 00:00 0 
be640000-be644000 ---p 00000000 00:00 0 
be644000-be700000 rw-p 00000000 00:00 0 
be700000-be721000 rw-p 00000000 00:00 0 
be721000-be800000 ---p 00000000 00:00 0 
be83f000-be840000 ---p 00000000 00:00 0 
be840000-be844000 ---p 00000000 00:00 0 
be844000-be900000 rw-p 00000000 00:00 0 
be900000-be9fc000 rw-p 00000000 00:00 0 
be9fc000-bea00000 ---p 00000000 00:00 0 
bea00000-beafe000 rw-p 00000000 00:00 0 
beafe000-beb00000 ---p 00000000 00:00 0 
beb7f000-beb80000 ---p 00000000 00:00 0 
beb80000-beb84000 ---p 00000000 00:00 0 
beb84000-bec00000 rw-p 00000000 00:00 0 
bec00000-bec21000 rw-p 00000000 00:00 0 
bec21000-bed00000 ---p 00000000 00:00 0 
bed3f000-bed40000 ---p 00000000 00:00 0 
bed40000-bed44000 ---p 00000000 00:00 0 
bed44000-bee00000 rw-p 00000000 00:00 0 
bee00000-bee21000 rw-p 00000000 00:00 0 
bee21000-bef00000 ---p 00000000 00:00 0 
bef00000-bef21000 rw-p 00000000 00:00 0 
bef21000-bf000000 ---p 00000000 00:00 0 
bf000000-bf160000 rw-p 00000000 00:00 0 
bf160000-bf400000 ---p 00000000 00:00 0 
bf400000-bfb40000 rw-p 00000000 00:00 0 
bfb40000-c0000000 ---p 00000000 00:00 0 
c0004000-c0005000 ---p 00000000 00:00 0 
c0005000-c0009000 ---p 00000000 00:00 0 
c0009000-c00c5000 rw-p 00000000 00:00 0 
c00c5000-c00c6000 ---p 00000000 00:00 0 
c00c6000-c00ca000 ---p 00000000 00:00 0 
c00ca000-c0186000 rw-p 00000000 00:00 0 
c0186000-c0400000 r--p 0006f000 09:04 15752678                           /usr/lib/locale/locale-archive
c0400000-c0600000 r--p 00000000 09:04 15752678                           /usr/lib/locale/locale-archive
c0600000-c0621000 rw-p 00000000 00:00 0 
c0621000-c0700000 ---p 00000000 00:00 0 
c073f000-c0740000 ---p 00000000 00:00 0 
c0740000-c0744000 ---p 00000000 00:00 0 
c0744000-c0800000 rw-p 00000000 00:00 0 
c0800000-c0821000 rw-p 00000000 00:00 0 
c0821000-c0900000 ---p 00000000 00:00 0 
c093f000-c0940000 ---p 00000000 00:00 0 
c0940000-c0944000 ---p 00000000 00:00 0 
c0944000-c0a00000 rw-p 00000000 00:00 0 
c0a00000-c0a21000 rw-p 00000000 00:00 0 
c0a21000-c0b00000 ---p 00000000 00:00 0 
c0b29000-c0b2a000 ---p 00000000 00:00 0 
c0b2a000-c0b2e000 ---p 00000000 00:00 0 
c0b2e000-c0baa000 rw-p 00000000 00:00 0 
c0baa000-c0bab000 ---p 00000000 00:00 0 
c0bab000-c0c2b000 rw-p 00000000 00:00 0 
c0c2b000-c1500000 rw-p 00001000 09:04 15886960                           /usr/lib/jvm/zulu17.66.19-ca-fx-jdk17.0.19-linux_i686/lib/server/classes.jsa
c1500000-c1521000 rw-p 00000000 00:00 0 
c1521000-c1600000 ---p 00000000 00:00 0 
c167f000-c1680000 ---p 00000000 00:00 0 
c1680000-c1700000 rw-p 00000000 00:00 0 
c1700000-c1721000 rw-p 00000000 00:00 0 
c1721000-c1800000 ---p 00000000 00:00 0 
c1800000-c1900000 rw-p 00000000 00:00 0 
c197f000-c1980000 ---p 00000000 00:00 0 
c1980000-c1a00000 rw-p 00000000 00:00 0 
c1a00000-c1a21000 rw-p 00000000 00:00 0 
c1a21000-c1b00000 ---p 00000000 00:00 0 
c1b7f000-c1b80000 ---p 00000000 00:00 0 
c1b80000-c1c00000 rw-p 00000000 00:00 0 
c1c00000-c1c21000 rw-p 00000000 00:00 0 
c1c21000-c1d00000 ---p 00000000 00:00 0 
c1d7f000-c1d80000 ---p 00000000 00:00 0 
c1d80000-c1e00000 rw-p 00000000 00:00 0 
c1e00000-c1e21000 rw-p 00000000 00:00 0 
c1e21000-c1f00000 ---p 00000000 00:00 0 
c1f7f000-c1f80000 ---p 00000000 00:00 0 
c1f80000-c2200000 rw-p 00000000 00:00 0 
c2200000-c2800000 ---p 00000000 00:00 0 
c2800000-c2a00000 rw-p 00000000 00:00 0 
c2a00000-c3000000 ---p 00000000 00:00 0 
c3000000-c3040000 rw-p 00000000 00:00 0 
c3040000-c3100000 ---p 00000000 00:00 0 
c3100000-c3140000 rw-p 00000000 00:00 0 
c3140000-c3200000 ---p 00000000 00:00 0 
c3200000-cb200000 rw-p 00000000 00:00 0 
cb200000-e3200000 ---p 00000000 00:00 0 
e3200000-e3240000 rw-p 00000000 00:00 0 
e3240000-e3300000 ---p 00000000 00:00 0 
e3300000-e33fd000 rw-p 00000000 00:00 0 
e33fd000-e3400000 ---p 00000000 00:00 0 
e3412000-e3417000 rw-p 00000000 00:00 0 
e3417000-e34fd000 ---p 00000000 00:00 0 
e34fd000-e39ed000 rwxp 00000000 00:00 0 
e39ed000-eaa58000 ---p 00000000 00:00 0 
eaa58000-eac98000 rwxp 00000000 00:00 0 
eac98000-eafa2000 ---p 00000000 00:00 0 
eafa2000-eb1e2000 rwxp 00000000 00:00 0 
eb1e2000-f24fd000 ---p 00000000 00:00 0 
f24fd000-f26b7000 r--s 00000000 09:04 15886949                           /usr/lib/jvm/zulu17.66.19-ca-fx-jdk17.0.19-linux_i686/lib/modules
f26b7000-f3559000 r-xp 00000000 09:04 15886962                           /usr/lib/jvm/zulu17.66.19-ca-fx-jdk17.0.19-linux_i686/lib/server/libjvm.so
f3559000-f355a000 ---p 00ea2000 09:04 15886962                           /usr/lib/jvm/zulu17.66.19-ca-fx-jdk17.0.19-linux_i686/lib/server/libjvm.so
f355a000-f35af000 r--p 00ea2000 09:04 15886962                           /usr/lib/jvm/zulu17.66.19-ca-fx-jdk17.0.19-linux_i686/lib/server/libjvm.so
f35af000-f35d0000 rw-p 00ef7000 09:04 15886962                           /usr/lib/jvm/zulu17.66.19-ca-fx-jdk17.0.19-linux_i686/lib/server/libjvm.so
f35d0000-f3600000 rw-p 00000000 00:00 0 
f3600000-f36f2000 rw-p 00000000 00:00 0 
f36f2000-f3700000 ---p 00000000 00:00 0 
f3747000-f3748000 ---p 00000000 00:00 0 
f3748000-f374c000 ---p 00000000 00:00 0 
f374c000-f42bf000 rw-p 00000000 00:00 0 
f42bf000-f42d4000 r-xp 00000000 09:04 15886936                           /usr/lib/jvm/zulu17.66.19-ca-fx-jdk17.0.19-linux_i686/lib/libnet.so
f42d4000-f42d5000 r--p 00014000 09:04 15886936                           /usr/lib/jvm/zulu17.66.19-ca-fx-jdk17.0.19-linux_i686/lib/libnet.so
f42d5000-f42d6000 rw-p 00015000 09:04 15886936                           /usr/lib/jvm/zulu17.66.19-ca-fx-jdk17.0.19-linux_i686/lib/libnet.so
f42d6000-f42e8000 r-xp 00000000 09:04 15886937                           /usr/lib/jvm/zulu17.66.19-ca-fx-jdk17.0.19-linux_i686/lib/libnio.so
f42e8000-f42e9000 ---p 00012000 09:04 15886937                           /usr/lib/jvm/zulu17.66.19-ca-fx-jdk17.0.19-linux_i686/lib/libnio.so
f42e9000-f42ea000 r--p 00012000 09:04 15886937                           /usr/lib/jvm/zulu17.66.19-ca-fx-jdk17.0.19-linux_i686/lib/libnio.so
f42ea000-f42eb000 rw-p 00013000 09:04 15886937                           /usr/lib/jvm/zulu17.66.19-ca-fx-jdk17.0.19-linux_i686/lib/libnio.so
f42eb000-f42f5000 rw-p 00000000 00:00 0 
f42f5000-f43d6000 ---p 00000000 00:00 0 
f45ff000-f4606000 r--s 00000000 09:04 15884995                           /usr/lib/i386-linux-gnu/gconv/gconv-modules.cache
f4606000-f4654000 rw-p 00000000 00:00 0 
f4654000-f465a000 ---p 00000000 00:00 0 
f465a000-f467d000 r-xp 00000000 09:04 15886917                           /usr/lib/jvm/zulu17.66.19-ca-fx-jdk17.0.19-linux_i686/lib/libjava.so
f467d000-f467e000 r--p 00022000 09:04 15886917                           /usr/lib/jvm/zulu17.66.19-ca-fx-jdk17.0.19-linux_i686/lib/libjava.so
f467e000-f467f000 rw-p 00023000 09:04 15886917                           /usr/lib/jvm/zulu17.66.19-ca-fx-jdk17.0.19-linux_i686/lib/libjava.so
f467f000-f469a000 r-xp 00000000 09:04 15886927                           /usr/lib/jvm/zulu17.66.19-ca-fx-jdk17.0.19-linux_i686/lib/libjimage.so
f469a000-f469b000 ---p 0001b000 09:04 15886927                           /usr/lib/jvm/zulu17.66.19-ca-fx-jdk17.0.19-linux_i686/lib/libjimage.so
f469b000-f469c000 r--p 0001b000 09:04 15886927                           /usr/lib/jvm/zulu17.66.19-ca-fx-jdk17.0.19-linux_i686/lib/libjimage.so
f469c000-f469d000 rw-p 0001c000 09:04 15886927                           /usr/lib/jvm/zulu17.66.19-ca-fx-jdk17.0.19-linux_i686/lib/libjimage.so
f469d000-f469e000 r--p 00000000 09:04 15884743                           /usr/lib/i386-linux-gnu/librt.so.1
f469e000-f469f000 r-xp 00001000 09:04 15884743                           /usr/lib/i386-linux-gnu/librt.so.1
f469f000-f46a0000 r--p 00002000 09:04 15884743                           /usr/lib/i386-linux-gnu/librt.so.1
f46a0000-f46a1000 r--p 00002000 09:04 15884743                           /usr/lib/i386-linux-gnu/librt.so.1
f46a1000-f46a2000 rw-p 00003000 09:04 15884743                           /usr/lib/i386-linux-gnu/librt.so.1
f46a2000-f46a3000 r--p 00000000 09:04 15884741                           /usr/lib/i386-linux-gnu/libpthread.so.0
f46a3000-f46a4000 r-xp 00001000 09:04 15884741                           /usr/lib/i386-linux-gnu/libpthread.so.0
f46a4000-f46a5000 r--p 00002000 09:04 15884741                           /usr/lib/i386-linux-gnu/libpthread.so.0
f46a5000-f46a6000 r--p 00002000 09:04 15884741                           /usr/lib/i386-linux-gnu/libpthread.so.0
f46a6000-f46a7000 rw-p 00003000 09:04 15884741                           /usr/lib/i386-linux-gnu/libpthread.so.0
f46a7000-f46a8000 r--p 00000000 09:04 15884732                           /usr/lib/i386-linux-gnu/libdl.so.2
f46a8000-f46a9000 r-xp 00001000 09:04 15884732                           /usr/lib/i386-linux-gnu/libdl.so.2
f46a9000-f46aa000 r--p 00002000 09:04 15884732                           /usr/lib/i386-linux-gnu/libdl.so.2
f46aa000-f46ab000 r--p 00002000 09:04 15884732                           /usr/lib/i386-linux-gnu/libdl.so.2
f46ab000-f46ac000 rw-p 00003000 09:04 15884732                           /usr/lib/i386-linux-gnu/libdl.so.2
f46ac000-f46b0000 rw-p 00000000 00:00 0 
f46b0000-f46b1000 r--p 00000000 09:04 15887541                           /usr/lib/i386-linux-gnu/libffi.so.8.1.2
f46b1000-f46b6000 r-xp 00001000 09:04 15887541                           /usr/lib/i386-linux-gnu/libffi.so.8.1.2
f46b6000-f46b8000 r--p 00006000 09:04 15887541                           /usr/lib/i386-linux-gnu/libffi.so.8.1.2
f46b8000-f46b9000 r--p 00007000 09:04 15887541                           /usr/lib/i386-linux-gnu/libffi.so.8.1.2
f46b9000-f46ba000 rw-p 00008000 09:04 15887541                           /usr/lib/i386-linux-gnu/libffi.so.8.1.2
f46ba000-f46bc000 r--p 00000000 09:04 15884742                           /usr/lib/i386-linux-gnu/libresolv.so.2
f46bc000-f46c4000 r-xp 00002000 09:04 15884742                           /usr/lib/i386-linux-gnu/libresolv.so.2
f46c4000-f46c8000 r--p 0000a000 09:04 15884742                           /usr/lib/i386-linux-gnu/libresolv.so.2
f46c8000-f46c9000 r--p 0000d000 09:04 15884742                           /usr/lib/i386-linux-gnu/libresolv.so.2
f46c9000-f46ca000 rw-p 0000e000 09:04 15884742                           /usr/lib/i386-linux-gnu/libresolv.so.2
f46ca000-f46cc000 rw-p 00000000 00:00 0 
f46cc000-f46ce000 r--p 00000000 09:04 15885012                           /usr/lib/i386-linux-gnu/libkeyutils.so.1.10
f46ce000-f46d0000 r-xp 00002000 09:04 15885012                           /usr/lib/i386-linux-gnu/libkeyutils.so.1.10
f46d0000-f46d1000 r--p 00004000 09:04 15885012                           /usr/lib/i386-linux-gnu/libkeyutils.so.1.10
f46d1000-f46d2000 r--p 00005000 09:04 15885012                           /usr/lib/i386-linux-gnu/libkeyutils.so.1.10
f46d2000-f46d3000 rw-p 00006000 09:04 15885012                           /usr/lib/i386-linux-gnu/libkeyutils.so.1.10
f46d3000-f46d5000 rw-p 00000000 00:00 0 
f46d5000-f46d7000 r--p 00000000 09:04 15887545                           /usr/lib/i386-linux-gnu/libtasn1.so.6.6.3
f46d7000-f46e3000 r-xp 00002000 09:04 15887545                           /usr/lib/i386-linux-gnu/libtasn1.so.6.6.3
f46e3000-f46e9000 r--p 0000e000 09:04 15887545                           /usr/lib/i386-linux-gnu/libtasn1.so.6.6.3
f46e9000-f46ea000 r--p 00014000 09:04 15887545                           /usr/lib/i386-linux-gnu/libtasn1.so.6.6.3
f46ea000-f46eb000 rw-p 00015000 09:04 15887545                           /usr/lib/i386-linux-gnu/libtasn1.so.6.6.3
f46eb000-f46fb000 r--p 00000000 09:04 15887543                           /usr/lib/i386-linux-gnu/libp11-kit.so.0.3.0
f46fb000-f47a4000 r-xp 00010000 09:04 15887543                           /usr/lib/i386-linux-gnu/libp11-kit.so.0.3.0
f47a4000-f4835000 r--p 000b9000 09:04 15887543                           /usr/lib/i386-linux-gnu/libp11-kit.so.0.3.0
f4835000-f483b000 r--p 00149000 09:04 15887543                           /usr/lib/i386-linux-gnu/libp11-kit.so.0.3.0
f483b000-f4840000 rw-p 0014f000 09:04 15887543                           /usr/lib/i386-linux-gnu/libp11-kit.so.0.3.0
f4840000-f4841000 rw-p 00000000 00:00 0 
f4841000-f4842000 r--p 00000000 09:04 15887650                           /usr/lib/i386-linux-gnu/libicudata.so.72.1
f4842000-f4843000 r-xp 00001000 09:04 15887650                           /usr/lib/i386-linux-gnu/libicudata.so.72.1
f4843000-f6611000 r--p 00002000 09:04 15887650                           /usr/lib/i386-linux-gnu/libicudata.so.72.1
f6611000-f6612000 r--p 01dcf000 09:04 15887650                           /usr/lib/i386-linux-gnu/libicudata.so.72.1
f6612000-f6613000 rw-p 01dd0000 09:04 15887650                           /usr/lib/i386-linux-gnu/libicudata.so.72.1
f6613000-f6614000 r--p 00000000 09:04 15887529                           /usr/lib/i386-linux-gnu/libbrotlicommon.so.1.0.9
f6614000-f6615000 r-xp 00001000 09:04 15887529                           /usr/lib/i386-linux-gnu/libbrotlicommon.so.1.0.9
f6615000-f6634000 r--p 00002000 09:04 15887529                           /usr/lib/i386-linux-gnu/libbrotlicommon.so.1.0.9
f6634000-f6635000 r--p 00020000 09:04 15887529                           /usr/lib/i386-linux-gnu/libbrotlicommon.so.1.0.9
f6635000-f6636000 rw-p 00021000 09:04 15887529                           /usr/lib/i386-linux-gnu/libbrotlicommon.so.1.0.9
f6636000-f6638000 r--p 00000000 09:04 15887554                           /usr/lib/i386-linux-gnu/libsasl2.so.2.0.25
f6638000-f664a000 r-xp 00002000 09:04 15887554                           /usr/lib/i386-linux-gnu/libsasl2.so.2.0.25
f664a000-f6653000 r--p 00014000 09:04 15887554                           /usr/lib/i386-linux-gnu/libsasl2.so.2.0.25
f6653000-f6654000 r--p 0001c000 09:04 15887554                           /usr/lib/i386-linux-gnu/libsasl2.so.2.0.25
f6654000-f6655000 rw-p 0001d000 09:04 15887554                           /usr/lib/i386-linux-gnu/libsasl2.so.2.0.25
f6655000-f6658000 r--p 00000000 09:04 15885008                           /usr/lib/i386-linux-gnu/libkrb5support.so.0.1
f6658000-f665f000 r-xp 00003000 09:04 15885008                           /usr/lib/i386-linux-gnu/libkrb5support.so.0.1
f665f000-f6663000 r--p 0000a000 09:04 15885008                           /usr/lib/i386-linux-gnu/libkrb5support.so.0.1
f6663000-f6664000 r--p 0000d000 09:04 15885008                           /usr/lib/i386-linux-gnu/libkrb5support.so.0.1
f6664000-f6665000 rw-p 0000e000 09:04 15885008                           /usr/lib/i386-linux-gnu/libkrb5support.so.0.1
f6665000-f6666000 r--p 00000000 09:04 15885006                           /usr/lib/i386-linux-gnu/libcom_err.so.2.1
f6666000-f6667000 r-xp 00001000 09:04 15885006                           /usr/lib/i386-linux-gnu/libcom_err.so.2.1
f6667000-f6668000 r--p 00002000 09:04 15885006                           /usr/lib/i386-linux-gnu/libcom_err.so.2.1
f6668000-f6669000 r--p 00002000 09:04 15885006                           /usr/lib/i386-linux-gnu/libcom_err.so.2.1
f6669000-f666a000 rw-p 00003000 09:04 15885006                           /usr/lib/i386-linux-gnu/libcom_err.so.2.1
f666a000-f666d000 r--p 00000000 09:04 15885010                           /usr/lib/i386-linux-gnu/libk5crypto.so.3.1
f666d000-f6689000 r-xp 00003000 09:04 15885010                           /usr/lib/i386-linux-gnu/libk5crypto.so.3.1
f6689000-f6698000 r--p 0001f000 09:04 15885010                           /usr/lib/i386-linux-gnu/libk5crypto.so.3.1
f6698000-f6699000 r--p 0002e000 09:04 15885010                           /usr/lib/i386-linux-gnu/libk5crypto.so.3.1
f6699000-f669a000 rw-p 0002f000 09:04 15885010                           /usr/lib/i386-linux-gnu/libk5crypto.so.3.1
f669a000-f66ac000 r--p 00000000 09:04 15885027                           /usr/lib/i386-linux-gnu/libkrb5.so.3.3
f66ac000-f6711000 r-xp 00012000 09:04 15885027                           /usr/lib/i386-linux-gnu/libkrb5.so.3.3
f6711000-f6770000 r--p 00077000 09:04 15885027                           /usr/lib/i386-linux-gnu/libkrb5.so.3.3
f6770000-f6776000 r--p 000d6000 09:04 15885027                           /usr/lib/i386-linux-gnu/libkrb5.so.3.3
f6776000-f6778000 rw-p 000dc000 09:04 15885027                           /usr/lib/i386-linux-gnu/libkrb5.so.3.3
f6778000-f677a000 rw-p 00000000 00:00 0 
f677a000-f6785000 r--p 00000000 09:04 15887535                           /usr/lib/i386-linux-gnu/libgmp.so.10.4.1
f6785000-f67e8000 r-xp 0000b000 09:04 15887535                           /usr/lib/i386-linux-gnu/libgmp.so.10.4.1
f67e8000-f6806000 r--p 0006e000 09:04 15887535                           /usr/lib/i386-linux-gnu/libgmp.so.10.4.1
f6806000-f6807000 r--p 0008c000 09:04 15887535                           /usr/lib/i386-linux-gnu/libgmp.so.10.4.1
f6807000-f6808000 rw-p 0008d000 09:04 15887535                           /usr/lib/i386-linux-gnu/libgmp.so.10.4.1
f6808000-f6810000 r--p 00000000 09:04 15887537                           /usr/lib/i386-linux-gnu/libnettle.so.8.6
f6810000-f683b000 r-xp 00008000 09:04 15887537                           /usr/lib/i386-linux-gnu/libnettle.so.8.6
f683b000-f6855000 r--p 00033000 09:04 15887537                           /usr/lib/i386-linux-gnu/libnettle.so.8.6
f6855000-f6856000 r--p 0004d000 09:04 15887537                           /usr/lib/i386-linux-gnu/libnettle.so.8.6
f6856000-f6857000 rw-p 0004e000 09:04 15887537                           /usr/lib/i386-linux-gnu/libnettle.so.8.6
f6857000-f685d000 r--p 00000000 09:04 15887539                           /usr/lib/i386-linux-gnu/libhogweed.so.6.6
f685d000-f6870000 r-xp 00006000 09:04 15887539                           /usr/lib/i386-linux-gnu/libhogweed.so.6.6
f6870000-f689f000 r--p 00019000 09:04 15887539                           /usr/lib/i386-linux-gnu/libhogweed.so.6.6
f689f000-f68a0000 r--p 00048000 09:04 15887539                           /usr/lib/i386-linux-gnu/libhogweed.so.6.6
f68a0000-f68a1000 rw-p 00049000 09:04 15887539                           /usr/lib/i386-linux-gnu/libhogweed.so.6.6
f68a1000-f68c2000 r--p 00000000 09:04 15887547                           /usr/lib/i386-linux-gnu/libgnutls.so.30.34.3
f68c2000-f69f1000 r-xp 00021000 09:04 15887547                           /usr/lib/i386-linux-gnu/libgnutls.so.30.34.3
f69f1000-f6adc000 r--p 00150000 09:04 15887547                           /usr/lib/i386-linux-gnu/libgnutls.so.30.34.3
f6adc000-f6ae6000 r--p 0023b000 09:04 15887547                           /usr/lib/i386-linux-gnu/libgnutls.so.30.34.3
f6ae6000-f6ae8000 rw-p 00245000 09:04 15887547                           /usr/lib/i386-linux-gnu/libgnutls.so.30.34.3
f6ae8000-f6aeb000 rw-p 00000000 00:00 0 
f6aeb000-f6af6000 r--p 00000000 09:04 15885031                           /usr/lib/i386-linux-gnu/libunistring.so.2.2.0
f6af6000-f6b37000 r-xp 0000b000 09:04 15885031                           /usr/lib/i386-linux-gnu/libunistring.so.2.2.0
f6b37000-f6c9c000 r--p 0004c000 09:04 15885031                           /usr/lib/i386-linux-gnu/libunistring.so.2.2.0
f6c9c000-f6c9f000 r--p 001b0000 09:04 15885031                           /usr/lib/i386-linux-gnu/libunistring.so.2.2.0
f6c9f000-f6ca0000 rw-p 001b3000 09:04 15885031                           /usr/lib/i386-linux-gnu/libunistring.so.2.2.0
f6ca0000-f6ca3000 r--p 00000000 09:04 15887662                           /usr/lib/i386-linux-gnu/liblzma.so.5.4.1
f6ca3000-f6cc4000 r-xp 00003000 09:04 15887662                           /usr/lib/i386-linux-gnu/liblzma.so.5.4.1
f6cc4000-f6cd4000 r--p 00024000 09:04 15887662                           /usr/lib/i386-linux-gnu/liblzma.so.5.4.1
f6cd4000-f6cd5000 r--p 00034000 09:04 15887662                           /usr/lib/i386-linux-gnu/liblzma.so.5.4.1
f6cd5000-f6cd6000 rw-p 00035000 09:04 15887662                           /usr/lib/i386-linux-gnu/liblzma.so.5.4.1
f6cd6000-f6d21000 r--p 00000000 09:04 15887655                           /usr/lib/i386-linux-gnu/libicuuc.so.72.1
f6d21000-f6e2b000 r-xp 0004b000 09:04 15887655                           /usr/lib/i386-linux-gnu/libicuuc.so.72.1
f6e2b000-f6ed1000 r--p 00155000 09:04 15887655                           /usr/lib/i386-linux-gnu/libicuuc.so.72.1
f6ed1000-f6edc000 r--p 001fa000 09:04 15887655                           /usr/lib/i386-linux-gnu/libicuuc.so.72.1
f6edc000-f6edd000 rw-p 00205000 09:04 15887655                           /usr/lib/i386-linux-gnu/libicuuc.so.72.1
f6edd000-f6ede000 rw-p 00000000 00:00 0 
f6ede000-f6edf000 r--p 00000000 09:04 15887530                           /usr/lib/i386-linux-gnu/libbrotlidec.so.1.0.9
f6edf000-f6ee7000 r-xp 00001000 09:04 15887530                           /usr/lib/i386-linux-gnu/libbrotlidec.so.1.0.9
f6ee7000-f6eea000 r--p 00009000 09:04 15887530                           /usr/lib/i386-linux-gnu/libbrotlidec.so.1.0.9
f6eea000-f6eeb000 r--p 0000b000 09:04 15887530                           /usr/lib/i386-linux-gnu/libbrotlidec.so.1.0.9
f6eeb000-f6eec000 rw-p 0000c000 09:04 15887530                           /usr/lib/i386-linux-gnu/libbrotlidec.so.1.0.9
f6eec000-f6eef000 r--p 00000000 09:04 15887569                           /usr/lib/i386-linux-gnu/libzstd.so.1.5.4
f6eef000-f6f86000 r-xp 00003000 09:04 15887569                           /usr/lib/i386-linux-gnu/libzstd.so.1.5.4
f6f86000-f6fa2000 r--p 0009a000 09:04 15887569                           /usr/lib/i386-linux-gnu/libzstd.so.1.5.4
f6fa2000-f6fa3000 r--p 000b5000 09:04 15887569                           /usr/lib/i386-linux-gnu/libzstd.so.1.5.4
f6fa3000-f6fa4000 rw-p 000b6000 09:04 15887569                           /usr/lib/i386-linux-gnu/libzstd.so.1.5.4
f6fa4000-f6fa7000 r--p 00000000 09:04 15887556                           /usr/lib/i386-linux-gnu/liblber-2.5.so.0.1.8
f6fa7000-f6fae000 r-xp 00003000 09:04 15887556                           /usr/lib/i386-linux-gnu/liblber-2.5.so.0.1.8
f6fae000-f6fb3000 r--p 0000a000 09:04 15887556                           /usr/lib/i386-linux-gnu/liblber-2.5.so.0.1.8
f6fb3000-f6fb4000 r--p 0000e000 09:04 15887556                           /usr/lib/i386-linux-gnu/liblber-2.5.so.0.1.8
f6fb4000-f6fb5000 rw-p 0000f000 09:04 15887556                           /usr/lib/i386-linux-gnu/liblber-2.5.so.0.1.8
f6fb5000-f6fb7000 rw-p 00000000 00:00 0 
f6fb7000-f6fc2000 r--p 00000000 09:04 15887557                           /usr/lib/i386-linux-gnu/libldap-2.5.so.0.1.8
f6fc2000-f6ffe000 r-xp 0000b000 09:04 15887557                           /usr/lib/i386-linux-gnu/libldap-2.5.so.0.1.8
f6ffe000-f701c000 r--p 00047000 09:04 15887557                           /usr/lib/i386-linux-gnu/libldap-2.5.so.0.1.8
f701c000-f701d000 r--p 00065000 09:04 15887557                           /usr/lib/i386-linux-gnu/libldap-2.5.so.0.1.8
f701d000-f701e000 rw-p 00066000 09:04 15887557                           /usr/lib/i386-linux-gnu/libldap-2.5.so.0.1.8
f701e000-f701f000 rw-p 00000000 00:00 0 
f701f000-f7026000 r--p 00000000 09:04 15885029                           /usr/lib/i386-linux-gnu/libgssapi_krb5.so.2.2
f7026000-f705d000 r-xp 00007000 09:04 15885029                           /usr/lib/i386-linux-gnu/libgssapi_krb5.so.2.2
f705d000-f7077000 r--p 0003e000 09:04 15885029                           /usr/lib/i386-linux-gnu/libgssapi_krb5.so.2.2
f7077000-f7078000 r--p 00058000 09:04 15885029                           /usr/lib/i386-linux-gnu/libgssapi_krb5.so.2.2
f7078000-f7079000 rw-p 00059000 09:04 15885029                           /usr/lib/i386-linux-gnu/libgssapi_krb5.so.2.2
f7079000-f70e1000 r--p 00000000 09:04 15885018                           /usr/lib/i386-linux-gnu/libcrypto.so.3
f70e1000-f7336000 r-xp 00068000 09:04 15885018                           /usr/lib/i386-linux-gnu/libcrypto.so.3
f7336000-f7492000 r--p 002bd000 09:04 15885018                           /usr/lib/i386-linux-gnu/libcrypto.so.3
f7492000-f74c8000 r--p 00418000 09:04 15885018                           /usr/lib/i386-linux-gnu/libcrypto.so.3
f74c8000-f74ca000 rw-p 0044e000 09:04 15885018                           /usr/lib/i386-linux-gnu/libcrypto.so.3
f74ca000-f74cc000 rw-p 00000000 00:00 0 
f74cc000-f74dd000 r--p 00000000 09:04 15885019                           /usr/lib/i386-linux-gnu/libssl.so.3
f74dd000-f753c000 r-xp 00011000 09:04 15885019                           /usr/lib/i386-linux-gnu/libssl.so.3
f753c000-f7573000 r--p 00070000 09:04 15885019                           /usr/lib/i386-linux-gnu/libssl.so.3
f7573000-f7579000 r--p 000a7000 09:04 15885019                           /usr/lib/i386-linux-gnu/libssl.so.3
f7579000-f757c000 rw-p 000ad000 09:04 15885019                           /usr/lib/i386-linux-gnu/libssl.so.3
f757c000-f757d000 r--p 00000000 09:04 15887562                           /usr/lib/i386-linux-gnu/libpsl.so.5.3.4
f757d000-f757f000 r-xp 00001000 09:04 15887562                           /usr/lib/i386-linux-gnu/libpsl.so.5.3.4
f757f000-f758e000 r--p 00003000 09:04 15887562                           /usr/lib/i386-linux-gnu/libpsl.so.5.3.4
f758e000-f758f000 r--p 00011000 09:04 15887562                           /usr/lib/i386-linux-gnu/libpsl.so.5.3.4
f758f000-f7590000 rw-p 00012000 09:04 15887562                           /usr/lib/i386-linux-gnu/libpsl.so.5.3.4
f7590000-f7594000 r--p 00000000 09:04 15887567                           /usr/lib/i386-linux-gnu/libssh2.so.1.0.1
f7594000-f75bd000 r-xp 00004000 09:04 15887567                           /usr/lib/i386-linux-gnu/libssh2.so.1.0.1
f75bd000-f75d5000 r--p 0002d000 09:04 15887567                           /usr/lib/i386-linux-gnu/libssh2.so.1.0.1
f75d5000-f75d6000 ---p 00045000 09:04 15887567                           /usr/lib/i386-linux-gnu/libssh2.so.1.0.1
f75d6000-f75d7000 r--p 00045000 09:04 15887567                           /usr/lib/i386-linux-gnu/libssh2.so.1.0.1
f75d7000-f75d8000 rw-p 00046000 09:04 15887567                           /usr/lib/i386-linux-gnu/libssh2.so.1.0.1
f75d8000-f75db000 r--p 00000000 09:04 15887566                           /usr/lib/i386-linux-gnu/librtmp.so.1
f75db000-f75eb000 r-xp 00003000 09:04 15887566                           /usr/lib/i386-linux-gnu/librtmp.so.1
f75eb000-f75f6000 r--p 00013000 09:04 15887566                           /usr/lib/i386-linux-gnu/librtmp.so.1
f75f6000-f75f7000 ---p 0001e000 09:04 15887566                           /usr/lib/i386-linux-gnu/librtmp.so.1
f75f7000-f75f8000 r--p 0001e000 09:04 15887566                           /usr/lib/i386-linux-gnu/librtmp.so.1
f75f8000-f75f9000 rw-p 0001f000 09:04 15887566                           /usr/lib/i386-linux-gnu/librtmp.so.1
f75f9000-f75fb000 r--p 00000000 09:04 15885033                           /usr/lib/i386-linux-gnu/libidn2.so.0.3.8
f75fb000-f7603000 r-xp 00002000 09:04 15885033                           /usr/lib/i386-linux-gnu/libidn2.so.0.3.8
f7603000-f762a000 r--p 0000a000 09:04 15885033                           /usr/lib/i386-linux-gnu/libidn2.so.0.3.8
f762a000-f762b000 r--p 00031000 09:04 15885033                           /usr/lib/i386-linux-gnu/libidn2.so.0.3.8
f762b000-f762c000 rw-p 00032000 09:04 15885033                           /usr/lib/i386-linux-gnu/libidn2.so.0.3.8
f762c000-f7630000 r--p 00000000 09:04 15887560                           /usr/lib/i386-linux-gnu/libnghttp2.so.14.24.1
f7630000-f7649000 r-xp 00004000 09:04 15887560                           /usr/lib/i386-linux-gnu/libnghttp2.so.14.24.1
f7649000-f765d000 r--p 0001d000 09:04 15887560                           /usr/lib/i386-linux-gnu/libnghttp2.so.14.24.1
f765d000-f765f000 r--p 00030000 09:04 15887560                           /usr/lib/i386-linux-gnu/libnghttp2.so.14.24.1
f765f000-f7660000 rw-p 00032000 09:04 15887560                           /usr/lib/i386-linux-gnu/libnghttp2.so.14.24.1
f7660000-f7682000 r--p 00000000 09:04 15884730                           /usr/lib/i386-linux-gnu/libc.so.6
f7682000-f77fb000 r-xp 00022000 09:04 15884730                           /usr/lib/i386-linux-gnu/libc.so.6
f77fb000-f787b000 r--p 0019b000 09:04 15884730                           /usr/lib/i386-linux-gnu/libc.so.6
f787b000-f787d000 r--p 0021b000 09:04 15884730                           /usr/lib/i386-linux-gnu/libc.so.6
f787d000-f787e000 rw-p 0021d000 09:04 15884730                           /usr/lib/i386-linux-gnu/libc.so.6
f787e000-f788a000 rw-p 00000000 00:00 0 
f788a000-f788d000 r--p 00000000 09:04 15884726                           /usr/lib/i386-linux-gnu/libgcc_s.so.1
f788d000-f78aa000 r-xp 00003000 09:04 15884726                           /usr/lib/i386-linux-gnu/libgcc_s.so.1
f78aa000-f78af000 r--p 00020000 09:04 15884726                           /usr/lib/i386-linux-gnu/libgcc_s.so.1
f78af000-f78b0000 r--p 00024000 09:04 15884726                           /usr/lib/i386-linux-gnu/libgcc_s.so.1
f78b0000-f78b1000 rw-p 00025000 09:04 15884726                           /usr/lib/i386-linux-gnu/libgcc_s.so.1
f78b1000-f78be000 r--p 00000000 09:04 15884733                           /usr/lib/i386-linux-gnu/libm.so.6
f78be000-f797e000 r-xp 0000d000 09:04 15884733                           /usr/lib/i386-linux-gnu/libm.so.6
f797e000-f79b4000 r--p 000cd000 09:04 15884733                           /usr/lib/i386-linux-gnu/libm.so.6
f79b4000-f79b5000 r--p 00103000 09:04 15884733                           /usr/lib/i386-linux-gnu/libm.so.6
f79b5000-f79b6000 rw-p 00104000 09:04 15884733                           /usr/lib/i386-linux-gnu/libm.so.6
f79b6000-f7a2e000 r--p 00000000 09:04 15887614                           /usr/lib/i386-linux-gnu/libstdc++.so.6.0.30
f7a2e000-f7b45000 r-xp 00078000 09:04 15887614                           /usr/lib/i386-linux-gnu/libstdc++.so.6.0.30
f7b45000-f7bcc000 r--p 0018f000 09:04 15887614                           /usr/lib/i386-linux-gnu/libstdc++.so.6.0.30
f7bcc000-f7bd2000 r--p 00215000 09:04 15887614                           /usr/lib/i386-linux-gnu/libstdc++.so.6.0.30
f7bd2000-f7bd4000 rw-p 0021b000 09:04 15887614                           /usr/lib/i386-linux-gnu/libstdc++.so.6.0.30
f7bd4000-f7bd6000 rw-p 00000000 00:00 0 
f7bd6000-f7bd8000 r--p 00000000 09:04 15887564                           /usr/lib/i386-linux-gnu/libz.so.1.2.13
f7bd8000-f7bea000 r-xp 00002000 09:04 15887564                           /usr/lib/i386-linux-gnu/libz.so.1.2.13
f7bea000-f7bf1000 r--p 00014000 09:04 15887564                           /usr/lib/i386-linux-gnu/libz.so.1.2.13
f7bf1000-f7bf2000 r--p 0001a000 09:04 15887564                           /usr/lib/i386-linux-gnu/libz.so.1.2.13
f7bf2000-f7bf3000 rw-p 0001b000 09:04 15887564                           /usr/lib/i386-linux-gnu/libz.so.1.2.13
f7bf3000-f7c10000 r--p 00000000 09:04 15887664                           /usr/lib/i386-linux-gnu/libxml2.so.2.9.14
f7c10000-f7d30000 r-xp 0001d000 09:04 15887664                           /usr/lib/i386-linux-gnu/libxml2.so.2.9.14
f7d30000-f7dbb000 r--p 0013d000 09:04 15887664                           /usr/lib/i386-linux-gnu/libxml2.so.2.9.14
f7dbb000-f7dc0000 r--p 001c7000 09:04 15887664                           /usr/lib/i386-linux-gnu/libxml2.so.2.9.14
f7dc0000-f7dc1000 rw-p 001cc000 09:04 15887664                           /usr/lib/i386-linux-gnu/libxml2.so.2.9.14
f7dc1000-f7dc2000 rw-p 00000000 00:00 0 
f7dc2000-f7dc3000 r--p 00000000 09:04 15887646                           /usr/lib/i386-linux-gnu/libpcre.so.3.13.3
f7dc3000-f7e17000 r-xp 00001000 09:04 15887646                           /usr/lib/i386-linux-gnu/libpcre.so.3.13.3
f7e17000-f7e3c000 r--p 00055000 09:04 15887646                           /usr/lib/i386-linux-gnu/libpcre.so.3.13.3
f7e3c000-f7e3d000 r--p 00079000 09:04 15887646                           /usr/lib/i386-linux-gnu/libpcre.so.3.13.3
f7e3d000-f7e3e000 rw-p 0007a000 09:04 15887646                           /usr/lib/i386-linux-gnu/libpcre.so.3.13.3
f7e3e000-f7e47000 r--p 00000000 09:04 15893957                           /usr/lib/i386-linux-gnu/libcurl.so.4.8.0
f7e47000-f7ec0000 r-xp 00009000 09:04 15893957                           /usr/lib/i386-linux-gnu/libcurl.so.4.8.0
f7ec0000-f7efc000 r--p 00082000 09:04 15893957                           /usr/lib/i386-linux-gnu/libcurl.so.4.8.0
f7efc000-f7efe000 r--p 000be000 09:04 15893957                           /usr/lib/i386-linux-gnu/libcurl.so.4.8.0
f7efe000-f7f00000 rw-p 000c0000 09:04 15893957                           /usr/lib/i386-linux-gnu/libcurl.so.4.8.0
f7f04000-f7f0c000 rw-s 00000000 09:04 8004863                            /tmp/hsperfdata_swg/3987588 (deleted)
f7f0c000-f7f0d000 ---p 00000000 00:00 0 
f7f0d000-f7f0e000 r--p 00000000 00:00 0 
f7f0e000-f7f0f000 ---p 00000000 00:00 0 
f7f0f000-f7f10000 r--p 00000000 09:04 15769286                           /usr/local/lib/cfree_fix32.so
f7f10000-f7f11000 r-xp 00001000 09:04 15769286                           /usr/local/lib/cfree_fix32.so
f7f11000-f7f12000 r--p 00002000 09:04 15769286                           /usr/local/lib/cfree_fix32.so
f7f12000-f7f13000 r--p 00002000 09:04 15769286                           /usr/local/lib/cfree_fix32.so
f7f13000-f7f14000 rw-p 00003000 09:04 15769286                           /usr/local/lib/cfree_fix32.so
f7f14000-f7f16000 rw-p 00000000 00:00 0 
f7f16000-f7f1a000 r--p 00000000 00:00 0                                  [vvar]
f7f1a000-f7f1c000 r-xp 00000000 00:00 0                                  [vdso]
f7f1c000-f7f1d000 r--p 00000000 09:04 15884727                           /usr/lib/i386-linux-gnu/ld-linux.so.2
f7f1d000-f7f40000 r-xp 00001000 09:04 15884727                           /usr/lib/i386-linux-gnu/ld-linux.so.2
f7f40000-f7f4e000 r--p 00024000 09:04 15884727                           /usr/lib/i386-linux-gnu/ld-linux.so.2
f7f4e000-f7f50000 r--p 00031000 09:04 15884727                           /usr/lib/i386-linux-gnu/ld-linux.so.2
f7f50000-f7f51000 rw-p 00033000 09:04 15884727                           /usr/lib/i386-linux-gnu/ld-linux.so.2
ff8c2000-ff8c3000 rwxp 00000000 00:00 0 
ff9cb000-ffa87000 rw-p 00000000 00:00 0                                  [stack]


VM Arguments:
jvm_args: -Xms128m -Xmx512m -Xss768k -XX:MaxMetaspaceSize=96m -Xrs -XX:-UsePerfData -XX:-AllowUserSignalHandlers -XX:UseSSE=3 -XX+DoEscapeAnalysis -XX:AutoBoxCacheMax:2000 -XX:+OptimizeStringConcat -XX:+OptimizeFill -XX:+EliminateAutoBox -XX:+UseCompressedStrings -XX:+UseCompressedOops -XX:+EliminateLocks -XX:UseFastAccessorMethods -XX:+UseStringCache -XgcPrio:throughput -XXkeepAreaRatio:1 -XXlazyUnlocking -XXcallProfiling -XXcompactRatio:1 
java_command: <unknown>
java_class_path (initial): ../../data/sku.0/sys.server/compiled/game/
Launcher Type: generic

[Global flags]
     intx CICompilerCount                          = 3                                         {product} {ergonomic}
     uint ConcGCThreads                            = 3                                         {product} {ergonomic}
     uint G1ConcRefinementThreads                  = 13                                        {product} {ergonomic}
   size_t G1HeapRegionSize                         = 1048576                                   {product} {ergonomic}
    uintx GCDrainStackTargetSize                   = 64                                        {product} {ergonomic}
   size_t InitialHeapSize                          = 134217728                                 {product} {command line}
   size_t MarkStackSize                            = 49152                                     {product} {ergonomic}
   size_t MaxHeapSize                              = 536870912                                 {product} {command line}
   size_t MaxMetaspaceSize                         = 100663296                                 {product} {command line}
   size_t MaxNewSize                               = 321912832                                 {product} {ergonomic}
   size_t MinHeapDeltaBytes                        = 1048576                                   {product} {ergonomic}
   size_t MinHeapSize                              = 134217728                                 {product} {command line}
    uintx NonNMethodCodeHeapSize                   = 5544422                                {pd product} {ergonomic}
    uintx NonProfiledCodeHeapSize                  = 123056909                              {pd product} {ergonomic}
    uintx ProfiledCodeHeapSize                     = 123056909                              {pd product} {ergonomic}
    uintx ReservedCodeCacheSize                    = 251658240                              {pd product} {ergonomic}
     bool SegmentedCodeCache                       = true                                      {product} {ergonomic}
   size_t SoftMaxHeapSize                          = 536870912                              {manageable} {ergonomic}
   double SweeperThreshold                         = 0.500000                                  {product} {ergonomic}
     intx ThreadStackSize                          = 768                                    {pd product} {command line}
     bool UseG1GC                                  = true                                      {product} {ergonomic}

Logging:
Log output configuration:
 #0: stdout all=off uptime,level,tags
 #1: stderr all=off uptime,level,tags

Environment Variables:
PATH=/usr/local/sbin:/usr/local/bin:/usr/sbin:/usr/bin:/sbin:/bin:/usr/lib/oracle/18.3/client/bin:/usr/lib/jvm/zulu-17-x86/bin/:./
LD_LIBRARY_PATH=/usr/lib/oracle/18.3/client/lib:/usr/lib/jvm/zulu-17-x86/lib/:/usr/lib/jvm/zulu-17-x86/lib/server/:./
LD_PRELOAD=/usr/local/lib/cfree_fix32.so
SHELL=/bin/bash
LANG=en_US.UTF-8

Active Locale:
LC_ALL=en_US.UTF-8
LC_COLLATE=en_US.UTF-8
LC_CTYPE=en_US.UTF-8
LC_MESSAGES=en_US.UTF-8
LC_MONETARY=en_US.UTF-8
LC_NUMERIC=en_US.UTF-8
LC_TIME=en_US.UTF-8

Signal Handlers:
   SIGSEGV: crash_handler in libjvm.so, mask=11100100010111111101111111111110, flags=SA_RESTART|SA_SIGINFO, unblocked
    SIGBUS: crash_handler in libjvm.so, mask=11100100010111111101111111111110, flags=SA_RESTART|SA_SIGINFO, unblocked
    SIGFPE: crash_handler in libjvm.so, mask=11100100010111111101111111111110, flags=SA_RESTART|SA_SIGINFO, unblocked
   SIGPIPE: SIG_IGN, mask=00000000000010000000000000000000, flags=SA_RESTART, blocked
  *** Handler was modified!
  *** Expected: javaSignalHandler in libjvm.so, mask=11100100110111111111111111111110, flags=SA_RESTART|SA_SIGINFO
   SIGXFSZ: javaSignalHandler in libjvm.so, mask=11100100010111111101111111111110, flags=SA_RESTART|SA_SIGINFO, blocked
    SIGILL: crash_handler in libjvm.so, mask=11100100010111111101111111111110, flags=SA_RESTART|SA_SIGINFO, unblocked
   SIGUSR2: SR_handler in libjvm.so, mask=00100000000000000000000000000000, flags=SA_RESTART|SA_SIGINFO, blocked
    SIGHUP: UserHandler in libjvm.so, mask=11100100010111111101111111111110, flags=SA_RESTART|SA_SIGINFO, blocked
    SIGINT: UserHandler in libjvm.so, mask=11100100010111111101111111111110, flags=SA_RESTART|SA_SIGINFO, blocked
   SIGTERM: UserHandler in libjvm.so, mask=11100100010111111101111111111110, flags=SA_RESTART|SA_SIGINFO, blocked
   SIGQUIT: UserHandler in libjvm.so, mask=11100100010111111101111111111110, flags=SA_RESTART|SA_SIGINFO, blocked
   SIGTRAP: crash_handler in libjvm.so, mask=11100100010111111101111111111110, flags=SA_RESTART|SA_SIGINFO, unblocked


Periodic native trim disabled


---------------  S Y S T E M  ---------------

OS:
PRETTY_NAME="Debian GNU/Linux 12 (bookworm)"
NAME="Debian GNU/Linux"
VERSION_ID="12"
VERSION="12 (bookworm)"
VERSION_CODENAME=bookworm
ID=debian
HOME_URL="https://www.debian.org/"
SUPPORT_URL="https://www.debian.org/support"
BUG_REPORT_URL="https://bugs.debian.org/"
uname: Linux 6.1.0-52-amd64 #1 SMP PREEMPT_DYNAMIC Debian 6.1.180-1 (2026-08-03) x86_64
OS uptime: 4 days 1:25 hours
libc: glibc 2.36 NPTL 2.36 
rlimit (soft/hard): STACK 8192k/infinity , CORE 0k/infinity , NPROC 256181/256181 , NOFILE 524288/524288 , AS infinity/infinity , CPU infinity/infinity , DATA infinity/infinity , FSIZE infinity/infinity , MEMLOCK 8192k/8192k
load average: 4.99 5.11 5.10

/proc/meminfo:
MemTotal:       65729880 kB
MemFree:        18454704 kB
MemAvailable:   49477864 kB
Buffers:         1856256 kB
Cached:         37985176 kB
SwapCached:            0 kB
Active:         24398260 kB
Inactive:       20465824 kB
Active(anon):    3297780 kB
Inactive(anon): 10789920 kB
Active(file):   21100480 kB
Inactive(file):  9675904 kB
Unevictable:          64 kB
Mlocked:              64 kB
SwapTotal:       7813112 kB
SwapFree:        7813112 kB
Zswap:                 0 kB
Zswapped:              0 kB
Dirty:              2396 kB
Writeback:             0 kB
AnonPages:       5009164 kB
Mapped:          2661060 kB
Shmem:           9064952 kB
KReclaimable:    1556432 kB
Slab:            1805472 kB
SReclaimable:    1556432 kB
SUnreclaim:       249040 kB
KernelStack:       14032 kB
PageTables:       279996 kB
SecPageTables:         0 kB
NFS_Unstable:          0 kB
Bounce:                0 kB
WritebackTmp:          0 kB
CommitLimit:    40678052 kB
Committed_AS:   18923484 kB
VmallocTotal:   34359738367 kB
VmallocUsed:       70524 kB
VmallocChunk:          0 kB
Percpu:            59008 kB
HardwareCorrupted:     0 kB
AnonHugePages:   3540992 kB
ShmemHugePages:        0 kB
ShmemPmdMapped:        0 kB
FileHugePages:         0 kB
FilePmdMapped:         0 kB
HugePages_Total:       0
HugePages_Free:        0
HugePages_Rsvd:        0
HugePages_Surp:        0
Hugepagesize:       2048 kB
Hugetlb:               0 kB
DirectMap4k:      217572 kB
DirectMap2M:     8060928 kB
DirectMap1G:    58720256 kB

/sys/kernel/mm/transparent_hugepage/enabled: [always] madvise never
/sys/kernel/mm/transparent_hugepage/hpage_pmd_size: 2097152
/sys/kernel/mm/transparent_hugepage/defrag (defrag/compaction efforts parameter): always defer defer+madvise [madvise] never

Process Memory:
Virtual Size: 1332568K (peak: 1349680K)
Resident Set Size: 496628K (peak: 514324K) (anon: 455928K, file: 40700K, shmem: 0K)
Swapped out: 0K
C-Heap outstanding allocations: 29598K, retained: 302749K
glibc malloc tunables: (default)

/proc/sys/kernel/threads-max (system-wide limit on the number of threads): 512362
/proc/sys/vm/max_map_count (maximum number of memory map areas a process may have): 65530
/proc/sys/vm/swappiness (control to define how aggressively the kernel swaps out anonymous memory): 10
/proc/sys/kernel/pid_max (system-wide limit on number of process identifiers): 4194304

container (cgroup) information:
container_type: cgroupv2
cpu_cpuset_cpus: not supported
cpu_memory_nodes: not supported
active_processor_count: 16
cpu_quota: no quota
cpu_period: 100000
cpu_shares: 20480
memory_limit_in_bytes: unlimited
memory_and_swap_limit_in_bytes: unlimited
memory_soft_limit_in_bytes: 0
memory_usage_in_bytes: 2547344 k
memory_max_usage_in_bytes: not supported
rss_usage_in_bytes: 2525320 k
cache_usage_in_bytes: 3672 k
memory_swap_current_in_bytes: 0
memory_swap_max_limit_in_bytes: unlimited
maximum number of tasks: 76854
current number of tasks: 146

Steal ticks since vm start: 0
Steal ticks percentage since vm start:  0.000

CPU: total 32 (initial active 16) (16 cores per cpu, 2 threads per core) family 23 model 113 stepping 0 microcode 0x8701034, cx8, cmov, fxsr, ht, mmx, 3dnowpref, sse, sse2, sse3, ssse3, sse4a, sse4.1, sse4.2, popcnt, lzcnt, tsc, tscinvbit, avx, avx2, aes, clmul, bmi1, bmi2, adx, sha, fma, vzeroupper, clflush, clflushopt
CPU Model and flags from /proc/cpuinfo:
model name	: AMD Ryzen 7 PRO 3700 8-Core Processor
flags		: fpu vme de pse tsc msr pae mce cx8 apic sep mtrr pge mca cmov pat pse36 clflush mmx fxsr sse sse2 ht syscall nx mmxext fxsr_opt pdpe1gb rdtscp lm constant_tsc rep_good nopl nonstop_tsc cpuid extd_apicid aperfmperf rapl pni pclmulqdq monitor ssse3 fma cx16 sse4_1 sse4_2 x2apic movbe popcnt aes xsave avx f16c rdrand lahf_lm cmp_legacy svm extapic cr8_legacy abm sse4a misalignsse 3dnowprefetch osvw ibs skinit wdt tce topoext perfctr_core perfctr_nb bpext perfctr_llc mwaitx cpb cat_l3 cdp_l3 hw_pstate ssbd mba ibpb stibp vmmcall fsgsbase bmi1 avx2 smep bmi2 cqm rdt_a rdseed adx smap clflushopt clwb sha_ni xsaveopt xsavec xgetbv1 cqm_llc cqm_occup_llc cqm_mbm_total cqm_mbm_local clzero irperf xsaveerptr rdpru wbnoinvd arat npt lbrv svm_lock nrip_save tsc_scale vmcb_clean flushbyasid decodeassists pausefilter pfthreshold avic v_vmsave_vmload vgif v_spec_ctrl umip rdpid overflow_recov succor smca sev sev_es ibpb_exit_to_user

Online cpus: 0-15
Offline cpus: 16-31
BIOS frequency limitation: 3600000
Frequency switch latency (ns): 0
Available cpu frequencies: 3600000 2800000 2200000 
Current governor: schedutil
Core performance/turbo boost: 1

Memory: 4k page, physical 65729880k(18454704k free), swap 7813112k(7813112k free)
Page Sizes: 4k

vm_info: OpenJDK Server VM (17.0.19+10-LTS) for linux-x86 JRE (17.0.19+10-LTS) (Zulu17.66+19-CA), built on Apr 17 2026 20:26:03 by "zulu_re" with gcc 8.3.0

END.
