#
# A fatal error has been detected by the Java Runtime Environment:
#
#  SIGSEGV (0xb) at pc=0xf7758c60, pid=3987607, tid=3987607
#
# JRE version: OpenJDK Runtime Environment Zulu17.66+19-CA (17.0.19+10) (build 17.0.19+10-LTS)
# Java VM: OpenJDK Server VM Zulu17.66+19-CA (17.0.19+10-LTS, mixed mode, sharing, tiered, g1 gc, linux-x86)
# Problematic frame:
# C  [libc.so.6+0x99c60]  cfree+0x20
#
# No core dump will be written. Core dumps have been disabled. To enable core dumping, try "ulimit -c unlimited" before starting Java again
#
# If you would like to submit a bug report, please visit:
#   http://www.azul.com/support/
#

---------------  S U M M A R Y ------------

Command Line: -Xms128m -Xmx512m -Xss768k -XX:MaxMetaspaceSize=96m -Xrs -XX:-UsePerfData -XX:-AllowUserSignalHandlers -XX:UseSSE=3 -XX+DoEscapeAnalysis -XX:AutoBoxCacheMax:2000 -XX:+OptimizeStringConcat -XX:+OptimizeFill -XX:+EliminateAutoBox -XX:+UseCompressedStrings -XX:+UseCompressedOops -XX:+EliminateLocks -XX:UseFastAccessorMethods -XX:+UseStringCache -XgcPrio:throughput -XXkeepAreaRatio:1 -XXlazyUnlocking -XXcallProfiling -XXcompactRatio:1 

Host: AMD Ryzen 7 PRO 3700 8-Core Processor, 32 cores, 62G, Debian GNU/Linux 12 (bookworm)
Time: Wed Aug 12 01:15:04 2026 UTC elapsed time: 10762.035858 seconds (0d 2h 59m 22s)

---------------  T H R E A D  ---------------

Current thread is native thread

Stack: [0xffe94000,0xfff54000],  sp=0xfff51c80,  free space=759k
Native frames: (J=compiled Java code, j=interpreted, Vv=VM code, C=native code)
C  [libc.so.6+0x99c60]  cfree+0x20
C  [SwgGameServer+0x11552ff]  FileManifest::remove()+0x51
C  [SwgGameServer+0x1161ecc]  ExitChain::run()+0x6e
C  [SwgGameServer+0x1161cf3]  ExitChain::quit()+0x15
C  [SwgGameServer+0x1170be0]  SetupSharedFoundation::remove()+0x18
C  [SwgGameServer+0x112b300]  main+0x372


siginfo: si_signo: 11 (SIGSEGV), si_code: 1 (SEGV_MAPERR), si_addr: 0x000000fc

Registers:
EAX=0x5a355708, EBX=0x00000100, ECX=0xf470b9c8, EDX=0x00000100
ESP=0xfff51c80, EBP=0xfff51d08, ESI=0xf78dbff4, EDI=0xffffffa4
EIP=0xf7758c60, EFLAGS=0x00210206, CR2=0x00000000000000fc


Top of Stack: (sp=0xfff51c80)
0xfff51c80:   50ac0808 5940ceb8 fff51cc8 7021a100
0xfff51c90:   fff51cb8 f7a9d876 f7c30ff4 f7c30ff4
0xfff51ca0:   5a355700 f7faeb80 fff51d08 f7a9d888
0xfff51cb0:   00000100 ffffffa4 00000016 576ddd49
0xfff51cc0:   f774903b f7a9d876 f7c30ff4 f7b3e795
0xfff51cd0:   00000100 59404ca4 58bfd25c 576dd7db
0xfff51ce0:   00000000 f7b3e776 58bfd25c 576dd0ee
0xfff51cf0:   5a355700 59404ca0 f7c30ff4 576dd0c8
0xfff51d00:   59fda6b0 58bfd25c fff51d38 576dc2ff
0xfff51d10:   5a355700 fff51d2c fff51d38 576dc2bb
0xfff51d20:   00000000 58bfd25c 5a3594a0 59404ca4
0xfff51d30:   58bfd25c 58bfd25c fff51d58 576e8ecc
0xfff51d40:   58bfd25c 58bfd25c fff51d68 59fda690
0xfff51d50:   5b7e9e50 58bfd25c fff51d68 576e8cf3
0xfff51d60:   58bfd25c 58bfd25c fff51d78 576f7be0
0xfff51d70:   57a8ebe0 fff51e80 fff51e68 576b2300
0xfff51d80:   0000000d 00000001 5a33a920 584d0100
0xfff51d90:   5a33aa70 00300100 5a33aac0 fff50100
0xfff51da0:   5851fb20 00000000 00000000 00f51e14
0xfff51db0:   00000000 01010100 5301d320 61476777
0xfff51dc0:   6553656d 72657672 3839333a 37303637
0xfff51dd0:   59487200 57682e21 00013748 f7759806
0xfff51de0:   f7faeff4 0000002c 00000000 f775961e
0xfff51df0:   00013748 00000211 59fd58b8 00000000
0xfff51e00:   58bfd25c 57999a26 fff51e28 57998911
0xfff51e10:   ffffffff 00f7b694 00000000 00000001
0xfff51e20:   5940d200 00000000 00000000 00000000
0xfff51e30:   00000000 5a33a920 00000015 00000015
0xfff51e40:   f78e7000 f7f8b83b f76dba4f f78e7000
0xfff51e50:   fff51e90 f78e71d8 f470d320 fff51e80
0xfff51e60:   f78dbff4 58bdf8c8 00000000 f76e22d5
0xfff51e70:   57997d7a 00000070 f7faeff4 f76e22d5 

Instructions: (pc=0xf7758c60)
0xf7758b60:   5e 5f 5d c3 8d 74 26 00 31 d2 89 f0 e8 3f cb ff
0xf7758b70:   ff 89 f2 89 c3 e8 96 e6 ff ff 85 c0 75 16 85 db
0xf7758b80:   74 1f 89 f2 89 d8 e8 c5 d0 ff ff 89 f2 89 c3 e8
0xf7758b90:   7c e6 ff ff 85 db 74 09 31 d2 87 13 83 fa 01 7f
0xf7758ba0:   77 85 c0 0f 85 6a fe ff ff 31 c0 eb af 8d 87 48
0xf7758bb0:   f0 f9 ff 50 8d 87 00 f3 f9 ff 50 8d 87 a0 e3 f9
0xf7758bc0:   ff 50 6a 01 e8 c7 2e fe ff 8d b4 26 00 00 00 00
0xf7758bd0:   83 ec 0c 53 e8 c7 ae fe ff 83 c4 10 e9 14 fe ff
0xf7758be0:   ff 8d b4 26 00 00 00 00 89 44 24 0c 83 ec 0c 53
0xf7758bf0:   e8 9b af fe ff 83 c4 10 8b 44 24 0c e9 12 fe ff
0xf7758c00:   ff 8d b4 26 00 00 00 00 8d 87 0c ee f9 ff e8 ed
0xf7758c10:   bb ff ff 8d 74 26 00 90 89 44 24 0c 83 ec 0c 53
0xf7758c20:   e8 6b af fe ff 83 c4 10 8b 44 24 0c e9 70 ff ff
0xf7758c30:   ff 8d b4 26 00 00 00 00 8d b4 26 00 00 00 00 90
0xf7758c40:   55 57 56 e8 ad 58 0d 00 81 c6 ac 33 18 00 53 83
0xf7758c50:   ec 1c 8b 5c 24 30 85 db 74 5b 8b be d0 fe ff ff
0xf7758c60:   8b 53 fc 8d 43 f8 65 8b 2f f6 c2 02 75 52 8b 8e
0xf7758c70:   a4 fe ff ff 65 8b 09 85 c9 0f 84 81 00 00 00 83
0xf7758c80:   e2 04 8d 9e cc 07 00 00 74 1d 8b 8e e4 01 00 00
0xf7758c90:   8d 14 8d 00 00 00 00 f7 da 85 c9 b9 00 00 f0 ff
0xf7758ca0:   0f 44 d1 21 c2 8b 1a 89 c2 31 c9 89 d8 e8 8e d3
0xf7758cb0:   ff ff 65 89 2f 83 c4 1c 5b 5e 5f 5d c3 8d 76 00
0xf7758cc0:   8b 9e f8 01 00 00 85 db 75 26 39 96 d4 01 00 00
0xf7758cd0:   73 1e 81 fa 00 00 08 00 77 16 83 e2 f8 89 96 d4
0xf7758ce0:   01 00 00 01 d2 89 96 cc 01 00 00 8d 74 26 00 90
0xf7758cf0:   e8 9b bc ff ff eb bb 8d b4 26 00 00 00 00 66 90
0xf7758d00:   8b 8e a8 fe ff ff 65 80 39 00 0f 85 6f ff ff ff
0xf7758d10:   89 44 24 0c e8 47 f3 ff ff 8b 53 fc 8b 44 24 0c
0xf7758d20:   e9 5a ff ff ff 8d b4 26 00 00 00 00 8d 74 26 00
0xf7758d30:   55 57 56 53 e8 ac 57 0d 00 81 c3 bb 32 18 00 83
0xf7758d40:   ec 0c 8b 83 a4 fe ff ff 8b 93 a8 fe ff ff 65 8b
0xf7758d50:   30 65 c6 02 01 85 f6 74 67 65 c7 00 00 00 00 00 



---------------  P R O C E S S  ---------------

VM state: at safepoint (shutting down)

VM Mutex/Monitor currently owned by a thread:  ([mutex/lock_event])
[0xf3627890] Threads_lock - owner thread: 0xc19e0be0

GC Precious Log:
<Skipped>

Heap:
 garbage-first heap   total 131072K, used 34258K [0xc3200000, 0xe3200000)
  region size 1024K, 34 young (34816K), 3 survivors (3072K)
 Metaspace       used 6076K, committed 6656K, reserved 16384K

Heap Regions: E=young(eden), S=young(survivor), O=old, HS=humongous(starts), HC=humongous(continues), CS=collection set, F=free, OA=open archive, CA=closed archive, TAMS=top-at-mark-start (previous, next)
|   0|0xc3200000, 0xc3223c00, 0xc3300000| 13%| O|  |TAMS 0xc3200000, 0xc3200000| Untracked 
|   1|0xc3300000, 0xc3300000, 0xc3400000|  0%| F|  |TAMS 0xc3300000, 0xc3300000| Untracked 
|   2|0xc3400000, 0xc3400000, 0xc3500000|  0%| F|  |TAMS 0xc3400000, 0xc3400000| Untracked 
|   3|0xc3500000, 0xc3500000, 0xc3600000|  0%| F|  |TAMS 0xc3500000, 0xc3500000| Untracked 
|   4|0xc3600000, 0xc3600000, 0xc3700000|  0%| F|  |TAMS 0xc3600000, 0xc3600000| Untracked 
|   5|0xc3700000, 0xc3700000, 0xc3800000|  0%| F|  |TAMS 0xc3700000, 0xc3700000| Untracked 
|   6|0xc3800000, 0xc3800000, 0xc3900000|  0%| F|  |TAMS 0xc3800000, 0xc3800000| Untracked 
|   7|0xc3900000, 0xc3900000, 0xc3a00000|  0%| F|  |TAMS 0xc3900000, 0xc3900000| Untracked 
|   8|0xc3a00000, 0xc3a00000, 0xc3b00000|  0%| F|  |TAMS 0xc3a00000, 0xc3a00000| Untracked 
|   9|0xc3b00000, 0xc3b00000, 0xc3c00000|  0%| F|  |TAMS 0xc3b00000, 0xc3b00000| Untracked 
|  10|0xc3c00000, 0xc3c00000, 0xc3d00000|  0%| F|  |TAMS 0xc3c00000, 0xc3c00000| Untracked 
|  11|0xc3d00000, 0xc3d00000, 0xc3e00000|  0%| F|  |TAMS 0xc3d00000, 0xc3d00000| Untracked 
|  12|0xc3e00000, 0xc3e00000, 0xc3f00000|  0%| F|  |TAMS 0xc3e00000, 0xc3e00000| Untracked 
|  13|0xc3f00000, 0xc3f00000, 0xc4000000|  0%| F|  |TAMS 0xc3f00000, 0xc3f00000| Untracked 
|  14|0xc4000000, 0xc4000000, 0xc4100000|  0%| F|  |TAMS 0xc4000000, 0xc4000000| Untracked 
|  15|0xc4100000, 0xc4100000, 0xc4200000|  0%| F|  |TAMS 0xc4100000, 0xc4100000| Untracked 
|  16|0xc4200000, 0xc4200000, 0xc4300000|  0%| F|  |TAMS 0xc4200000, 0xc4200000| Untracked 
|  17|0xc4300000, 0xc4300000, 0xc4400000|  0%| F|  |TAMS 0xc4300000, 0xc4300000| Untracked 
|  18|0xc4400000, 0xc4400000, 0xc4500000|  0%| F|  |TAMS 0xc4400000, 0xc4400000| Untracked 
|  19|0xc4500000, 0xc4500000, 0xc4600000|  0%| F|  |TAMS 0xc4500000, 0xc4500000| Untracked 
|  20|0xc4600000, 0xc4600000, 0xc4700000|  0%| F|  |TAMS 0xc4600000, 0xc4600000| Untracked 
|  21|0xc4700000, 0xc4700000, 0xc4800000|  0%| F|  |TAMS 0xc4700000, 0xc4700000| Untracked 
|  22|0xc4800000, 0xc4800000, 0xc4900000|  0%| F|  |TAMS 0xc4800000, 0xc4800000| Untracked 
|  23|0xc4900000, 0xc4900000, 0xc4a00000|  0%| F|  |TAMS 0xc4900000, 0xc4900000| Untracked 
|  24|0xc4a00000, 0xc4a00000, 0xc4b00000|  0%| F|  |TAMS 0xc4a00000, 0xc4a00000| Untracked 
|  25|0xc4b00000, 0xc4b00000, 0xc4c00000|  0%| F|  |TAMS 0xc4b00000, 0xc4b00000| Untracked 
|  26|0xc4c00000, 0xc4c00000, 0xc4d00000|  0%| F|  |TAMS 0xc4c00000, 0xc4c00000| Untracked 
|  27|0xc4d00000, 0xc4d00000, 0xc4e00000|  0%| F|  |TAMS 0xc4d00000, 0xc4d00000| Untracked 
|  28|0xc4e00000, 0xc4e00000, 0xc4f00000|  0%| F|  |TAMS 0xc4e00000, 0xc4e00000| Untracked 
|  29|0xc4f00000, 0xc4f00000, 0xc5000000|  0%| F|  |TAMS 0xc4f00000, 0xc4f00000| Untracked 
|  30|0xc5000000, 0xc5000000, 0xc5100000|  0%| F|  |TAMS 0xc5000000, 0xc5000000| Untracked 
|  31|0xc5100000, 0xc5100000, 0xc5200000|  0%| F|  |TAMS 0xc5100000, 0xc5100000| Untracked 
|  32|0xc5200000, 0xc5200000, 0xc5300000|  0%| F|  |TAMS 0xc5200000, 0xc5200000| Untracked 
|  33|0xc5300000, 0xc5300000, 0xc5400000|  0%| F|  |TAMS 0xc5300000, 0xc5300000| Untracked 
|  34|0xc5400000, 0xc5400000, 0xc5500000|  0%| F|  |TAMS 0xc5400000, 0xc5400000| Untracked 
|  35|0xc5500000, 0xc5500000, 0xc5600000|  0%| F|  |TAMS 0xc5500000, 0xc5500000| Untracked 
|  36|0xc5600000, 0xc5600000, 0xc5700000|  0%| F|  |TAMS 0xc5600000, 0xc5600000| Untracked 
|  37|0xc5700000, 0xc5700000, 0xc5800000|  0%| F|  |TAMS 0xc5700000, 0xc5700000| Untracked 
|  38|0xc5800000, 0xc5800000, 0xc5900000|  0%| F|  |TAMS 0xc5800000, 0xc5800000| Untracked 
|  39|0xc5900000, 0xc5900000, 0xc5a00000|  0%| F|  |TAMS 0xc5900000, 0xc5900000| Untracked 
|  40|0xc5a00000, 0xc5a00000, 0xc5b00000|  0%| F|  |TAMS 0xc5a00000, 0xc5a00000| Untracked 
|  41|0xc5b00000, 0xc5b00000, 0xc5c00000|  0%| F|  |TAMS 0xc5b00000, 0xc5b00000| Untracked 
|  42|0xc5c00000, 0xc5c00000, 0xc5d00000|  0%| F|  |TAMS 0xc5c00000, 0xc5c00000| Untracked 
|  43|0xc5d00000, 0xc5d00000, 0xc5e00000|  0%| F|  |TAMS 0xc5d00000, 0xc5d00000| Untracked 
|  44|0xc5e00000, 0xc5e00000, 0xc5f00000|  0%| F|  |TAMS 0xc5e00000, 0xc5e00000| Untracked 
|  45|0xc5f00000, 0xc5f00000, 0xc6000000|  0%| F|  |TAMS 0xc5f00000, 0xc5f00000| Untracked 
|  46|0xc6000000, 0xc6000000, 0xc6100000|  0%| F|  |TAMS 0xc6000000, 0xc6000000| Untracked 
|  47|0xc6100000, 0xc6100000, 0xc6200000|  0%| F|  |TAMS 0xc6100000, 0xc6100000| Untracked 
|  48|0xc6200000, 0xc6200000, 0xc6300000|  0%| F|  |TAMS 0xc6200000, 0xc6200000| Untracked 
|  49|0xc6300000, 0xc6300000, 0xc6400000|  0%| F|  |TAMS 0xc6300000, 0xc6300000| Untracked 
|  50|0xc6400000, 0xc6400000, 0xc6500000|  0%| F|  |TAMS 0xc6400000, 0xc6400000| Untracked 
|  51|0xc6500000, 0xc6500000, 0xc6600000|  0%| F|  |TAMS 0xc6500000, 0xc6500000| Untracked 
|  52|0xc6600000, 0xc6600000, 0xc6700000|  0%| F|  |TAMS 0xc6600000, 0xc6600000| Untracked 
|  53|0xc6700000, 0xc6700000, 0xc6800000|  0%| F|  |TAMS 0xc6700000, 0xc6700000| Untracked 
|  54|0xc6800000, 0xc6800000, 0xc6900000|  0%| F|  |TAMS 0xc6800000, 0xc6800000| Untracked 
|  55|0xc6900000, 0xc6900000, 0xc6a00000|  0%| F|  |TAMS 0xc6900000, 0xc6900000| Untracked 
|  56|0xc6a00000, 0xc6a00000, 0xc6b00000|  0%| F|  |TAMS 0xc6a00000, 0xc6a00000| Untracked 
|  57|0xc6b00000, 0xc6b00000, 0xc6c00000|  0%| F|  |TAMS 0xc6b00000, 0xc6b00000| Untracked 
|  58|0xc6c00000, 0xc6c00000, 0xc6d00000|  0%| F|  |TAMS 0xc6c00000, 0xc6c00000| Untracked 
|  59|0xc6d00000, 0xc6d00000, 0xc6e00000|  0%| F|  |TAMS 0xc6d00000, 0xc6d00000| Untracked 
|  60|0xc6e00000, 0xc6e00000, 0xc6f00000|  0%| F|  |TAMS 0xc6e00000, 0xc6e00000| Untracked 
|  61|0xc6f00000, 0xc6f00000, 0xc7000000|  0%| F|  |TAMS 0xc6f00000, 0xc6f00000| Untracked 
|  62|0xc7000000, 0xc7000000, 0xc7100000|  0%| F|  |TAMS 0xc7000000, 0xc7000000| Untracked 
|  63|0xc7100000, 0xc7100000, 0xc7200000|  0%| F|  |TAMS 0xc7100000, 0xc7100000| Untracked 
|  64|0xc7200000, 0xc7200000, 0xc7300000|  0%| F|  |TAMS 0xc7200000, 0xc7200000| Untracked 
|  65|0xc7300000, 0xc7300000, 0xc7400000|  0%| F|  |TAMS 0xc7300000, 0xc7300000| Untracked 
|  66|0xc7400000, 0xc7400000, 0xc7500000|  0%| F|  |TAMS 0xc7400000, 0xc7400000| Untracked 
|  67|0xc7500000, 0xc7500000, 0xc7600000|  0%| F|  |TAMS 0xc7500000, 0xc7500000| Untracked 
|  68|0xc7600000, 0xc7600000, 0xc7700000|  0%| F|  |TAMS 0xc7600000, 0xc7600000| Untracked 
|  69|0xc7700000, 0xc7700000, 0xc7800000|  0%| F|  |TAMS 0xc7700000, 0xc7700000| Untracked 
|  70|0xc7800000, 0xc7800000, 0xc7900000|  0%| F|  |TAMS 0xc7800000, 0xc7800000| Untracked 
|  71|0xc7900000, 0xc7900000, 0xc7a00000|  0%| F|  |TAMS 0xc7900000, 0xc7900000| Untracked 
|  72|0xc7a00000, 0xc7a00000, 0xc7b00000|  0%| F|  |TAMS 0xc7a00000, 0xc7a00000| Untracked 
|  73|0xc7b00000, 0xc7b00000, 0xc7c00000|  0%| F|  |TAMS 0xc7b00000, 0xc7b00000| Untracked 
|  74|0xc7c00000, 0xc7c00000, 0xc7d00000|  0%| F|  |TAMS 0xc7c00000, 0xc7c00000| Untracked 
|  75|0xc7d00000, 0xc7d00000, 0xc7e00000|  0%| F|  |TAMS 0xc7d00000, 0xc7d00000| Untracked 
|  76|0xc7e00000, 0xc7e00000, 0xc7f00000|  0%| F|  |TAMS 0xc7e00000, 0xc7e00000| Untracked 
|  77|0xc7f00000, 0xc7f00000, 0xc8000000|  0%| F|  |TAMS 0xc7f00000, 0xc7f00000| Untracked 
|  78|0xc8000000, 0xc8000000, 0xc8100000|  0%| F|  |TAMS 0xc8000000, 0xc8000000| Untracked 
|  79|0xc8100000, 0xc8100000, 0xc8200000|  0%| F|  |TAMS 0xc8100000, 0xc8100000| Untracked 
|  80|0xc8200000, 0xc8200000, 0xc8300000|  0%| F|  |TAMS 0xc8200000, 0xc8200000| Untracked 
|  81|0xc8300000, 0xc8300000, 0xc8400000|  0%| F|  |TAMS 0xc8300000, 0xc8300000| Untracked 
|  82|0xc8400000, 0xc8400000, 0xc8500000|  0%| F|  |TAMS 0xc8400000, 0xc8400000| Untracked 
|  83|0xc8500000, 0xc8500000, 0xc8600000|  0%| F|  |TAMS 0xc8500000, 0xc8500000| Untracked 
|  84|0xc8600000, 0xc8600000, 0xc8700000|  0%| F|  |TAMS 0xc8600000, 0xc8600000| Untracked 
|  85|0xc8700000, 0xc8700000, 0xc8800000|  0%| F|  |TAMS 0xc8700000, 0xc8700000| Untracked 
|  86|0xc8800000, 0xc8800000, 0xc8900000|  0%| F|  |TAMS 0xc8800000, 0xc8800000| Untracked 
|  87|0xc8900000, 0xc8900000, 0xc8a00000|  0%| F|  |TAMS 0xc8900000, 0xc8900000| Untracked 
|  88|0xc8a00000, 0xc8a00000, 0xc8b00000|  0%| F|  |TAMS 0xc8a00000, 0xc8a00000| Untracked 
|  89|0xc8b00000, 0xc8b00000, 0xc8c00000|  0%| F|  |TAMS 0xc8b00000, 0xc8b00000| Untracked 
|  90|0xc8c00000, 0xc8c00000, 0xc8d00000|  0%| F|  |TAMS 0xc8c00000, 0xc8c00000| Untracked 
|  91|0xc8d00000, 0xc8d00000, 0xc8e00000|  0%| F|  |TAMS 0xc8d00000, 0xc8d00000| Untracked 
|  92|0xc8e00000, 0xc8e00000, 0xc8f00000|  0%| F|  |TAMS 0xc8e00000, 0xc8e00000| Untracked 
|  93|0xc8f00000, 0xc8f00000, 0xc9000000|  0%| F|  |TAMS 0xc8f00000, 0xc8f00000| Untracked 
|  94|0xc9000000, 0xc9050f98, 0xc9100000| 31%| E|  |TAMS 0xc9000000, 0xc9000000| Complete 
|  95|0xc9100000, 0xc9200000, 0xc9200000|100%| E|CS|TAMS 0xc9100000, 0xc9100000| Complete 
|  96|0xc9200000, 0xc9300000, 0xc9300000|100%| E|CS|TAMS 0xc9200000, 0xc9200000| Complete 
|  97|0xc9300000, 0xc9400000, 0xc9400000|100%| E|CS|TAMS 0xc9300000, 0xc9300000| Complete 
|  98|0xc9400000, 0xc9500000, 0xc9500000|100%| E|CS|TAMS 0xc9400000, 0xc9400000| Complete 
|  99|0xc9500000, 0xc9600000, 0xc9600000|100%| E|CS|TAMS 0xc9500000, 0xc9500000| Complete 
| 100|0xc9600000, 0xc9700000, 0xc9700000|100%| E|CS|TAMS 0xc9600000, 0xc9600000| Complete 
| 101|0xc9700000, 0xc9800000, 0xc9800000|100%| E|CS|TAMS 0xc9700000, 0xc9700000| Complete 
| 102|0xc9800000, 0xc9900000, 0xc9900000|100%| S|CS|TAMS 0xc9800000, 0xc9800000| Complete 
| 103|0xc9900000, 0xc9a00000, 0xc9a00000|100%| S|CS|TAMS 0xc9900000, 0xc9900000| Complete 
| 104|0xc9a00000, 0xc9b00000, 0xc9b00000|100%| S|CS|TAMS 0xc9a00000, 0xc9a00000| Complete 
| 105|0xc9b00000, 0xc9c00000, 0xc9c00000|100%| E|CS|TAMS 0xc9b00000, 0xc9b00000| Complete 
| 106|0xc9c00000, 0xc9d00000, 0xc9d00000|100%| E|CS|TAMS 0xc9c00000, 0xc9c00000| Complete 
| 107|0xc9d00000, 0xc9e00000, 0xc9e00000|100%| E|CS|TAMS 0xc9d00000, 0xc9d00000| Complete 
| 108|0xc9e00000, 0xc9f00000, 0xc9f00000|100%| E|CS|TAMS 0xc9e00000, 0xc9e00000| Complete 
| 109|0xc9f00000, 0xca000000, 0xca000000|100%| E|CS|TAMS 0xc9f00000, 0xc9f00000| Complete 
| 110|0xca000000, 0xca100000, 0xca100000|100%| E|CS|TAMS 0xca000000, 0xca000000| Complete 
| 111|0xca100000, 0xca200000, 0xca200000|100%| E|CS|TAMS 0xca100000, 0xca100000| Complete 
| 112|0xca200000, 0xca300000, 0xca300000|100%| E|CS|TAMS 0xca200000, 0xca200000| Complete 
| 113|0xca300000, 0xca400000, 0xca400000|100%| E|CS|TAMS 0xca300000, 0xca300000| Complete 
| 114|0xca400000, 0xca500000, 0xca500000|100%| E|CS|TAMS 0xca400000, 0xca400000| Complete 
| 115|0xca500000, 0xca600000, 0xca600000|100%| E|CS|TAMS 0xca500000, 0xca500000| Complete 
| 116|0xca600000, 0xca700000, 0xca700000|100%| E|CS|TAMS 0xca600000, 0xca600000| Complete 
| 117|0xca700000, 0xca800000, 0xca800000|100%| E|CS|TAMS 0xca700000, 0xca700000| Complete 
| 118|0xca800000, 0xca900000, 0xca900000|100%| E|CS|TAMS 0xca800000, 0xca800000| Complete 
| 119|0xca900000, 0xcaa00000, 0xcaa00000|100%| E|CS|TAMS 0xca900000, 0xca900000| Complete 
| 120|0xcaa00000, 0xcab00000, 0xcab00000|100%| E|CS|TAMS 0xcaa00000, 0xcaa00000| Complete 
| 121|0xcab00000, 0xcac00000, 0xcac00000|100%| E|CS|TAMS 0xcab00000, 0xcab00000| Complete 
| 122|0xcac00000, 0xcad00000, 0xcad00000|100%| E|CS|TAMS 0xcac00000, 0xcac00000| Complete 
| 123|0xcad00000, 0xcae00000, 0xcae00000|100%| E|CS|TAMS 0xcad00000, 0xcad00000| Complete 
| 124|0xcae00000, 0xcaf00000, 0xcaf00000|100%| E|CS|TAMS 0xcae00000, 0xcae00000| Complete 
| 125|0xcaf00000, 0xcb000000, 0xcb000000|100%| E|CS|TAMS 0xcaf00000, 0xcaf00000| Complete 
| 126|0xcb000000, 0xcb100000, 0xcb100000|100%| E|CS|TAMS 0xcb000000, 0xcb000000| Complete 
| 127|0xcb100000, 0xcb200000, 0xcb200000|100%| E|CS|TAMS 0xcb100000, 0xcb100000| Complete 

Card table byte_map: [0xc3100000,0xc3200000] _byte_map_base: 0xc2ae7000

Marking Bits (Prev, Next): (CMBitMap*) 0xe33300b8, (CMBitMap*) 0xe33300d8
 Prev Bits: [0xc2800000, 0xc3000000)
 Next Bits: [0xc2000000, 0xc2800000)

Polling page: 0xf7f6b000

Metaspace:

Usage:
    5.93 MB used.

Virtual space:
     16.00 MB reserved,       6.50 MB ( 41%) committed,  1 nodes.

Chunk freelists:
6.94 MB

MaxMetaspaceSize: 96.00 MB
No class space
Initial GC threshold: 16.00 MB
Current GC threshold: 16.00 MB
CDS: on
MetaspaceReclaimPolicy: balanced
 - commit_granule_bytes: 65536.
 - commit_granule_words: 16384.
 - virtual_space_node_default_size: 4194304.
 - enlarge_chunks_in_place: 1.
 - new_chunks_are_fully_committed: 0.
 - uncommit_free_chunks: 1.
 - use_allocation_guard: 0.
 - handle_deallocations: 1.


Internal statistics:

num_allocs_failed_limit: 0.
num_arena_births: 298.
num_arena_deaths: 0.
num_vsnodes_births: 1.
num_vsnodes_deaths: 0.
num_space_committed: 104.
num_space_uncommitted: 0.
num_chunks_returned_to_freelist: 0.
num_chunks_taken_from_freelist: 588.
num_chunk_merges: 0.
num_chunk_splits: 438.
num_chunks_enlarged: 336.
num_inconsistent_stats: 0.

CodeHeap 'non-profiled nmethods': size=120172Kb used=674Kb max_used=674Kb free=119497Kb
 bounds [0xeafa2000, 0xeb1e2000, 0xf24fd000]
CodeHeap 'profiled nmethods': size=120172Kb used=2292Kb max_used=2292Kb free=117879Kb
 bounds [0xe34fd000, 0xe373d000, 0xeaa58000]
CodeHeap 'non-nmethods': size=5416Kb used=753Kb max_used=794Kb free=4662Kb
 bounds [0xeaa58000, 0xeac98000, 0xeafa2000]
 total_blobs=1719 nmethods=1351 adapters=282
 compilation: enabled
              stopped_count=0, restarted_count=0
 full_count=0

Compilation events (20 events):
Event: 8658.266 Thread 0xbeaeb6d0 1343  s    4       java.util.Hashtable::clear (38 bytes)
Event: 8658.267 Thread 0xc19ec4d0 nmethod 1342 0xe3732e88 code [0xe37331a0, 0xe3734420]
Event: 8658.270 Thread 0xbeaeb6d0 nmethod 1343 0xeb03b988 code [0xeb03bac0, 0xeb03be70]
Event: 8658.303 Thread 0xc19eb3a0 nmethod 1266 0xeb03bf88 code [0xeb03c400, 0xeb043460]
Event: 8658.846 Thread 0xbeaeb6d0 1344       4       jdk.internal.reflect.ClassFileAssembler::emitShort (24 bytes)
Event: 8658.848 Thread 0xbeaeb6d0 nmethod 1344 0xeb045f88 code [0xeb0460c0, 0xeb046304]
Event: 8676.983 Thread 0xc19ec4d0 1345       3       script.obj_id::packAllScriptVars (100 bytes)
Event: 8676.983 Thread 0xc19ec4d0 nmethod 1345 0xe3734f88 code [0xe3735240, 0xe3736150]
Event: 8688.167 Thread 0xc19ec4d0 1346   !   3       script.deltadictionary::packDelta (177 bytes)
Event: 8688.168 Thread 0xc19ec4d0 nmethod 1346 0xe3736708 code [0xe3736a60, 0xe3737e28]
Event: 8688.168 Thread 0xc19ec4d0 1347       3       java.util.HashSet::size (8 bytes)
Event: 8688.168 Thread 0xc19ec4d0 nmethod 1347 0xe3738b08 code [0xe3738c40, 0xe3738dc0]
Event: 8860.827 Thread 0xc19eb3a0 1348   !   4       script.script_entry::callMessageHandlers (429 bytes)
Event: 8860.827 Thread 0xc19ec4d0 1349       1       jdk.internal.reflect.DelegatingMethodAccessorImpl::setDelegate (6 bytes)
Event: 8860.827 Thread 0xc19ec4d0 nmethod 1349 0xeb046588 code [0xeb0466c0, 0xeb0467e0]
Event: 8860.855 Thread 0xc19eb3a0 nmethod 1348 0xeb046888 code [0xeb046a80, 0xeb047ff8]
Event: 9334.419 Thread 0xc19eb3a0 1350       4       script.obj_id::packAllScriptVars (100 bytes)
Event: 9334.435 Thread 0xc19eb3a0 nmethod 1350 0xeb049088 code [0xeb049260, 0xeb04a284]
Event: 10636.125 Thread 0xc19ec4d0 1351   !   3       script.obj_id::unpackDeltaScriptVars (49 bytes)
Event: 10636.126 Thread 0xc19ec4d0 nmethod 1351 0xe3738e88 code [0xe3739120, 0xe3739e74]

GC Heap History (2 events):
Event: 3390.193 GC heap before
{Heap before GC invocations=0 (full 0):
 garbage-first heap   total 131072K, used 22528K [0xc3200000, 0xe3200000)
  region size 1024K, 23 young (23552K), 0 survivors (0K)
 Metaspace       used 2663K, committed 2880K, reserved 16384K
}
Event: 3390.196 GC heap after
{Heap after GC invocations=1 (full 0):
 garbage-first heap   total 131072K, used 3215K [0xc3200000, 0xe3200000)
  region size 1024K, 3 young (3072K), 3 survivors (3072K)
 Metaspace       used 2663K, committed 2880K, reserved 16384K
}

Dll operation events (4 events):
Event: 0.009 Loaded shared library /usr/lib/jvm/zulu17.66.19-ca-fx-jdk17.0.19-linux_i686/lib/libjava.so
Event: 8.986 Loaded shared library /usr/lib/jvm/zulu17.66.19-ca-fx-jdk17.0.19-linux_i686/lib/libnio.so
Event: 8.988 Loaded shared library /usr/lib/jvm/zulu17.66.19-ca-fx-jdk17.0.19-linux_i686/lib/libjimage.so
Event: 8.988 Loaded shared library /usr/lib/jvm/zulu17.66.19-ca-fx-jdk17.0.19-linux_i686/lib/libnet.so

Deoptimization events (20 events):
Event: 8567.760 Thread 0x5b6627e0 DEOPT PACKING pc=0xeb0273cc sp=0xfff50da0
Event: 8567.760 Thread 0x5b6627e0 DEOPT UNPACKING pc=0xeaaa1d33 sp=0xfff50d64 mode 2
Event: 8610.959 Thread 0x5b6627e0 Uncommon trap: trap_request=0xffffff45 fr.pc=0xeaff7c58 relative=0x00001938
Event: 8610.959 Thread 0x5b6627e0 Uncommon trap: reason=unstable_if action=reinterpret pc=0xeaff7c58 method=script.script_entry.runScript(Ljava/lang/String;Ljava/lang/String;[Ljava/lang/Object;)I @ 474 c2
Event: 8610.959 Thread 0x5b6627e0 DEOPT PACKING pc=0xeaff7c58 sp=0xfff510e0
Event: 8610.959 Thread 0x5b6627e0 DEOPT UNPACKING pc=0xeaaa1d33 sp=0xfff510c0 mode 2
Event: 8613.832 Thread 0x5b6627e0 Uncommon trap: trap_request=0xffffff45 fr.pc=0xeb020060 relative=0x000002a0
Event: 8613.832 Thread 0x5b6627e0 Uncommon trap: reason=unstable_if action=reinterpret pc=0xeb020060 method=java.lang.String.startsWith(Ljava/lang/String;I)Z @ 14 c2
Event: 8613.832 Thread 0x5b6627e0 DEOPT PACKING pc=0xeb020060 sp=0xfff50d50
Event: 8613.833 Thread 0x5b6627e0 DEOPT UNPACKING pc=0xeaaa1d33 sp=0xfff50d14 mode 2
Event: 8650.843 Thread 0x5b6627e0 DEOPT PACKING pc=0xe36ebd4e sp=0xfff505b0
Event: 8650.843 Thread 0x5b6627e0 DEOPT UNPACKING pc=0xeaaa1171 sp=0xfff50454 mode 0
Event: 8658.091 Thread 0x5b6627e0 Uncommon trap: trap_request=0xffffff45 fr.pc=0xeaffba38 relative=0x00000218
Event: 8658.091 Thread 0x5b6627e0 Uncommon trap: reason=unstable_if action=reinterpret pc=0xeaffba38 method=java.lang.Long.stringSize(J)I @ 5 c2
Event: 8658.091 Thread 0x5b6627e0 DEOPT PACKING pc=0xeaffba38 sp=0xfff4bbc0
Event: 8658.091 Thread 0x5b6627e0 DEOPT UNPACKING pc=0xeaaa1d33 sp=0xfff4bb74 mode 2
Event: 8658.244 Thread 0x5b6627e0 Uncommon trap: trap_request=0xffffff45 fr.pc=0xeb02f8d8 relative=0x000000b8
Event: 8658.244 Thread 0x5b6627e0 Uncommon trap: reason=unstable_if action=reinterpret pc=0xeb02f8d8 method=java.lang.ref.SoftReference.get()Ljava/lang/Object; @ 6 c2
Event: 8658.244 Thread 0x5b6627e0 DEOPT PACKING pc=0xeb02f8d8 sp=0xfff4e770
Event: 8658.244 Thread 0x5b6627e0 DEOPT UNPACKING pc=0xeaaa1d33 sp=0xfff4e748 mode 2

Classes loaded (20 events):
Event: 8658.260 Loading class java/lang/constant/MethodTypeDescImpl
Event: 8658.260 Loading class java/lang/constant/MethodTypeDescImpl done
Event: 8658.260 Loading class java/lang/constant/MethodHandleDesc
Event: 8658.260 Loading class java/lang/constant/MethodHandleDesc done
Event: 8658.260 Loading class java/lang/constant/MethodHandleDesc$1
Event: 8658.260 Loading class java/lang/constant/MethodHandleDesc$1 done
Event: 8658.260 Loading class java/lang/constant/DirectMethodHandleDescImpl
Event: 8658.260 Loading class java/lang/constant/DirectMethodHandleDesc
Event: 8658.260 Loading class java/lang/constant/DirectMethodHandleDesc done
Event: 8658.260 Loading class java/lang/constant/DirectMethodHandleDescImpl done
Event: 8658.260 Loading class java/lang/constant/DirectMethodHandleDescImpl$1
Event: 8658.260 Loading class java/lang/constant/DirectMethodHandleDescImpl$1 done
Event: 8658.260 Loading class java/lang/constant/DirectMethodHandleDesc$1
Event: 8658.260 Loading class java/lang/constant/DirectMethodHandleDesc$1 done
Event: 8658.261 Loading class java/lang/constant/PrimitiveClassDescImpl
Event: 8658.261 Loading class java/lang/constant/DynamicConstantDesc
Event: 8658.261 Loading class java/lang/constant/DynamicConstantDesc done
Event: 8658.261 Loading class java/lang/constant/PrimitiveClassDescImpl done
Event: 8658.261 Loading class java/lang/constant/DynamicConstantDesc$AnonymousDynamicConstantDesc
Event: 8658.261 Loading class java/lang/constant/DynamicConstantDesc$AnonymousDynamicConstantDesc done

Classes unloaded (0 events):
No events

Classes redefined (0 events):
No events

Internal exceptions (12 events):
Event: 8.994 Thread 0x5b6627e0 Exception <a 'java/lang/NoSuchMethodError'{0xcaead488}: 'java.lang.Object java.lang.invoke.DirectMethodHandle$Holder.invokeStaticInit(java.lang.Object)'> (0xcaead488) 
thrown [src/hotspot/share/interpreter/linkResolver.cpp, line 759]
Event: 10.516 Thread 0x5b6627e0 Exception <a 'java/lang/NoSuchMethodError'{0xca6c74e0}: 'java.lang.Object java.lang.invoke.DirectMethodHandle$Holder.invokeStatic(java.lang.Object, float)'> (0xca6c74e0) 
thrown [src/hotspot/share/interpreter/linkResolver.cpp, line 759]
Event: 8560.159 Thread 0x5b6627e0 Exception <a 'java/lang/NoSuchMethodError'{0xcaf05c90}: 'java.lang.Object java.lang.invoke.DirectMethodHandle$Holder.invokeSpecial(java.lang.Object, java.lang.Object, java.lang.Object, int, java.lang.Object)'> (0xcaf05c90) 
thrown [src/hotspot/share/interpreter/linkResolver.cpp, line 759]
Event: 8560.996 Thread 0x5b6627e0 Implicit null exception at 0xeafe2600 to 0xeafe2bb0
Event: 8562.843 Thread 0x5b6627e0 Exception <a 'java/lang/NoSuchMethodError'{0xc970c8b0}: 'java.lang.Object java.lang.invoke.DirectMethodHandle$Holder.invokeSpecial(java.lang.Object, java.lang.Object, java.lang.Object, java.lang.Object, int)'> (0xc970c8b0) 
thrown [src/hotspot/share/interpreter/linkResolver.cpp, line 759]
Event: 8562.843 Thread 0x5b6627e0 Exception <a 'java/lang/NoSuchMethodError'{0xc9710018}: 'java.lang.Object java.lang.invoke.Invokers$Holder.linkToTargetMethod(java.lang.Object, java.lang.Object, int, java.lang.Object)'> (0xc9710018) 
thrown [src/hotspot/share/interpreter/linkResolver.cpp, line 759]
Event: 8613.984 Thread 0x5b6627e0 Exception <a 'java/lang/NoSuchMethodError'{0xc94ae8e0}: 'java.lang.Object java.lang.invoke.DirectMethodHandle$Holder.invokeSpecial(java.lang.Object, java.lang.Object, long, int, java.lang.Object, java.lang.Object, int, int, java.lang.Object, int, java.lang.Object)'> (0xc94ae8e0) 
thrown [src/hotspot/share/interpreter/linkResolver.cpp, line 759]
Event: 8613.985 Thread 0x5b6627e0 Exception <a 'java/lang/NoSuchMethodError'{0xc94b2438}: 'java.lang.Object java.lang.invoke.DelegatingMethodHandle$Holder.reinvoke_L(java.lang.Object, long, int, java.lang.Object, java.lang.Object, int, int, java.lang.Object, int, java.lang.Object)'> (0xc94b2438) 
thrown [src/hotspot/share/interpreter/linkResolver.cpp, line 759]
Event: 8658.095 Thread 0x5b6627e0 Exception <a 'java/lang/NoSuchMethodError'{0xc922c2a0}: 'java.lang.Object java.lang.invoke.DirectMethodHandle$Holder.invokeSpecial(java.lang.Object, java.lang.Object, long, int, java.lang.Object, java.lang.Object, java.lang.Object, java.lang.Object, java.lang.Object, java.lang.Object, java.lang.Object, java.lang.Object, java.lang.Object, java.lang.Object)'> (0xc922c2a0) 
thrown [src/hotspot/share/interpreter/linkResolver.cpp, line 759]
Event: 8658.096 Thread 0x5b6627e0 Exception <a 'java/lang/NoSuchMethodError'{0xc92304b8}: 'java.lang.Object java.lang.invoke.DelegatingMethodHandle$Holder.reinvoke_L(java.lang.Object, long, int, java.lang.Object, java.lang.Object, java.lang.Object, java.lang.Object, java.lang.Object, java.lang.Object, java.lang.Object, java.lang.Object, java.lang.Object, java.lang.Object)'> (0xc92304b8) 
thrown [src/hotspot/share/interpreter/linkResolver.cpp, line 759]
Event: 8658.099 Thread 0x5b6627e0 Exception <a 'java/lang/NoSuchMethodError'{0xc9277a08}: 'java.lang.Object java.lang.invoke.DelegatingMethodHandle$Holder.reinvoke_L(java.lang.Object, int, java.lang.Object, java.lang.Object, java.lang.Object, java.lang.Object, float, float, float, float, float, float)'> (0xc9277a08) 
thrown [src/hotspot/share/interpreter/linkResolver.cpp, line 759]
Event: 8658.243 Thread 0x5b6627e0 Exception <a 'java/lang/NoSuchMethodError'{0xc9295e38}: static [I.<clinit>()V> (0xc9295e38) 
thrown [src/hotspot/share/prims/jni.cpp, line 1112]

VM Operations (20 events):
Event: 8614.496 Executing VM operation: Cleanup
Event: 8614.496 Executing VM operation: Cleanup done
Event: 8615.496 Executing VM operation: Cleanup
Event: 8615.496 Executing VM operation: Cleanup done
Event: 8620.496 Executing VM operation: Cleanup
Event: 8620.496 Executing VM operation: Cleanup done
Event: 8637.497 Executing VM operation: Cleanup
Event: 8637.497 Executing VM operation: Cleanup done
Event: 8658.245 Executing VM operation: HandshakeAllThreads
Event: 8658.245 Executing VM operation: HandshakeAllThreads done
Event: 8658.245 Executing VM operation: Cleanup
Event: 8658.245 Executing VM operation: Cleanup done
Event: 8658.246 Executing VM operation: HandshakeAllThreads
Event: 8658.246 Executing VM operation: HandshakeAllThreads done
Event: 8658.255 Executing VM operation: HandshakeAllThreads
Event: 8658.255 Executing VM operation: HandshakeAllThreads done
Event: 8658.258 Executing VM operation: HandshakeAllThreads
Event: 8658.258 Executing VM operation: HandshakeAllThreads done
Event: 8659.258 Executing VM operation: Cleanup
Event: 8659.258 Executing VM operation: Cleanup done

Memory protections (17 events):
Event: 0.009 Protecting memory [0xf37a7000,0xf37ab000] with protection modes 0
Event: 0.099 Protecting memory [0xc0a40000,0xc0a44000] with protection modes 0
Event: 0.114 Protecting memory [0xc0840000,0xc0844000] with protection modes 0
Event: 0.121 Protecting memory [0xc01c6000,0xc01ca000] with protection modes 0
Event: 0.134 Protecting memory [0xc0105000,0xc0109000] with protection modes 0
Event: 0.141 Protecting memory [0xc0044000,0xc0048000] with protection modes 0
Event: 0.155 Protecting memory [0xc0c2a000,0xc0c2e000] with protection modes 0
Event: 0.169 Protecting memory [0xbeb80000,0xbeb84000] with protection modes 0
Event: 0.176 Protecting memory [0xbe940000,0xbe944000] with protection modes 0
Event: 0.204 Protecting memory [0xbe740000,0xbe744000] with protection modes 0
Event: 0.289 Protecting memory [0xffe94000,0xffe98000] with protection modes 0
Event: 0.297 Protecting memory [0xbe240000,0xbe244000] with protection modes 0
Event: 0.320 Protecting memory [0xbe040000,0xbe044000] with protection modes 0
Event: 9.081 Protecting memory [0xbdc7e000,0xbdc82000] with protection modes 0
Event: 10.800 Protecting memory [0xbdc7e000,0xbdc82000] with protection modes 0
Event: 8658.098 Protecting memory [0xbc5eb000,0xbc5ef000] with protection modes 0
Event: 8658.253 Protecting memory [0xbc5eb000,0xbc5ef000] with protection modes 0

Nmethod flushes (0 events):
No events

Events (20 events):
Event: 0.133 Thread 0xf3629a00 Thread added: 0xc19e8fd0
Event: 0.140 Thread 0xf3629a00 Thread added: 0xc19e9ff0
Event: 0.154 Thread 0xf3629a00 Thread added: 0xc19eb3a0
Event: 0.169 Thread 0xf3629a00 Thread added: 0xc19ec4d0
Event: 0.175 Thread 0xf3629a00 Thread added: 0xc19ed530
Event: 0.204 Thread 0xf3629a00 Thread added: 0xbe6245f0
Event: 0.289 Thread 0x5b6627e0 Thread added: 0x5b6627e0
Event: 0.296 Thread 0x5b6627e0 Thread added: 0x5b663a20
Event: 0.309 Thread 0x5b6627e0 Thread added: 0x5b66a2c0
Event: 9.081 Thread 0xc19ec4d0 Thread added: 0xbea077a0
Event: 9.726 Thread 0xbea077a0 Thread exited: 0xbea077a0
Event: 10.800 Thread 0xc19eb3a0 Thread added: 0xbed6ff50
Event: 11.383 Thread 0xbed6ff50 Thread exited: 0xbed6ff50
Event: 8658.098 Thread 0xc19ec4d0 Thread added: 0xbeaeb6d0
Event: 8658.243 Thread 0xbeaeb6d0 Thread exited: 0xbeaeb6d0
Event: 8658.253 Thread 0xc19ec4d0 Thread added: 0xbeaeb6d0
Event: 8663.848 Thread 0xbeaeb6d0 Thread exited: 0xbeaeb6d0
Event: 10751.604 Thread 0x5b6627e0 Thread exited: 0x5b6627e0
Event: 10751.609 Thread 0xf3629a00 Before exit entered
Event: 10751.609 Thread 0xf3629a00 Thread exited: 0xf3629a00


Dynamic libraries:
56587000-57654000 r--p 00000000 09:04 24778802                           /home/swg/swg-main/build/bin/SwgGameServer
57654000-584f7000 r-xp 010cd000 09:04 24778802                           /home/swg/swg-main/build/bin/SwgGameServer
584f7000-58bde000 r--p 01f70000 09:04 24778802                           /home/swg/swg-main/build/bin/SwgGameServer
58bde000-58c05000 rw-p 02656000 09:04 24778802                           /home/swg/swg-main/build/bin/SwgGameServer
58c05000-59488000 rw-p 00000000 00:00 0 
59f85000-5e236000 rw-p 00000000 00:00 0                                  [heap]
bbd00000-bbdc0000 rw-p 00000000 00:00 0 
bbdc0000-bbe00000 ---p 00000000 00:00 0 
bc5ea000-bc5eb000 ---p 00000000 00:00 0 
bc5eb000-bc5ef000 ---p 00000000 00:00 0 
bc5ef000-bc66b000 rw-p 00000000 00:00 0 
bc900000-bc921000 rw-p 00000000 00:00 0 
bc921000-bca00000 ---p 00000000 00:00 0 
bca7f000-bca80000 ---p 00000000 00:00 0 
bca80000-bcb00000 rw-p 00000000 00:00 0 
bcb00000-bcb21000 rw-p 00000000 00:00 0 
bcb21000-bcc00000 ---p 00000000 00:00 0 
bcc7f000-bcc80000 ---p 00000000 00:00 0 
bcc80000-bcd00000 rw-p 00000000 00:00 0 
bcd00000-bcdfc000 rw-p 00000000 00:00 0 
bcdfc000-bce00000 ---p 00000000 00:00 0 
bce00000-bceb1000 rw-p 00000000 00:00 0 
bceb1000-bcf00000 ---p 00000000 00:00 0 
bcf00000-bcffa000 rw-p 00000000 00:00 0 
bcffa000-bd000000 ---p 00000000 00:00 0 
bd000000-bd021000 rw-p 00000000 00:00 0 
bd021000-bd100000 ---p 00000000 00:00 0 
bd100000-bd121000 rw-p 00000000 00:00 0 
bd121000-bd200000 ---p 00000000 00:00 0 
bd200000-bd2fa000 rw-p 00000000 00:00 0 
bd2fa000-bd300000 ---p 00000000 00:00 0 
bd300000-bd3f9000 rw-p 00000000 00:00 0 
bd3f9000-bd400000 ---p 00000000 00:00 0 
bd400000-bd4fa000 rw-p 00000000 00:00 0 
bd4fa000-bd500000 ---p 00000000 00:00 0 
bd57f000-bd580000 ---p 00000000 00:00 0 
bd580000-bd600000 rw-p 00000000 00:00 0 
bd600000-bd6fc000 rw-p 00000000 00:00 0 
bd6fc000-bd700000 ---p 00000000 00:00 0 
bd700000-bd7e4000 rw-p 00000000 00:00 0 
bd7e4000-bd800000 ---p 00000000 00:00 0 
bd800000-bd8f4000 rw-p 00000000 00:00 0 
bd8f4000-bd900000 ---p 00000000 00:00 0 
bd900000-bd9f2000 rw-p 00000000 00:00 0 
bd9f2000-bda00000 ---p 00000000 00:00 0 
bda00000-bdaff000 rw-p 00000000 00:00 0 
bdaff000-bdb00000 ---p 00000000 00:00 0 
bdb31000-bdb32000 ---p 00000000 00:00 0 
bdb32000-bdbb2000 rw-p 00000000 00:00 0 
bdc7d000-bdc7e000 ---p 00000000 00:00 0 
bdc7e000-bdc82000 ---p 00000000 00:00 0 
bdc82000-bdcfe000 rw-p 00000000 00:00 0 
bdf00000-bdf21000 rw-p 00000000 00:00 0 
bdf21000-be000000 ---p 00000000 00:00 0 
be03f000-be040000 ---p 00000000 00:00 0 
be040000-be044000 ---p 00000000 00:00 0 
be044000-be100000 rw-p 00000000 00:00 0 
be100000-be121000 rw-p 00000000 00:00 0 
be121000-be200000 ---p 00000000 00:00 0 
be23f000-be240000 ---p 00000000 00:00 0 
be240000-be244000 ---p 00000000 00:00 0 
be244000-be300000 rw-p 00000000 00:00 0 
be300000-be321000 rw-p 00000000 00:00 0 
be321000-be400000 ---p 00000000 00:00 0 
be47f000-be480000 ---p 00000000 00:00 0 
be480000-be500000 rw-p 00000000 00:00 0 
be500000-be521000 rw-p 00000000 00:00 0 
be521000-be600000 ---p 00000000 00:00 0 
be600000-be628000 rw-p 00000000 00:00 0 
be628000-be700000 ---p 00000000 00:00 0 
be73f000-be740000 ---p 00000000 00:00 0 
be740000-be744000 ---p 00000000 00:00 0 
be744000-be800000 rw-p 00000000 00:00 0 
be800000-be821000 rw-p 00000000 00:00 0 
be821000-be900000 ---p 00000000 00:00 0 
be93f000-be940000 ---p 00000000 00:00 0 
be940000-be944000 ---p 00000000 00:00 0 
be944000-bea00000 rw-p 00000000 00:00 0 
bea00000-beafb000 rw-p 00000000 00:00 0 
beafb000-beb00000 ---p 00000000 00:00 0 
beb7f000-beb80000 ---p 00000000 00:00 0 
beb80000-beb84000 ---p 00000000 00:00 0 
beb84000-bec00000 rw-p 00000000 00:00 0 
bec00000-bec21000 rw-p 00000000 00:00 0 
bec21000-bed00000 ---p 00000000 00:00 0 
bed00000-bedfb000 rw-p 00000000 00:00 0 
bedfb000-bee00000 ---p 00000000 00:00 0 
bee00000-bee21000 rw-p 00000000 00:00 0 
bee21000-bef00000 ---p 00000000 00:00 0 
bef00000-bef21000 rw-p 00000000 00:00 0 
bef21000-bf000000 ---p 00000000 00:00 0 
bf000000-bf170000 rw-p 00000000 00:00 0 
bf170000-bf400000 ---p 00000000 00:00 0 
bf400000-bf910000 rw-p 00000000 00:00 0 
bf910000-c0000000 ---p 00000000 00:00 0 
c0043000-c0044000 ---p 00000000 00:00 0 
c0044000-c0048000 ---p 00000000 00:00 0 
c0048000-c0104000 rw-p 00000000 00:00 0 
c0104000-c0105000 ---p 00000000 00:00 0 
c0105000-c0109000 ---p 00000000 00:00 0 
c0109000-c01c5000 rw-p 00000000 00:00 0 
c01c5000-c01c6000 ---p 00000000 00:00 0 
c01c6000-c01ca000 ---p 00000000 00:00 0 
c01ca000-c0286000 rw-p 00000000 00:00 0 
c0286000-c0500000 r--p 0006f000 09:04 15752678                           /usr/lib/locale/locale-archive
c0500000-c0700000 r--p 00000000 09:04 15752678                           /usr/lib/locale/locale-archive
c0700000-c0721000 rw-p 00000000 00:00 0 
c0721000-c0800000 ---p 00000000 00:00 0 
c083f000-c0840000 ---p 00000000 00:00 0 
c0840000-c0844000 ---p 00000000 00:00 0 
c0844000-c0900000 rw-p 00000000 00:00 0 
c0900000-c0921000 rw-p 00000000 00:00 0 
c0921000-c0a00000 ---p 00000000 00:00 0 
c0a3f000-c0a40000 ---p 00000000 00:00 0 
c0a40000-c0a44000 ---p 00000000 00:00 0 
c0a44000-c0b00000 rw-p 00000000 00:00 0 
c0b00000-c0b21000 rw-p 00000000 00:00 0 
c0b21000-c0c00000 ---p 00000000 00:00 0 
c0c29000-c0c2a000 ---p 00000000 00:00 0 
c0c2a000-c0c2e000 ---p 00000000 00:00 0 
c0c2e000-c0caa000 rw-p 00000000 00:00 0 
c0caa000-c0cab000 ---p 00000000 00:00 0 
c0cab000-c0d2b000 rw-p 00000000 00:00 0 
c0d2b000-c1600000 rw-p 00001000 09:04 15886960                           /usr/lib/jvm/zulu17.66.19-ca-fx-jdk17.0.19-linux_i686/lib/server/classes.jsa
c1600000-c1621000 rw-p 00000000 00:00 0 
c1621000-c1700000 ---p 00000000 00:00 0 
c177f000-c1780000 ---p 00000000 00:00 0 
c1780000-c1800000 rw-p 00000000 00:00 0 
c1800000-c1821000 rw-p 00000000 00:00 0 
c1821000-c1900000 ---p 00000000 00:00 0 
c1900000-c1a00000 rw-p 00000000 00:00 0 
c1a7f000-c1a80000 ---p 00000000 00:00 0 
c1a80000-c1b00000 rw-p 00000000 00:00 0 
c1b00000-c1b21000 rw-p 00000000 00:00 0 
c1b21000-c1c00000 ---p 00000000 00:00 0 
c1c7f000-c1c80000 ---p 00000000 00:00 0 
c1c80000-c1d00000 rw-p 00000000 00:00 0 
c1d00000-c1d21000 rw-p 00000000 00:00 0 
c1d21000-c1e00000 ---p 00000000 00:00 0 
c1e00000-c1e21000 rw-p 00000000 00:00 0 
c1e21000-c1f00000 ---p 00000000 00:00 0 
c1f7f000-c1f80000 ---p 00000000 00:00 0 
c1f80000-c2200000 rw-p 00000000 00:00 0 
c2200000-c2800000 ---p 00000000 00:00 0 
c2800000-c2a00000 rw-p 00000000 00:00 0 
c2a00000-c3000000 ---p 00000000 00:00 0 
c3000000-c3040000 rw-p 00000000 00:00 0 
c3040000-c3100000 ---p 00000000 00:00 0 
c3100000-c3140000 rw-p 00000000 00:00 0 
c3140000-c3200000 ---p 00000000 00:00 0 
c3200000-cb200000 rw-p 00000000 00:00 0 
cb200000-e3200000 ---p 00000000 00:00 0 
e3200000-e3240000 rw-p 00000000 00:00 0 
e3240000-e3300000 ---p 00000000 00:00 0 
e3300000-e33fd000 rw-p 00000000 00:00 0 
e33fd000-e3400000 ---p 00000000 00:00 0 
e3412000-e3417000 rw-p 00000000 00:00 0 
e3417000-e34fd000 ---p 00000000 00:00 0 
e34fd000-e373d000 rwxp 00000000 00:00 0 
e373d000-eaa58000 ---p 00000000 00:00 0 
eaa58000-eac98000 rwxp 00000000 00:00 0 
eac98000-eafa2000 ---p 00000000 00:00 0 
eafa2000-eb1e2000 rwxp 00000000 00:00 0 
eb1e2000-f24fd000 ---p 00000000 00:00 0 
f24fd000-f26b7000 r--s 00000000 09:04 15886949                           /usr/lib/jvm/zulu17.66.19-ca-fx-jdk17.0.19-linux_i686/lib/modules
f26b7000-f3559000 r-xp 00000000 09:04 15886962                           /usr/lib/jvm/zulu17.66.19-ca-fx-jdk17.0.19-linux_i686/lib/server/libjvm.so
f3559000-f355a000 ---p 00ea2000 09:04 15886962                           /usr/lib/jvm/zulu17.66.19-ca-fx-jdk17.0.19-linux_i686/lib/server/libjvm.so
f355a000-f35af000 r--p 00ea2000 09:04 15886962                           /usr/lib/jvm/zulu17.66.19-ca-fx-jdk17.0.19-linux_i686/lib/server/libjvm.so
f35af000-f35d0000 rw-p 00ef7000 09:04 15886962                           /usr/lib/jvm/zulu17.66.19-ca-fx-jdk17.0.19-linux_i686/lib/server/libjvm.so
f35d0000-f3600000 rw-p 00000000 00:00 0 
f3600000-f36f2000 rw-p 00000000 00:00 0 
f36f2000-f3700000 ---p 00000000 00:00 0 
f3725000-f3726000 ---p 00000000 00:00 0 
f3726000-f37a6000 rw-p 00000000 00:00 0 
f37a6000-f37a7000 ---p 00000000 00:00 0 
f37a7000-f37ab000 ---p 00000000 00:00 0 
f37ab000-f431e000 rw-p 00000000 00:00 0 
f431e000-f4333000 r-xp 00000000 09:04 15886936                           /usr/lib/jvm/zulu17.66.19-ca-fx-jdk17.0.19-linux_i686/lib/libnet.so
f4333000-f4334000 r--p 00014000 09:04 15886936                           /usr/lib/jvm/zulu17.66.19-ca-fx-jdk17.0.19-linux_i686/lib/libnet.so
f4334000-f4335000 rw-p 00015000 09:04 15886936                           /usr/lib/jvm/zulu17.66.19-ca-fx-jdk17.0.19-linux_i686/lib/libnet.so
f4335000-f4347000 r-xp 00000000 09:04 15886937                           /usr/lib/jvm/zulu17.66.19-ca-fx-jdk17.0.19-linux_i686/lib/libnio.so
f4347000-f4348000 ---p 00012000 09:04 15886937                           /usr/lib/jvm/zulu17.66.19-ca-fx-jdk17.0.19-linux_i686/lib/libnio.so
f4348000-f4349000 r--p 00012000 09:04 15886937                           /usr/lib/jvm/zulu17.66.19-ca-fx-jdk17.0.19-linux_i686/lib/libnio.so
f4349000-f434a000 rw-p 00013000 09:04 15886937                           /usr/lib/jvm/zulu17.66.19-ca-fx-jdk17.0.19-linux_i686/lib/libnio.so
f434a000-f434f000 rw-p 00000000 00:00 0 
f434f000-f4435000 ---p 00000000 00:00 0 
f465e000-f4665000 r--s 00000000 09:04 15884995                           /usr/lib/i386-linux-gnu/gconv/gconv-modules.cache
f4665000-f46b3000 rw-p 00000000 00:00 0 
f46b3000-f46b9000 ---p 00000000 00:00 0 
f46b9000-f46dc000 r-xp 00000000 09:04 15886917                           /usr/lib/jvm/zulu17.66.19-ca-fx-jdk17.0.19-linux_i686/lib/libjava.so
f46dc000-f46dd000 r--p 00022000 09:04 15886917                           /usr/lib/jvm/zulu17.66.19-ca-fx-jdk17.0.19-linux_i686/lib/libjava.so
f46dd000-f46de000 rw-p 00023000 09:04 15886917                           /usr/lib/jvm/zulu17.66.19-ca-fx-jdk17.0.19-linux_i686/lib/libjava.so
f46de000-f46f9000 r-xp 00000000 09:04 15886927                           /usr/lib/jvm/zulu17.66.19-ca-fx-jdk17.0.19-linux_i686/lib/libjimage.so
f46f9000-f46fa000 ---p 0001b000 09:04 15886927                           /usr/lib/jvm/zulu17.66.19-ca-fx-jdk17.0.19-linux_i686/lib/libjimage.so
f46fa000-f46fb000 r--p 0001b000 09:04 15886927                           /usr/lib/jvm/zulu17.66.19-ca-fx-jdk17.0.19-linux_i686/lib/libjimage.so
f46fb000-f46fc000 rw-p 0001c000 09:04 15886927                           /usr/lib/jvm/zulu17.66.19-ca-fx-jdk17.0.19-linux_i686/lib/libjimage.so
f46fc000-f46fd000 r--p 00000000 09:04 15884743                           /usr/lib/i386-linux-gnu/librt.so.1
f46fd000-f46fe000 r-xp 00001000 09:04 15884743                           /usr/lib/i386-linux-gnu/librt.so.1
f46fe000-f46ff000 r--p 00002000 09:04 15884743                           /usr/lib/i386-linux-gnu/librt.so.1
f46ff000-f4700000 r--p 00002000 09:04 15884743                           /usr/lib/i386-linux-gnu/librt.so.1
f4700000-f4701000 rw-p 00003000 09:04 15884743                           /usr/lib/i386-linux-gnu/librt.so.1
f4701000-f4702000 r--p 00000000 09:04 15884741                           /usr/lib/i386-linux-gnu/libpthread.so.0
f4702000-f4703000 r-xp 00001000 09:04 15884741                           /usr/lib/i386-linux-gnu/libpthread.so.0
f4703000-f4704000 r--p 00002000 09:04 15884741                           /usr/lib/i386-linux-gnu/libpthread.so.0
f4704000-f4705000 r--p 00002000 09:04 15884741                           /usr/lib/i386-linux-gnu/libpthread.so.0
f4705000-f4706000 rw-p 00003000 09:04 15884741                           /usr/lib/i386-linux-gnu/libpthread.so.0
f4706000-f4707000 r--p 00000000 09:04 15884732                           /usr/lib/i386-linux-gnu/libdl.so.2
f4707000-f4708000 r-xp 00001000 09:04 15884732                           /usr/lib/i386-linux-gnu/libdl.so.2
f4708000-f4709000 r--p 00002000 09:04 15884732                           /usr/lib/i386-linux-gnu/libdl.so.2
f4709000-f470a000 r--p 00002000 09:04 15884732                           /usr/lib/i386-linux-gnu/libdl.so.2
f470a000-f470b000 rw-p 00003000 09:04 15884732                           /usr/lib/i386-linux-gnu/libdl.so.2
f470b000-f470f000 rw-p 00000000 00:00 0 
f470f000-f4710000 r--p 00000000 09:04 15887541                           /usr/lib/i386-linux-gnu/libffi.so.8.1.2
f4710000-f4715000 r-xp 00001000 09:04 15887541                           /usr/lib/i386-linux-gnu/libffi.so.8.1.2
f4715000-f4717000 r--p 00006000 09:04 15887541                           /usr/lib/i386-linux-gnu/libffi.so.8.1.2
f4717000-f4718000 r--p 00007000 09:04 15887541                           /usr/lib/i386-linux-gnu/libffi.so.8.1.2
f4718000-f4719000 rw-p 00008000 09:04 15887541                           /usr/lib/i386-linux-gnu/libffi.so.8.1.2
f4719000-f471b000 r--p 00000000 09:04 15884742                           /usr/lib/i386-linux-gnu/libresolv.so.2
f471b000-f4723000 r-xp 00002000 09:04 15884742                           /usr/lib/i386-linux-gnu/libresolv.so.2
f4723000-f4727000 r--p 0000a000 09:04 15884742                           /usr/lib/i386-linux-gnu/libresolv.so.2
f4727000-f4728000 r--p 0000d000 09:04 15884742                           /usr/lib/i386-linux-gnu/libresolv.so.2
f4728000-f4729000 rw-p 0000e000 09:04 15884742                           /usr/lib/i386-linux-gnu/libresolv.so.2
f4729000-f472b000 rw-p 00000000 00:00 0 
f472b000-f472d000 r--p 00000000 09:04 15885012                           /usr/lib/i386-linux-gnu/libkeyutils.so.1.10
f472d000-f472f000 r-xp 00002000 09:04 15885012                           /usr/lib/i386-linux-gnu/libkeyutils.so.1.10
f472f000-f4730000 r--p 00004000 09:04 15885012                           /usr/lib/i386-linux-gnu/libkeyutils.so.1.10
f4730000-f4731000 r--p 00005000 09:04 15885012                           /usr/lib/i386-linux-gnu/libkeyutils.so.1.10
f4731000-f4732000 rw-p 00006000 09:04 15885012                           /usr/lib/i386-linux-gnu/libkeyutils.so.1.10
f4732000-f4734000 rw-p 00000000 00:00 0 
f4734000-f4736000 r--p 00000000 09:04 15887545                           /usr/lib/i386-linux-gnu/libtasn1.so.6.6.3
f4736000-f4742000 r-xp 00002000 09:04 15887545                           /usr/lib/i386-linux-gnu/libtasn1.so.6.6.3
f4742000-f4748000 r--p 0000e000 09:04 15887545                           /usr/lib/i386-linux-gnu/libtasn1.so.6.6.3
f4748000-f4749000 r--p 00014000 09:04 15887545                           /usr/lib/i386-linux-gnu/libtasn1.so.6.6.3
f4749000-f474a000 rw-p 00015000 09:04 15887545                           /usr/lib/i386-linux-gnu/libtasn1.so.6.6.3
f474a000-f475a000 r--p 00000000 09:04 15887543                           /usr/lib/i386-linux-gnu/libp11-kit.so.0.3.0
f475a000-f4803000 r-xp 00010000 09:04 15887543                           /usr/lib/i386-linux-gnu/libp11-kit.so.0.3.0
f4803000-f4894000 r--p 000b9000 09:04 15887543                           /usr/lib/i386-linux-gnu/libp11-kit.so.0.3.0
f4894000-f489a000 r--p 00149000 09:04 15887543                           /usr/lib/i386-linux-gnu/libp11-kit.so.0.3.0
f489a000-f489f000 rw-p 0014f000 09:04 15887543                           /usr/lib/i386-linux-gnu/libp11-kit.so.0.3.0
f489f000-f48a0000 rw-p 00000000 00:00 0 
f48a0000-f48a1000 r--p 00000000 09:04 15887650                           /usr/lib/i386-linux-gnu/libicudata.so.72.1
f48a1000-f48a2000 r-xp 00001000 09:04 15887650                           /usr/lib/i386-linux-gnu/libicudata.so.72.1
f48a2000-f6670000 r--p 00002000 09:04 15887650                           /usr/lib/i386-linux-gnu/libicudata.so.72.1
f6670000-f6671000 r--p 01dcf000 09:04 15887650                           /usr/lib/i386-linux-gnu/libicudata.so.72.1
f6671000-f6672000 rw-p 01dd0000 09:04 15887650                           /usr/lib/i386-linux-gnu/libicudata.so.72.1
f6672000-f6673000 r--p 00000000 09:04 15887529                           /usr/lib/i386-linux-gnu/libbrotlicommon.so.1.0.9
f6673000-f6674000 r-xp 00001000 09:04 15887529                           /usr/lib/i386-linux-gnu/libbrotlicommon.so.1.0.9
f6674000-f6693000 r--p 00002000 09:04 15887529                           /usr/lib/i386-linux-gnu/libbrotlicommon.so.1.0.9
f6693000-f6694000 r--p 00020000 09:04 15887529                           /usr/lib/i386-linux-gnu/libbrotlicommon.so.1.0.9
f6694000-f6695000 rw-p 00021000 09:04 15887529                           /usr/lib/i386-linux-gnu/libbrotlicommon.so.1.0.9
f6695000-f6697000 r--p 00000000 09:04 15887554                           /usr/lib/i386-linux-gnu/libsasl2.so.2.0.25
f6697000-f66a9000 r-xp 00002000 09:04 15887554                           /usr/lib/i386-linux-gnu/libsasl2.so.2.0.25
f66a9000-f66b2000 r--p 00014000 09:04 15887554                           /usr/lib/i386-linux-gnu/libsasl2.so.2.0.25
f66b2000-f66b3000 r--p 0001c000 09:04 15887554                           /usr/lib/i386-linux-gnu/libsasl2.so.2.0.25
f66b3000-f66b4000 rw-p 0001d000 09:04 15887554                           /usr/lib/i386-linux-gnu/libsasl2.so.2.0.25
f66b4000-f66b7000 r--p 00000000 09:04 15885008                           /usr/lib/i386-linux-gnu/libkrb5support.so.0.1
f66b7000-f66be000 r-xp 00003000 09:04 15885008                           /usr/lib/i386-linux-gnu/libkrb5support.so.0.1
f66be000-f66c2000 r--p 0000a000 09:04 15885008                           /usr/lib/i386-linux-gnu/libkrb5support.so.0.1
f66c2000-f66c3000 r--p 0000d000 09:04 15885008                           /usr/lib/i386-linux-gnu/libkrb5support.so.0.1
f66c3000-f66c4000 rw-p 0000e000 09:04 15885008                           /usr/lib/i386-linux-gnu/libkrb5support.so.0.1
f66c4000-f66c5000 r--p 00000000 09:04 15885006                           /usr/lib/i386-linux-gnu/libcom_err.so.2.1
f66c5000-f66c6000 r-xp 00001000 09:04 15885006                           /usr/lib/i386-linux-gnu/libcom_err.so.2.1
f66c6000-f66c7000 r--p 00002000 09:04 15885006                           /usr/lib/i386-linux-gnu/libcom_err.so.2.1
f66c7000-f66c8000 r--p 00002000 09:04 15885006                           /usr/lib/i386-linux-gnu/libcom_err.so.2.1
f66c8000-f66c9000 rw-p 00003000 09:04 15885006                           /usr/lib/i386-linux-gnu/libcom_err.so.2.1
f66c9000-f66cc000 r--p 00000000 09:04 15885010                           /usr/lib/i386-linux-gnu/libk5crypto.so.3.1
f66cc000-f66e8000 r-xp 00003000 09:04 15885010                           /usr/lib/i386-linux-gnu/libk5crypto.so.3.1
f66e8000-f66f7000 r--p 0001f000 09:04 15885010                           /usr/lib/i386-linux-gnu/libk5crypto.so.3.1
f66f7000-f66f8000 r--p 0002e000 09:04 15885010                           /usr/lib/i386-linux-gnu/libk5crypto.so.3.1
f66f8000-f66f9000 rw-p 0002f000 09:04 15885010                           /usr/lib/i386-linux-gnu/libk5crypto.so.3.1
f66f9000-f670b000 r--p 00000000 09:04 15885027                           /usr/lib/i386-linux-gnu/libkrb5.so.3.3
f670b000-f6770000 r-xp 00012000 09:04 15885027                           /usr/lib/i386-linux-gnu/libkrb5.so.3.3
f6770000-f67cf000 r--p 00077000 09:04 15885027                           /usr/lib/i386-linux-gnu/libkrb5.so.3.3
f67cf000-f67d5000 r--p 000d6000 09:04 15885027                           /usr/lib/i386-linux-gnu/libkrb5.so.3.3
f67d5000-f67d7000 rw-p 000dc000 09:04 15885027                           /usr/lib/i386-linux-gnu/libkrb5.so.3.3
f67d7000-f67d9000 rw-p 00000000 00:00 0 
f67d9000-f67e4000 r--p 00000000 09:04 15887535                           /usr/lib/i386-linux-gnu/libgmp.so.10.4.1
f67e4000-f6847000 r-xp 0000b000 09:04 15887535                           /usr/lib/i386-linux-gnu/libgmp.so.10.4.1
f6847000-f6865000 r--p 0006e000 09:04 15887535                           /usr/lib/i386-linux-gnu/libgmp.so.10.4.1
f6865000-f6866000 r--p 0008c000 09:04 15887535                           /usr/lib/i386-linux-gnu/libgmp.so.10.4.1
f6866000-f6867000 rw-p 0008d000 09:04 15887535                           /usr/lib/i386-linux-gnu/libgmp.so.10.4.1
f6867000-f686f000 r--p 00000000 09:04 15887537                           /usr/lib/i386-linux-gnu/libnettle.so.8.6
f686f000-f689a000 r-xp 00008000 09:04 15887537                           /usr/lib/i386-linux-gnu/libnettle.so.8.6
f689a000-f68b4000 r--p 00033000 09:04 15887537                           /usr/lib/i386-linux-gnu/libnettle.so.8.6
f68b4000-f68b5000 r--p 0004d000 09:04 15887537                           /usr/lib/i386-linux-gnu/libnettle.so.8.6
f68b5000-f68b6000 rw-p 0004e000 09:04 15887537                           /usr/lib/i386-linux-gnu/libnettle.so.8.6
f68b6000-f68bc000 r--p 00000000 09:04 15887539                           /usr/lib/i386-linux-gnu/libhogweed.so.6.6
f68bc000-f68cf000 r-xp 00006000 09:04 15887539                           /usr/lib/i386-linux-gnu/libhogweed.so.6.6
f68cf000-f68fe000 r--p 00019000 09:04 15887539                           /usr/lib/i386-linux-gnu/libhogweed.so.6.6
f68fe000-f68ff000 r--p 00048000 09:04 15887539                           /usr/lib/i386-linux-gnu/libhogweed.so.6.6
f68ff000-f6900000 rw-p 00049000 09:04 15887539                           /usr/lib/i386-linux-gnu/libhogweed.so.6.6
f6900000-f6921000 r--p 00000000 09:04 15887547                           /usr/lib/i386-linux-gnu/libgnutls.so.30.34.3
f6921000-f6a50000 r-xp 00021000 09:04 15887547                           /usr/lib/i386-linux-gnu/libgnutls.so.30.34.3
f6a50000-f6b3b000 r--p 00150000 09:04 15887547                           /usr/lib/i386-linux-gnu/libgnutls.so.30.34.3
f6b3b000-f6b45000 r--p 0023b000 09:04 15887547                           /usr/lib/i386-linux-gnu/libgnutls.so.30.34.3
f6b45000-f6b47000 rw-p 00245000 09:04 15887547                           /usr/lib/i386-linux-gnu/libgnutls.so.30.34.3
f6b47000-f6b4a000 rw-p 00000000 00:00 0 
f6b4a000-f6b55000 r--p 00000000 09:04 15885031                           /usr/lib/i386-linux-gnu/libunistring.so.2.2.0
f6b55000-f6b96000 r-xp 0000b000 09:04 15885031                           /usr/lib/i386-linux-gnu/libunistring.so.2.2.0
f6b96000-f6cfb000 r--p 0004c000 09:04 15885031                           /usr/lib/i386-linux-gnu/libunistring.so.2.2.0
f6cfb000-f6cfe000 r--p 001b0000 09:04 15885031                           /usr/lib/i386-linux-gnu/libunistring.so.2.2.0
f6cfe000-f6cff000 rw-p 001b3000 09:04 15885031                           /usr/lib/i386-linux-gnu/libunistring.so.2.2.0
f6cff000-f6d02000 r--p 00000000 09:04 15887662                           /usr/lib/i386-linux-gnu/liblzma.so.5.4.1
f6d02000-f6d23000 r-xp 00003000 09:04 15887662                           /usr/lib/i386-linux-gnu/liblzma.so.5.4.1
f6d23000-f6d33000 r--p 00024000 09:04 15887662                           /usr/lib/i386-linux-gnu/liblzma.so.5.4.1
f6d33000-f6d34000 r--p 00034000 09:04 15887662                           /usr/lib/i386-linux-gnu/liblzma.so.5.4.1
f6d34000-f6d35000 rw-p 00035000 09:04 15887662                           /usr/lib/i386-linux-gnu/liblzma.so.5.4.1
f6d35000-f6d80000 r--p 00000000 09:04 15887655                           /usr/lib/i386-linux-gnu/libicuuc.so.72.1
f6d80000-f6e8a000 r-xp 0004b000 09:04 15887655                           /usr/lib/i386-linux-gnu/libicuuc.so.72.1
f6e8a000-f6f30000 r--p 00155000 09:04 15887655                           /usr/lib/i386-linux-gnu/libicuuc.so.72.1
f6f30000-f6f3b000 r--p 001fa000 09:04 15887655                           /usr/lib/i386-linux-gnu/libicuuc.so.72.1
f6f3b000-f6f3c000 rw-p 00205000 09:04 15887655                           /usr/lib/i386-linux-gnu/libicuuc.so.72.1
f6f3c000-f6f3d000 rw-p 00000000 00:00 0 
f6f3d000-f6f3e000 r--p 00000000 09:04 15887530                           /usr/lib/i386-linux-gnu/libbrotlidec.so.1.0.9
f6f3e000-f6f46000 r-xp 00001000 09:04 15887530                           /usr/lib/i386-linux-gnu/libbrotlidec.so.1.0.9
f6f46000-f6f49000 r--p 00009000 09:04 15887530                           /usr/lib/i386-linux-gnu/libbrotlidec.so.1.0.9
f6f49000-f6f4a000 r--p 0000b000 09:04 15887530                           /usr/lib/i386-linux-gnu/libbrotlidec.so.1.0.9
f6f4a000-f6f4b000 rw-p 0000c000 09:04 15887530                           /usr/lib/i386-linux-gnu/libbrotlidec.so.1.0.9
f6f4b000-f6f4e000 r--p 00000000 09:04 15887569                           /usr/lib/i386-linux-gnu/libzstd.so.1.5.4
f6f4e000-f6fe5000 r-xp 00003000 09:04 15887569                           /usr/lib/i386-linux-gnu/libzstd.so.1.5.4
f6fe5000-f7001000 r--p 0009a000 09:04 15887569                           /usr/lib/i386-linux-gnu/libzstd.so.1.5.4
f7001000-f7002000 r--p 000b5000 09:04 15887569                           /usr/lib/i386-linux-gnu/libzstd.so.1.5.4
f7002000-f7003000 rw-p 000b6000 09:04 15887569                           /usr/lib/i386-linux-gnu/libzstd.so.1.5.4
f7003000-f7006000 r--p 00000000 09:04 15887556                           /usr/lib/i386-linux-gnu/liblber-2.5.so.0.1.8
f7006000-f700d000 r-xp 00003000 09:04 15887556                           /usr/lib/i386-linux-gnu/liblber-2.5.so.0.1.8
f700d000-f7012000 r--p 0000a000 09:04 15887556                           /usr/lib/i386-linux-gnu/liblber-2.5.so.0.1.8
f7012000-f7013000 r--p 0000e000 09:04 15887556                           /usr/lib/i386-linux-gnu/liblber-2.5.so.0.1.8
f7013000-f7014000 rw-p 0000f000 09:04 15887556                           /usr/lib/i386-linux-gnu/liblber-2.5.so.0.1.8
f7014000-f7016000 rw-p 00000000 00:00 0 
f7016000-f7021000 r--p 00000000 09:04 15887557                           /usr/lib/i386-linux-gnu/libldap-2.5.so.0.1.8
f7021000-f705d000 r-xp 0000b000 09:04 15887557                           /usr/lib/i386-linux-gnu/libldap-2.5.so.0.1.8
f705d000-f707b000 r--p 00047000 09:04 15887557                           /usr/lib/i386-linux-gnu/libldap-2.5.so.0.1.8
f707b000-f707c000 r--p 00065000 09:04 15887557                           /usr/lib/i386-linux-gnu/libldap-2.5.so.0.1.8
f707c000-f707d000 rw-p 00066000 09:04 15887557                           /usr/lib/i386-linux-gnu/libldap-2.5.so.0.1.8
f707d000-f707e000 rw-p 00000000 00:00 0 
f707e000-f7085000 r--p 00000000 09:04 15885029                           /usr/lib/i386-linux-gnu/libgssapi_krb5.so.2.2
f7085000-f70bc000 r-xp 00007000 09:04 15885029                           /usr/lib/i386-linux-gnu/libgssapi_krb5.so.2.2
f70bc000-f70d6000 r--p 0003e000 09:04 15885029                           /usr/lib/i386-linux-gnu/libgssapi_krb5.so.2.2
f70d6000-f70d7000 r--p 00058000 09:04 15885029                           /usr/lib/i386-linux-gnu/libgssapi_krb5.so.2.2
f70d7000-f70d8000 rw-p 00059000 09:04 15885029                           /usr/lib/i386-linux-gnu/libgssapi_krb5.so.2.2
f70d8000-f7140000 r--p 00000000 09:04 15885018                           /usr/lib/i386-linux-gnu/libcrypto.so.3
f7140000-f7395000 r-xp 00068000 09:04 15885018                           /usr/lib/i386-linux-gnu/libcrypto.so.3
f7395000-f74f1000 r--p 002bd000 09:04 15885018                           /usr/lib/i386-linux-gnu/libcrypto.so.3
f74f1000-f7527000 r--p 00418000 09:04 15885018                           /usr/lib/i386-linux-gnu/libcrypto.so.3
f7527000-f7529000 rw-p 0044e000 09:04 15885018                           /usr/lib/i386-linux-gnu/libcrypto.so.3
f7529000-f752b000 rw-p 00000000 00:00 0 
f752b000-f753c000 r--p 00000000 09:04 15885019                           /usr/lib/i386-linux-gnu/libssl.so.3
f753c000-f759b000 r-xp 00011000 09:04 15885019                           /usr/lib/i386-linux-gnu/libssl.so.3
f759b000-f75d2000 r--p 00070000 09:04 15885019                           /usr/lib/i386-linux-gnu/libssl.so.3
f75d2000-f75d8000 r--p 000a7000 09:04 15885019                           /usr/lib/i386-linux-gnu/libssl.so.3
f75d8000-f75db000 rw-p 000ad000 09:04 15885019                           /usr/lib/i386-linux-gnu/libssl.so.3
f75db000-f75dc000 r--p 00000000 09:04 15887562                           /usr/lib/i386-linux-gnu/libpsl.so.5.3.4
f75dc000-f75de000 r-xp 00001000 09:04 15887562                           /usr/lib/i386-linux-gnu/libpsl.so.5.3.4
f75de000-f75ed000 r--p 00003000 09:04 15887562                           /usr/lib/i386-linux-gnu/libpsl.so.5.3.4
f75ed000-f75ee000 r--p 00011000 09:04 15887562                           /usr/lib/i386-linux-gnu/libpsl.so.5.3.4
f75ee000-f75ef000 rw-p 00012000 09:04 15887562                           /usr/lib/i386-linux-gnu/libpsl.so.5.3.4
f75ef000-f75f3000 r--p 00000000 09:04 15887567                           /usr/lib/i386-linux-gnu/libssh2.so.1.0.1
f75f3000-f761c000 r-xp 00004000 09:04 15887567                           /usr/lib/i386-linux-gnu/libssh2.so.1.0.1
f761c000-f7634000 r--p 0002d000 09:04 15887567                           /usr/lib/i386-linux-gnu/libssh2.so.1.0.1
f7634000-f7635000 ---p 00045000 09:04 15887567                           /usr/lib/i386-linux-gnu/libssh2.so.1.0.1
f7635000-f7636000 r--p 00045000 09:04 15887567                           /usr/lib/i386-linux-gnu/libssh2.so.1.0.1
f7636000-f7637000 rw-p 00046000 09:04 15887567                           /usr/lib/i386-linux-gnu/libssh2.so.1.0.1
f7637000-f763a000 r--p 00000000 09:04 15887566                           /usr/lib/i386-linux-gnu/librtmp.so.1
f763a000-f764a000 r-xp 00003000 09:04 15887566                           /usr/lib/i386-linux-gnu/librtmp.so.1
f764a000-f7655000 r--p 00013000 09:04 15887566                           /usr/lib/i386-linux-gnu/librtmp.so.1
f7655000-f7656000 ---p 0001e000 09:04 15887566                           /usr/lib/i386-linux-gnu/librtmp.so.1
f7656000-f7657000 r--p 0001e000 09:04 15887566                           /usr/lib/i386-linux-gnu/librtmp.so.1
f7657000-f7658000 rw-p 0001f000 09:04 15887566                           /usr/lib/i386-linux-gnu/librtmp.so.1
f7658000-f765a000 r--p 00000000 09:04 15885033                           /usr/lib/i386-linux-gnu/libidn2.so.0.3.8
f765a000-f7662000 r-xp 00002000 09:04 15885033                           /usr/lib/i386-linux-gnu/libidn2.so.0.3.8
f7662000-f7689000 r--p 0000a000 09:04 15885033                           /usr/lib/i386-linux-gnu/libidn2.so.0.3.8
f7689000-f768a000 r--p 00031000 09:04 15885033                           /usr/lib/i386-linux-gnu/libidn2.so.0.3.8
f768a000-f768b000 rw-p 00032000 09:04 15885033                           /usr/lib/i386-linux-gnu/libidn2.so.0.3.8
f768b000-f768f000 r--p 00000000 09:04 15887560                           /usr/lib/i386-linux-gnu/libnghttp2.so.14.24.1
f768f000-f76a8000 r-xp 00004000 09:04 15887560                           /usr/lib/i386-linux-gnu/libnghttp2.so.14.24.1
f76a8000-f76bc000 r--p 0001d000 09:04 15887560                           /usr/lib/i386-linux-gnu/libnghttp2.so.14.24.1
f76bc000-f76be000 r--p 00030000 09:04 15887560                           /usr/lib/i386-linux-gnu/libnghttp2.so.14.24.1
f76be000-f76bf000 rw-p 00032000 09:04 15887560                           /usr/lib/i386-linux-gnu/libnghttp2.so.14.24.1
f76bf000-f76e1000 r--p 00000000 09:04 15884730                           /usr/lib/i386-linux-gnu/libc.so.6
f76e1000-f785a000 r-xp 00022000 09:04 15884730                           /usr/lib/i386-linux-gnu/libc.so.6
f785a000-f78da000 r--p 0019b000 09:04 15884730                           /usr/lib/i386-linux-gnu/libc.so.6
f78da000-f78dc000 r--p 0021b000 09:04 15884730                           /usr/lib/i386-linux-gnu/libc.so.6
f78dc000-f78dd000 rw-p 0021d000 09:04 15884730                           /usr/lib/i386-linux-gnu/libc.so.6
f78dd000-f78e9000 rw-p 00000000 00:00 0 
f78e9000-f78ec000 r--p 00000000 09:04 15884726                           /usr/lib/i386-linux-gnu/libgcc_s.so.1
f78ec000-f7909000 r-xp 00003000 09:04 15884726                           /usr/lib/i386-linux-gnu/libgcc_s.so.1
f7909000-f790e000 r--p 00020000 09:04 15884726                           /usr/lib/i386-linux-gnu/libgcc_s.so.1
f790e000-f790f000 r--p 00024000 09:04 15884726                           /usr/lib/i386-linux-gnu/libgcc_s.so.1
f790f000-f7910000 rw-p 00025000 09:04 15884726                           /usr/lib/i386-linux-gnu/libgcc_s.so.1
f7910000-f791d000 r--p 00000000 09:04 15884733                           /usr/lib/i386-linux-gnu/libm.so.6
f791d000-f79dd000 r-xp 0000d000 09:04 15884733                           /usr/lib/i386-linux-gnu/libm.so.6
f79dd000-f7a13000 r--p 000cd000 09:04 15884733                           /usr/lib/i386-linux-gnu/libm.so.6
f7a13000-f7a14000 r--p 00103000 09:04 15884733                           /usr/lib/i386-linux-gnu/libm.so.6
f7a14000-f7a15000 rw-p 00104000 09:04 15884733                           /usr/lib/i386-linux-gnu/libm.so.6
f7a15000-f7a8d000 r--p 00000000 09:04 15887614                           /usr/lib/i386-linux-gnu/libstdc++.so.6.0.30
f7a8d000-f7ba4000 r-xp 00078000 09:04 15887614                           /usr/lib/i386-linux-gnu/libstdc++.so.6.0.30
f7ba4000-f7c2b000 r--p 0018f000 09:04 15887614                           /usr/lib/i386-linux-gnu/libstdc++.so.6.0.30
f7c2b000-f7c31000 r--p 00215000 09:04 15887614                           /usr/lib/i386-linux-gnu/libstdc++.so.6.0.30
f7c31000-f7c33000 rw-p 0021b000 09:04 15887614                           /usr/lib/i386-linux-gnu/libstdc++.so.6.0.30
f7c33000-f7c35000 rw-p 00000000 00:00 0 
f7c35000-f7c37000 r--p 00000000 09:04 15887564                           /usr/lib/i386-linux-gnu/libz.so.1.2.13
f7c37000-f7c49000 r-xp 00002000 09:04 15887564                           /usr/lib/i386-linux-gnu/libz.so.1.2.13
f7c49000-f7c50000 r--p 00014000 09:04 15887564                           /usr/lib/i386-linux-gnu/libz.so.1.2.13
f7c50000-f7c51000 r--p 0001a000 09:04 15887564                           /usr/lib/i386-linux-gnu/libz.so.1.2.13
f7c51000-f7c52000 rw-p 0001b000 09:04 15887564                           /usr/lib/i386-linux-gnu/libz.so.1.2.13
f7c52000-f7c6f000 r--p 00000000 09:04 15887664                           /usr/lib/i386-linux-gnu/libxml2.so.2.9.14
f7c6f000-f7d8f000 r-xp 0001d000 09:04 15887664                           /usr/lib/i386-linux-gnu/libxml2.so.2.9.14
f7d8f000-f7e1a000 r--p 0013d000 09:04 15887664                           /usr/lib/i386-linux-gnu/libxml2.so.2.9.14
f7e1a000-f7e1f000 r--p 001c7000 09:04 15887664                           /usr/lib/i386-linux-gnu/libxml2.so.2.9.14
f7e1f000-f7e20000 rw-p 001cc000 09:04 15887664                           /usr/lib/i386-linux-gnu/libxml2.so.2.9.14
f7e20000-f7e21000 rw-p 00000000 00:00 0 
f7e21000-f7e22000 r--p 00000000 09:04 15887646                           /usr/lib/i386-linux-gnu/libpcre.so.3.13.3
f7e22000-f7e76000 r-xp 00001000 09:04 15887646                           /usr/lib/i386-linux-gnu/libpcre.so.3.13.3
f7e76000-f7e9b000 r--p 00055000 09:04 15887646                           /usr/lib/i386-linux-gnu/libpcre.so.3.13.3
f7e9b000-f7e9c000 r--p 00079000 09:04 15887646                           /usr/lib/i386-linux-gnu/libpcre.so.3.13.3
f7e9c000-f7e9d000 rw-p 0007a000 09:04 15887646                           /usr/lib/i386-linux-gnu/libpcre.so.3.13.3
f7e9d000-f7ea6000 r--p 00000000 09:04 15893957                           /usr/lib/i386-linux-gnu/libcurl.so.4.8.0
f7ea6000-f7f1f000 r-xp 00009000 09:04 15893957                           /usr/lib/i386-linux-gnu/libcurl.so.4.8.0
f7f1f000-f7f5b000 r--p 00082000 09:04 15893957                           /usr/lib/i386-linux-gnu/libcurl.so.4.8.0
f7f5b000-f7f5d000 r--p 000be000 09:04 15893957                           /usr/lib/i386-linux-gnu/libcurl.so.4.8.0
f7f5d000-f7f5f000 rw-p 000c0000 09:04 15893957                           /usr/lib/i386-linux-gnu/libcurl.so.4.8.0
f7f63000-f7f6b000 rw-s 00000000 09:04 8004864                            /tmp/hsperfdata_swg/3987607 (deleted)
f7f6b000-f7f6c000 ---p 00000000 00:00 0 
f7f6c000-f7f6d000 r--p 00000000 00:00 0 
f7f6d000-f7f6e000 ---p 00000000 00:00 0 
f7f6e000-f7f6f000 r--p 00000000 09:04 15769286                           /usr/local/lib/cfree_fix32.so
f7f6f000-f7f70000 r-xp 00001000 09:04 15769286                           /usr/local/lib/cfree_fix32.so
f7f70000-f7f71000 r--p 00002000 09:04 15769286                           /usr/local/lib/cfree_fix32.so
f7f71000-f7f72000 r--p 00002000 09:04 15769286                           /usr/local/lib/cfree_fix32.so
f7f72000-f7f73000 rw-p 00003000 09:04 15769286                           /usr/local/lib/cfree_fix32.so
f7f73000-f7f75000 rw-p 00000000 00:00 0 
f7f75000-f7f79000 r--p 00000000 00:00 0                                  [vvar]
f7f79000-f7f7b000 r-xp 00000000 00:00 0                                  [vdso]
f7f7b000-f7f7c000 r--p 00000000 09:04 15884727                           /usr/lib/i386-linux-gnu/ld-linux.so.2
f7f7c000-f7f9f000 r-xp 00001000 09:04 15884727                           /usr/lib/i386-linux-gnu/ld-linux.so.2
f7f9f000-f7fad000 r--p 00024000 09:04 15884727                           /usr/lib/i386-linux-gnu/ld-linux.so.2
f7fad000-f7faf000 r--p 00031000 09:04 15884727                           /usr/lib/i386-linux-gnu/ld-linux.so.2
f7faf000-f7fb0000 rw-p 00033000 09:04 15884727                           /usr/lib/i386-linux-gnu/ld-linux.so.2
ffd8f000-ffd90000 rwxp 00000000 00:00 0 
ffe98000-fff54000 rw-p 00000000 00:00 0                                  [stack]


VM Arguments:
jvm_args: -Xms128m -Xmx512m -Xss768k -XX:MaxMetaspaceSize=96m -Xrs -XX:-UsePerfData -XX:-AllowUserSignalHandlers -XX:UseSSE=3 -XX+DoEscapeAnalysis -XX:AutoBoxCacheMax:2000 -XX:+OptimizeStringConcat -XX:+OptimizeFill -XX:+EliminateAutoBox -XX:+UseCompressedStrings -XX:+UseCompressedOops -XX:+EliminateLocks -XX:UseFastAccessorMethods -XX:+UseStringCache -XgcPrio:throughput -XXkeepAreaRatio:1 -XXlazyUnlocking -XXcallProfiling -XXcompactRatio:1 
java_command: <unknown>
java_class_path (initial): ../../data/sku.0/sys.server/compiled/game/
Launcher Type: generic

[Global flags]
     intx CICompilerCount                          = 3                                         {product} {ergonomic}
     uint ConcGCThreads                            = 3                                         {product} {ergonomic}
     uint G1ConcRefinementThreads                  = 13                                        {product} {ergonomic}
   size_t G1HeapRegionSize                         = 1048576                                   {product} {ergonomic}
    uintx GCDrainStackTargetSize                   = 64                                        {product} {ergonomic}
   size_t InitialHeapSize                          = 134217728                                 {product} {command line}
   size_t MarkStackSize                            = 49152                                     {product} {ergonomic}
   size_t MaxHeapSize                              = 536870912                                 {product} {command line}
   size_t MaxMetaspaceSize                         = 100663296                                 {product} {command line}
   size_t MaxNewSize                               = 321912832                                 {product} {ergonomic}
   size_t MinHeapDeltaBytes                        = 1048576                                   {product} {ergonomic}
   size_t MinHeapSize                              = 134217728                                 {product} {command line}
    uintx NonNMethodCodeHeapSize                   = 5544422                                {pd product} {ergonomic}
    uintx NonProfiledCodeHeapSize                  = 123056909                              {pd product} {ergonomic}
    uintx ProfiledCodeHeapSize                     = 123056909                              {pd product} {ergonomic}
    uintx ReservedCodeCacheSize                    = 251658240                              {pd product} {ergonomic}
     bool SegmentedCodeCache                       = true                                      {product} {ergonomic}
   size_t SoftMaxHeapSize                          = 536870912                              {manageable} {ergonomic}
   double SweeperThreshold                         = 0.500000                                  {product} {ergonomic}
     intx ThreadStackSize                          = 768                                    {pd product} {command line}
     bool UseG1GC                                  = true                                      {product} {ergonomic}

Logging:
Log output configuration:
 #0: stdout all=off uptime,level,tags
 #1: stderr all=off uptime,level,tags

Environment Variables:
PATH=/usr/local/sbin:/usr/local/bin:/usr/sbin:/usr/bin:/sbin:/bin:/usr/lib/oracle/18.3/client/bin:/usr/lib/jvm/zulu-17-x86/bin/:./
LD_LIBRARY_PATH=/usr/lib/oracle/18.3/client/lib:/usr/lib/jvm/zulu-17-x86/lib/:/usr/lib/jvm/zulu-17-x86/lib/server/:./
LD_PRELOAD=/usr/local/lib/cfree_fix32.so
SHELL=/bin/bash
LANG=en_US.UTF-8

Active Locale:
LC_ALL=en_US.UTF-8
LC_COLLATE=en_US.UTF-8
LC_CTYPE=en_US.UTF-8
LC_MESSAGES=en_US.UTF-8
LC_MONETARY=en_US.UTF-8
LC_NUMERIC=en_US.UTF-8
LC_TIME=en_US.UTF-8

Signal Handlers:
   SIGSEGV: crash_handler in libjvm.so, mask=11100100010111111101111111111110, flags=SA_RESTART|SA_SIGINFO, unblocked
    SIGBUS: crash_handler in libjvm.so, mask=11100100010111111101111111111110, flags=SA_RESTART|SA_SIGINFO, unblocked
    SIGFPE: crash_handler in libjvm.so, mask=11100100010111111101111111111110, flags=SA_RESTART|SA_SIGINFO, unblocked
   SIGPIPE: SIG_IGN, mask=00000000000010000000000000000000, flags=SA_RESTART, blocked
  *** Handler was modified!
  *** Expected: javaSignalHandler in libjvm.so, mask=11100100110111111111111111111110, flags=SA_RESTART|SA_SIGINFO
   SIGXFSZ: javaSignalHandler in libjvm.so, mask=11100100010111111101111111111110, flags=SA_RESTART|SA_SIGINFO, blocked
    SIGILL: crash_handler in libjvm.so, mask=11100100010111111101111111111110, flags=SA_RESTART|SA_SIGINFO, unblocked
   SIGUSR2: SR_handler in libjvm.so, mask=00100000000000000000000000000000, flags=SA_RESTART|SA_SIGINFO, blocked
    SIGHUP: UserHandler in libjvm.so, mask=11100100010111111101111111111110, flags=SA_RESTART|SA_SIGINFO, blocked
    SIGINT: UserHandler in libjvm.so, mask=11100100010111111101111111111110, flags=SA_RESTART|SA_SIGINFO, blocked
   SIGTERM: UserHandler in libjvm.so, mask=11100100010111111101111111111110, flags=SA_RESTART|SA_SIGINFO, blocked
   SIGQUIT: UserHandler in libjvm.so, mask=11100100010111111101111111111110, flags=SA_RESTART|SA_SIGINFO, blocked
   SIGTRAP: crash_handler in libjvm.so, mask=11100100010111111101111111111110, flags=SA_RESTART|SA_SIGINFO, unblocked


Periodic native trim disabled


---------------  S Y S T E M  ---------------

OS:
PRETTY_NAME="Debian GNU/Linux 12 (bookworm)"
NAME="Debian GNU/Linux"
VERSION_ID="12"
VERSION="12 (bookworm)"
VERSION_CODENAME=bookworm
ID=debian
HOME_URL="https://www.debian.org/"
SUPPORT_URL="https://www.debian.org/support"
BUG_REPORT_URL="https://bugs.debian.org/"
uname: Linux 6.1.0-52-amd64 #1 SMP PREEMPT_DYNAMIC Debian 6.1.180-1 (2026-08-03) x86_64
OS uptime: 4 days 1:25 hours
libc: glibc 2.36 NPTL 2.36 
rlimit (soft/hard): STACK 8192k/infinity , CORE 0k/infinity , NPROC 256181/256181 , NOFILE 524288/524288 , AS infinity/infinity , CPU infinity/infinity , DATA infinity/infinity , FSIZE infinity/infinity , MEMLOCK 8192k/8192k
load average: 4.65 5.04 5.08

/proc/meminfo:
MemTotal:       65729880 kB
MemFree:        13134780 kB
MemAvailable:   44156820 kB
Buffers:         1856256 kB
Cached:         37983844 kB
SwapCached:            0 kB
Active:         24398356 kB
Inactive:       25703480 kB
Active(anon):    3297876 kB
Inactive(anon): 16028812 kB
Active(file):   21100480 kB
Inactive(file):  9674668 kB
Unevictable:          64 kB
Mlocked:              64 kB
SwapTotal:       7813112 kB
SwapFree:        7813112 kB
Zswap:                 0 kB
Zswapped:              0 kB
Dirty:               468 kB
Writeback:             0 kB
AnonPages:      10220404 kB
Mapped:          2662056 kB
Shmem:           9064952 kB
KReclaimable:    1556548 kB
Slab:            1808232 kB
SReclaimable:    1556548 kB
SUnreclaim:       251684 kB
KernelStack:       22280 kB
PageTables:       297768 kB
SecPageTables:         0 kB
NFS_Unstable:          0 kB
Bounce:                0 kB
WritebackTmp:          0 kB
CommitLimit:    40678052 kB
Committed_AS:   26154672 kB
VmallocTotal:   34359738367 kB
VmallocUsed:       79244 kB
VmallocChunk:          0 kB
Percpu:            59008 kB
HardwareCorrupted:     0 kB
AnonHugePages:   7774208 kB
ShmemHugePages:        0 kB
ShmemPmdMapped:        0 kB
FileHugePages:         0 kB
FilePmdMapped:         0 kB
HugePages_Total:       0
HugePages_Free:        0
HugePages_Rsvd:        0
HugePages_Surp:        0
Hugepagesize:       2048 kB
Hugetlb:               0 kB
DirectMap4k:      217572 kB
DirectMap2M:     8060928 kB
DirectMap1G:    58720256 kB

/sys/kernel/mm/transparent_hugepage/enabled: [always] madvise never
/sys/kernel/mm/transparent_hugepage/hpage_pmd_size: 2097152
/sys/kernel/mm/transparent_hugepage/defrag (defrag/compaction efforts parameter): always defer defer+madvise [madvise] never

Process Memory:
Virtual Size: 1080196K (peak: 1101588K)
Resident Set Size: 186336K (peak: 201724K) (anon: 145584K, file: 40752K, shmem: 0K)
Swapped out: 0K
C-Heap outstanding allocations: 23111K, retained: 67904K
glibc malloc tunables: (default)

/proc/sys/kernel/threads-max (system-wide limit on the number of threads): 512362
/proc/sys/vm/max_map_count (maximum number of memory map areas a process may have): 65530
/proc/sys/vm/swappiness (control to define how aggressively the kernel swaps out anonymous memory): 10
/proc/sys/kernel/pid_max (system-wide limit on number of process identifiers): 4194304

container (cgroup) information:
container_type: cgroupv2
cpu_cpuset_cpus: not supported
cpu_memory_nodes: not supported
active_processor_count: 16
cpu_quota: no quota
cpu_period: 100000
cpu_shares: 20480
memory_limit_in_bytes: unlimited
memory_and_swap_limit_in_bytes: unlimited
memory_soft_limit_in_bytes: 0
memory_usage_in_bytes: 7817468 k
memory_max_usage_in_bytes: not supported
rss_usage_in_bytes: 7729000 k
cache_usage_in_bytes: 2652 k
memory_swap_current_in_bytes: 0
memory_swap_max_limit_in_bytes: unlimited
maximum number of tasks: 76854
current number of tasks: 620

Steal ticks since vm start: 0
Steal ticks percentage since vm start:  0.000

CPU: total 32 (initial active 16) (16 cores per cpu, 2 threads per core) family 23 model 113 stepping 0 microcode 0x8701034, cx8, cmov, fxsr, ht, mmx, 3dnowpref, sse, sse2, sse3, ssse3, sse4a, sse4.1, sse4.2, popcnt, lzcnt, tsc, tscinvbit, avx, avx2, aes, clmul, bmi1, bmi2, adx, sha, fma, vzeroupper, clflush, clflushopt
CPU Model and flags from /proc/cpuinfo:
model name	: AMD Ryzen 7 PRO 3700 8-Core Processor
flags		: fpu vme de pse tsc msr pae mce cx8 apic sep mtrr pge mca cmov pat pse36 clflush mmx fxsr sse sse2 ht syscall nx mmxext fxsr_opt pdpe1gb rdtscp lm constant_tsc rep_good nopl nonstop_tsc cpuid extd_apicid aperfmperf rapl pni pclmulqdq monitor ssse3 fma cx16 sse4_1 sse4_2 x2apic movbe popcnt aes xsave avx f16c rdrand lahf_lm cmp_legacy svm extapic cr8_legacy abm sse4a misalignsse 3dnowprefetch osvw ibs skinit wdt tce topoext perfctr_core perfctr_nb bpext perfctr_llc mwaitx cpb cat_l3 cdp_l3 hw_pstate ssbd mba ibpb stibp vmmcall fsgsbase bmi1 avx2 smep bmi2 cqm rdt_a rdseed adx smap clflushopt clwb sha_ni xsaveopt xsavec xgetbv1 cqm_llc cqm_occup_llc cqm_mbm_total cqm_mbm_local clzero irperf xsaveerptr rdpru wbnoinvd arat npt lbrv svm_lock nrip_save tsc_scale vmcb_clean flushbyasid decodeassists pausefilter pfthreshold avic v_vmsave_vmload vgif v_spec_ctrl umip rdpid overflow_recov succor smca sev sev_es ibpb_exit_to_user

Online cpus: 0-15
Offline cpus: 16-31
BIOS frequency limitation: 3600000
Frequency switch latency (ns): 0
Available cpu frequencies: 3600000 2800000 2200000 
Current governor: schedutil
Core performance/turbo boost: 1

Memory: 4k page, physical 65729880k(13206048k free), swap 7813112k(7813112k free)
Page Sizes: 4k

vm_info: OpenJDK Server VM (17.0.19+10-LTS) for linux-x86 JRE (17.0.19+10-LTS) (Zulu17.66+19-CA), built on Apr 17 2026 20:26:03 by "zulu_re" with gcc 8.3.0

END.
