#
# A fatal error has been detected by the Java Runtime Environment:
#
#  SIGSEGV (0xb) at pc=0xf7727c60, pid=3987591, tid=3987591
#
# JRE version: OpenJDK Runtime Environment Zulu17.66+19-CA (17.0.19+10) (build 17.0.19+10-LTS)
# Java VM: OpenJDK Server VM Zulu17.66+19-CA (17.0.19+10-LTS, mixed mode, sharing, tiered, g1 gc, linux-x86)
# Problematic frame:
# C  [libc.so.6+0x99c60]  cfree+0x20
#
# No core dump will be written. Core dumps have been disabled. To enable core dumping, try "ulimit -c unlimited" before starting Java again
#
# If you would like to submit a bug report, please visit:
#   http://www.azul.com/support/
#

---------------  S U M M A R Y ------------

Command Line: -Xms128m -Xmx512m -Xss768k -XX:MaxMetaspaceSize=96m -Xrs -XX:-UsePerfData -XX:-AllowUserSignalHandlers -XX:UseSSE=3 -XX+DoEscapeAnalysis -XX:AutoBoxCacheMax:2000 -XX:+OptimizeStringConcat -XX:+OptimizeFill -XX:+EliminateAutoBox -XX:+UseCompressedStrings -XX:+UseCompressedOops -XX:+EliminateLocks -XX:UseFastAccessorMethods -XX:+UseStringCache -XgcPrio:throughput -XXkeepAreaRatio:1 -XXlazyUnlocking -XXcallProfiling -XXcompactRatio:1 

Host: AMD Ryzen 7 PRO 3700 8-Core Processor, 32 cores, 62G, Debian GNU/Linux 12 (bookworm)
Time: Wed Aug 12 01:15:11 2026 UTC elapsed time: 10769.920886 seconds (0d 2h 59m 29s)

---------------  T H R E A D  ---------------

Current thread is native thread

Stack: [0xff9eb000,0xffaab000],  sp=0xffaa94d0,  free space=761k
Native frames: (J=compiled Java code, j=interpreted, Vv=VM code, C=native code)
C  [libc.so.6+0x99c60]  cfree+0x20
C  [SwgGameServer+0x11552ff]  FileManifest::remove()+0x51
C  [SwgGameServer+0x1161ecc]  ExitChain::run()+0x6e
C  [SwgGameServer+0x1161cf3]  ExitChain::quit()+0x15
C  [SwgGameServer+0x1170be0]  SetupSharedFoundation::remove()+0x18
C  [SwgGameServer+0x112b300]  main+0x372


siginfo: si_signo: 11 (SIGSEGV), si_code: 1 (SEGV_MAPERR), si_addr: 0x000000fc

Registers:
EAX=0x5a44e6e8, EBX=0x00000100, ECX=0xf46da9c8, EDX=0x00000100
ESP=0xffaa94d0, EBP=0xffaa9558, ESI=0xf78aaff4, EDI=0xffffffa4
EIP=0xf7727c60, EFLAGS=0x00210206, CR2=0x00000000000000fc


Top of Stack: (sp=0xffaa94d0)
0xffaa94d0:   347df337 58c4925c 5a0d3690 5172d200
0xffaa94e0:   00000000 ffffffa4 00000021 f7bffff4
0xffaa94f0:   5a44e6e0 f7f7db80 ffaa9558 f7a6c888
0xffaa9500:   00000100 ffffffa4 00000021 57729d49
0xffaa9510:   f771803b f7a6c876 f7bffff4 f7b0d795
0xffaa9520:   00000100 59450ca4 58c4925c 577297db
0xffaa9530:   00000000 f7b0d776 58c4925c 577290ee
0xffaa9540:   5a44e6e0 59450ca0 f7bffff4 577290c8
0xffaa9550:   5a0d3690 58c4925c ffaa9588 577282ff
0xffaa9560:   5a44e6e0 ffaa957c ffaa9588 577282bb
0xffaa9570:   00000000 58c4925c 5a452480 59450ca4
0xffaa9580:   58c4925c 58c4925c ffaa95a8 57734ecc
0xffaa9590:   58c4925c 58c4925c ffaa95b8 5a0d3670
0xffaa95a0:   5b8e86a0 58c4925c ffaa95b8 57734cf3
0xffaa95b0:   58c4925c 58c4925c ffaa95c8 57743be0
0xffaa95c0:   57adabe0 ffaa96d0 ffaa96b8 576fe300
0xffaa95d0:   0000000d 00000001 5a433900 58520100
0xffaa95e0:   5a433a50 00300100 5a433aa0 ffaa0100
0xffaa95f0:   5856bb20 00000000 00000000 00aa9664
0xffaa9600:   00000000 01010100 5301c320 61476777
0xffaa9610:   6553656d 72657672 3839333a 31393537
0xffaa9620:   594d3200 576cee21 00013748 f7728806
0xffaa9630:   f7f7dff4 0000002c 00000000 f772861e
0xffaa9640:   00013748 00000211 5a0ce8b8 00000000
0xffaa9650:   58c4925c 579e5a26 ffaa9678 579e4911
0xffaa9660:   ffffffff 00f4a694 00000000 00000001
0xffaa9670:   59459200 00000000 00000000 00000000
0xffaa9680:   00000000 5a433900 00000015 00000015
0xffaa9690:   f78b6000 f7f5a83b f76aaa4f f78b6000
0xffaa96a0:   ffaa96e0 f78b61d8 f46dc320 ffaa96d0
0xffaa96b0:   f78aaff4 58c2b8c8 00000000 f76b12d5
0xffaa96c0:   579e3d7a 00000070 f7f7dff4 f76b12d5 

Instructions: (pc=0xf7727c60)
0xf7727b60:   5e 5f 5d c3 8d 74 26 00 31 d2 89 f0 e8 3f cb ff
0xf7727b70:   ff 89 f2 89 c3 e8 96 e6 ff ff 85 c0 75 16 85 db
0xf7727b80:   74 1f 89 f2 89 d8 e8 c5 d0 ff ff 89 f2 89 c3 e8
0xf7727b90:   7c e6 ff ff 85 db 74 09 31 d2 87 13 83 fa 01 7f
0xf7727ba0:   77 85 c0 0f 85 6a fe ff ff 31 c0 eb af 8d 87 48
0xf7727bb0:   f0 f9 ff 50 8d 87 00 f3 f9 ff 50 8d 87 a0 e3 f9
0xf7727bc0:   ff 50 6a 01 e8 c7 2e fe ff 8d b4 26 00 00 00 00
0xf7727bd0:   83 ec 0c 53 e8 c7 ae fe ff 83 c4 10 e9 14 fe ff
0xf7727be0:   ff 8d b4 26 00 00 00 00 89 44 24 0c 83 ec 0c 53
0xf7727bf0:   e8 9b af fe ff 83 c4 10 8b 44 24 0c e9 12 fe ff
0xf7727c00:   ff 8d b4 26 00 00 00 00 8d 87 0c ee f9 ff e8 ed
0xf7727c10:   bb ff ff 8d 74 26 00 90 89 44 24 0c 83 ec 0c 53
0xf7727c20:   e8 6b af fe ff 83 c4 10 8b 44 24 0c e9 70 ff ff
0xf7727c30:   ff 8d b4 26 00 00 00 00 8d b4 26 00 00 00 00 90
0xf7727c40:   55 57 56 e8 ad 58 0d 00 81 c6 ac 33 18 00 53 83
0xf7727c50:   ec 1c 8b 5c 24 30 85 db 74 5b 8b be d0 fe ff ff
0xf7727c60:   8b 53 fc 8d 43 f8 65 8b 2f f6 c2 02 75 52 8b 8e
0xf7727c70:   a4 fe ff ff 65 8b 09 85 c9 0f 84 81 00 00 00 83
0xf7727c80:   e2 04 8d 9e cc 07 00 00 74 1d 8b 8e e4 01 00 00
0xf7727c90:   8d 14 8d 00 00 00 00 f7 da 85 c9 b9 00 00 f0 ff
0xf7727ca0:   0f 44 d1 21 c2 8b 1a 89 c2 31 c9 89 d8 e8 8e d3
0xf7727cb0:   ff ff 65 89 2f 83 c4 1c 5b 5e 5f 5d c3 8d 76 00
0xf7727cc0:   8b 9e f8 01 00 00 85 db 75 26 39 96 d4 01 00 00
0xf7727cd0:   73 1e 81 fa 00 00 08 00 77 16 83 e2 f8 89 96 d4
0xf7727ce0:   01 00 00 01 d2 89 96 cc 01 00 00 8d 74 26 00 90
0xf7727cf0:   e8 9b bc ff ff eb bb 8d b4 26 00 00 00 00 66 90
0xf7727d00:   8b 8e a8 fe ff ff 65 80 39 00 0f 85 6f ff ff ff
0xf7727d10:   89 44 24 0c e8 47 f3 ff ff 8b 53 fc 8b 44 24 0c
0xf7727d20:   e9 5a ff ff ff 8d b4 26 00 00 00 00 8d 74 26 00
0xf7727d30:   55 57 56 53 e8 ac 57 0d 00 81 c3 bb 32 18 00 83
0xf7727d40:   ec 0c 8b 83 a4 fe ff ff 8b 93 a8 fe ff ff 65 8b
0xf7727d50:   30 65 c6 02 01 85 f6 74 67 65 c7 00 00 00 00 00 



---------------  P R O C E S S  ---------------

VM state: at safepoint (shutting down)

VM Mutex/Monitor currently owned by a thread:  ([mutex/lock_event])
[0xf3627890] Threads_lock - owner thread: 0xc18e0be0

GC Precious Log:
<Skipped>

Heap:
 garbage-first heap   total 131072K, used 61259K [0xc3200000, 0xe3200000)
  region size 1024K, 30 young (30720K), 2 survivors (2048K)
 Metaspace       used 15922K, committed 18560K, reserved 32768K

Heap Regions: E=young(eden), S=young(survivor), O=old, HS=humongous(starts), HC=humongous(continues), CS=collection set, F=free, OA=open archive, CA=closed archive, TAMS=top-at-mark-start (previous, next)
|   0|0xc3200000, 0xc3300000, 0xc3300000|100%| O|  |TAMS 0xc3300000, 0xc3200000| Untracked 
|   1|0xc3300000, 0xc3400000, 0xc3400000|100%| O|  |TAMS 0xc3400000, 0xc3300000| Untracked 
|   2|0xc3400000, 0xc3500000, 0xc3500000|100%| O|  |TAMS 0xc3500000, 0xc3400000| Untracked 
|   3|0xc3500000, 0xc3500000, 0xc3600000|  0%| F|  |TAMS 0xc3500000, 0xc3500000| Untracked 
|   4|0xc3600000, 0xc3600000, 0xc3700000|  0%| F|  |TAMS 0xc3600000, 0xc3600000| Untracked 
|   5|0xc3700000, 0xc3800000, 0xc3800000|100%| O|  |TAMS 0xc3800000, 0xc3700000| Untracked 
|   6|0xc3800000, 0xc3900000, 0xc3900000|100%| O|  |TAMS 0xc3900000, 0xc3800000| Untracked 
|   7|0xc3900000, 0xc3900000, 0xc3a00000|  0%| F|  |TAMS 0xc3900000, 0xc3900000| Untracked 
|   8|0xc3a00000, 0xc3b00000, 0xc3b00000|100%| O|  |TAMS 0xc3b00000, 0xc3a00000| Untracked 
|   9|0xc3b00000, 0xc3c00000, 0xc3c00000|100%| O|  |TAMS 0xc3c00000, 0xc3b00000| Untracked 
|  10|0xc3c00000, 0xc3d00000, 0xc3d00000|100%| O|  |TAMS 0xc3d00000, 0xc3c00000| Untracked 
|  11|0xc3d00000, 0xc3e00000, 0xc3e00000|100%| O|  |TAMS 0xc3e00000, 0xc3d00000| Untracked 
|  12|0xc3e00000, 0xc3f00000, 0xc3f00000|100%| O|  |TAMS 0xc3f00000, 0xc3e00000| Untracked 
|  13|0xc3f00000, 0xc4000000, 0xc4000000|100%| O|  |TAMS 0xc4000000, 0xc3f00000| Untracked 
|  14|0xc4000000, 0xc4100000, 0xc4100000|100%| O|  |TAMS 0xc4100000, 0xc4000000| Untracked 
|  15|0xc4100000, 0xc4200000, 0xc4200000|100%| O|  |TAMS 0xc4200000, 0xc4100000| Untracked 
|  16|0xc4200000, 0xc4200000, 0xc4300000|  0%| F|  |TAMS 0xc4200000, 0xc4200000| Untracked 
|  17|0xc4300000, 0xc4400000, 0xc4400000|100%| O|  |TAMS 0xc4400000, 0xc4300000| Untracked 
|  18|0xc4400000, 0xc4500000, 0xc4500000|100%| O|  |TAMS 0xc4500000, 0xc4400000| Untracked 
|  19|0xc4500000, 0xc4600000, 0xc4600000|100%| O|  |TAMS 0xc4600000, 0xc4500000| Untracked 
|  20|0xc4600000, 0xc4700000, 0xc4700000|100%| O|  |TAMS 0xc4700000, 0xc4600000| Untracked 
|  21|0xc4700000, 0xc4800000, 0xc4800000|100%| O|  |TAMS 0xc4800000, 0xc4700000| Untracked 
|  22|0xc4800000, 0xc4800000, 0xc4900000|  0%| F|  |TAMS 0xc4800000, 0xc4800000| Untracked 
|  23|0xc4900000, 0xc4a00000, 0xc4a00000|100%| O|  |TAMS 0xc4a00000, 0xc4900000| Untracked 
|  24|0xc4a00000, 0xc4b00000, 0xc4b00000|100%| O|  |TAMS 0xc4b00000, 0xc4a00000| Untracked 
|  25|0xc4b00000, 0xc4c00000, 0xc4c00000|100%| O|  |TAMS 0xc4c00000, 0xc4b00000| Untracked 
|  26|0xc4c00000, 0xc4d00000, 0xc4d00000|100%| O|  |TAMS 0xc4d00000, 0xc4c00000| Untracked 
|  27|0xc4d00000, 0xc4e00000, 0xc4e00000|100%| O|  |TAMS 0xc4e00000, 0xc4d00000| Untracked 
|  28|0xc4e00000, 0xc4f00000, 0xc4f00000|100%| O|  |TAMS 0xc4f00000, 0xc4e00000| Untracked 
|  29|0xc4f00000, 0xc5000000, 0xc5000000|100%| O|  |TAMS 0xc4f2e600, 0xc4f00000| Untracked 
|  30|0xc5000000, 0xc5100000, 0xc5100000|100%| O|  |TAMS 0xc5000000, 0xc5000000| Untracked 
|  31|0xc5100000, 0xc5200000, 0xc5200000|100%| O|  |TAMS 0xc5100000, 0xc5100000| Untracked 
|  32|0xc5200000, 0xc5300000, 0xc5300000|100%| O|  |TAMS 0xc5200000, 0xc5200000| Untracked 
|  33|0xc5300000, 0xc5400000, 0xc5400000|100%| O|  |TAMS 0xc5300000, 0xc5300000| Untracked 
|  34|0xc5400000, 0xc5500000, 0xc5500000|100%| O|  |TAMS 0xc5400000, 0xc5400000| Untracked 
|  35|0xc5500000, 0xc55ab200, 0xc5600000| 66%| O|  |TAMS 0xc5500000, 0xc5500000| Untracked 
|  36|0xc5600000, 0xc5600000, 0xc5700000|  0%| F|  |TAMS 0xc5600000, 0xc5600000| Untracked 
|  37|0xc5700000, 0xc5700000, 0xc5800000|  0%| F|  |TAMS 0xc5700000, 0xc5700000| Untracked 
|  38|0xc5800000, 0xc5800000, 0xc5900000|  0%| F|  |TAMS 0xc5800000, 0xc5800000| Untracked 
|  39|0xc5900000, 0xc5900000, 0xc5a00000|  0%| F|  |TAMS 0xc5900000, 0xc5900000| Untracked 
|  40|0xc5a00000, 0xc5a00000, 0xc5b00000|  0%| F|  |TAMS 0xc5a00000, 0xc5a00000| Untracked 
|  41|0xc5b00000, 0xc5b00000, 0xc5c00000|  0%| F|  |TAMS 0xc5b00000, 0xc5b00000| Untracked 
|  42|0xc5c00000, 0xc5c00000, 0xc5d00000|  0%| F|  |TAMS 0xc5c00000, 0xc5c00000| Untracked 
|  43|0xc5d00000, 0xc5d00000, 0xc5e00000|  0%| F|  |TAMS 0xc5d00000, 0xc5d00000| Untracked 
|  44|0xc5e00000, 0xc5e00000, 0xc5f00000|  0%| F|  |TAMS 0xc5e00000, 0xc5e00000| Untracked 
|  45|0xc5f00000, 0xc5f00000, 0xc6000000|  0%| F|  |TAMS 0xc5f00000, 0xc5f00000| Untracked 
|  46|0xc6000000, 0xc6000000, 0xc6100000|  0%| F|  |TAMS 0xc6000000, 0xc6000000| Untracked 
|  47|0xc6100000, 0xc6100000, 0xc6200000|  0%| F|  |TAMS 0xc6100000, 0xc6100000| Untracked 
|  48|0xc6200000, 0xc6200000, 0xc6300000|  0%| F|  |TAMS 0xc6200000, 0xc6200000| Untracked 
|  49|0xc6300000, 0xc6300000, 0xc6400000|  0%| F|  |TAMS 0xc6300000, 0xc6300000| Untracked 
|  50|0xc6400000, 0xc6427bd0, 0xc6500000| 15%| S|CS|TAMS 0xc6400000, 0xc6400000| Complete 
|  51|0xc6500000, 0xc6600000, 0xc6600000|100%| S|CS|TAMS 0xc6500000, 0xc6500000| Complete 
|  52|0xc6600000, 0xc6600000, 0xc6700000|  0%| F|  |TAMS 0xc6600000, 0xc6600000| Untracked 
|  53|0xc6700000, 0xc6700000, 0xc6800000|  0%| F|  |TAMS 0xc6700000, 0xc6700000| Untracked 
|  54|0xc6800000, 0xc6800000, 0xc6900000|  0%| F|  |TAMS 0xc6800000, 0xc6800000| Untracked 
|  55|0xc6900000, 0xc6900000, 0xc6a00000|  0%| F|  |TAMS 0xc6900000, 0xc6900000| Untracked 
|  56|0xc6a00000, 0xc6a00000, 0xc6b00000|  0%| F|  |TAMS 0xc6a00000, 0xc6a00000| Untracked 
|  57|0xc6b00000, 0xc6b00000, 0xc6c00000|  0%| F|  |TAMS 0xc6b00000, 0xc6b00000| Untracked 
|  58|0xc6c00000, 0xc6c00000, 0xc6d00000|  0%| F|  |TAMS 0xc6c00000, 0xc6c00000| Untracked 
|  59|0xc6d00000, 0xc6d00000, 0xc6e00000|  0%| F|  |TAMS 0xc6d00000, 0xc6d00000| Untracked 
|  60|0xc6e00000, 0xc6e00000, 0xc6f00000|  0%| F|  |TAMS 0xc6e00000, 0xc6e00000| Untracked 
|  61|0xc6f00000, 0xc6f00000, 0xc7000000|  0%| F|  |TAMS 0xc6f00000, 0xc6f00000| Untracked 
|  62|0xc7000000, 0xc7000000, 0xc7100000|  0%| F|  |TAMS 0xc7000000, 0xc7000000| Untracked 
|  63|0xc7100000, 0xc7100000, 0xc7200000|  0%| F|  |TAMS 0xc7100000, 0xc7100000| Untracked 
|  64|0xc7200000, 0xc7200000, 0xc7300000|  0%| F|  |TAMS 0xc7200000, 0xc7200000| Untracked 
|  65|0xc7300000, 0xc7300000, 0xc7400000|  0%| F|  |TAMS 0xc7300000, 0xc7300000| Untracked 
|  66|0xc7400000, 0xc7400000, 0xc7500000|  0%| F|  |TAMS 0xc7400000, 0xc7400000| Untracked 
|  67|0xc7500000, 0xc7500000, 0xc7600000|  0%| F|  |TAMS 0xc7500000, 0xc7500000| Untracked 
|  68|0xc7600000, 0xc7600000, 0xc7700000|  0%| F|  |TAMS 0xc7600000, 0xc7600000| Untracked 
|  69|0xc7700000, 0xc7700000, 0xc7800000|  0%| F|  |TAMS 0xc7700000, 0xc7700000| Untracked 
|  70|0xc7800000, 0xc7800000, 0xc7900000|  0%| F|  |TAMS 0xc7800000, 0xc7800000| Untracked 
|  71|0xc7900000, 0xc7900000, 0xc7a00000|  0%| F|  |TAMS 0xc7900000, 0xc7900000| Untracked 
|  72|0xc7a00000, 0xc7a00000, 0xc7b00000|  0%| F|  |TAMS 0xc7a00000, 0xc7a00000| Untracked 
|  73|0xc7b00000, 0xc7b00000, 0xc7c00000|  0%| F|  |TAMS 0xc7b00000, 0xc7b00000| Untracked 
|  74|0xc7c00000, 0xc7c00000, 0xc7d00000|  0%| F|  |TAMS 0xc7c00000, 0xc7c00000| Untracked 
|  75|0xc7d00000, 0xc7d00000, 0xc7e00000|  0%| F|  |TAMS 0xc7d00000, 0xc7d00000| Untracked 
|  76|0xc7e00000, 0xc7e00000, 0xc7f00000|  0%| F|  |TAMS 0xc7e00000, 0xc7e00000| Untracked 
|  77|0xc7f00000, 0xc7f00000, 0xc8000000|  0%| F|  |TAMS 0xc7f00000, 0xc7f00000| Untracked 
|  78|0xc8000000, 0xc8000000, 0xc8100000|  0%| F|  |TAMS 0xc8000000, 0xc8000000| Untracked 
|  79|0xc8100000, 0xc8100000, 0xc8200000|  0%| F|  |TAMS 0xc8100000, 0xc8100000| Untracked 
|  80|0xc8200000, 0xc8200000, 0xc8300000|  0%| F|  |TAMS 0xc8200000, 0xc8200000| Untracked 
|  81|0xc8300000, 0xc8300000, 0xc8400000|  0%| F|  |TAMS 0xc8300000, 0xc8300000| Untracked 
|  82|0xc8400000, 0xc8400000, 0xc8500000|  0%| F|  |TAMS 0xc8400000, 0xc8400000| Untracked 
|  83|0xc8500000, 0xc8500000, 0xc8600000|  0%| F|  |TAMS 0xc8500000, 0xc8500000| Untracked 
|  84|0xc8600000, 0xc8600000, 0xc8700000|  0%| F|  |TAMS 0xc8600000, 0xc8600000| Untracked 
|  85|0xc8700000, 0xc8700000, 0xc8800000|  0%| F|  |TAMS 0xc8700000, 0xc8700000| Untracked 
|  86|0xc8800000, 0xc8800000, 0xc8900000|  0%| F|  |TAMS 0xc8800000, 0xc8800000| Untracked 
|  87|0xc8900000, 0xc8900000, 0xc8a00000|  0%| F|  |TAMS 0xc8900000, 0xc8900000| Untracked 
|  88|0xc8a00000, 0xc8a00000, 0xc8b00000|  0%| F|  |TAMS 0xc8a00000, 0xc8a00000| Untracked 
|  89|0xc8b00000, 0xc8b00000, 0xc8c00000|  0%| F|  |TAMS 0xc8b00000, 0xc8b00000| Untracked 
|  90|0xc8c00000, 0xc8c00000, 0xc8d00000|  0%| F|  |TAMS 0xc8c00000, 0xc8c00000| Untracked 
|  91|0xc8d00000, 0xc8d00000, 0xc8e00000|  0%| F|  |TAMS 0xc8d00000, 0xc8d00000| Untracked 
|  92|0xc8e00000, 0xc8e00000, 0xc8f00000|  0%| F|  |TAMS 0xc8e00000, 0xc8e00000| Untracked 
|  93|0xc8f00000, 0xc8f00000, 0xc9000000|  0%| F|  |TAMS 0xc8f00000, 0xc8f00000| Untracked 
|  94|0xc9000000, 0xc9000000, 0xc9100000|  0%| F|  |TAMS 0xc9000000, 0xc9000000| Untracked 
|  95|0xc9100000, 0xc9100000, 0xc9200000|  0%| F|  |TAMS 0xc9100000, 0xc9100000| Untracked 
|  96|0xc9200000, 0xc9200000, 0xc9300000|  0%| F|  |TAMS 0xc9200000, 0xc9200000| Untracked 
|  97|0xc9300000, 0xc9300000, 0xc9400000|  0%| F|  |TAMS 0xc9300000, 0xc9300000| Untracked 
|  98|0xc9400000, 0xc9400000, 0xc9500000|  0%| F|  |TAMS 0xc9400000, 0xc9400000| Untracked 
|  99|0xc9500000, 0xc9500000, 0xc9600000|  0%| F|  |TAMS 0xc9500000, 0xc9500000| Untracked 
| 100|0xc9600000, 0xc9700000, 0xc9700000|100%| E|  |TAMS 0xc9600000, 0xc9600000| Complete 
| 101|0xc9700000, 0xc9800000, 0xc9800000|100%| E|CS|TAMS 0xc9700000, 0xc9700000| Complete 
| 102|0xc9800000, 0xc9900000, 0xc9900000|100%| E|CS|TAMS 0xc9800000, 0xc9800000| Complete 
| 103|0xc9900000, 0xc9a00000, 0xc9a00000|100%| E|CS|TAMS 0xc9900000, 0xc9900000| Complete 
| 104|0xc9a00000, 0xc9b00000, 0xc9b00000|100%| E|CS|TAMS 0xc9a00000, 0xc9a00000| Complete 
| 105|0xc9b00000, 0xc9c00000, 0xc9c00000|100%| E|CS|TAMS 0xc9b00000, 0xc9b00000| Complete 
| 106|0xc9c00000, 0xc9d00000, 0xc9d00000|100%| E|CS|TAMS 0xc9c00000, 0xc9c00000| Complete 
| 107|0xc9d00000, 0xc9e00000, 0xc9e00000|100%| E|CS|TAMS 0xc9d00000, 0xc9d00000| Complete 
| 108|0xc9e00000, 0xc9f00000, 0xc9f00000|100%| E|CS|TAMS 0xc9e00000, 0xc9e00000| Complete 
| 109|0xc9f00000, 0xca000000, 0xca000000|100%| E|CS|TAMS 0xc9f00000, 0xc9f00000| Complete 
| 110|0xca000000, 0xca100000, 0xca100000|100%| E|CS|TAMS 0xca000000, 0xca000000| Complete 
| 111|0xca100000, 0xca200000, 0xca200000|100%| E|CS|TAMS 0xca100000, 0xca100000| Complete 
| 112|0xca200000, 0xca300000, 0xca300000|100%| E|CS|TAMS 0xca200000, 0xca200000| Complete 
| 113|0xca300000, 0xca400000, 0xca400000|100%| E|CS|TAMS 0xca300000, 0xca300000| Complete 
| 114|0xca400000, 0xca500000, 0xca500000|100%| E|CS|TAMS 0xca400000, 0xca400000| Complete 
| 115|0xca500000, 0xca600000, 0xca600000|100%| E|CS|TAMS 0xca500000, 0xca500000| Complete 
| 116|0xca600000, 0xca700000, 0xca700000|100%| E|CS|TAMS 0xca600000, 0xca600000| Complete 
| 117|0xca700000, 0xca800000, 0xca800000|100%| E|CS|TAMS 0xca700000, 0xca700000| Complete 
| 118|0xca800000, 0xca900000, 0xca900000|100%| E|CS|TAMS 0xca800000, 0xca800000| Complete 
| 119|0xca900000, 0xcaa00000, 0xcaa00000|100%| E|CS|TAMS 0xca900000, 0xca900000| Complete 
| 120|0xcaa00000, 0xcab00000, 0xcab00000|100%| E|CS|TAMS 0xcaa00000, 0xcaa00000| Complete 
| 121|0xcab00000, 0xcac00000, 0xcac00000|100%| E|CS|TAMS 0xcab00000, 0xcab00000| Complete 
| 122|0xcac00000, 0xcad00000, 0xcad00000|100%| E|CS|TAMS 0xcac00000, 0xcac00000| Complete 
| 123|0xcad00000, 0xcae00000, 0xcae00000|100%| E|CS|TAMS 0xcad00000, 0xcad00000| Complete 
| 124|0xcae00000, 0xcaf00000, 0xcaf00000|100%| E|CS|TAMS 0xcae00000, 0xcae00000| Complete 
| 125|0xcaf00000, 0xcb000000, 0xcb000000|100%| E|CS|TAMS 0xcaf00000, 0xcaf00000| Complete 
| 126|0xcb000000, 0xcb100000, 0xcb100000|100%| E|CS|TAMS 0xcb000000, 0xcb000000| Complete 
| 127|0xcb100000, 0xcb200000, 0xcb200000|100%| E|CS|TAMS 0xcb100000, 0xcb100000| Complete 

Card table byte_map: [0xc3100000,0xc3200000] _byte_map_base: 0xc2ae7000

Marking Bits (Prev, Next): (CMBitMap*) 0xe33300d8, (CMBitMap*) 0xe33300b8
 Prev Bits: [0xc2000000, 0xc2800000)
 Next Bits: [0xc2800000, 0xc3000000)

Polling page: 0xf7f3a000

Metaspace:

Usage:
   15.55 MB used.

Virtual space:
     32.00 MB reserved,      18.12 MB ( 57%) committed,  2 nodes.

Chunk freelists:
11.81 MB

MaxMetaspaceSize: 96.00 MB
No class space
Initial GC threshold: 16.00 MB
Current GC threshold: 26.81 MB
CDS: on
MetaspaceReclaimPolicy: balanced
 - commit_granule_bytes: 65536.
 - commit_granule_words: 16384.
 - virtual_space_node_default_size: 4194304.
 - enlarge_chunks_in_place: 1.
 - new_chunks_are_fully_committed: 0.
 - uncommit_free_chunks: 1.
 - use_allocation_guard: 0.
 - handle_deallocations: 1.


Internal statistics:

num_allocs_failed_limit: 3.
num_arena_births: 1569.
num_arena_deaths: 186.
num_vsnodes_births: 2.
num_vsnodes_deaths: 0.
num_space_committed: 290.
num_space_uncommitted: 0.
num_chunks_returned_to_freelist: 189.
num_chunks_taken_from_freelist: 2696.
num_chunk_merges: 86.
num_chunk_splits: 1898.
num_chunks_enlarged: 1223.
num_inconsistent_stats: 0.

CodeHeap 'non-profiled nmethods': size=120172Kb used=2116Kb max_used=2564Kb free=118056Kb
 bounds [0xeafa2000, 0xeb22a000, 0xf24fd000]
CodeHeap 'profiled nmethods': size=120172Kb used=4610Kb max_used=6989Kb free=115561Kb
 bounds [0xe34fd000, 0xe3bfd000, 0xeaa58000]
CodeHeap 'non-nmethods': size=5416Kb used=765Kb max_used=805Kb free=4650Kb
 bounds [0xeaa58000, 0xeac98000, 0xeafa2000]
 total_blobs=2930 nmethods=2546 adapters=298
 compilation: enabled
              stopped_count=0, restarted_count=0
 full_count=0

Compilation events (20 events):
Event: 10636.128 Thread 0xc18ec4d0 3214       3       java.util.Arrays::equals (57 bytes)
Event: 10636.128 Thread 0xc18ec4d0 nmethod 3214 0xe359dc08 code [0xe359dda0, 0xe359e2ac]
Event: 10636.129 Thread 0xc18eb3a0 3217       4       java.util.Collections$SynchronizedCollection::<init> (24 bytes)
Event: 10636.130 Thread 0xc18eb3a0 nmethod 3217 0xeb018f88 code [0xeb0190a0, 0xeb0192d0]
Event: 10636.132 Thread 0xc18ec4d0 3218       3       java.lang.invoke.MethodHandles::insertArgumentPrimitive (122 bytes)
Event: 10636.133 Thread 0xc18ec4d0 nmethod 3218 0xe3655a08 code [0xe3655d20, 0xe36570a4]
Event: 10636.140 Thread 0xc18ec4d0 3219       3       java.lang.invoke.StringConcatFactory::simpleConcat (47 bytes)
Event: 10636.140 Thread 0xc18ec4d0 nmethod 3219 0xe364fe08 code [0xe364ff40, 0xe3650040]
Event: 10636.140 Thread 0xc18ec4d0 3220       3       script.library.utils::getObjIdScriptVar (9 bytes)
Event: 10636.141 Thread 0xc18ec4d0 nmethod 3220 0xe3772908 code [0xe3772b40, 0xe37735a4]
Event: 10636.144 Thread 0xc18ec4d0 3221       3       script.library.jedi::isLightsaber (8 bytes)
Event: 10636.144 Thread 0xc18ec4d0 nmethod 3221 0xe365a488 code [0xe365a5e0, 0xe365a858]
Event: 10637.615 Thread 0xc18ec4d0 3222       3       script.base_class::getSkillTemplate (16 bytes)
Event: 10637.615 Thread 0xc18ec4d0 nmethod 3222 0xe3999a88 code [0xe3999bc0, 0xe3999d8c]
Event: 10638.722 Thread 0xc18ec4d0 3223       3       java.lang.invoke.MethodHandles::filterArguments (186 bytes)
Event: 10638.723 Thread 0xc18ec4d0 nmethod 3223 0xe3574888 code [0xe3574a80, 0xe3575240]
Event: 10641.685 Thread 0xc18eb3a0 3224       4       jdk.internal.reflect.ClassFileAssembler::emitConstantPoolMethodref (28 bytes)
Event: 10641.687 Thread 0xc18ec4d0 3225       3       script.library.trial::getSession (46 bytes)
Event: 10641.688 Thread 0xc18ec4d0 nmethod 3225 0xe3678e08 code [0xe3679240, 0xe367ade8]
Event: 10641.689 Thread 0xc18eb3a0 nmethod 3224 0xeb008088 code [0xeb008220, 0xeb008764]

GC Heap History (20 events):
Event: 2591.614 GC heap before
{Heap before GC invocations=18 (full 0):
 garbage-first heap   total 131072K, used 35897K [0xc3200000, 0xe3200000)
  region size 1024K, 6 young (6144K), 5 survivors (5120K)
 Metaspace       used 14303K, committed 16640K, reserved 32768K
}
Event: 2591.620 GC heap after
{Heap after GC invocations=19 (full 0):
 garbage-first heap   total 131072K, used 32361K [0xc3200000, 0xe3200000)
  region size 1024K, 1 young (1024K), 1 survivors (1024K)
 Metaspace       used 14303K, committed 16640K, reserved 32768K
}
Event: 3530.641 GC heap before
{Heap before GC invocations=19 (full 0):
 garbage-first heap   total 131072K, used 109161K [0xc3200000, 0xe3200000)
  region size 1024K, 76 young (77824K), 1 survivors (1024K)
 Metaspace       used 14558K, committed 16960K, reserved 32768K
}
Event: 3530.642 GC heap after
{Heap after GC invocations=20 (full 0):
 garbage-first heap   total 131072K, used 32238K [0xc3200000, 0xe3200000)
  region size 1024K, 1 young (1024K), 1 survivors (1024K)
 Metaspace       used 14558K, committed 16960K, reserved 32768K
}
Event: 4291.641 GC heap before
{Heap before GC invocations=20 (full 0):
 garbage-first heap   total 131072K, used 109038K [0xc3200000, 0xe3200000)
  region size 1024K, 76 young (77824K), 1 survivors (1024K)
 Metaspace       used 14749K, committed 17216K, reserved 32768K
}
Event: 4291.642 GC heap after
{Heap after GC invocations=21 (full 0):
 garbage-first heap   total 131072K, used 32172K [0xc3200000, 0xe3200000)
  region size 1024K, 1 young (1024K), 1 survivors (1024K)
 Metaspace       used 14749K, committed 17216K, reserved 32768K
}
Event: 5087.589 GC heap before
{Heap before GC invocations=21 (full 0):
 garbage-first heap   total 131072K, used 108972K [0xc3200000, 0xe3200000)
  region size 1024K, 76 young (77824K), 1 survivors (1024K)
 Metaspace       used 14764K, committed 17216K, reserved 32768K
}
Event: 5087.590 GC heap after
{Heap after GC invocations=22 (full 0):
 garbage-first heap   total 131072K, used 32189K [0xc3200000, 0xe3200000)
  region size 1024K, 1 young (1024K), 1 survivors (1024K)
 Metaspace       used 14764K, committed 17216K, reserved 32768K
}
Event: 6316.610 GC heap before
{Heap before GC invocations=22 (full 0):
 garbage-first heap   total 131072K, used 108989K [0xc3200000, 0xe3200000)
  region size 1024K, 76 young (77824K), 1 survivors (1024K)
 Metaspace       used 14771K, committed 17216K, reserved 32768K
}
Event: 6316.612 GC heap after
{Heap after GC invocations=23 (full 0):
 garbage-first heap   total 131072K, used 32105K [0xc3200000, 0xe3200000)
  region size 1024K, 1 young (1024K), 1 survivors (1024K)
 Metaspace       used 14771K, committed 17216K, reserved 32768K
}
Event: 7518.592 GC heap before
{Heap before GC invocations=23 (full 0):
 garbage-first heap   total 131072K, used 108905K [0xc3200000, 0xe3200000)
  region size 1024K, 76 young (77824K), 1 survivors (1024K)
 Metaspace       used 14778K, committed 17280K, reserved 32768K
}
Event: 7518.593 GC heap after
{Heap after GC invocations=24 (full 0):
 garbage-first heap   total 131072K, used 32115K [0xc3200000, 0xe3200000)
  region size 1024K, 1 young (1024K), 1 survivors (1024K)
 Metaspace       used 14778K, committed 17280K, reserved 32768K
}
Event: 8312.736 GC heap before
{Heap before GC invocations=24 (full 0):
 garbage-first heap   total 131072K, used 108915K [0xc3200000, 0xe3200000)
  region size 1024K, 76 young (77824K), 1 survivors (1024K)
 Metaspace       used 14780K, committed 17280K, reserved 32768K
}
Event: 8312.738 GC heap after
{Heap after GC invocations=25 (full 0):
 garbage-first heap   total 131072K, used 32095K [0xc3200000, 0xe3200000)
  region size 1024K, 1 young (1024K), 1 survivors (1024K)
 Metaspace       used 14780K, committed 17280K, reserved 32768K
}
Event: 8878.468 GC heap before
{Heap before GC invocations=25 (full 0):
 garbage-first heap   total 131072K, used 108895K [0xc3200000, 0xe3200000)
  region size 1024K, 76 young (77824K), 1 survivors (1024K)
 Metaspace       used 15372K, committed 17856K, reserved 32768K
}
Event: 8878.469 GC heap after
{Heap after GC invocations=26 (full 0):
 garbage-first heap   total 131072K, used 32586K [0xc3200000, 0xe3200000)
  region size 1024K, 2 young (2048K), 2 survivors (2048K)
 Metaspace       used 15372K, committed 17856K, reserved 32768K
}
Event: 9384.619 GC heap before
{Heap before GC invocations=26 (full 0):
 garbage-first heap   total 131072K, used 108362K [0xc3200000, 0xe3200000)
  region size 1024K, 76 young (77824K), 2 survivors (2048K)
 Metaspace       used 15528K, committed 18048K, reserved 32768K
}
Event: 9384.621 GC heap after
{Heap after GC invocations=27 (full 0):
 garbage-first heap   total 131072K, used 32575K [0xc3200000, 0xe3200000)
  region size 1024K, 2 young (2048K), 2 survivors (2048K)
 Metaspace       used 15528K, committed 18048K, reserved 32768K
}
Event: 10616.755 GC heap before
{Heap before GC invocations=27 (full 0):
 garbage-first heap   total 131072K, used 108351K [0xc3200000, 0xe3200000)
  region size 1024K, 76 young (77824K), 2 survivors (2048K)
 Metaspace       used 15536K, committed 18048K, reserved 32768K
}
Event: 10616.757 GC heap after
{Heap after GC invocations=28 (full 0):
 garbage-first heap   total 131072K, used 32587K [0xc3200000, 0xe3200000)
  region size 1024K, 2 young (2048K), 2 survivors (2048K)
 Metaspace       used 15536K, committed 18048K, reserved 32768K
}

Dll operation events (4 events):
Event: 0.003 Loaded shared library /usr/lib/jvm/zulu17.66.19-ca-fx-jdk17.0.19-linux_i686/lib/libjava.so
Event: 9.852 Loaded shared library /usr/lib/jvm/zulu17.66.19-ca-fx-jdk17.0.19-linux_i686/lib/libnio.so
Event: 9.853 Loaded shared library /usr/lib/jvm/zulu17.66.19-ca-fx-jdk17.0.19-linux_i686/lib/libjimage.so
Event: 9.853 Loaded shared library /usr/lib/jvm/zulu17.66.19-ca-fx-jdk17.0.19-linux_i686/lib/libnet.so

Deoptimization events (20 events):
Event: 8936.939 Thread 0x5b75b7a0 DEOPT PACKING pc=0xe36a325f sp=0xffaa5c50
Event: 8936.939 Thread 0x5b75b7a0 DEOPT UNPACKING pc=0xeaaa1171 sp=0xffaa5b04 mode 0
Event: 8936.940 Thread 0x5b75b7a0 DEOPT PACKING pc=0xe36a325f sp=0xffaa5bf0
Event: 8936.940 Thread 0x5b75b7a0 DEOPT UNPACKING pc=0xeaaa1171 sp=0xffaa5aa4 mode 0
Event: 8936.940 Thread 0x5b75b7a0 DEOPT PACKING pc=0xe36a325f sp=0xffaa5c50
Event: 8936.940 Thread 0x5b75b7a0 DEOPT UNPACKING pc=0xeaaa1171 sp=0xffaa5b04 mode 0
Event: 10636.013 Thread 0x5b75b7a0 DEOPT PACKING pc=0xe36259dc sp=0xffaa7c70
Event: 10636.013 Thread 0x5b75b7a0 DEOPT UNPACKING pc=0xeaaa1171 sp=0xffaa7b08 mode 0
Event: 10636.052 Thread 0x5b75b7a0 Uncommon trap: trap_request=0xffffff45 fr.pc=0xeb0d9d6c relative=0x000024ac
Event: 10636.052 Thread 0x5b75b7a0 Uncommon trap: reason=unstable_if action=reinterpret pc=0xeb0d9d6c method=script.script_entry.runScript(Ljava/lang/String;Ljava/lang/String;[Ljava/lang/Object;)I @ 619 c2
Event: 10636.052 Thread 0x5b75b7a0 DEOPT PACKING pc=0xeb0d9d6c sp=0xffaa71f0
Event: 10636.052 Thread 0x5b75b7a0 DEOPT UNPACKING pc=0xeaaa1d33 sp=0xffaa71d0 mode 2
Event: 10636.127 Thread 0x5b75b7a0 Uncommon trap: trap_request=0xffffff45 fr.pc=0xeb115608 relative=0x00000068
Event: 10636.127 Thread 0x5b75b7a0 Uncommon trap: reason=unstable_if action=reinterpret pc=0xeb115608 method=script.library.jedi.isLightsaber(I)Z @ 1 c2
Event: 10636.127 Thread 0x5b75b7a0 DEOPT PACKING pc=0xeb115608 sp=0xffaa77e0
Event: 10636.127 Thread 0x5b75b7a0 DEOPT UNPACKING pc=0xeaaa1d33 sp=0xffaa778c mode 2
Event: 10636.144 Thread 0x5b75b7a0 Uncommon trap: trap_request=0xffffff45 fr.pc=0xeb06fce4 relative=0x00000044
Event: 10636.144 Thread 0x5b75b7a0 Uncommon trap: reason=unstable_if action=reinterpret pc=0xeb06fce4 method=script.library.jedi.isLightsaber(I)Z @ 1 c2
Event: 10636.144 Thread 0x5b75b7a0 DEOPT PACKING pc=0xeb06fce4 sp=0xffaa7720
Event: 10636.144 Thread 0x5b75b7a0 DEOPT UNPACKING pc=0xeaaa1d33 sp=0xffaa76e8 mode 2

Classes loaded (20 events):
Event: 8842.783 Loading class java/lang/constant/MethodTypeDescImpl
Event: 8842.783 Loading class java/lang/constant/MethodTypeDescImpl done
Event: 8842.783 Loading class java/lang/constant/MethodHandleDesc
Event: 8842.783 Loading class java/lang/constant/MethodHandleDesc done
Event: 8842.783 Loading class java/lang/constant/MethodHandleDesc$1
Event: 8842.783 Loading class java/lang/constant/MethodHandleDesc$1 done
Event: 8842.783 Loading class java/lang/constant/DirectMethodHandleDescImpl
Event: 8842.784 Loading class java/lang/constant/DirectMethodHandleDesc
Event: 8842.784 Loading class java/lang/constant/DirectMethodHandleDesc done
Event: 8842.784 Loading class java/lang/constant/DirectMethodHandleDescImpl done
Event: 8842.784 Loading class java/lang/constant/DirectMethodHandleDescImpl$1
Event: 8842.784 Loading class java/lang/constant/DirectMethodHandleDescImpl$1 done
Event: 8842.784 Loading class java/lang/constant/DirectMethodHandleDesc$1
Event: 8842.784 Loading class java/lang/constant/DirectMethodHandleDesc$1 done
Event: 8842.784 Loading class java/lang/constant/PrimitiveClassDescImpl
Event: 8842.784 Loading class java/lang/constant/DynamicConstantDesc
Event: 8842.784 Loading class java/lang/constant/DynamicConstantDesc done
Event: 8842.784 Loading class java/lang/constant/PrimitiveClassDescImpl done
Event: 8842.784 Loading class java/lang/constant/DynamicConstantDesc$AnonymousDynamicConstantDesc
Event: 8842.784 Loading class java/lang/constant/DynamicConstantDesc$AnonymousDynamicConstantDesc done

Classes unloaded (20 events):
Event: 1735.064 Thread 0xc18e0be0 Unloading class 0xbf555380 'java/lang/invoke/LambdaForm$MH+0xbf555380'
Event: 1735.064 Thread 0xc18e0be0 Unloading class 0xbf554b58 'java/lang/invoke/LambdaForm$MH+0xbf554b58'
Event: 1735.064 Thread 0xc18e0be0 Unloading class 0xbf554320 'java/lang/invoke/LambdaForm$MH+0xbf554320'
Event: 1735.064 Thread 0xc18e0be0 Unloading class 0xbf553af8 'java/lang/invoke/LambdaForm$MH+0xbf553af8'
Event: 1735.064 Thread 0xc18e0be0 Unloading class 0xbf5532d0 'java/lang/invoke/LambdaForm$MH+0xbf5532d0'
Event: 1735.064 Thread 0xc18e0be0 Unloading class 0xbf552aa8 'java/lang/invoke/LambdaForm$MH+0xbf552aa8'
Event: 1735.064 Thread 0xc18e0be0 Unloading class 0xbf552270 'java/lang/invoke/LambdaForm$MH+0xbf552270'
Event: 1735.064 Thread 0xc18e0be0 Unloading class 0xbf54f438 'java/lang/invoke/LambdaForm$MH+0xbf54f438'
Event: 1735.064 Thread 0xc18e0be0 Unloading class 0xbf54ec10 'java/lang/invoke/LambdaForm$MH+0xbf54ec10'
Event: 1735.064 Thread 0xc18e0be0 Unloading class 0xbf54e3e8 'java/lang/invoke/LambdaForm$MH+0xbf54e3e8'
Event: 1735.064 Thread 0xc18e0be0 Unloading class 0xbf54dbc8 'java/lang/invoke/LambdaForm$MH+0xbf54dbc8'
Event: 1735.064 Thread 0xc18e0be0 Unloading class 0xbf54d3a0 'java/lang/invoke/LambdaForm$MH+0xbf54d3a0'
Event: 1735.064 Thread 0xc18e0be0 Unloading class 0xbf54cb70 'java/lang/invoke/LambdaForm$MH+0xbf54cb70'
Event: 1735.064 Thread 0xc18e0be0 Unloading class 0xbf54c338 'java/lang/invoke/LambdaForm$MH+0xbf54c338'
Event: 1735.064 Thread 0xc18e0be0 Unloading class 0xbf54bb18 'java/lang/invoke/LambdaForm$MH+0xbf54bb18'
Event: 1735.064 Thread 0xc18e0be0 Unloading class 0xbf54b2f8 'java/lang/invoke/LambdaForm$MH+0xbf54b2f8'
Event: 1735.064 Thread 0xc18e0be0 Unloading class 0xbf54aad0 'java/lang/invoke/LambdaForm$MH+0xbf54aad0'
Event: 1735.064 Thread 0xc18e0be0 Unloading class 0xbf54a2a8 'java/lang/invoke/LambdaForm$MH+0xbf54a2a8'
Event: 1735.064 Thread 0xc18e0be0 Unloading class 0xbf549a70 'java/lang/invoke/LambdaForm$MH+0xbf549a70'
Event: 1735.064 Thread 0xc18e0be0 Unloading class 0xbf501c08 'jdk/internal/reflect/GeneratedSerializationConstructorAccessor2'

Classes redefined (0 events):
No events

Internal exceptions (20 events):
Event: 56.776 Thread 0x5b75b7a0 Exception <a 'java/lang/NoSuchMethodError'{0xc7c2b250}: 'java.lang.Object java.lang.invoke.DirectMethodHandle$Holder.invokeSpecial(java.lang.Object, java.lang.Object, java.lang.Object, java.lang.Object, int, java.lang.Object)'> (0xc7c2b250) 
thrown [src/hotspot/share/interpreter/linkResolver.cpp, line 759]
Event: 56.777 Thread 0x5b75b7a0 Exception <a 'java/lang/NoSuchMethodError'{0xc7c2e8b0}: 'java.lang.Object java.lang.invoke.Invokers$Holder.linkToTargetMethod(java.lang.Object, java.lang.Object, int, java.lang.Object, java.lang.Object)'> (0xc7c2e8b0) 
thrown [src/hotspot/share/interpreter/linkResolver.cpp, line 759]
Event: 56.780 Thread 0x5b75b7a0 Exception <a 'java/lang/NoSuchMethodError'{0xc7c71410}: 'java.lang.Object java.lang.invoke.DirectMethodHandle$Holder.invokeSpecial(java.lang.Object, java.lang.Object, long, java.lang.Object, java.lang.Object, java.lang.Object, int, java.lang.Object, java.lang.Object)'> (0xc7c71410) 
thrown [src/hotspot/share/interpreter/linkResolver.cpp, line 759]
Event: 56.780 Thread 0x5b75b7a0 Exception <a 'java/lang/NoSuchMethodError'{0xc7c75710}: 'java.lang.Object java.lang.invoke.DelegatingMethodHandle$Holder.reinvoke_L(java.lang.Object, long, java.lang.Object, java.lang.Object, java.lang.Object, int, java.lang.Object, java.lang.Object)'> (0xc7c75710) 
thrown [src/hotspot/share/interpreter/linkResolver.cpp, line 759]
Event: 56.850 Thread 0x5b75b7a0 Exception <a 'java/lang/NoSuchMethodError'{0xc7a5ff10}: 'java.lang.Object java.lang.invoke.DirectMethodHandle$Holder.invokeSpecial(java.lang.Object, java.lang.Object, java.lang.Object, java.lang.Object, java.lang.Object, int)'> (0xc7a5ff10) 
thrown [src/hotspot/share/interpreter/linkResolver.cpp, line 759]
Event: 56.850 Thread 0x5b75b7a0 Exception <a 'java/lang/NoSuchMethodError'{0xc7a63348}: 'java.lang.Object java.lang.invoke.Invokers$Holder.linkToTargetMethod(java.lang.Object, java.lang.Object, java.lang.Object, int, java.lang.Object)'> (0xc7a63348) 
thrown [src/hotspot/share/interpreter/linkResolver.cpp, line 759]
Event: 70.671 Thread 0x5b75b7a0 Exception <a 'java/lang/NoSuchMethodError'{0xc6ffa998}: 'java.lang.Object java.lang.invoke.DirectMethodHandle$Holder.invokeSpecial(java.lang.Object, java.lang.Object, long, java.lang.Object)'> (0xc6ffa998) 
thrown [src/hotspot/share/interpreter/linkResolver.cpp, line 759]
Event: 650.602 Thread 0x5b75b7a0 Exception <a 'java/lang/NoSuchMethodError'{0xc73808b0}: 'java.lang.Object java.lang.invoke.DirectMethodHandle$Holder.invokeSpecial(java.lang.Object, java.lang.Object, java.lang.Object, int, java.lang.Object)'> (0xc73808b0) 
thrown [src/hotspot/share/interpreter/linkResolver.cpp, line 759]
Event: 1737.731 Thread 0x5b75b7a0 Implicit null exception at 0xeb0eb2ef to 0xeb0ebe94
Event: 1737.731 Thread 0x5b75b7a0 Implicit null exception at 0xeb080c33 to 0xeb081490
Event: 3417.548 Thread 0x5b75b7a0 Exception <a 'java/lang/NoSuchMethodError'{0xc70a9be0}: 'java.lang.Object java.lang.invoke.DelegatingMethodHandle$Holder.reinvoke_L(java.lang.Object, long, java.lang.Object, java.lang.Object, java.lang.Object, java.lang.Object, java.lang.Object, java.lang.Object)'> (0xc70a9be0) 
thrown [src/hotspot/share/interpreter/linkResolver.cpp, line 759]
Event: 3417.548 Thread 0x5b75b7a0 Exception <a 'java/lang/NoSuchMethodError'{0xc70b5378}: 'java.lang.Object java.lang.invoke.Invokers$Holder.linkToTargetMethod(java.lang.Object, java.lang.Object, java.lang.Object, java.lang.Object, java.lang.Object, java.lang.Object, java.lang.Object)'> (0xc70b5378) 
thrown [src/hotspot/share/interpreter/linkResolver.cpp, line 759]
Event: 3592.996 Thread 0x5b75b7a0 Exception <a 'java/lang/NoSuchMethodError'{0xcaa702b0}: 'java.lang.Object java.lang.invoke.DirectMethodHandle$Holder.invokeSpecial(java.lang.Object, java.lang.Object, long, int, java.lang.Object, java.lang.Object, int, java.lang.Object, int, int, java.lang.Object, int)'> (0xcaa702b0) 
thrown [src/hotspot/share/interpreter/linkResolver.cpp, line 759]
Event: 3592.996 Thread 0x5b75b7a0 Exception <a 'java/lang/NoSuchMethodError'{0xcaa73e48}: 'java.lang.Object java.lang.invoke.DelegatingMethodHandle$Holder.reinvoke_L(java.lang.Object, long, int, java.lang.Object, java.lang.Object, int, java.lang.Object, int, int, java.lang.Object, int)'> (0xcaa73e48) 
thrown [src/hotspot/share/interpreter/linkResolver.cpp, line 759]
Event: 3593.016 Thread 0x5b75b7a0 Exception <a 'java/lang/NoSuchMethodError'{0xcaaf0370}: 'java.lang.Object java.lang.invoke.DirectMethodHandle$Holder.invokeSpecial(java.lang.Object, java.lang.Object, long, int, java.lang.Object, java.lang.Object, int, int, java.lang.Object, int, java.lang.Object)'> (0xcaaf0370) 
thrown [src/hotspot/share/interpreter/linkResolver.cpp, line 759]
Event: 3593.016 Thread 0x5b75b7a0 Exception <a 'java/lang/NoSuchMethodError'{0xcaaf3ec8}: 'java.lang.Object java.lang.invoke.DelegatingMethodHandle$Holder.reinvoke_L(java.lang.Object, long, int, java.lang.Object, java.lang.Object, int, int, java.lang.Object, int, java.lang.Object)'> (0xcaaf3ec8) 
thrown [src/hotspot/share/interpreter/linkResolver.cpp, line 759]
Event: 8809.655 Thread 0x5b75b7a0 Implicit null exception at 0xeb1b48f6 to 0xeb1b70a4
Event: 8842.769 Thread 0x5b75b7a0 Exception <a 'java/lang/NoSuchMethodError'{0xc7527fc0}: static [I.<clinit>()V> (0xc7527fc0) 
thrown [src/hotspot/share/prims/jni.cpp, line 1112]
Event: 10636.052 Thread 0x5b75b7a0 Implicit null exception at 0xeb0d7ed4 to 0xeb0d9d4c
Event: 10636.120 Thread 0x5b75b7a0 Exception <a 'java/lang/NoSuchMethodError'{0xca56b8e8}: 'java.lang.Object java.lang.invoke.DirectMethodHandle$Holder.invokeSpecial(java.lang.Object, java.lang.Object, int, java.lang.Object, java.lang.Object)'> (0xca56b8e8) 
thrown [src/hotspot/share/interpreter/linkResolver.cpp, line 759]

VM Operations (20 events):
Event: 8843.781 Executing VM operation: Cleanup
Event: 8843.781 Executing VM operation: Cleanup done
Event: 8878.467 Executing VM operation: G1CollectForAllocation
Event: 8878.469 Executing VM operation: G1CollectForAllocation done
Event: 8903.470 Executing VM operation: Cleanup
Event: 8903.470 Executing VM operation: Cleanup done
Event: 8937.472 Executing VM operation: Cleanup
Event: 8937.472 Executing VM operation: Cleanup done
Event: 8952.473 Executing VM operation: Cleanup
Event: 8952.473 Executing VM operation: Cleanup done
Event: 9116.483 Executing VM operation: Cleanup
Event: 9116.483 Executing VM operation: Cleanup done
Event: 9384.619 Executing VM operation: G1CollectForAllocation
Event: 9384.621 Executing VM operation: G1CollectForAllocation done
Event: 10395.679 Executing VM operation: Cleanup
Event: 10395.679 Executing VM operation: Cleanup done
Event: 10616.755 Executing VM operation: G1CollectForAllocation
Event: 10616.757 Executing VM operation: G1CollectForAllocation done
Event: 10636.758 Executing VM operation: Cleanup
Event: 10636.758 Executing VM operation: Cleanup done

Memory protections (16 events):
Event: 0.002 Protecting memory [0xf3776000,0xf377a000] with protection modes 0
Event: 0.098 Protecting memory [0xc0940000,0xc0944000] with protection modes 0
Event: 0.119 Protecting memory [0xc0740000,0xc0744000] with protection modes 0
Event: 0.128 Protecting memory [0xc00c6000,0xc00ca000] with protection modes 0
Event: 0.157 Protecting memory [0xc0005000,0xc0009000] with protection modes 0
Event: 0.168 Protecting memory [0xbed40000,0xbed44000] with protection modes 0
Event: 0.179 Protecting memory [0xc0b2a000,0xc0b2e000] with protection modes 0
Event: 0.195 Protecting memory [0xbeb80000,0xbeb84000] with protection modes 0
Event: 0.209 Protecting memory [0xbe840000,0xbe844000] with protection modes 0
Event: 0.237 Protecting memory [0xbe640000,0xbe644000] with protection modes 0
Event: 0.289 Protecting memory [0xff9eb000,0xff9ef000] with protection modes 0
Event: 0.299 Protecting memory [0xbe140000,0xbe144000] with protection modes 0
Event: 0.313 Protecting memory [0xbdf40000,0xbdf44000] with protection modes 0
Event: 9.964 Protecting memory [0xbdb7e000,0xbdb82000] with protection modes 0
Event: 23.537 Protecting memory [0xbb280000,0xbb284000] with protection modes 0
Event: 56.796 Protecting memory [0xbaf80000,0xbaf84000] with protection modes 0

Nmethod flushes (20 events):
Event: 8842.784 Thread 0xc18ed530 flushing  nmethod 0xe3ac1608
Event: 8842.784 Thread 0xc18ed530 flushing  nmethod 0xe3ae8e88
Event: 8842.784 Thread 0xc18ed530 flushing  nmethod 0xe3ae9288
Event: 8842.784 Thread 0xc18ed530 flushing  nmethod 0xe3ae9888
Event: 8842.784 Thread 0xc18ed530 flushing  nmethod 0xe3aea308
Event: 8842.784 Thread 0xc18ed530 flushing  nmethod 0xe3af2488
Event: 8842.784 Thread 0xc18ed530 flushing  nmethod 0xe3af5008
Event: 8842.784 Thread 0xc18ed530 flushing  nmethod 0xe3af5b88
Event: 8842.784 Thread 0xc18ed530 flushing  nmethod 0xe3af8988
Event: 8842.784 Thread 0xc18ed530 flushing  nmethod 0xe3afc308
Event: 8842.784 Thread 0xc18ed530 flushing  nmethod 0xe3afc988
Event: 8842.784 Thread 0xc18ed530 flushing  nmethod 0xe3afff08
Event: 8842.784 Thread 0xc18ed530 flushing  nmethod 0xe3b02808
Event: 8842.784 Thread 0xc18ed530 flushing  nmethod 0xe3b0d588
Event: 8842.784 Thread 0xc18ed530 flushing  nmethod 0xe3b17388
Event: 8842.784 Thread 0xc18ed530 flushing  nmethod 0xe3b1c088
Event: 8842.784 Thread 0xc18ed530 flushing  nmethod 0xe3b20408
Event: 8842.784 Thread 0xc18ed530 flushing  nmethod 0xe3b44c08
Event: 8842.784 Thread 0xc18ed530 flushing  nmethod 0xe3b87e08
Event: 8842.784 Thread 0xc18ed530 flushing  nmethod 0xe3b92688

Events (20 events):
Event: 0.117 Thread 0xf3629a00 Thread added: 0xc18e4060
Event: 0.126 Thread 0xf3629a00 Thread added: 0xc18e7f70
Event: 0.157 Thread 0xf3629a00 Thread added: 0xc18e8fd0
Event: 0.168 Thread 0xf3629a00 Thread added: 0xc18e9ff0
Event: 0.179 Thread 0xf3629a00 Thread added: 0xc18eb3a0
Event: 0.194 Thread 0xf3629a00 Thread added: 0xc18ec4d0
Event: 0.208 Thread 0xf3629a00 Thread added: 0xc18ed530
Event: 0.237 Thread 0xf3629a00 Thread added: 0xbe5246a0
Event: 0.289 Thread 0x5b75b7a0 Thread added: 0x5b75b7a0
Event: 0.299 Thread 0x5b75b7a0 Thread added: 0x5b75c9e0
Event: 0.312 Thread 0x5b75b7a0 Thread added: 0x5b7632d0
Event: 9.963 Thread 0xc18ec4d0 Thread added: 0xbda1a810
Event: 10.588 Thread 0xbda1a810 Thread exited: 0xbda1a810
Event: 23.537 Thread 0xc18ec4d0 Thread added: 0xbe96cd80
Event: 24.344 Thread 0xbe96cd80 Thread exited: 0xbe96cd80
Event: 56.796 Thread 0xc18ec4d0 Thread added: 0xbaaa4d50
Event: 58.015 Thread 0xbaaa4d50 Thread exited: 0xbaaa4d50
Event: 10752.380 Thread 0x5b75b7a0 Thread exited: 0x5b75b7a0
Event: 10752.387 Thread 0xf3629a00 Before exit entered
Event: 10752.389 Thread 0xf3629a00 Thread exited: 0xf3629a00


Dynamic libraries:
565d3000-576a0000 r--p 00000000 09:04 24778802                           /home/swg/swg-main/build/bin/SwgGameServer
576a0000-58543000 r-xp 010cd000 09:04 24778802                           /home/swg/swg-main/build/bin/SwgGameServer
58543000-58c2a000 r--p 01f70000 09:04 24778802                           /home/swg/swg-main/build/bin/SwgGameServer
58c2a000-58c51000 rw-p 02656000 09:04 24778802                           /home/swg/swg-main/build/bin/SwgGameServer
58c51000-594d4000 rw-p 00000000 00:00 0 
5a07e000-79041000 rw-p 00000000 00:00 0                                  [heap]
b8000000-b8440000 rw-p 00000000 00:00 0 
b8440000-b9000000 ---p 00000000 00:00 0 
b9200000-b9233000 rw-p 00000000 00:00 0 
b9233000-b9300000 ---p 00000000 00:00 0 
b9400000-b94ff000 rw-p 00000000 00:00 0 
b94ff000-b9500000 ---p 00000000 00:00 0 
b9500000-b954c000 rw-p 00000000 00:00 0 
b954c000-b9600000 ---p 00000000 00:00 0 
b9600000-b96f9000 rw-p 00000000 00:00 0 
b96f9000-b9700000 ---p 00000000 00:00 0 
b9700000-b97fb000 rw-p 00000000 00:00 0 
b97fb000-b9800000 ---p 00000000 00:00 0 
b9800000-b98f9000 rw-p 00000000 00:00 0 
b98f9000-b9900000 ---p 00000000 00:00 0 
b9900000-b99f9000 rw-p 00000000 00:00 0 
b99f9000-b9a00000 ---p 00000000 00:00 0 
b9a00000-b9af9000 rw-p 00000000 00:00 0 
b9af9000-b9b00000 ---p 00000000 00:00 0 
b9b00000-b9c00000 rw-p 00000000 00:00 0 
b9d7f000-b9d80000 ---p 00000000 00:00 0 
b9d80000-b9e00000 rw-p 00000000 00:00 0 
b9e00000-b9efd000 rw-p 00000000 00:00 0 
b9efd000-b9f00000 ---p 00000000 00:00 0 
b9f00000-b9ffb000 rw-p 00000000 00:00 0 
b9ffb000-ba000000 ---p 00000000 00:00 0 
ba000000-ba0f9000 rw-p 00000000 00:00 0 
ba0f9000-ba100000 ---p 00000000 00:00 0 
ba100000-ba1e9000 rw-p 00000000 00:00 0 
ba1e9000-ba200000 ---p 00000000 00:00 0 
ba200000-ba2f9000 rw-p 00000000 00:00 0 
ba2f9000-ba300000 ---p 00000000 00:00 0 
ba700000-ba7f9000 rw-p 00000000 00:00 0 
ba7f9000-ba800000 ---p 00000000 00:00 0 
ba800000-ba8f9000 rw-p 00000000 00:00 0 
ba8f9000-ba900000 ---p 00000000 00:00 0 
baa00000-baaf9000 rw-p 00000000 00:00 0 
baaf9000-bab00000 ---p 00000000 00:00 0 
bab00000-babfb000 rw-p 00000000 00:00 0 
babfb000-bac00000 ---p 00000000 00:00 0 
bac00000-bacf9000 rw-p 00000000 00:00 0 
bacf9000-bad00000 ---p 00000000 00:00 0 
bad00000-badf9000 rw-p 00000000 00:00 0 
badf9000-bae00000 ---p 00000000 00:00 0 
bae00000-baed1000 rw-p 00000000 00:00 0 
baed1000-baf00000 ---p 00000000 00:00 0 
baf7f000-baf80000 ---p 00000000 00:00 0 
baf80000-baf84000 ---p 00000000 00:00 0 
baf84000-bb000000 rw-p 00000000 00:00 0 
bb000000-bb0f7000 rw-p 00000000 00:00 0 
bb0f7000-bb100000 ---p 00000000 00:00 0 
bb100000-bb1f9000 rw-p 00000000 00:00 0 
bb1f9000-bb200000 ---p 00000000 00:00 0 
bb27f000-bb280000 ---p 00000000 00:00 0 
bb280000-bb284000 ---p 00000000 00:00 0 
bb284000-bb300000 rw-p 00000000 00:00 0 
bb300000-bb3f9000 rw-p 00000000 00:00 0 
bb3f9000-bb400000 ---p 00000000 00:00 0 
bb400000-bb4f9000 rw-p 00000000 00:00 0 
bb4f9000-bb500000 ---p 00000000 00:00 0 
bb500000-bb5f9000 rw-p 00000000 00:00 0 
bb5f9000-bb600000 ---p 00000000 00:00 0 
bb600000-bb6fd000 rw-p 00000000 00:00 0 
bb6fd000-bb700000 ---p 00000000 00:00 0 
bb700000-bb721000 rw-p 00000000 00:00 0 
bb721000-bb800000 ---p 00000000 00:00 0 
bb87f000-bb880000 ---p 00000000 00:00 0 
bb880000-bb900000 rw-p 00000000 00:00 0 
bb900000-bb921000 rw-p 00000000 00:00 0 
bb921000-bba00000 ---p 00000000 00:00 0 
bba7f000-bba80000 ---p 00000000 00:00 0 
bba80000-bbb00000 rw-p 00000000 00:00 0 
bbb00000-bbb21000 rw-p 00000000 00:00 0 
bbb21000-bbc00000 ---p 00000000 00:00 0 
bbc7f000-bbc80000 ---p 00000000 00:00 0 
bbc80000-bbd00000 rw-p 00000000 00:00 0 
bbd00000-bbd21000 rw-p 00000000 00:00 0 
bbd21000-bbe00000 ---p 00000000 00:00 0 
bbe7f000-bbe80000 ---p 00000000 00:00 0 
bbe80000-bbf00000 rw-p 00000000 00:00 0 
bbf00000-bbf21000 rw-p 00000000 00:00 0 
bbf21000-bc000000 ---p 00000000 00:00 0 
bc07f000-bc080000 ---p 00000000 00:00 0 
bc080000-bc100000 rw-p 00000000 00:00 0 
bc100000-bc121000 rw-p 00000000 00:00 0 
bc121000-bc200000 ---p 00000000 00:00 0 
bc200000-bc221000 rw-p 00000000 00:00 0 
bc221000-bc300000 ---p 00000000 00:00 0 
bc300000-bc321000 rw-p 00000000 00:00 0 
bc321000-bc400000 ---p 00000000 00:00 0 
bc400000-bc421000 rw-p 00000000 00:00 0 
bc421000-bc500000 ---p 00000000 00:00 0 
bc500000-bc5ff000 rw-p 00000000 00:00 0 
bc5ff000-bc600000 ---p 00000000 00:00 0 
bc600000-bc621000 rw-p 00000000 00:00 0 
bc621000-bc700000 ---p 00000000 00:00 0 
bc700000-bc7fc000 rw-p 00000000 00:00 0 
bc7fc000-bc800000 ---p 00000000 00:00 0 
bc809000-bc80a000 ---p 00000000 00:00 0 
bc80a000-bc88a000 rw-p 00000000 00:00 0 
bcefe000-bceff000 ---p 00000000 00:00 0 
bceff000-bcf7f000 rw-p 00000000 00:00 0 
bcf7f000-bcf80000 ---p 00000000 00:00 0 
bcf80000-bd000000 rw-p 00000000 00:00 0 
bd000000-bd0ff000 rw-p 00000000 00:00 0 
bd0ff000-bd100000 ---p 00000000 00:00 0 
bd100000-bd1fc000 rw-p 00000000 00:00 0 
bd1fc000-bd200000 ---p 00000000 00:00 0 
bd200000-bd2eb000 rw-p 00000000 00:00 0 
bd2eb000-bd300000 ---p 00000000 00:00 0 
bd37f000-bd380000 ---p 00000000 00:00 0 
bd380000-bd400000 rw-p 00000000 00:00 0 
bd400000-bd421000 rw-p 00000000 00:00 0 
bd421000-bd500000 ---p 00000000 00:00 0 
bd89d000-bd89e000 ---p 00000000 00:00 0 
bd89e000-bd91e000 rw-p 00000000 00:00 0 
bda00000-bdafc000 rw-p 00000000 00:00 0 
bdafc000-bdb00000 ---p 00000000 00:00 0 
bdb7d000-bdb7e000 ---p 00000000 00:00 0 
bdb7e000-bdb82000 ---p 00000000 00:00 0 
bdb82000-bdbfe000 rw-p 00000000 00:00 0 
bde00000-bde21000 rw-p 00000000 00:00 0 
bde21000-bdf00000 ---p 00000000 00:00 0 
bdf3f000-bdf40000 ---p 00000000 00:00 0 
bdf40000-bdf44000 ---p 00000000 00:00 0 
bdf44000-be000000 rw-p 00000000 00:00 0 
be000000-be021000 rw-p 00000000 00:00 0 
be021000-be100000 ---p 00000000 00:00 0 
be13f000-be140000 ---p 00000000 00:00 0 
be140000-be144000 ---p 00000000 00:00 0 
be144000-be200000 rw-p 00000000 00:00 0 
be200000-be221000 rw-p 00000000 00:00 0 
be221000-be300000 ---p 00000000 00:00 0 
be37f000-be380000 ---p 00000000 00:00 0 
be380000-be400000 rw-p 00000000 00:00 0 
be400000-be421000 rw-p 00000000 00:00 0 
be421000-be500000 ---p 00000000 00:00 0 
be500000-be528000 rw-p 00000000 00:00 0 
be528000-be600000 ---p 00000000 00:00 0 
be63f000-be640000 ---p 00000000 00:00 0 
be640000-be644000 ---p 00000000 00:00 0 
be644000-be700000 rw-p 00000000 00:00 0 
be700000-be721000 rw-p 00000000 00:00 0 
be721000-be800000 ---p 00000000 00:00 0 
be83f000-be840000 ---p 00000000 00:00 0 
be840000-be844000 ---p 00000000 00:00 0 
be844000-be900000 rw-p 00000000 00:00 0 
be900000-be9f9000 rw-p 00000000 00:00 0 
be9f9000-bea00000 ---p 00000000 00:00 0 
bea00000-beaff000 rw-p 00000000 00:00 0 
beaff000-beb00000 ---p 00000000 00:00 0 
beb7f000-beb80000 ---p 00000000 00:00 0 
beb80000-beb84000 ---p 00000000 00:00 0 
beb84000-bec00000 rw-p 00000000 00:00 0 
bec00000-bec21000 rw-p 00000000 00:00 0 
bec21000-bed00000 ---p 00000000 00:00 0 
bed3f000-bed40000 ---p 00000000 00:00 0 
bed40000-bed44000 ---p 00000000 00:00 0 
bed44000-bee00000 rw-p 00000000 00:00 0 
bee00000-bee21000 rw-p 00000000 00:00 0 
bee21000-bef00000 ---p 00000000 00:00 0 
bef00000-bef21000 rw-p 00000000 00:00 0 
bef21000-bf000000 ---p 00000000 00:00 0 
bf000000-bf1e0000 rw-p 00000000 00:00 0 
bf1e0000-bf400000 ---p 00000000 00:00 0 
bf400000-c0000000 rw-p 00000000 00:00 0 
c0004000-c0005000 ---p 00000000 00:00 0 
c0005000-c0009000 ---p 00000000 00:00 0 
c0009000-c00c5000 rw-p 00000000 00:00 0 
c00c5000-c00c6000 ---p 00000000 00:00 0 
c00c6000-c00ca000 ---p 00000000 00:00 0 
c00ca000-c0186000 rw-p 00000000 00:00 0 
c0186000-c0400000 r--p 0006f000 09:04 15752678                           /usr/lib/locale/locale-archive
c0400000-c0600000 r--p 00000000 09:04 15752678                           /usr/lib/locale/locale-archive
c0600000-c0621000 rw-p 00000000 00:00 0 
c0621000-c0700000 ---p 00000000 00:00 0 
c073f000-c0740000 ---p 00000000 00:00 0 
c0740000-c0744000 ---p 00000000 00:00 0 
c0744000-c0800000 rw-p 00000000 00:00 0 
c0800000-c0821000 rw-p 00000000 00:00 0 
c0821000-c0900000 ---p 00000000 00:00 0 
c093f000-c0940000 ---p 00000000 00:00 0 
c0940000-c0944000 ---p 00000000 00:00 0 
c0944000-c0a00000 rw-p 00000000 00:00 0 
c0a00000-c0a21000 rw-p 00000000 00:00 0 
c0a21000-c0b00000 ---p 00000000 00:00 0 
c0b29000-c0b2a000 ---p 00000000 00:00 0 
c0b2a000-c0b2e000 ---p 00000000 00:00 0 
c0b2e000-c0baa000 rw-p 00000000 00:00 0 
c0baa000-c0bab000 ---p 00000000 00:00 0 
c0bab000-c0c2b000 rw-p 00000000 00:00 0 
c0c2b000-c1500000 rw-p 00001000 09:04 15886960                           /usr/lib/jvm/zulu17.66.19-ca-fx-jdk17.0.19-linux_i686/lib/server/classes.jsa
c1500000-c1521000 rw-p 00000000 00:00 0 
c1521000-c1600000 ---p 00000000 00:00 0 
c167f000-c1680000 ---p 00000000 00:00 0 
c1680000-c1700000 rw-p 00000000 00:00 0 
c1700000-c1721000 rw-p 00000000 00:00 0 
c1721000-c1800000 ---p 00000000 00:00 0 
c1800000-c1900000 rw-p 00000000 00:00 0 
c197f000-c1980000 ---p 00000000 00:00 0 
c1980000-c1a00000 rw-p 00000000 00:00 0 
c1a00000-c1a21000 rw-p 00000000 00:00 0 
c1a21000-c1b00000 ---p 00000000 00:00 0 
c1b7f000-c1b80000 ---p 00000000 00:00 0 
c1b80000-c1c00000 rw-p 00000000 00:00 0 
c1c00000-c1c21000 rw-p 00000000 00:00 0 
c1c21000-c1d00000 ---p 00000000 00:00 0 
c1d7f000-c1d80000 ---p 00000000 00:00 0 
c1d80000-c1e00000 rw-p 00000000 00:00 0 
c1e00000-c1e21000 rw-p 00000000 00:00 0 
c1e21000-c1f00000 ---p 00000000 00:00 0 
c1f7f000-c1f80000 ---p 00000000 00:00 0 
c1f80000-c2200000 rw-p 00000000 00:00 0 
c2200000-c2800000 ---p 00000000 00:00 0 
c2800000-c2a00000 rw-p 00000000 00:00 0 
c2a00000-c3000000 ---p 00000000 00:00 0 
c3000000-c3040000 rw-p 00000000 00:00 0 
c3040000-c3100000 ---p 00000000 00:00 0 
c3100000-c3140000 rw-p 00000000 00:00 0 
c3140000-c3200000 ---p 00000000 00:00 0 
c3200000-cb200000 rw-p 00000000 00:00 0 
cb200000-e3200000 ---p 00000000 00:00 0 
e3200000-e3240000 rw-p 00000000 00:00 0 
e3240000-e3300000 ---p 00000000 00:00 0 
e3300000-e33fd000 rw-p 00000000 00:00 0 
e33fd000-e3400000 ---p 00000000 00:00 0 
e3412000-e3418000 rw-p 00000000 00:00 0 
e3418000-e34fd000 ---p 00000000 00:00 0 
e34fd000-e3bfd000 rwxp 00000000 00:00 0 
e3bfd000-eaa58000 ---p 00000000 00:00 0 
eaa58000-eac98000 rwxp 00000000 00:00 0 
eac98000-eafa2000 ---p 00000000 00:00 0 
eafa2000-eb22a000 rwxp 00000000 00:00 0 
eb22a000-f24fd000 ---p 00000000 00:00 0 
f24fd000-f26b7000 r--s 00000000 09:04 15886949                           /usr/lib/jvm/zulu17.66.19-ca-fx-jdk17.0.19-linux_i686/lib/modules
f26b7000-f3559000 r-xp 00000000 09:04 15886962                           /usr/lib/jvm/zulu17.66.19-ca-fx-jdk17.0.19-linux_i686/lib/server/libjvm.so
f3559000-f355a000 ---p 00ea2000 09:04 15886962                           /usr/lib/jvm/zulu17.66.19-ca-fx-jdk17.0.19-linux_i686/lib/server/libjvm.so
f355a000-f35af000 r--p 00ea2000 09:04 15886962                           /usr/lib/jvm/zulu17.66.19-ca-fx-jdk17.0.19-linux_i686/lib/server/libjvm.so
f35af000-f35d0000 rw-p 00ef7000 09:04 15886962                           /usr/lib/jvm/zulu17.66.19-ca-fx-jdk17.0.19-linux_i686/lib/server/libjvm.so
f35d0000-f3600000 rw-p 00000000 00:00 0 
f3600000-f36f2000 rw-p 00000000 00:00 0 
f36f2000-f3700000 ---p 00000000 00:00 0 
f3775000-f3776000 ---p 00000000 00:00 0 
f3776000-f377a000 ---p 00000000 00:00 0 
f377a000-f42ed000 rw-p 00000000 00:00 0 
f42ed000-f4302000 r-xp 00000000 09:04 15886936                           /usr/lib/jvm/zulu17.66.19-ca-fx-jdk17.0.19-linux_i686/lib/libnet.so
f4302000-f4303000 r--p 00014000 09:04 15886936                           /usr/lib/jvm/zulu17.66.19-ca-fx-jdk17.0.19-linux_i686/lib/libnet.so
f4303000-f4304000 rw-p 00015000 09:04 15886936                           /usr/lib/jvm/zulu17.66.19-ca-fx-jdk17.0.19-linux_i686/lib/libnet.so
f4304000-f4316000 r-xp 00000000 09:04 15886937                           /usr/lib/jvm/zulu17.66.19-ca-fx-jdk17.0.19-linux_i686/lib/libnio.so
f4316000-f4317000 ---p 00012000 09:04 15886937                           /usr/lib/jvm/zulu17.66.19-ca-fx-jdk17.0.19-linux_i686/lib/libnio.so
f4317000-f4318000 r--p 00012000 09:04 15886937                           /usr/lib/jvm/zulu17.66.19-ca-fx-jdk17.0.19-linux_i686/lib/libnio.so
f4318000-f4319000 rw-p 00013000 09:04 15886937                           /usr/lib/jvm/zulu17.66.19-ca-fx-jdk17.0.19-linux_i686/lib/libnio.so
f4319000-f4327000 rw-p 00000000 00:00 0 
f4327000-f4404000 ---p 00000000 00:00 0 
f462d000-f4634000 r--s 00000000 09:04 15884995                           /usr/lib/i386-linux-gnu/gconv/gconv-modules.cache
f4634000-f4682000 rw-p 00000000 00:00 0 
f4682000-f4688000 ---p 00000000 00:00 0 
f4688000-f46ab000 r-xp 00000000 09:04 15886917                           /usr/lib/jvm/zulu17.66.19-ca-fx-jdk17.0.19-linux_i686/lib/libjava.so
f46ab000-f46ac000 r--p 00022000 09:04 15886917                           /usr/lib/jvm/zulu17.66.19-ca-fx-jdk17.0.19-linux_i686/lib/libjava.so
f46ac000-f46ad000 rw-p 00023000 09:04 15886917                           /usr/lib/jvm/zulu17.66.19-ca-fx-jdk17.0.19-linux_i686/lib/libjava.so
f46ad000-f46c8000 r-xp 00000000 09:04 15886927                           /usr/lib/jvm/zulu17.66.19-ca-fx-jdk17.0.19-linux_i686/lib/libjimage.so
f46c8000-f46c9000 ---p 0001b000 09:04 15886927                           /usr/lib/jvm/zulu17.66.19-ca-fx-jdk17.0.19-linux_i686/lib/libjimage.so
f46c9000-f46ca000 r--p 0001b000 09:04 15886927                           /usr/lib/jvm/zulu17.66.19-ca-fx-jdk17.0.19-linux_i686/lib/libjimage.so
f46ca000-f46cb000 rw-p 0001c000 09:04 15886927                           /usr/lib/jvm/zulu17.66.19-ca-fx-jdk17.0.19-linux_i686/lib/libjimage.so
f46cb000-f46cc000 r--p 00000000 09:04 15884743                           /usr/lib/i386-linux-gnu/librt.so.1
f46cc000-f46cd000 r-xp 00001000 09:04 15884743                           /usr/lib/i386-linux-gnu/librt.so.1
f46cd000-f46ce000 r--p 00002000 09:04 15884743                           /usr/lib/i386-linux-gnu/librt.so.1
f46ce000-f46cf000 r--p 00002000 09:04 15884743                           /usr/lib/i386-linux-gnu/librt.so.1
f46cf000-f46d0000 rw-p 00003000 09:04 15884743                           /usr/lib/i386-linux-gnu/librt.so.1
f46d0000-f46d1000 r--p 00000000 09:04 15884741                           /usr/lib/i386-linux-gnu/libpthread.so.0
f46d1000-f46d2000 r-xp 00001000 09:04 15884741                           /usr/lib/i386-linux-gnu/libpthread.so.0
f46d2000-f46d3000 r--p 00002000 09:04 15884741                           /usr/lib/i386-linux-gnu/libpthread.so.0
f46d3000-f46d4000 r--p 00002000 09:04 15884741                           /usr/lib/i386-linux-gnu/libpthread.so.0
f46d4000-f46d5000 rw-p 00003000 09:04 15884741                           /usr/lib/i386-linux-gnu/libpthread.so.0
f46d5000-f46d6000 r--p 00000000 09:04 15884732                           /usr/lib/i386-linux-gnu/libdl.so.2
f46d6000-f46d7000 r-xp 00001000 09:04 15884732                           /usr/lib/i386-linux-gnu/libdl.so.2
f46d7000-f46d8000 r--p 00002000 09:04 15884732                           /usr/lib/i386-linux-gnu/libdl.so.2
f46d8000-f46d9000 r--p 00002000 09:04 15884732                           /usr/lib/i386-linux-gnu/libdl.so.2
f46d9000-f46da000 rw-p 00003000 09:04 15884732                           /usr/lib/i386-linux-gnu/libdl.so.2
f46da000-f46de000 rw-p 00000000 00:00 0 
f46de000-f46df000 r--p 00000000 09:04 15887541                           /usr/lib/i386-linux-gnu/libffi.so.8.1.2
f46df000-f46e4000 r-xp 00001000 09:04 15887541                           /usr/lib/i386-linux-gnu/libffi.so.8.1.2
f46e4000-f46e6000 r--p 00006000 09:04 15887541                           /usr/lib/i386-linux-gnu/libffi.so.8.1.2
f46e6000-f46e7000 r--p 00007000 09:04 15887541                           /usr/lib/i386-linux-gnu/libffi.so.8.1.2
f46e7000-f46e8000 rw-p 00008000 09:04 15887541                           /usr/lib/i386-linux-gnu/libffi.so.8.1.2
f46e8000-f46ea000 r--p 00000000 09:04 15884742                           /usr/lib/i386-linux-gnu/libresolv.so.2
f46ea000-f46f2000 r-xp 00002000 09:04 15884742                           /usr/lib/i386-linux-gnu/libresolv.so.2
f46f2000-f46f6000 r--p 0000a000 09:04 15884742                           /usr/lib/i386-linux-gnu/libresolv.so.2
f46f6000-f46f7000 r--p 0000d000 09:04 15884742                           /usr/lib/i386-linux-gnu/libresolv.so.2
f46f7000-f46f8000 rw-p 0000e000 09:04 15884742                           /usr/lib/i386-linux-gnu/libresolv.so.2
f46f8000-f46fa000 rw-p 00000000 00:00 0 
f46fa000-f46fc000 r--p 00000000 09:04 15885012                           /usr/lib/i386-linux-gnu/libkeyutils.so.1.10
f46fc000-f46fe000 r-xp 00002000 09:04 15885012                           /usr/lib/i386-linux-gnu/libkeyutils.so.1.10
f46fe000-f46ff000 r--p 00004000 09:04 15885012                           /usr/lib/i386-linux-gnu/libkeyutils.so.1.10
f46ff000-f4700000 r--p 00005000 09:04 15885012                           /usr/lib/i386-linux-gnu/libkeyutils.so.1.10
f4700000-f4701000 rw-p 00006000 09:04 15885012                           /usr/lib/i386-linux-gnu/libkeyutils.so.1.10
f4701000-f4703000 rw-p 00000000 00:00 0 
f4703000-f4705000 r--p 00000000 09:04 15887545                           /usr/lib/i386-linux-gnu/libtasn1.so.6.6.3
f4705000-f4711000 r-xp 00002000 09:04 15887545                           /usr/lib/i386-linux-gnu/libtasn1.so.6.6.3
f4711000-f4717000 r--p 0000e000 09:04 15887545                           /usr/lib/i386-linux-gnu/libtasn1.so.6.6.3
f4717000-f4718000 r--p 00014000 09:04 15887545                           /usr/lib/i386-linux-gnu/libtasn1.so.6.6.3
f4718000-f4719000 rw-p 00015000 09:04 15887545                           /usr/lib/i386-linux-gnu/libtasn1.so.6.6.3
f4719000-f4729000 r--p 00000000 09:04 15887543                           /usr/lib/i386-linux-gnu/libp11-kit.so.0.3.0
f4729000-f47d2000 r-xp 00010000 09:04 15887543                           /usr/lib/i386-linux-gnu/libp11-kit.so.0.3.0
f47d2000-f4863000 r--p 000b9000 09:04 15887543                           /usr/lib/i386-linux-gnu/libp11-kit.so.0.3.0
f4863000-f4869000 r--p 00149000 09:04 15887543                           /usr/lib/i386-linux-gnu/libp11-kit.so.0.3.0
f4869000-f486e000 rw-p 0014f000 09:04 15887543                           /usr/lib/i386-linux-gnu/libp11-kit.so.0.3.0
f486e000-f486f000 rw-p 00000000 00:00 0 
f486f000-f4870000 r--p 00000000 09:04 15887650                           /usr/lib/i386-linux-gnu/libicudata.so.72.1
f4870000-f4871000 r-xp 00001000 09:04 15887650                           /usr/lib/i386-linux-gnu/libicudata.so.72.1
f4871000-f663f000 r--p 00002000 09:04 15887650                           /usr/lib/i386-linux-gnu/libicudata.so.72.1
f663f000-f6640000 r--p 01dcf000 09:04 15887650                           /usr/lib/i386-linux-gnu/libicudata.so.72.1
f6640000-f6641000 rw-p 01dd0000 09:04 15887650                           /usr/lib/i386-linux-gnu/libicudata.so.72.1
f6641000-f6642000 r--p 00000000 09:04 15887529                           /usr/lib/i386-linux-gnu/libbrotlicommon.so.1.0.9
f6642000-f6643000 r-xp 00001000 09:04 15887529                           /usr/lib/i386-linux-gnu/libbrotlicommon.so.1.0.9
f6643000-f6662000 r--p 00002000 09:04 15887529                           /usr/lib/i386-linux-gnu/libbrotlicommon.so.1.0.9
f6662000-f6663000 r--p 00020000 09:04 15887529                           /usr/lib/i386-linux-gnu/libbrotlicommon.so.1.0.9
f6663000-f6664000 rw-p 00021000 09:04 15887529                           /usr/lib/i386-linux-gnu/libbrotlicommon.so.1.0.9
f6664000-f6666000 r--p 00000000 09:04 15887554                           /usr/lib/i386-linux-gnu/libsasl2.so.2.0.25
f6666000-f6678000 r-xp 00002000 09:04 15887554                           /usr/lib/i386-linux-gnu/libsasl2.so.2.0.25
f6678000-f6681000 r--p 00014000 09:04 15887554                           /usr/lib/i386-linux-gnu/libsasl2.so.2.0.25
f6681000-f6682000 r--p 0001c000 09:04 15887554                           /usr/lib/i386-linux-gnu/libsasl2.so.2.0.25
f6682000-f6683000 rw-p 0001d000 09:04 15887554                           /usr/lib/i386-linux-gnu/libsasl2.so.2.0.25
f6683000-f6686000 r--p 00000000 09:04 15885008                           /usr/lib/i386-linux-gnu/libkrb5support.so.0.1
f6686000-f668d000 r-xp 00003000 09:04 15885008                           /usr/lib/i386-linux-gnu/libkrb5support.so.0.1
f668d000-f6691000 r--p 0000a000 09:04 15885008                           /usr/lib/i386-linux-gnu/libkrb5support.so.0.1
f6691000-f6692000 r--p 0000d000 09:04 15885008                           /usr/lib/i386-linux-gnu/libkrb5support.so.0.1
f6692000-f6693000 rw-p 0000e000 09:04 15885008                           /usr/lib/i386-linux-gnu/libkrb5support.so.0.1
f6693000-f6694000 r--p 00000000 09:04 15885006                           /usr/lib/i386-linux-gnu/libcom_err.so.2.1
f6694000-f6695000 r-xp 00001000 09:04 15885006                           /usr/lib/i386-linux-gnu/libcom_err.so.2.1
f6695000-f6696000 r--p 00002000 09:04 15885006                           /usr/lib/i386-linux-gnu/libcom_err.so.2.1
f6696000-f6697000 r--p 00002000 09:04 15885006                           /usr/lib/i386-linux-gnu/libcom_err.so.2.1
f6697000-f6698000 rw-p 00003000 09:04 15885006                           /usr/lib/i386-linux-gnu/libcom_err.so.2.1
f6698000-f669b000 r--p 00000000 09:04 15885010                           /usr/lib/i386-linux-gnu/libk5crypto.so.3.1
f669b000-f66b7000 r-xp 00003000 09:04 15885010                           /usr/lib/i386-linux-gnu/libk5crypto.so.3.1
f66b7000-f66c6000 r--p 0001f000 09:04 15885010                           /usr/lib/i386-linux-gnu/libk5crypto.so.3.1
f66c6000-f66c7000 r--p 0002e000 09:04 15885010                           /usr/lib/i386-linux-gnu/libk5crypto.so.3.1
f66c7000-f66c8000 rw-p 0002f000 09:04 15885010                           /usr/lib/i386-linux-gnu/libk5crypto.so.3.1
f66c8000-f66da000 r--p 00000000 09:04 15885027                           /usr/lib/i386-linux-gnu/libkrb5.so.3.3
f66da000-f673f000 r-xp 00012000 09:04 15885027                           /usr/lib/i386-linux-gnu/libkrb5.so.3.3
f673f000-f679e000 r--p 00077000 09:04 15885027                           /usr/lib/i386-linux-gnu/libkrb5.so.3.3
f679e000-f67a4000 r--p 000d6000 09:04 15885027                           /usr/lib/i386-linux-gnu/libkrb5.so.3.3
f67a4000-f67a6000 rw-p 000dc000 09:04 15885027                           /usr/lib/i386-linux-gnu/libkrb5.so.3.3
f67a6000-f67a8000 rw-p 00000000 00:00 0 
f67a8000-f67b3000 r--p 00000000 09:04 15887535                           /usr/lib/i386-linux-gnu/libgmp.so.10.4.1
f67b3000-f6816000 r-xp 0000b000 09:04 15887535                           /usr/lib/i386-linux-gnu/libgmp.so.10.4.1
f6816000-f6834000 r--p 0006e000 09:04 15887535                           /usr/lib/i386-linux-gnu/libgmp.so.10.4.1
f6834000-f6835000 r--p 0008c000 09:04 15887535                           /usr/lib/i386-linux-gnu/libgmp.so.10.4.1
f6835000-f6836000 rw-p 0008d000 09:04 15887535                           /usr/lib/i386-linux-gnu/libgmp.so.10.4.1
f6836000-f683e000 r--p 00000000 09:04 15887537                           /usr/lib/i386-linux-gnu/libnettle.so.8.6
f683e000-f6869000 r-xp 00008000 09:04 15887537                           /usr/lib/i386-linux-gnu/libnettle.so.8.6
f6869000-f6883000 r--p 00033000 09:04 15887537                           /usr/lib/i386-linux-gnu/libnettle.so.8.6
f6883000-f6884000 r--p 0004d000 09:04 15887537                           /usr/lib/i386-linux-gnu/libnettle.so.8.6
f6884000-f6885000 rw-p 0004e000 09:04 15887537                           /usr/lib/i386-linux-gnu/libnettle.so.8.6
f6885000-f688b000 r--p 00000000 09:04 15887539                           /usr/lib/i386-linux-gnu/libhogweed.so.6.6
f688b000-f689e000 r-xp 00006000 09:04 15887539                           /usr/lib/i386-linux-gnu/libhogweed.so.6.6
f689e000-f68cd000 r--p 00019000 09:04 15887539                           /usr/lib/i386-linux-gnu/libhogweed.so.6.6
f68cd000-f68ce000 r--p 00048000 09:04 15887539                           /usr/lib/i386-linux-gnu/libhogweed.so.6.6
f68ce000-f68cf000 rw-p 00049000 09:04 15887539                           /usr/lib/i386-linux-gnu/libhogweed.so.6.6
f68cf000-f68f0000 r--p 00000000 09:04 15887547                           /usr/lib/i386-linux-gnu/libgnutls.so.30.34.3
f68f0000-f6a1f000 r-xp 00021000 09:04 15887547                           /usr/lib/i386-linux-gnu/libgnutls.so.30.34.3
f6a1f000-f6b0a000 r--p 00150000 09:04 15887547                           /usr/lib/i386-linux-gnu/libgnutls.so.30.34.3
f6b0a000-f6b14000 r--p 0023b000 09:04 15887547                           /usr/lib/i386-linux-gnu/libgnutls.so.30.34.3
f6b14000-f6b16000 rw-p 00245000 09:04 15887547                           /usr/lib/i386-linux-gnu/libgnutls.so.30.34.3
f6b16000-f6b19000 rw-p 00000000 00:00 0 
f6b19000-f6b24000 r--p 00000000 09:04 15885031                           /usr/lib/i386-linux-gnu/libunistring.so.2.2.0
f6b24000-f6b65000 r-xp 0000b000 09:04 15885031                           /usr/lib/i386-linux-gnu/libunistring.so.2.2.0
f6b65000-f6cca000 r--p 0004c000 09:04 15885031                           /usr/lib/i386-linux-gnu/libunistring.so.2.2.0
f6cca000-f6ccd000 r--p 001b0000 09:04 15885031                           /usr/lib/i386-linux-gnu/libunistring.so.2.2.0
f6ccd000-f6cce000 rw-p 001b3000 09:04 15885031                           /usr/lib/i386-linux-gnu/libunistring.so.2.2.0
f6cce000-f6cd1000 r--p 00000000 09:04 15887662                           /usr/lib/i386-linux-gnu/liblzma.so.5.4.1
f6cd1000-f6cf2000 r-xp 00003000 09:04 15887662                           /usr/lib/i386-linux-gnu/liblzma.so.5.4.1
f6cf2000-f6d02000 r--p 00024000 09:04 15887662                           /usr/lib/i386-linux-gnu/liblzma.so.5.4.1
f6d02000-f6d03000 r--p 00034000 09:04 15887662                           /usr/lib/i386-linux-gnu/liblzma.so.5.4.1
f6d03000-f6d04000 rw-p 00035000 09:04 15887662                           /usr/lib/i386-linux-gnu/liblzma.so.5.4.1
f6d04000-f6d4f000 r--p 00000000 09:04 15887655                           /usr/lib/i386-linux-gnu/libicuuc.so.72.1
f6d4f000-f6e59000 r-xp 0004b000 09:04 15887655                           /usr/lib/i386-linux-gnu/libicuuc.so.72.1
f6e59000-f6eff000 r--p 00155000 09:04 15887655                           /usr/lib/i386-linux-gnu/libicuuc.so.72.1
f6eff000-f6f0a000 r--p 001fa000 09:04 15887655                           /usr/lib/i386-linux-gnu/libicuuc.so.72.1
f6f0a000-f6f0b000 rw-p 00205000 09:04 15887655                           /usr/lib/i386-linux-gnu/libicuuc.so.72.1
f6f0b000-f6f0c000 rw-p 00000000 00:00 0 
f6f0c000-f6f0d000 r--p 00000000 09:04 15887530                           /usr/lib/i386-linux-gnu/libbrotlidec.so.1.0.9
f6f0d000-f6f15000 r-xp 00001000 09:04 15887530                           /usr/lib/i386-linux-gnu/libbrotlidec.so.1.0.9
f6f15000-f6f18000 r--p 00009000 09:04 15887530                           /usr/lib/i386-linux-gnu/libbrotlidec.so.1.0.9
f6f18000-f6f19000 r--p 0000b000 09:04 15887530                           /usr/lib/i386-linux-gnu/libbrotlidec.so.1.0.9
f6f19000-f6f1a000 rw-p 0000c000 09:04 15887530                           /usr/lib/i386-linux-gnu/libbrotlidec.so.1.0.9
f6f1a000-f6f1d000 r--p 00000000 09:04 15887569                           /usr/lib/i386-linux-gnu/libzstd.so.1.5.4
f6f1d000-f6fb4000 r-xp 00003000 09:04 15887569                           /usr/lib/i386-linux-gnu/libzstd.so.1.5.4
f6fb4000-f6fd0000 r--p 0009a000 09:04 15887569                           /usr/lib/i386-linux-gnu/libzstd.so.1.5.4
f6fd0000-f6fd1000 r--p 000b5000 09:04 15887569                           /usr/lib/i386-linux-gnu/libzstd.so.1.5.4
f6fd1000-f6fd2000 rw-p 000b6000 09:04 15887569                           /usr/lib/i386-linux-gnu/libzstd.so.1.5.4
f6fd2000-f6fd5000 r--p 00000000 09:04 15887556                           /usr/lib/i386-linux-gnu/liblber-2.5.so.0.1.8
f6fd5000-f6fdc000 r-xp 00003000 09:04 15887556                           /usr/lib/i386-linux-gnu/liblber-2.5.so.0.1.8
f6fdc000-f6fe1000 r--p 0000a000 09:04 15887556                           /usr/lib/i386-linux-gnu/liblber-2.5.so.0.1.8
f6fe1000-f6fe2000 r--p 0000e000 09:04 15887556                           /usr/lib/i386-linux-gnu/liblber-2.5.so.0.1.8
f6fe2000-f6fe3000 rw-p 0000f000 09:04 15887556                           /usr/lib/i386-linux-gnu/liblber-2.5.so.0.1.8
f6fe3000-f6fe5000 rw-p 00000000 00:00 0 
f6fe5000-f6ff0000 r--p 00000000 09:04 15887557                           /usr/lib/i386-linux-gnu/libldap-2.5.so.0.1.8
f6ff0000-f702c000 r-xp 0000b000 09:04 15887557                           /usr/lib/i386-linux-gnu/libldap-2.5.so.0.1.8
f702c000-f704a000 r--p 00047000 09:04 15887557                           /usr/lib/i386-linux-gnu/libldap-2.5.so.0.1.8
f704a000-f704b000 r--p 00065000 09:04 15887557                           /usr/lib/i386-linux-gnu/libldap-2.5.so.0.1.8
f704b000-f704c000 rw-p 00066000 09:04 15887557                           /usr/lib/i386-linux-gnu/libldap-2.5.so.0.1.8
f704c000-f704d000 rw-p 00000000 00:00 0 
f704d000-f7054000 r--p 00000000 09:04 15885029                           /usr/lib/i386-linux-gnu/libgssapi_krb5.so.2.2
f7054000-f708b000 r-xp 00007000 09:04 15885029                           /usr/lib/i386-linux-gnu/libgssapi_krb5.so.2.2
f708b000-f70a5000 r--p 0003e000 09:04 15885029                           /usr/lib/i386-linux-gnu/libgssapi_krb5.so.2.2
f70a5000-f70a6000 r--p 00058000 09:04 15885029                           /usr/lib/i386-linux-gnu/libgssapi_krb5.so.2.2
f70a6000-f70a7000 rw-p 00059000 09:04 15885029                           /usr/lib/i386-linux-gnu/libgssapi_krb5.so.2.2
f70a7000-f710f000 r--p 00000000 09:04 15885018                           /usr/lib/i386-linux-gnu/libcrypto.so.3
f710f000-f7364000 r-xp 00068000 09:04 15885018                           /usr/lib/i386-linux-gnu/libcrypto.so.3
f7364000-f74c0000 r--p 002bd000 09:04 15885018                           /usr/lib/i386-linux-gnu/libcrypto.so.3
f74c0000-f74f6000 r--p 00418000 09:04 15885018                           /usr/lib/i386-linux-gnu/libcrypto.so.3
f74f6000-f74f8000 rw-p 0044e000 09:04 15885018                           /usr/lib/i386-linux-gnu/libcrypto.so.3
f74f8000-f74fa000 rw-p 00000000 00:00 0 
f74fa000-f750b000 r--p 00000000 09:04 15885019                           /usr/lib/i386-linux-gnu/libssl.so.3
f750b000-f756a000 r-xp 00011000 09:04 15885019                           /usr/lib/i386-linux-gnu/libssl.so.3
f756a000-f75a1000 r--p 00070000 09:04 15885019                           /usr/lib/i386-linux-gnu/libssl.so.3
f75a1000-f75a7000 r--p 000a7000 09:04 15885019                           /usr/lib/i386-linux-gnu/libssl.so.3
f75a7000-f75aa000 rw-p 000ad000 09:04 15885019                           /usr/lib/i386-linux-gnu/libssl.so.3
f75aa000-f75ab000 r--p 00000000 09:04 15887562                           /usr/lib/i386-linux-gnu/libpsl.so.5.3.4
f75ab000-f75ad000 r-xp 00001000 09:04 15887562                           /usr/lib/i386-linux-gnu/libpsl.so.5.3.4
f75ad000-f75bc000 r--p 00003000 09:04 15887562                           /usr/lib/i386-linux-gnu/libpsl.so.5.3.4
f75bc000-f75bd000 r--p 00011000 09:04 15887562                           /usr/lib/i386-linux-gnu/libpsl.so.5.3.4
f75bd000-f75be000 rw-p 00012000 09:04 15887562                           /usr/lib/i386-linux-gnu/libpsl.so.5.3.4
f75be000-f75c2000 r--p 00000000 09:04 15887567                           /usr/lib/i386-linux-gnu/libssh2.so.1.0.1
f75c2000-f75eb000 r-xp 00004000 09:04 15887567                           /usr/lib/i386-linux-gnu/libssh2.so.1.0.1
f75eb000-f7603000 r--p 0002d000 09:04 15887567                           /usr/lib/i386-linux-gnu/libssh2.so.1.0.1
f7603000-f7604000 ---p 00045000 09:04 15887567                           /usr/lib/i386-linux-gnu/libssh2.so.1.0.1
f7604000-f7605000 r--p 00045000 09:04 15887567                           /usr/lib/i386-linux-gnu/libssh2.so.1.0.1
f7605000-f7606000 rw-p 00046000 09:04 15887567                           /usr/lib/i386-linux-gnu/libssh2.so.1.0.1
f7606000-f7609000 r--p 00000000 09:04 15887566                           /usr/lib/i386-linux-gnu/librtmp.so.1
f7609000-f7619000 r-xp 00003000 09:04 15887566                           /usr/lib/i386-linux-gnu/librtmp.so.1
f7619000-f7624000 r--p 00013000 09:04 15887566                           /usr/lib/i386-linux-gnu/librtmp.so.1
f7624000-f7625000 ---p 0001e000 09:04 15887566                           /usr/lib/i386-linux-gnu/librtmp.so.1
f7625000-f7626000 r--p 0001e000 09:04 15887566                           /usr/lib/i386-linux-gnu/librtmp.so.1
f7626000-f7627000 rw-p 0001f000 09:04 15887566                           /usr/lib/i386-linux-gnu/librtmp.so.1
f7627000-f7629000 r--p 00000000 09:04 15885033                           /usr/lib/i386-linux-gnu/libidn2.so.0.3.8
f7629000-f7631000 r-xp 00002000 09:04 15885033                           /usr/lib/i386-linux-gnu/libidn2.so.0.3.8
f7631000-f7658000 r--p 0000a000 09:04 15885033                           /usr/lib/i386-linux-gnu/libidn2.so.0.3.8
f7658000-f7659000 r--p 00031000 09:04 15885033                           /usr/lib/i386-linux-gnu/libidn2.so.0.3.8
f7659000-f765a000 rw-p 00032000 09:04 15885033                           /usr/lib/i386-linux-gnu/libidn2.so.0.3.8
f765a000-f765e000 r--p 00000000 09:04 15887560                           /usr/lib/i386-linux-gnu/libnghttp2.so.14.24.1
f765e000-f7677000 r-xp 00004000 09:04 15887560                           /usr/lib/i386-linux-gnu/libnghttp2.so.14.24.1
f7677000-f768b000 r--p 0001d000 09:04 15887560                           /usr/lib/i386-linux-gnu/libnghttp2.so.14.24.1
f768b000-f768d000 r--p 00030000 09:04 15887560                           /usr/lib/i386-linux-gnu/libnghttp2.so.14.24.1
f768d000-f768e000 rw-p 00032000 09:04 15887560                           /usr/lib/i386-linux-gnu/libnghttp2.so.14.24.1
f768e000-f76b0000 r--p 00000000 09:04 15884730                           /usr/lib/i386-linux-gnu/libc.so.6
f76b0000-f7829000 r-xp 00022000 09:04 15884730                           /usr/lib/i386-linux-gnu/libc.so.6
f7829000-f78a9000 r--p 0019b000 09:04 15884730                           /usr/lib/i386-linux-gnu/libc.so.6
f78a9000-f78ab000 r--p 0021b000 09:04 15884730                           /usr/lib/i386-linux-gnu/libc.so.6
f78ab000-f78ac000 rw-p 0021d000 09:04 15884730                           /usr/lib/i386-linux-gnu/libc.so.6
f78ac000-f78b8000 rw-p 00000000 00:00 0 
f78b8000-f78bb000 r--p 00000000 09:04 15884726                           /usr/lib/i386-linux-gnu/libgcc_s.so.1
f78bb000-f78d8000 r-xp 00003000 09:04 15884726                           /usr/lib/i386-linux-gnu/libgcc_s.so.1
f78d8000-f78dd000 r--p 00020000 09:04 15884726                           /usr/lib/i386-linux-gnu/libgcc_s.so.1
f78dd000-f78de000 r--p 00024000 09:04 15884726                           /usr/lib/i386-linux-gnu/libgcc_s.so.1
f78de000-f78df000 rw-p 00025000 09:04 15884726                           /usr/lib/i386-linux-gnu/libgcc_s.so.1
f78df000-f78ec000 r--p 00000000 09:04 15884733                           /usr/lib/i386-linux-gnu/libm.so.6
f78ec000-f79ac000 r-xp 0000d000 09:04 15884733                           /usr/lib/i386-linux-gnu/libm.so.6
f79ac000-f79e2000 r--p 000cd000 09:04 15884733                           /usr/lib/i386-linux-gnu/libm.so.6
f79e2000-f79e3000 r--p 00103000 09:04 15884733                           /usr/lib/i386-linux-gnu/libm.so.6
f79e3000-f79e4000 rw-p 00104000 09:04 15884733                           /usr/lib/i386-linux-gnu/libm.so.6
f79e4000-f7a5c000 r--p 00000000 09:04 15887614                           /usr/lib/i386-linux-gnu/libstdc++.so.6.0.30
f7a5c000-f7b73000 r-xp 00078000 09:04 15887614                           /usr/lib/i386-linux-gnu/libstdc++.so.6.0.30
f7b73000-f7bfa000 r--p 0018f000 09:04 15887614                           /usr/lib/i386-linux-gnu/libstdc++.so.6.0.30
f7bfa000-f7c00000 r--p 00215000 09:04 15887614                           /usr/lib/i386-linux-gnu/libstdc++.so.6.0.30
f7c00000-f7c02000 rw-p 0021b000 09:04 15887614                           /usr/lib/i386-linux-gnu/libstdc++.so.6.0.30
f7c02000-f7c04000 rw-p 00000000 00:00 0 
f7c04000-f7c06000 r--p 00000000 09:04 15887564                           /usr/lib/i386-linux-gnu/libz.so.1.2.13
f7c06000-f7c18000 r-xp 00002000 09:04 15887564                           /usr/lib/i386-linux-gnu/libz.so.1.2.13
f7c18000-f7c1f000 r--p 00014000 09:04 15887564                           /usr/lib/i386-linux-gnu/libz.so.1.2.13
f7c1f000-f7c20000 r--p 0001a000 09:04 15887564                           /usr/lib/i386-linux-gnu/libz.so.1.2.13
f7c20000-f7c21000 rw-p 0001b000 09:04 15887564                           /usr/lib/i386-linux-gnu/libz.so.1.2.13
f7c21000-f7c3e000 r--p 00000000 09:04 15887664                           /usr/lib/i386-linux-gnu/libxml2.so.2.9.14
f7c3e000-f7d5e000 r-xp 0001d000 09:04 15887664                           /usr/lib/i386-linux-gnu/libxml2.so.2.9.14
f7d5e000-f7de9000 r--p 0013d000 09:04 15887664                           /usr/lib/i386-linux-gnu/libxml2.so.2.9.14
f7de9000-f7dee000 r--p 001c7000 09:04 15887664                           /usr/lib/i386-linux-gnu/libxml2.so.2.9.14
f7dee000-f7def000 rw-p 001cc000 09:04 15887664                           /usr/lib/i386-linux-gnu/libxml2.so.2.9.14
f7def000-f7df0000 rw-p 00000000 00:00 0 
f7df0000-f7df1000 r--p 00000000 09:04 15887646                           /usr/lib/i386-linux-gnu/libpcre.so.3.13.3
f7df1000-f7e45000 r-xp 00001000 09:04 15887646                           /usr/lib/i386-linux-gnu/libpcre.so.3.13.3
f7e45000-f7e6a000 r--p 00055000 09:04 15887646                           /usr/lib/i386-linux-gnu/libpcre.so.3.13.3
f7e6a000-f7e6b000 r--p 00079000 09:04 15887646                           /usr/lib/i386-linux-gnu/libpcre.so.3.13.3
f7e6b000-f7e6c000 rw-p 0007a000 09:04 15887646                           /usr/lib/i386-linux-gnu/libpcre.so.3.13.3
f7e6c000-f7e75000 r--p 00000000 09:04 15893957                           /usr/lib/i386-linux-gnu/libcurl.so.4.8.0
f7e75000-f7eee000 r-xp 00009000 09:04 15893957                           /usr/lib/i386-linux-gnu/libcurl.so.4.8.0
f7eee000-f7f2a000 r--p 00082000 09:04 15893957                           /usr/lib/i386-linux-gnu/libcurl.so.4.8.0
f7f2a000-f7f2c000 r--p 000be000 09:04 15893957                           /usr/lib/i386-linux-gnu/libcurl.so.4.8.0
f7f2c000-f7f2e000 rw-p 000c0000 09:04 15893957                           /usr/lib/i386-linux-gnu/libcurl.so.4.8.0
f7f32000-f7f3a000 rw-s 00000000 09:04 8004853                            /tmp/hsperfdata_swg/3987591 (deleted)
f7f3a000-f7f3b000 ---p 00000000 00:00 0 
f7f3b000-f7f3c000 r--p 00000000 00:00 0 
f7f3c000-f7f3d000 ---p 00000000 00:00 0 
f7f3d000-f7f3e000 r--p 00000000 09:04 15769286                           /usr/local/lib/cfree_fix32.so
f7f3e000-f7f3f000 r-xp 00001000 09:04 15769286                           /usr/local/lib/cfree_fix32.so
f7f3f000-f7f40000 r--p 00002000 09:04 15769286                           /usr/local/lib/cfree_fix32.so
f7f40000-f7f41000 r--p 00002000 09:04 15769286                           /usr/local/lib/cfree_fix32.so
f7f41000-f7f42000 rw-p 00003000 09:04 15769286                           /usr/local/lib/cfree_fix32.so
f7f42000-f7f44000 rw-p 00000000 00:00 0 
f7f44000-f7f48000 r--p 00000000 00:00 0                                  [vvar]
f7f48000-f7f4a000 r-xp 00000000 00:00 0                                  [vdso]
f7f4a000-f7f4b000 r--p 00000000 09:04 15884727                           /usr/lib/i386-linux-gnu/ld-linux.so.2
f7f4b000-f7f6e000 r-xp 00001000 09:04 15884727                           /usr/lib/i386-linux-gnu/ld-linux.so.2
f7f6e000-f7f7c000 r--p 00024000 09:04 15884727                           /usr/lib/i386-linux-gnu/ld-linux.so.2
f7f7c000-f7f7e000 r--p 00031000 09:04 15884727                           /usr/lib/i386-linux-gnu/ld-linux.so.2
f7f7e000-f7f7f000 rw-p 00033000 09:04 15884727                           /usr/lib/i386-linux-gnu/ld-linux.so.2
ff8e6000-ff8e7000 rwxp 00000000 00:00 0 
ff9ef000-ffaab000 rw-p 00000000 00:00 0                                  [stack]


VM Arguments:
jvm_args: -Xms128m -Xmx512m -Xss768k -XX:MaxMetaspaceSize=96m -Xrs -XX:-UsePerfData -XX:-AllowUserSignalHandlers -XX:UseSSE=3 -XX+DoEscapeAnalysis -XX:AutoBoxCacheMax:2000 -XX:+OptimizeStringConcat -XX:+OptimizeFill -XX:+EliminateAutoBox -XX:+UseCompressedStrings -XX:+UseCompressedOops -XX:+EliminateLocks -XX:UseFastAccessorMethods -XX:+UseStringCache -XgcPrio:throughput -XXkeepAreaRatio:1 -XXlazyUnlocking -XXcallProfiling -XXcompactRatio:1 
java_command: <unknown>
java_class_path (initial): ../../data/sku.0/sys.server/compiled/game/
Launcher Type: generic

[Global flags]
     intx CICompilerCount                          = 3                                         {product} {ergonomic}
     uint ConcGCThreads                            = 3                                         {product} {ergonomic}
     uint G1ConcRefinementThreads                  = 13                                        {product} {ergonomic}
   size_t G1HeapRegionSize                         = 1048576                                   {product} {ergonomic}
    uintx GCDrainStackTargetSize                   = 64                                        {product} {ergonomic}
   size_t InitialHeapSize                          = 134217728                                 {product} {command line}
   size_t MarkStackSize                            = 49152                                     {product} {ergonomic}
   size_t MaxHeapSize                              = 536870912                                 {product} {command line}
   size_t MaxMetaspaceSize                         = 100663296                                 {product} {command line}
   size_t MaxNewSize                               = 321912832                                 {product} {ergonomic}
   size_t MinHeapDeltaBytes                        = 1048576                                   {product} {ergonomic}
   size_t MinHeapSize                              = 134217728                                 {product} {command line}
    uintx NonNMethodCodeHeapSize                   = 5544422                                {pd product} {ergonomic}
    uintx NonProfiledCodeHeapSize                  = 123056909                              {pd product} {ergonomic}
    uintx ProfiledCodeHeapSize                     = 123056909                              {pd product} {ergonomic}
    uintx ReservedCodeCacheSize                    = 251658240                              {pd product} {ergonomic}
     bool SegmentedCodeCache                       = true                                      {product} {ergonomic}
   size_t SoftMaxHeapSize                          = 536870912                              {manageable} {ergonomic}
   double SweeperThreshold                         = 0.500000                                  {product} {ergonomic}
     intx ThreadStackSize                          = 768                                    {pd product} {command line}
     bool UseG1GC                                  = true                                      {product} {ergonomic}

Logging:
Log output configuration:
 #0: stdout all=off uptime,level,tags
 #1: stderr all=off uptime,level,tags

Environment Variables:
PATH=/usr/local/sbin:/usr/local/bin:/usr/sbin:/usr/bin:/sbin:/bin:/usr/lib/oracle/18.3/client/bin:/usr/lib/jvm/zulu-17-x86/bin/:./
LD_LIBRARY_PATH=/usr/lib/oracle/18.3/client/lib:/usr/lib/jvm/zulu-17-x86/lib/:/usr/lib/jvm/zulu-17-x86/lib/server/:./
LD_PRELOAD=/usr/local/lib/cfree_fix32.so
SHELL=/bin/bash
LANG=en_US.UTF-8

Active Locale:
LC_ALL=en_US.UTF-8
LC_COLLATE=en_US.UTF-8
LC_CTYPE=en_US.UTF-8
LC_MESSAGES=en_US.UTF-8
LC_MONETARY=en_US.UTF-8
LC_NUMERIC=en_US.UTF-8
LC_TIME=en_US.UTF-8

Signal Handlers:
   SIGSEGV: crash_handler in libjvm.so, mask=11100100010111111101111111111110, flags=SA_RESTART|SA_SIGINFO, unblocked
    SIGBUS: crash_handler in libjvm.so, mask=11100100010111111101111111111110, flags=SA_RESTART|SA_SIGINFO, unblocked
    SIGFPE: crash_handler in libjvm.so, mask=11100100010111111101111111111110, flags=SA_RESTART|SA_SIGINFO, unblocked
   SIGPIPE: SIG_IGN, mask=00000000000010000000000000000000, flags=SA_RESTART, blocked
  *** Handler was modified!
  *** Expected: javaSignalHandler in libjvm.so, mask=11100100110111111111111111111110, flags=SA_RESTART|SA_SIGINFO
   SIGXFSZ: javaSignalHandler in libjvm.so, mask=11100100010111111101111111111110, flags=SA_RESTART|SA_SIGINFO, blocked
    SIGILL: crash_handler in libjvm.so, mask=11100100010111111101111111111110, flags=SA_RESTART|SA_SIGINFO, unblocked
   SIGUSR2: SR_handler in libjvm.so, mask=00100000000000000000000000000000, flags=SA_RESTART|SA_SIGINFO, blocked
    SIGHUP: UserHandler in libjvm.so, mask=11100100010111111101111111111110, flags=SA_RESTART|SA_SIGINFO, blocked
    SIGINT: UserHandler in libjvm.so, mask=11100100010111111101111111111110, flags=SA_RESTART|SA_SIGINFO, blocked
   SIGTERM: UserHandler in libjvm.so, mask=11100100010111111101111111111110, flags=SA_RESTART|SA_SIGINFO, blocked
   SIGQUIT: UserHandler in libjvm.so, mask=11100100010111111101111111111110, flags=SA_RESTART|SA_SIGINFO, blocked
   SIGTRAP: crash_handler in libjvm.so, mask=11100100010111111101111111111110, flags=SA_RESTART|SA_SIGINFO, unblocked


Periodic native trim disabled


---------------  S Y S T E M  ---------------

OS:
PRETTY_NAME="Debian GNU/Linux 12 (bookworm)"
NAME="Debian GNU/Linux"
VERSION_ID="12"
VERSION="12 (bookworm)"
VERSION_CODENAME=bookworm
ID=debian
HOME_URL="https://www.debian.org/"
SUPPORT_URL="https://www.debian.org/support"
BUG_REPORT_URL="https://bugs.debian.org/"
uname: Linux 6.1.0-52-amd64 #1 SMP PREEMPT_DYNAMIC Debian 6.1.180-1 (2026-08-03) x86_64
OS uptime: 4 days 1:25 hours
libc: glibc 2.36 NPTL 2.36 
rlimit (soft/hard): STACK 8192k/infinity , CORE 0k/infinity , NPROC 256181/256181 , NOFILE 524288/524288 , AS infinity/infinity , CPU infinity/infinity , DATA infinity/infinity , FSIZE infinity/infinity , MEMLOCK 8192k/8192k
load average: 4.67 5.04 5.08

/proc/meminfo:
MemTotal:       65729880 kB
MemFree:        20063844 kB
MemAvailable:   51087188 kB
Buffers:         1856256 kB
Cached:         37985328 kB
SwapCached:            0 kB
Active:         24398244 kB
Inactive:       18804144 kB
Active(anon):    3297764 kB
Inactive(anon):  9127992 kB
Active(file):   21100480 kB
Inactive(file):  9676152 kB
Unevictable:          64 kB
Mlocked:              64 kB
SwapTotal:       7813112 kB
SwapFree:        7813112 kB
Zswap:                 0 kB
Zswapped:              0 kB
Dirty:              2644 kB
Writeback:             0 kB
AnonPages:       3351132 kB
Mapped:          2660660 kB
Shmem:           9064952 kB
KReclaimable:    1556368 kB
Slab:            1804272 kB
SReclaimable:    1556368 kB
SUnreclaim:       247904 kB
KernelStack:       12448 kB
PageTables:       275336 kB
SecPageTables:         0 kB
NFS_Unstable:          0 kB
Bounce:                0 kB
WritebackTmp:          0 kB
CommitLimit:    40678052 kB
Committed_AS:   17121792 kB
VmallocTotal:   34359738367 kB
VmallocUsed:       69244 kB
VmallocChunk:          0 kB
Percpu:            59008 kB
HardwareCorrupted:     0 kB
AnonHugePages:   2076672 kB
ShmemHugePages:        0 kB
ShmemPmdMapped:        0 kB
FileHugePages:         0 kB
FilePmdMapped:         0 kB
HugePages_Total:       0
HugePages_Free:        0
HugePages_Rsvd:        0
HugePages_Surp:        0
Hugepagesize:       2048 kB
Hugetlb:               0 kB
DirectMap4k:      217572 kB
DirectMap2M:     8060928 kB
DirectMap1G:    58720256 kB

/sys/kernel/mm/transparent_hugepage/enabled: [always] madvise never
/sys/kernel/mm/transparent_hugepage/hpage_pmd_size: 2097152
/sys/kernel/mm/transparent_hugepage/defrag (defrag/compaction efforts parameter): always defer defer+madvise [madvise] never

Process Memory:
Virtual Size: 1571072K (peak: 1587852K)
Resident Set Size: 761688K (peak: 776800K) (anon: 718092K, file: 43596K, shmem: 0K)
Swapped out: 0K
C-Heap outstanding allocations: 41625K, retained: 511938K
glibc malloc tunables: (default)

/proc/sys/kernel/threads-max (system-wide limit on the number of threads): 512362
/proc/sys/vm/max_map_count (maximum number of memory map areas a process may have): 65530
/proc/sys/vm/swappiness (control to define how aggressively the kernel swaps out anonymous memory): 10
/proc/sys/kernel/pid_max (system-wide limit on number of process identifiers): 4194304

container (cgroup) information:
container_type: cgroupv2
cpu_cpuset_cpus: not supported
cpu_memory_nodes: not supported
active_processor_count: 16
cpu_quota: no quota
cpu_period: 100000
cpu_shares: 20480
memory_limit_in_bytes: unlimited
memory_and_swap_limit_in_bytes: unlimited
memory_soft_limit_in_bytes: 0
memory_usage_in_bytes: 878688 k
memory_max_usage_in_bytes: not supported
rss_usage_in_bytes: 867608 k
cache_usage_in_bytes: 3856 k
memory_swap_current_in_bytes: 0
memory_swap_max_limit_in_bytes: unlimited
maximum number of tasks: 76854
current number of tasks: 71

Steal ticks since vm start: 0
Steal ticks percentage since vm start:  0.000

CPU: total 32 (initial active 16) (16 cores per cpu, 2 threads per core) family 23 model 113 stepping 0 microcode 0x8701034, cx8, cmov, fxsr, ht, mmx, 3dnowpref, sse, sse2, sse3, ssse3, sse4a, sse4.1, sse4.2, popcnt, lzcnt, tsc, tscinvbit, avx, avx2, aes, clmul, bmi1, bmi2, adx, sha, fma, vzeroupper, clflush, clflushopt
CPU Model and flags from /proc/cpuinfo:
model name	: AMD Ryzen 7 PRO 3700 8-Core Processor
flags		: fpu vme de pse tsc msr pae mce cx8 apic sep mtrr pge mca cmov pat pse36 clflush mmx fxsr sse sse2 ht syscall nx mmxext fxsr_opt pdpe1gb rdtscp lm constant_tsc rep_good nopl nonstop_tsc cpuid extd_apicid aperfmperf rapl pni pclmulqdq monitor ssse3 fma cx16 sse4_1 sse4_2 x2apic movbe popcnt aes xsave avx f16c rdrand lahf_lm cmp_legacy svm extapic cr8_legacy abm sse4a misalignsse 3dnowprefetch osvw ibs skinit wdt tce topoext perfctr_core perfctr_nb bpext perfctr_llc mwaitx cpb cat_l3 cdp_l3 hw_pstate ssbd mba ibpb stibp vmmcall fsgsbase bmi1 avx2 smep bmi2 cqm rdt_a rdseed adx smap clflushopt clwb sha_ni xsaveopt xsavec xgetbv1 cqm_llc cqm_occup_llc cqm_mbm_total cqm_mbm_local clzero irperf xsaveerptr rdpru wbnoinvd arat npt lbrv svm_lock nrip_save tsc_scale vmcb_clean flushbyasid decodeassists pausefilter pfthreshold avic v_vmsave_vmload vgif v_spec_ctrl umip rdpid overflow_recov succor smca sev sev_es ibpb_exit_to_user

Online cpus: 0-15
Offline cpus: 16-31
BIOS frequency limitation: 3600000
Frequency switch latency (ns): 0
Available cpu frequencies: 3600000 2800000 2200000 
Current governor: schedutil
Core performance/turbo boost: 1

Memory: 4k page, physical 65729880k(20063844k free), swap 7813112k(7813112k free)
Page Sizes: 4k

vm_info: OpenJDK Server VM (17.0.19+10-LTS) for linux-x86 JRE (17.0.19+10-LTS) (Zulu17.66+19-CA), built on Apr 17 2026 20:26:03 by "zulu_re" with gcc 8.3.0

END.
