#
# A fatal error has been detected by the Java Runtime Environment:
#
#  SIGSEGV (0xb) at pc=0xf76f1c60, pid=3987582, tid=3987582
#
# JRE version: OpenJDK Runtime Environment Zulu17.66+19-CA (17.0.19+10) (build 17.0.19+10-LTS)
# Java VM: OpenJDK Server VM Zulu17.66+19-CA (17.0.19+10-LTS, mixed mode, sharing, tiered, g1 gc, linux-x86)
# Problematic frame:
# C  [libc.so.6+0x99c60]  cfree+0x20
#
# No core dump will be written. Core dumps have been disabled. To enable core dumping, try "ulimit -c unlimited" before starting Java again
#
# If you would like to submit a bug report, please visit:
#   http://www.azul.com/support/
#

---------------  S U M M A R Y ------------

Command Line: -Xms128m -Xmx512m -Xss768k -XX:MaxMetaspaceSize=96m -Xrs -XX:-UsePerfData -XX:-AllowUserSignalHandlers -XX:UseSSE=3 -XX+DoEscapeAnalysis -XX:AutoBoxCacheMax:2000 -XX:+OptimizeStringConcat -XX:+OptimizeFill -XX:+EliminateAutoBox -XX:+UseCompressedStrings -XX:+UseCompressedOops -XX:+EliminateLocks -XX:UseFastAccessorMethods -XX:+UseStringCache -XgcPrio:throughput -XXkeepAreaRatio:1 -XXlazyUnlocking -XXcallProfiling -XXcompactRatio:1 

Host: AMD Ryzen 7 PRO 3700 8-Core Processor, 32 cores, 62G, Debian GNU/Linux 12 (bookworm)
Time: Wed Aug 12 01:15:05 2026 UTC elapsed time: 10763.287296 seconds (0d 2h 59m 23s)

---------------  T H R E A D  ---------------

Current thread is native thread

Stack: [0xff757000,0xff817000],  sp=0xff814b90,  free space=758k
Native frames: (J=compiled Java code, j=interpreted, Vv=VM code, C=native code)
C  [libc.so.6+0x99c60]  cfree+0x20
C  [SwgGameServer+0x11552ff]  FileManifest::remove()+0x51
C  [SwgGameServer+0x1161ecc]  ExitChain::run()+0x6e
C  [SwgGameServer+0x1161cf3]  ExitChain::quit()+0x15
C  [SwgGameServer+0x1170be0]  SetupSharedFoundation::remove()+0x18
C  [SwgGameServer+0x112b300]  main+0x372


siginfo: si_signo: 11 (SIGSEGV), si_code: 1 (SEGV_MAPERR), si_addr: 0x000000fc

Registers:
EAX=0x5ae126e8, EBX=0x00000100, ECX=0xf46a49c8, EDX=0x00000100
ESP=0xff814b90, EBP=0xff814c18, ESI=0xf7874ff4, EDI=0xffffffa4
EIP=0xf76f1c60, EFLAGS=0x00210206, CR2=0x00000000000000fc


Top of Stack: (sp=0xff814b90)
0xff814b90:   b4df69d1 58c3d25c 5aa97690 54003b00
0xff814ba0:   00000000 ffffffa4 00000021 f7bc9ff4
0xff814bb0:   5ae126e0 f7f47b80 ff814c18 f7a36888
0xff814bc0:   00000100 ffffffa4 00000021 5771dd49
0xff814bd0:   f76e203b f7a36876 f7bc9ff4 f7ad7795
0xff814be0:   00000100 59444ca4 58c3d25c 5771d7db
0xff814bf0:   00000000 f7ad7776 58c3d25c 5771d0ee
0xff814c00:   5ae126e0 59444ca0 f7bc9ff4 5771d0c8
0xff814c10:   5aa97690 58c3d25c ff814c48 5771c2ff
0xff814c20:   5ae126e0 ff814c3c ff814c48 5771c2bb
0xff814c30:   00000000 58c3d25c 5ae16480 59444ca4
0xff814c40:   58c3d25c 58c3d25c ff814c68 57728ecc
0xff814c50:   58c3d25c 58c3d25c ff814c78 5aa97670
0xff814c60:   5c2adbe0 58c3d25c ff814c78 57728cf3
0xff814c70:   58c3d25c 58c3d25c ff814c88 57737be0
0xff814c80:   57acebe0 ff814d90 ff814d78 576f2300
0xff814c90:   0000000d 00000001 5adf7900 58510100
0xff814ca0:   5adf7a50 00300100 5adf7aa0 ff810100
0xff814cb0:   5855fb20 00000000 00000000 00814d24
0xff814cc0:   00000000 01010100 53016320 61476777
0xff814cd0:   6553656d 72657672 3839333a 32383537
0xff814ce0:   594c7200 576c2e21 00013748 f76f2806
0xff814cf0:   f7f47ff4 0000002c 00000000 f76f261e
0xff814d00:   00013748 00000211 5aa928b8 00000000
0xff814d10:   58c3d25c 579d9a26 ff814d38 579d8911
0xff814d20:   ffffffff 00f14694 00000000 00000001
0xff814d30:   5944d200 00000000 00000000 00000000
0xff814d40:   00000000 5adf7900 00000015 00000015
0xff814d50:   f7880000 f7f2483b f7674a4f f7880000
0xff814d60:   ff814da0 f78801d8 f46a6320 ff814d90
0xff814d70:   f7874ff4 58c1f8c8 00000000 f767b2d5
0xff814d80:   579d7d7a 00000070 f7f47ff4 f767b2d5 

Instructions: (pc=0xf76f1c60)
0xf76f1b60:   5e 5f 5d c3 8d 74 26 00 31 d2 89 f0 e8 3f cb ff
0xf76f1b70:   ff 89 f2 89 c3 e8 96 e6 ff ff 85 c0 75 16 85 db
0xf76f1b80:   74 1f 89 f2 89 d8 e8 c5 d0 ff ff 89 f2 89 c3 e8
0xf76f1b90:   7c e6 ff ff 85 db 74 09 31 d2 87 13 83 fa 01 7f
0xf76f1ba0:   77 85 c0 0f 85 6a fe ff ff 31 c0 eb af 8d 87 48
0xf76f1bb0:   f0 f9 ff 50 8d 87 00 f3 f9 ff 50 8d 87 a0 e3 f9
0xf76f1bc0:   ff 50 6a 01 e8 c7 2e fe ff 8d b4 26 00 00 00 00
0xf76f1bd0:   83 ec 0c 53 e8 c7 ae fe ff 83 c4 10 e9 14 fe ff
0xf76f1be0:   ff 8d b4 26 00 00 00 00 89 44 24 0c 83 ec 0c 53
0xf76f1bf0:   e8 9b af fe ff 83 c4 10 8b 44 24 0c e9 12 fe ff
0xf76f1c00:   ff 8d b4 26 00 00 00 00 8d 87 0c ee f9 ff e8 ed
0xf76f1c10:   bb ff ff 8d 74 26 00 90 89 44 24 0c 83 ec 0c 53
0xf76f1c20:   e8 6b af fe ff 83 c4 10 8b 44 24 0c e9 70 ff ff
0xf76f1c30:   ff 8d b4 26 00 00 00 00 8d b4 26 00 00 00 00 90
0xf76f1c40:   55 57 56 e8 ad 58 0d 00 81 c6 ac 33 18 00 53 83
0xf76f1c50:   ec 1c 8b 5c 24 30 85 db 74 5b 8b be d0 fe ff ff
0xf76f1c60:   8b 53 fc 8d 43 f8 65 8b 2f f6 c2 02 75 52 8b 8e
0xf76f1c70:   a4 fe ff ff 65 8b 09 85 c9 0f 84 81 00 00 00 83
0xf76f1c80:   e2 04 8d 9e cc 07 00 00 74 1d 8b 8e e4 01 00 00
0xf76f1c90:   8d 14 8d 00 00 00 00 f7 da 85 c9 b9 00 00 f0 ff
0xf76f1ca0:   0f 44 d1 21 c2 8b 1a 89 c2 31 c9 89 d8 e8 8e d3
0xf76f1cb0:   ff ff 65 89 2f 83 c4 1c 5b 5e 5f 5d c3 8d 76 00
0xf76f1cc0:   8b 9e f8 01 00 00 85 db 75 26 39 96 d4 01 00 00
0xf76f1cd0:   73 1e 81 fa 00 00 08 00 77 16 83 e2 f8 89 96 d4
0xf76f1ce0:   01 00 00 01 d2 89 96 cc 01 00 00 8d 74 26 00 90
0xf76f1cf0:   e8 9b bc ff ff eb bb 8d b4 26 00 00 00 00 66 90
0xf76f1d00:   8b 8e a8 fe ff ff 65 80 39 00 0f 85 6f ff ff ff
0xf76f1d10:   89 44 24 0c e8 47 f3 ff ff 8b 53 fc 8b 44 24 0c
0xf76f1d20:   e9 5a ff ff ff 8d b4 26 00 00 00 00 8d 74 26 00
0xf76f1d30:   55 57 56 53 e8 ac 57 0d 00 81 c3 bb 32 18 00 83
0xf76f1d40:   ec 0c 8b 83 a4 fe ff ff 8b 93 a8 fe ff ff 65 8b
0xf76f1d50:   30 65 c6 02 01 85 f6 74 67 65 c7 00 00 00 00 00 



---------------  P R O C E S S  ---------------

VM state: at safepoint (shutting down)

VM Mutex/Monitor currently owned by a thread:  ([mutex/lock_event])
[0xf3627890] Threads_lock - owner thread: 0xc18e0be0

GC Precious Log:
<Skipped>

Heap:
 garbage-first heap   total 131072K, used 55384K [0xc3200000, 0xe3200000)
  region size 1024K, 52 young (53248K), 5 survivors (5120K)
 Metaspace       used 6338K, committed 7040K, reserved 16384K

Heap Regions: E=young(eden), S=young(survivor), O=old, HS=humongous(starts), HC=humongous(continues), CS=collection set, F=free, OA=open archive, CA=closed archive, TAMS=top-at-mark-start (previous, next)
|   0|0xc3200000, 0xc3300000, 0xc3300000|100%| O|  |TAMS 0xc3200000, 0xc3200000| Untracked 
|   1|0xc3300000, 0xc3400000, 0xc3400000|100%| O|  |TAMS 0xc3300000, 0xc3300000| Untracked 
|   2|0xc3400000, 0xc3500000, 0xc3500000|100%| O|  |TAMS 0xc3400000, 0xc3400000| Untracked 
|   3|0xc3500000, 0xc351ca00, 0xc3600000| 11%| O|  |TAMS 0xc3500000, 0xc3500000| Untracked 
|   4|0xc3600000, 0xc3600000, 0xc3700000|  0%| F|  |TAMS 0xc3600000, 0xc3600000| Untracked 
|   5|0xc3700000, 0xc3700000, 0xc3800000|  0%| F|  |TAMS 0xc3700000, 0xc3700000| Untracked 
|   6|0xc3800000, 0xc3800000, 0xc3900000|  0%| F|  |TAMS 0xc3800000, 0xc3800000| Untracked 
|   7|0xc3900000, 0xc3900000, 0xc3a00000|  0%| F|  |TAMS 0xc3900000, 0xc3900000| Untracked 
|   8|0xc3a00000, 0xc3a00000, 0xc3b00000|  0%| F|  |TAMS 0xc3a00000, 0xc3a00000| Untracked 
|   9|0xc3b00000, 0xc3b00000, 0xc3c00000|  0%| F|  |TAMS 0xc3b00000, 0xc3b00000| Untracked 
|  10|0xc3c00000, 0xc3c00000, 0xc3d00000|  0%| F|  |TAMS 0xc3c00000, 0xc3c00000| Untracked 
|  11|0xc3d00000, 0xc3d00000, 0xc3e00000|  0%| F|  |TAMS 0xc3d00000, 0xc3d00000| Untracked 
|  12|0xc3e00000, 0xc3e00000, 0xc3f00000|  0%| F|  |TAMS 0xc3e00000, 0xc3e00000| Untracked 
|  13|0xc3f00000, 0xc3f00000, 0xc4000000|  0%| F|  |TAMS 0xc3f00000, 0xc3f00000| Untracked 
|  14|0xc4000000, 0xc4000000, 0xc4100000|  0%| F|  |TAMS 0xc4000000, 0xc4000000| Untracked 
|  15|0xc4100000, 0xc4100000, 0xc4200000|  0%| F|  |TAMS 0xc4100000, 0xc4100000| Untracked 
|  16|0xc4200000, 0xc4200000, 0xc4300000|  0%| F|  |TAMS 0xc4200000, 0xc4200000| Untracked 
|  17|0xc4300000, 0xc4300000, 0xc4400000|  0%| F|  |TAMS 0xc4300000, 0xc4300000| Untracked 
|  18|0xc4400000, 0xc4400000, 0xc4500000|  0%| F|  |TAMS 0xc4400000, 0xc4400000| Untracked 
|  19|0xc4500000, 0xc4500000, 0xc4600000|  0%| F|  |TAMS 0xc4500000, 0xc4500000| Untracked 
|  20|0xc4600000, 0xc4600000, 0xc4700000|  0%| F|  |TAMS 0xc4600000, 0xc4600000| Untracked 
|  21|0xc4700000, 0xc4700000, 0xc4800000|  0%| F|  |TAMS 0xc4700000, 0xc4700000| Untracked 
|  22|0xc4800000, 0xc4800000, 0xc4900000|  0%| F|  |TAMS 0xc4800000, 0xc4800000| Untracked 
|  23|0xc4900000, 0xc4900000, 0xc4a00000|  0%| F|  |TAMS 0xc4900000, 0xc4900000| Untracked 
|  24|0xc4a00000, 0xc4a00000, 0xc4b00000|  0%| F|  |TAMS 0xc4a00000, 0xc4a00000| Untracked 
|  25|0xc4b00000, 0xc4b00000, 0xc4c00000|  0%| F|  |TAMS 0xc4b00000, 0xc4b00000| Untracked 
|  26|0xc4c00000, 0xc4c00000, 0xc4d00000|  0%| F|  |TAMS 0xc4c00000, 0xc4c00000| Untracked 
|  27|0xc4d00000, 0xc4d00000, 0xc4e00000|  0%| F|  |TAMS 0xc4d00000, 0xc4d00000| Untracked 
|  28|0xc4e00000, 0xc4e00000, 0xc4f00000|  0%| F|  |TAMS 0xc4e00000, 0xc4e00000| Untracked 
|  29|0xc4f00000, 0xc4f00000, 0xc5000000|  0%| F|  |TAMS 0xc4f00000, 0xc4f00000| Untracked 
|  30|0xc5000000, 0xc5000000, 0xc5100000|  0%| F|  |TAMS 0xc5000000, 0xc5000000| Untracked 
|  31|0xc5100000, 0xc5100000, 0xc5200000|  0%| F|  |TAMS 0xc5100000, 0xc5100000| Untracked 
|  32|0xc5200000, 0xc5200000, 0xc5300000|  0%| F|  |TAMS 0xc5200000, 0xc5200000| Untracked 
|  33|0xc5300000, 0xc5300000, 0xc5400000|  0%| F|  |TAMS 0xc5300000, 0xc5300000| Untracked 
|  34|0xc5400000, 0xc5400000, 0xc5500000|  0%| F|  |TAMS 0xc5400000, 0xc5400000| Untracked 
|  35|0xc5500000, 0xc5500000, 0xc5600000|  0%| F|  |TAMS 0xc5500000, 0xc5500000| Untracked 
|  36|0xc5600000, 0xc5600000, 0xc5700000|  0%| F|  |TAMS 0xc5600000, 0xc5600000| Untracked 
|  37|0xc5700000, 0xc5700000, 0xc5800000|  0%| F|  |TAMS 0xc5700000, 0xc5700000| Untracked 
|  38|0xc5800000, 0xc5800000, 0xc5900000|  0%| F|  |TAMS 0xc5800000, 0xc5800000| Untracked 
|  39|0xc5900000, 0xc5900000, 0xc5a00000|  0%| F|  |TAMS 0xc5900000, 0xc5900000| Untracked 
|  40|0xc5a00000, 0xc5a00000, 0xc5b00000|  0%| F|  |TAMS 0xc5a00000, 0xc5a00000| Untracked 
|  41|0xc5b00000, 0xc5b00000, 0xc5c00000|  0%| F|  |TAMS 0xc5b00000, 0xc5b00000| Untracked 
|  42|0xc5c00000, 0xc5c00000, 0xc5d00000|  0%| F|  |TAMS 0xc5c00000, 0xc5c00000| Untracked 
|  43|0xc5d00000, 0xc5d00000, 0xc5e00000|  0%| F|  |TAMS 0xc5d00000, 0xc5d00000| Untracked 
|  44|0xc5e00000, 0xc5e00000, 0xc5f00000|  0%| F|  |TAMS 0xc5e00000, 0xc5e00000| Untracked 
|  45|0xc5f00000, 0xc5f00000, 0xc6000000|  0%| F|  |TAMS 0xc5f00000, 0xc5f00000| Untracked 
|  46|0xc6000000, 0xc6000000, 0xc6100000|  0%| F|  |TAMS 0xc6000000, 0xc6000000| Untracked 
|  47|0xc6100000, 0xc61798c8, 0xc6200000| 47%| S|CS|TAMS 0xc6100000, 0xc6100000| Complete 
|  48|0xc6200000, 0xc6300000, 0xc6300000|100%| S|CS|TAMS 0xc6200000, 0xc6200000| Complete 
|  49|0xc6300000, 0xc6400000, 0xc6400000|100%| S|CS|TAMS 0xc6300000, 0xc6300000| Complete 
|  50|0xc6400000, 0xc6500000, 0xc6500000|100%| S|CS|TAMS 0xc6400000, 0xc6400000| Complete 
|  51|0xc6500000, 0xc6600000, 0xc6600000|100%| S|CS|TAMS 0xc6500000, 0xc6500000| Complete 
|  52|0xc6600000, 0xc6600000, 0xc6700000|  0%| F|  |TAMS 0xc6600000, 0xc6600000| Untracked 
|  53|0xc6700000, 0xc6700000, 0xc6800000|  0%| F|  |TAMS 0xc6700000, 0xc6700000| Untracked 
|  54|0xc6800000, 0xc6800000, 0xc6900000|  0%| F|  |TAMS 0xc6800000, 0xc6800000| Untracked 
|  55|0xc6900000, 0xc6900000, 0xc6a00000|  0%| F|  |TAMS 0xc6900000, 0xc6900000| Untracked 
|  56|0xc6a00000, 0xc6a00000, 0xc6b00000|  0%| F|  |TAMS 0xc6a00000, 0xc6a00000| Untracked 
|  57|0xc6b00000, 0xc6b00000, 0xc6c00000|  0%| F|  |TAMS 0xc6b00000, 0xc6b00000| Untracked 
|  58|0xc6c00000, 0xc6c00000, 0xc6d00000|  0%| F|  |TAMS 0xc6c00000, 0xc6c00000| Untracked 
|  59|0xc6d00000, 0xc6d00000, 0xc6e00000|  0%| F|  |TAMS 0xc6d00000, 0xc6d00000| Untracked 
|  60|0xc6e00000, 0xc6e00000, 0xc6f00000|  0%| F|  |TAMS 0xc6e00000, 0xc6e00000| Untracked 
|  61|0xc6f00000, 0xc6f00000, 0xc7000000|  0%| F|  |TAMS 0xc6f00000, 0xc6f00000| Untracked 
|  62|0xc7000000, 0xc7000000, 0xc7100000|  0%| F|  |TAMS 0xc7000000, 0xc7000000| Untracked 
|  63|0xc7100000, 0xc7100000, 0xc7200000|  0%| F|  |TAMS 0xc7100000, 0xc7100000| Untracked 
|  64|0xc7200000, 0xc7200000, 0xc7300000|  0%| F|  |TAMS 0xc7200000, 0xc7200000| Untracked 
|  65|0xc7300000, 0xc7300000, 0xc7400000|  0%| F|  |TAMS 0xc7300000, 0xc7300000| Untracked 
|  66|0xc7400000, 0xc7400000, 0xc7500000|  0%| F|  |TAMS 0xc7400000, 0xc7400000| Untracked 
|  67|0xc7500000, 0xc7500000, 0xc7600000|  0%| F|  |TAMS 0xc7500000, 0xc7500000| Untracked 
|  68|0xc7600000, 0xc7600000, 0xc7700000|  0%| F|  |TAMS 0xc7600000, 0xc7600000| Untracked 
|  69|0xc7700000, 0xc7700000, 0xc7800000|  0%| F|  |TAMS 0xc7700000, 0xc7700000| Untracked 
|  70|0xc7800000, 0xc7800000, 0xc7900000|  0%| F|  |TAMS 0xc7800000, 0xc7800000| Untracked 
|  71|0xc7900000, 0xc7900000, 0xc7a00000|  0%| F|  |TAMS 0xc7900000, 0xc7900000| Untracked 
|  72|0xc7a00000, 0xc7a00000, 0xc7b00000|  0%| F|  |TAMS 0xc7a00000, 0xc7a00000| Untracked 
|  73|0xc7b00000, 0xc7b00000, 0xc7c00000|  0%| F|  |TAMS 0xc7b00000, 0xc7b00000| Untracked 
|  74|0xc7c00000, 0xc7c00000, 0xc7d00000|  0%| F|  |TAMS 0xc7c00000, 0xc7c00000| Untracked 
|  75|0xc7d00000, 0xc7d00000, 0xc7e00000|  0%| F|  |TAMS 0xc7d00000, 0xc7d00000| Untracked 
|  76|0xc7e00000, 0xc7e00000, 0xc7f00000|  0%| F|  |TAMS 0xc7e00000, 0xc7e00000| Untracked 
|  77|0xc7f00000, 0xc7f00000, 0xc8000000|  0%| F|  |TAMS 0xc7f00000, 0xc7f00000| Untracked 
|  78|0xc8000000, 0xc8000000, 0xc8100000|  0%| F|  |TAMS 0xc8000000, 0xc8000000| Untracked 
|  79|0xc8100000, 0xc8100000, 0xc8200000|  0%| F|  |TAMS 0xc8100000, 0xc8100000| Untracked 
|  80|0xc8200000, 0xc8200000, 0xc8300000|  0%| F|  |TAMS 0xc8200000, 0xc8200000| Untracked 
|  81|0xc8300000, 0xc8380000, 0xc8400000| 50%| E|  |TAMS 0xc8300000, 0xc8300000| Complete 
|  82|0xc8400000, 0xc8500000, 0xc8500000|100%| E|CS|TAMS 0xc8400000, 0xc8400000| Complete 
|  83|0xc8500000, 0xc8600000, 0xc8600000|100%| E|CS|TAMS 0xc8500000, 0xc8500000| Complete 
|  84|0xc8600000, 0xc8700000, 0xc8700000|100%| E|CS|TAMS 0xc8600000, 0xc8600000| Complete 
|  85|0xc8700000, 0xc8800000, 0xc8800000|100%| E|CS|TAMS 0xc8700000, 0xc8700000| Complete 
|  86|0xc8800000, 0xc8900000, 0xc8900000|100%| E|CS|TAMS 0xc8800000, 0xc8800000| Complete 
|  87|0xc8900000, 0xc8a00000, 0xc8a00000|100%| E|CS|TAMS 0xc8900000, 0xc8900000| Complete 
|  88|0xc8a00000, 0xc8b00000, 0xc8b00000|100%| E|CS|TAMS 0xc8a00000, 0xc8a00000| Complete 
|  89|0xc8b00000, 0xc8c00000, 0xc8c00000|100%| E|CS|TAMS 0xc8b00000, 0xc8b00000| Complete 
|  90|0xc8c00000, 0xc8d00000, 0xc8d00000|100%| E|CS|TAMS 0xc8c00000, 0xc8c00000| Complete 
|  91|0xc8d00000, 0xc8e00000, 0xc8e00000|100%| E|CS|TAMS 0xc8d00000, 0xc8d00000| Complete 
|  92|0xc8e00000, 0xc8f00000, 0xc8f00000|100%| E|CS|TAMS 0xc8e00000, 0xc8e00000| Complete 
|  93|0xc8f00000, 0xc9000000, 0xc9000000|100%| E|CS|TAMS 0xc8f00000, 0xc8f00000| Complete 
|  94|0xc9000000, 0xc9100000, 0xc9100000|100%| E|CS|TAMS 0xc9000000, 0xc9000000| Complete 
|  95|0xc9100000, 0xc9200000, 0xc9200000|100%| E|CS|TAMS 0xc9100000, 0xc9100000| Complete 
|  96|0xc9200000, 0xc9300000, 0xc9300000|100%| E|CS|TAMS 0xc9200000, 0xc9200000| Complete 
|  97|0xc9300000, 0xc9400000, 0xc9400000|100%| E|CS|TAMS 0xc9300000, 0xc9300000| Complete 
|  98|0xc9400000, 0xc9500000, 0xc9500000|100%| E|CS|TAMS 0xc9400000, 0xc9400000| Complete 
|  99|0xc9500000, 0xc9600000, 0xc9600000|100%| E|CS|TAMS 0xc9500000, 0xc9500000| Complete 
| 100|0xc9600000, 0xc9700000, 0xc9700000|100%| E|CS|TAMS 0xc9600000, 0xc9600000| Complete 
| 101|0xc9700000, 0xc9800000, 0xc9800000|100%| E|CS|TAMS 0xc9700000, 0xc9700000| Complete 
| 102|0xc9800000, 0xc9900000, 0xc9900000|100%| E|CS|TAMS 0xc9800000, 0xc9800000| Complete 
| 103|0xc9900000, 0xc9a00000, 0xc9a00000|100%| E|CS|TAMS 0xc9900000, 0xc9900000| Complete 
| 104|0xc9a00000, 0xc9b00000, 0xc9b00000|100%| E|CS|TAMS 0xc9a00000, 0xc9a00000| Complete 
| 105|0xc9b00000, 0xc9c00000, 0xc9c00000|100%| E|CS|TAMS 0xc9b00000, 0xc9b00000| Complete 
| 106|0xc9c00000, 0xc9d00000, 0xc9d00000|100%| E|CS|TAMS 0xc9c00000, 0xc9c00000| Complete 
| 107|0xc9d00000, 0xc9e00000, 0xc9e00000|100%| E|CS|TAMS 0xc9d00000, 0xc9d00000| Complete 
| 108|0xc9e00000, 0xc9f00000, 0xc9f00000|100%| E|CS|TAMS 0xc9e00000, 0xc9e00000| Complete 
| 109|0xc9f00000, 0xca000000, 0xca000000|100%| E|CS|TAMS 0xc9f00000, 0xc9f00000| Complete 
| 110|0xca000000, 0xca100000, 0xca100000|100%| E|CS|TAMS 0xca000000, 0xca000000| Complete 
| 111|0xca100000, 0xca200000, 0xca200000|100%| E|CS|TAMS 0xca100000, 0xca100000| Complete 
| 112|0xca200000, 0xca300000, 0xca300000|100%| E|CS|TAMS 0xca200000, 0xca200000| Complete 
| 113|0xca300000, 0xca400000, 0xca400000|100%| E|CS|TAMS 0xca300000, 0xca300000| Complete 
| 114|0xca400000, 0xca500000, 0xca500000|100%| E|CS|TAMS 0xca400000, 0xca400000| Complete 
| 115|0xca500000, 0xca600000, 0xca600000|100%| E|CS|TAMS 0xca500000, 0xca500000| Complete 
| 116|0xca600000, 0xca700000, 0xca700000|100%| E|CS|TAMS 0xca600000, 0xca600000| Complete 
| 117|0xca700000, 0xca800000, 0xca800000|100%| E|CS|TAMS 0xca700000, 0xca700000| Complete 
| 118|0xca800000, 0xca900000, 0xca900000|100%| E|CS|TAMS 0xca800000, 0xca800000| Complete 
| 119|0xca900000, 0xcaa00000, 0xcaa00000|100%| E|CS|TAMS 0xca900000, 0xca900000| Complete 
| 120|0xcaa00000, 0xcab00000, 0xcab00000|100%| E|CS|TAMS 0xcaa00000, 0xcaa00000| Complete 
| 121|0xcab00000, 0xcac00000, 0xcac00000|100%| E|CS|TAMS 0xcab00000, 0xcab00000| Complete 
| 122|0xcac00000, 0xcad00000, 0xcad00000|100%| E|CS|TAMS 0xcac00000, 0xcac00000| Complete 
| 123|0xcad00000, 0xcae00000, 0xcae00000|100%| E|CS|TAMS 0xcad00000, 0xcad00000| Complete 
| 124|0xcae00000, 0xcaf00000, 0xcaf00000|100%| E|CS|TAMS 0xcae00000, 0xcae00000| Complete 
| 125|0xcaf00000, 0xcb000000, 0xcb000000|100%| E|CS|TAMS 0xcaf00000, 0xcaf00000| Complete 
| 126|0xcb000000, 0xcb100000, 0xcb100000|100%| E|CS|TAMS 0xcb000000, 0xcb000000| Complete 
| 127|0xcb100000, 0xcb200000, 0xcb200000|100%| E|CS|TAMS 0xcb100000, 0xcb100000| Complete 

Card table byte_map: [0xc3100000,0xc3200000] _byte_map_base: 0xc2ae7000

Marking Bits (Prev, Next): (CMBitMap*) 0xe33300b8, (CMBitMap*) 0xe33300d8
 Prev Bits: [0xc2800000, 0xc3000000)
 Next Bits: [0xc2000000, 0xc2800000)

Polling page: 0xf7f04000

Metaspace:

Usage:
    6.19 MB used.

Virtual space:
     16.00 MB reserved,       6.88 MB ( 43%) committed,  1 nodes.

Chunk freelists:
6.81 MB

MaxMetaspaceSize: 96.00 MB
No class space
Initial GC threshold: 16.00 MB
Current GC threshold: 16.00 MB
CDS: on
MetaspaceReclaimPolicy: balanced
 - commit_granule_bytes: 65536.
 - commit_granule_words: 16384.
 - virtual_space_node_default_size: 4194304.
 - enlarge_chunks_in_place: 1.
 - new_chunks_are_fully_committed: 0.
 - uncommit_free_chunks: 1.
 - use_allocation_guard: 0.
 - handle_deallocations: 1.


Internal statistics:

num_allocs_failed_limit: 0.
num_arena_births: 437.
num_arena_deaths: 0.
num_vsnodes_births: 1.
num_vsnodes_deaths: 0.
num_space_committed: 110.
num_space_uncommitted: 0.
num_chunks_returned_to_freelist: 0.
num_chunks_taken_from_freelist: 741.
num_chunk_merges: 0.
num_chunk_splits: 525.
num_chunks_enlarged: 379.
num_inconsistent_stats: 0.

CodeHeap 'non-profiled nmethods': size=120172Kb used=1062Kb max_used=1062Kb free=119109Kb
 bounds [0xeafa2000, 0xeb1e2000, 0xf24fd000]
CodeHeap 'profiled nmethods': size=120172Kb used=4168Kb max_used=4168Kb free=116003Kb
 bounds [0xe34fd000, 0xe3915000, 0xeaa58000]
CodeHeap 'non-nmethods': size=5416Kb used=746Kb max_used=792Kb free=4669Kb
 bounds [0xeaa58000, 0xeac98000, 0xeafa2000]
 total_blobs=2409 nmethods=2050 adapters=273
 compilation: enabled
              stopped_count=0, restarted_count=0
 full_count=0

Compilation events (20 events):
Event: 6467.185 Thread 0xc18ec4d0 2038   !   3       jdk.internal.ref.PhantomCleanable::isListEmpty (34 bytes)
Event: 6467.185 Thread 0xc18ec4d0 nmethod 2038 0xe390af08 code [0xe390b040, 0xe390b260]
Event: 6467.186 Thread 0xc18ec4d0 2039       3       jdk.internal.misc.InnocuousThread::eraseThreadLocals (23 bytes)
Event: 6467.186 Thread 0xc18ec4d0 nmethod 2039 0xe390b388 code [0xe390b4c0, 0xe390b680]
Event: 7260.290 Thread 0xc18eb3a0 2042       4       script.base_class::LOG (12 bytes)
Event: 7260.292 Thread 0xc18eb3a0 nmethod 2042 0xeb0a9c08 code [0xeb0a9d40, 0xeb0aa0bc]
Event: 7790.149 Thread 0xc18eb3a0 2045       4       java.io.ObjectInputStream$BlockDataInputStream::readShort (73 bytes)
Event: 7790.151 Thread 0xc18eb3a0 nmethod 2045 0xeb0aaa08 code [0xeb0aab40, 0xeb0aacfc]
Event: 8040.189 Thread 0xc18eb3a0 2046       4       script.base_class::LOG (8 bytes)
Event: 8040.190 Thread 0xc18eb3a0 nmethod 2046 0xeb0aae88 code [0xeb0aafc0, 0xeb0ab27c]
Event: 9779.220 Thread 0xc18ec4d0 2047       3       script.systems.gcw.gcw_data_updater::updateGCWInfo (148 bytes)
Event: 9779.221 Thread 0xc18ec4d0 nmethod 2047 0xe390b708 code [0xe390baa0, 0xe390caec]
Event: 9779.221 Thread 0xc18ec4d0 2048       3       script.library.gcw::getRebelPercentileByRegion (8 bytes)
Event: 9779.221 Thread 0xc18ec4d0 nmethod 2048 0xe390d308 code [0xe390d440, 0xe390d54c]
Event: 9911.171 Thread 0xc18eb3a0 2049       4       java.io.ObjectStreamClass::getSerialVersionUID (42 bytes)
Event: 9911.173 Thread 0xc18eb3a0 nmethod 2049 0xeb0ab588 code [0xeb0ab6c0, 0xeb0ab8bc]
Event: 10452.281 Thread 0xc18ec4d0 2050   !   3       jdk.internal.reflect.GeneratedMethodAccessor54::invoke (76 bytes)
Event: 10452.281 Thread 0xc18ec4d0 nmethod 2050 0xe390d608 code [0xe390d820, 0xe390e028]
Event: 10492.255 Thread 0xc18ec4d0 2051       3       script.library.travel::getStarportFromTerminal (38 bytes)
Event: 10492.255 Thread 0xc18ec4d0 nmethod 2051 0xe390e488 code [0xe390e680, 0xe390ee70]

GC Heap History (6 events):
Event: 15.042 GC heap before
{Heap before GC invocations=0 (full 0):
 garbage-first heap   total 131072K, used 22528K [0xc3200000, 0xe3200000)
  region size 1024K, 23 young (23552K), 0 survivors (0K)
 Metaspace       used 3820K, committed 4096K, reserved 16384K
}
Event: 15.121 GC heap after
{Heap after GC invocations=1 (full 0):
 garbage-first heap   total 131072K, used 3263K [0xc3200000, 0xe3200000)
  region size 1024K, 3 young (3072K), 3 survivors (3072K)
 Metaspace       used 3820K, committed 4096K, reserved 16384K
}
Event: 21.875 GC heap before
{Heap before GC invocations=1 (full 0):
 garbage-first heap   total 131072K, used 31935K [0xc3200000, 0xe3200000)
  region size 1024K, 31 young (31744K), 3 survivors (3072K)
 Metaspace       used 4824K, committed 5248K, reserved 16384K
}
Event: 21.879 GC heap after
{Heap after GC invocations=2 (full 0):
 garbage-first heap   total 131072K, used 4730K [0xc3200000, 0xe3200000)
  region size 1024K, 2 young (2048K), 2 survivors (2048K)
 Metaspace       used 4824K, committed 5248K, reserved 16384K
}
Event: 47.173 GC heap before
{Heap before GC invocations=2 (full 0):
 garbage-first heap   total 131072K, used 80506K [0xc3200000, 0xe3200000)
  region size 1024K, 76 young (77824K), 2 survivors (2048K)
 Metaspace       used 6131K, committed 6784K, reserved 16384K
}
Event: 47.177 GC heap after
{Heap after GC invocations=3 (full 0):
 garbage-first heap   total 131072K, used 7768K [0xc3200000, 0xe3200000)
  region size 1024K, 5 young (5120K), 5 survivors (5120K)
 Metaspace       used 6131K, committed 6784K, reserved 16384K
}

Dll operation events (4 events):
Event: 0.009 Loaded shared library /usr/lib/jvm/zulu17.66.19-ca-fx-jdk17.0.19-linux_i686/lib/libjava.so
Event: 9.516 Loaded shared library /usr/lib/jvm/zulu17.66.19-ca-fx-jdk17.0.19-linux_i686/lib/libnio.so
Event: 9.516 Loaded shared library /usr/lib/jvm/zulu17.66.19-ca-fx-jdk17.0.19-linux_i686/lib/libjimage.so
Event: 9.517 Loaded shared library /usr/lib/jvm/zulu17.66.19-ca-fx-jdk17.0.19-linux_i686/lib/libnet.so

Deoptimization events (20 events):
Event: 39.399 Thread 0x5c11f7a0 DEOPT PACKING pc=0xeb04afd4 sp=0xff813fe0
Event: 39.399 Thread 0x5c11f7a0 DEOPT UNPACKING pc=0xeaaa1d33 sp=0xff813f38 mode 2
Event: 39.399 Thread 0x5c11f7a0 Uncommon trap: trap_request=0xffffff45 fr.pc=0xeb045064 relative=0x00000424
Event: 39.399 Thread 0x5c11f7a0 Uncommon trap: reason=unstable_if action=reinterpret pc=0xeb045064 method=java.lang.AbstractStringBuilder.putStringAt(ILjava/lang/String;II)V @ 8 c2
Event: 39.399 Thread 0x5c11f7a0 DEOPT PACKING pc=0xeb045064 sp=0xff813fb0
Event: 39.399 Thread 0x5c11f7a0 DEOPT UNPACKING pc=0xeaaa1d33 sp=0xff813f3c mode 2
Event: 40.176 Thread 0x5c11f7a0 DEOPT PACKING pc=0xe38127dc sp=0xff813510
Event: 40.176 Thread 0x5c11f7a0 DEOPT UNPACKING pc=0xeaaa1171 sp=0xff8133a8 mode 0
Event: 62.346 Thread 0x5c11f7a0 Uncommon trap: trap_request=0xffffff45 fr.pc=0xeb0237d4 relative=0x00001294
Event: 62.346 Thread 0x5c11f7a0 Uncommon trap: reason=unstable_if action=reinterpret pc=0xeb0237d4 method=script.script_entry.runScript(Ljava/lang/String;Ljava/lang/String;[Ljava/lang/Object;)I @ 432 c2
Event: 62.346 Thread 0x5c11f7a0 DEOPT PACKING pc=0xeb0237d4 sp=0xff80f180
Event: 62.346 Thread 0x5c11f7a0 DEOPT UNPACKING pc=0xeaaa1d33 sp=0xff80f160 mode 2
Event: 79.192 Thread 0x5c11f7a0 DEOPT PACKING pc=0xe381bbff sp=0xff8143c0
Event: 79.192 Thread 0x5c11f7a0 DEOPT UNPACKING pc=0xeaaa1171 sp=0xff814290 mode 0
Event: 79.197 Thread 0x5c11f7a0 DEOPT PACKING pc=0xe381bbff sp=0xff8143c0
Event: 79.197 Thread 0x5c11f7a0 DEOPT UNPACKING pc=0xeaaa1171 sp=0xff814290 mode 0
Event: 98.253 Thread 0x5c11f7a0 Uncommon trap: trap_request=0xffffff45 fr.pc=0xeb04cea8 relative=0x00001668
Event: 98.253 Thread 0x5c11f7a0 Uncommon trap: reason=unstable_if action=reinterpret pc=0xeb04cea8 method=script.script_entry.callMessageHandler(Ljava/lang/String;Ljava/lang/String;[Ljava/lang/Object;)I @ 461 c2
Event: 98.253 Thread 0x5c11f7a0 DEOPT PACKING pc=0xeb04cea8 sp=0xff814260
Event: 98.253 Thread 0x5c11f7a0 DEOPT UNPACKING pc=0xeaaa1d33 sp=0xff814248 mode 2

Classes loaded (20 events):
Event: 38.349 Loading class java/lang/constant/MethodTypeDescImpl
Event: 38.349 Loading class java/lang/constant/MethodTypeDescImpl done
Event: 38.349 Loading class java/lang/constant/MethodHandleDesc
Event: 38.349 Loading class java/lang/constant/MethodHandleDesc done
Event: 38.349 Loading class java/lang/constant/MethodHandleDesc$1
Event: 38.349 Loading class java/lang/constant/MethodHandleDesc$1 done
Event: 38.349 Loading class java/lang/constant/DirectMethodHandleDescImpl
Event: 38.349 Loading class java/lang/constant/DirectMethodHandleDesc
Event: 38.350 Loading class java/lang/constant/DirectMethodHandleDesc done
Event: 38.350 Loading class java/lang/constant/DirectMethodHandleDescImpl done
Event: 38.350 Loading class java/lang/constant/DirectMethodHandleDescImpl$1
Event: 38.350 Loading class java/lang/constant/DirectMethodHandleDescImpl$1 done
Event: 38.350 Loading class java/lang/constant/DirectMethodHandleDesc$1
Event: 38.350 Loading class java/lang/constant/DirectMethodHandleDesc$1 done
Event: 38.350 Loading class java/lang/constant/PrimitiveClassDescImpl
Event: 38.350 Loading class java/lang/constant/DynamicConstantDesc
Event: 38.350 Loading class java/lang/constant/DynamicConstantDesc done
Event: 38.350 Loading class java/lang/constant/PrimitiveClassDescImpl done
Event: 38.350 Loading class java/lang/constant/DynamicConstantDesc$AnonymousDynamicConstantDesc
Event: 38.350 Loading class java/lang/constant/DynamicConstantDesc$AnonymousDynamicConstantDesc done

Classes unloaded (0 events):
No events

Classes redefined (0 events):
No events

Internal exceptions (13 events):
Event: 9.524 Thread 0x5c11f7a0 Exception <a 'java/lang/NoSuchMethodError'{0xcaead488}: 'java.lang.Object java.lang.invoke.DirectMethodHandle$Holder.invokeStaticInit(java.lang.Object)'> (0xcaead488) 
thrown [src/hotspot/share/interpreter/linkResolver.cpp, line 759]
Event: 12.879 Thread 0x5c11f7a0 Exception <a 'java/lang/NoSuchMethodError'{0xcaaaab10}: 'java.lang.Object java.lang.invoke.DirectMethodHandle$Holder.invokeStatic(java.lang.Object, float)'> (0xcaaaab10) 
thrown [src/hotspot/share/interpreter/linkResolver.cpp, line 759]
Event: 13.443 Thread 0x5c11f7a0 Exception <a 'java/lang/NoSuchMethodError'{0xca413328}: 'java.lang.Object java.lang.invoke.DirectMethodHandle$Holder.invokeSpecial(java.lang.Object, java.lang.Object, long, java.lang.Object, java.lang.Object, java.lang.Object, java.lang.Object, int, java.lang.Object)'> (0xca413328) 
thrown [src/hotspot/share/interpreter/linkResolver.cpp, line 759]
Event: 13.443 Thread 0x5c11f7a0 Exception <a 'java/lang/NoSuchMethodError'{0xca417628}: 'java.lang.Object java.lang.invoke.DelegatingMethodHandle$Holder.reinvoke_L(java.lang.Object, long, java.lang.Object, java.lang.Object, java.lang.Object, java.lang.Object, int, java.lang.Object)'> (0xca417628) 
thrown [src/hotspot/share/interpreter/linkResolver.cpp, line 759]
Event: 13.454 Thread 0x5c11f7a0 Exception <a 'java/lang/NoSuchMethodError'{0xca49fb90}: 'java.lang.Object java.lang.invoke.DirectMethodHandle$Holder.invokeSpecial(java.lang.Object, java.lang.Object, java.lang.Object, java.lang.Object, float)'> (0xca49fb90) 
thrown [src/hotspot/share/interpreter/linkResolver.cpp, line 759]
Event: 13.462 Thread 0x5c11f7a0 Exception <a 'java/lang/NoSuchMethodError'{0xca4cc658}: 'java.lang.Object java.lang.invoke.DirectMethodHandle$Holder.invokeSpecial(java.lang.Object, java.lang.Object, java.lang.Object, java.lang.Object, int)'> (0xca4cc658) 
thrown [src/hotspot/share/interpreter/linkResolver.cpp, line 759]
Event: 13.462 Thread 0x5c11f7a0 Exception <a 'java/lang/NoSuchMethodError'{0xca4cfdc0}: 'java.lang.Object java.lang.invoke.Invokers$Holder.linkToTargetMethod(java.lang.Object, java.lang.Object, int, java.lang.Object)'> (0xca4cfdc0) 
thrown [src/hotspot/share/interpreter/linkResolver.cpp, line 759]
Event: 13.714 Thread 0x5c11f7a0 Exception <a 'java/lang/NoSuchMethodError'{0xca3d9fb8}: 'java.lang.Object java.lang.invoke.DirectMethodHandle$Holder.invokeSpecial(java.lang.Object, java.lang.Object, long, java.lang.Object, java.lang.Object, java.lang.Object, java.lang.Object, java.lang.Object, java.lang.Object)'> (0xca3d9fb8) 
thrown [src/hotspot/share/interpreter/linkResolver.cpp, line 759]
Event: 13.715 Thread 0x5c11f7a0 Exception <a 'java/lang/NoSuchMethodError'{0xca3de390}: 'java.lang.Object java.lang.invoke.DelegatingMethodHandle$Holder.reinvoke_L(java.lang.Object, long, java.lang.Object, java.lang.Object, java.lang.Object, java.lang.Object, java.lang.Object, java.lang.Object)'> (0xca3de390) 
thrown [src/hotspot/share/interpreter/linkResolver.cpp, line 759]
Event: 16.224 Thread 0x5c11f7a0 Exception <a 'java/lang/NoSuchMethodError'{0xca9a9660}: 'java.lang.Object java.lang.invoke.DirectMethodHandle$Holder.invokeSpecial(java.lang.Object, java.lang.Object, java.lang.Object, java.lang.Object, java.lang.Object, java.lang.Object, int)'> (0xca9a9660) 
thrown [src/hotspot/share/interpreter/linkResolver.cpp, line 759]
Event: 26.600 Thread 0x5c11f7a0 Exception <a 'java/lang/NoSuchMethodError'{0xca639120}: 'java.lang.Object java.lang.invoke.DirectMethodHandle$Holder.invokeSpecial(java.lang.Object, java.lang.Object, int, int, int)'> (0xca639120) 
thrown [src/hotspot/share/interpreter/linkResolver.cpp, line 759]
Event: 38.336 Thread 0x5c11f7a0 Exception <a 'java/lang/NoSuchMethodError'{0xc75dd3e8}: static [Lscript/location;.<clinit>()V> (0xc75dd3e8) 
thrown [src/hotspot/share/prims/jni.cpp, line 1112]
Event: 98.253 Thread 0x5c11f7a0 Implicit null exception at 0xeb04be6c to 0xeb04ce88

VM Operations (20 events):
Event: 87.179 Executing VM operation: Cleanup
Event: 87.179 Executing VM operation: Cleanup done
Event: 104.180 Executing VM operation: Cleanup
Event: 104.180 Executing VM operation: Cleanup done
Event: 109.181 Executing VM operation: Cleanup
Event: 109.181 Executing VM operation: Cleanup done
Event: 110.181 Executing VM operation: Cleanup
Event: 110.181 Executing VM operation: Cleanup done
Event: 111.181 Executing VM operation: Cleanup
Event: 111.181 Executing VM operation: Cleanup done
Event: 113.181 Executing VM operation: Cleanup
Event: 113.181 Executing VM operation: Cleanup done
Event: 784.219 Executing VM operation: Cleanup
Event: 784.219 Executing VM operation: Cleanup done
Event: 833.222 Executing VM operation: Cleanup
Event: 833.222 Executing VM operation: Cleanup done
Event: 1145.240 Executing VM operation: Cleanup
Event: 1145.240 Executing VM operation: Cleanup done
Event: 4283.423 Executing VM operation: Cleanup
Event: 4283.423 Executing VM operation: Cleanup done

Memory protections (17 events):
Event: 0.004 Protecting memory [0xf3740000,0xf3744000] with protection modes 0
Event: 0.141 Protecting memory [0xc0940000,0xc0944000] with protection modes 0
Event: 0.153 Protecting memory [0xc0740000,0xc0744000] with protection modes 0
Event: 0.160 Protecting memory [0xc00c6000,0xc00ca000] with protection modes 0
Event: 0.165 Protecting memory [0xc0005000,0xc0009000] with protection modes 0
Event: 0.180 Protecting memory [0xbed40000,0xbed44000] with protection modes 0
Event: 0.186 Protecting memory [0xc0b2a000,0xc0b2e000] with protection modes 0
Event: 0.192 Protecting memory [0xbeb80000,0xbeb84000] with protection modes 0
Event: 0.210 Protecting memory [0xbe840000,0xbe844000] with protection modes 0
Event: 0.239 Protecting memory [0xbe640000,0xbe644000] with protection modes 0
Event: 0.283 Protecting memory [0xff757000,0xff75b000] with protection modes 0
Event: 0.292 Protecting memory [0xbe140000,0xbe144000] with protection modes 0
Event: 0.301 Protecting memory [0xbdf40000,0xbdf44000] with protection modes 0
Event: 9.668 Protecting memory [0xbdb7e000,0xbdb82000] with protection modes 0
Event: 12.384 Protecting memory [0xbdb7e000,0xbdb82000] with protection modes 0
Event: 13.715 Protecting memory [0xbdb7e000,0xbdb82000] with protection modes 0
Event: 38.347 Protecting memory [0xba8ef000,0xba8f3000] with protection modes 0

Nmethod flushes (0 events):
No events

Events (20 events):
Event: 0.165 Thread 0xf3629a00 Thread added: 0xc18e8fd0
Event: 0.179 Thread 0xf3629a00 Thread added: 0xc18e9ff0
Event: 0.185 Thread 0xf3629a00 Thread added: 0xc18eb3a0
Event: 0.191 Thread 0xf3629a00 Thread added: 0xc18ec4d0
Event: 0.205 Thread 0xf3629a00 Thread added: 0xc18ed530
Event: 0.238 Thread 0xf3629a00 Thread added: 0xbe5242a0
Event: 0.283 Thread 0x5c11f7a0 Thread added: 0x5c11f7a0
Event: 0.291 Thread 0x5c11f7a0 Thread added: 0x5c1213e0
Event: 0.300 Thread 0x5c11f7a0 Thread added: 0x5c127ce0
Event: 9.667 Thread 0xc18ec4d0 Thread added: 0xbe911390
Event: 10.145 Thread 0xbe911390 Thread exited: 0xbe911390
Event: 12.383 Thread 0xc18ec4d0 Thread added: 0xbe911390
Event: 12.560 Thread 0xbe911390 Thread exited: 0xbe911390
Event: 13.712 Thread 0xc18ec4d0 Thread added: 0xbe9a5770
Event: 14.201 Thread 0xbe9a5770 Thread exited: 0xbe9a5770
Event: 38.347 Thread 0xc18ec4d0 Thread added: 0xbda329b0
Event: 39.215 Thread 0xbda329b0 Thread exited: 0xbda329b0
Event: 10751.948 Thread 0x5c11f7a0 Thread exited: 0x5c11f7a0
Event: 10751.948 Thread 0xf3629a00 Before exit entered
Event: 10751.949 Thread 0xf3629a00 Thread exited: 0xf3629a00


Dynamic libraries:
565c7000-57694000 r--p 00000000 09:04 24778802                           /home/swg/swg-main/build/bin/SwgGameServer
57694000-58537000 r-xp 010cd000 09:04 24778802                           /home/swg/swg-main/build/bin/SwgGameServer
58537000-58c1e000 r--p 01f70000 09:04 24778802                           /home/swg/swg-main/build/bin/SwgGameServer
58c1e000-58c45000 rw-p 02656000 09:04 24778802                           /home/swg/swg-main/build/bin/SwgGameServer
58c45000-594c8000 rw-p 00000000 00:00 0 
5aa42000-65173000 rw-p 00000000 00:00 0                                  [heap]
b9a00000-b9aaa000 rw-p 00000000 00:00 0 
b9aaa000-b9b00000 ---p 00000000 00:00 0 
b9c00000-b9cfd000 rw-p 00000000 00:00 0 
b9cfd000-b9d00000 ---p 00000000 00:00 0 
b9e00000-b9ef9000 rw-p 00000000 00:00 0 
b9ef9000-b9f00000 ---p 00000000 00:00 0 
ba100000-ba1fe000 rw-p 00000000 00:00 0 
ba1fe000-ba200000 ---p 00000000 00:00 0 
ba200000-ba2fe000 rw-p 00000000 00:00 0 
ba2fe000-ba300000 ---p 00000000 00:00 0 
ba300000-ba3f9000 rw-p 00000000 00:00 0 
ba3f9000-ba400000 ---p 00000000 00:00 0 
ba400000-ba4f0000 rw-p 00000000 00:00 0 
ba4f0000-ba500000 ---p 00000000 00:00 0 
ba500000-ba54b000 rw-p 00000000 00:00 0 
ba54b000-ba600000 ---p 00000000 00:00 0 
ba700000-ba7fb000 rw-p 00000000 00:00 0 
ba7fb000-ba800000 ---p 00000000 00:00 0 
ba8ee000-ba8ef000 ---p 00000000 00:00 0 
ba8ef000-ba8f3000 ---p 00000000 00:00 0 
ba8f3000-ba96f000 rw-p 00000000 00:00 0 
bac00000-bacf9000 rw-p 00000000 00:00 0 
bacf9000-bad00000 ---p 00000000 00:00 0 
bad00000-badcb000 rw-p 00000000 00:00 0 
badcb000-bae00000 ---p 00000000 00:00 0 
bae00000-baef9000 rw-p 00000000 00:00 0 
baef9000-baf00000 ---p 00000000 00:00 0 
baf00000-baff9000 rw-p 00000000 00:00 0 
baff9000-bb000000 ---p 00000000 00:00 0 
bb000000-bb0f9000 rw-p 00000000 00:00 0 
bb0f9000-bb100000 ---p 00000000 00:00 0 
bb100000-bb1f9000 rw-p 00000000 00:00 0 
bb1f9000-bb200000 ---p 00000000 00:00 0 
bb200000-bb2f9000 rw-p 00000000 00:00 0 
bb2f9000-bb300000 ---p 00000000 00:00 0 
bb300000-bb3fb000 rw-p 00000000 00:00 0 
bb3fb000-bb400000 ---p 00000000 00:00 0 
bb400000-bb421000 rw-p 00000000 00:00 0 
bb421000-bb500000 ---p 00000000 00:00 0 
bb57f000-bb580000 ---p 00000000 00:00 0 
bb580000-bb600000 rw-p 00000000 00:00 0 
bb600000-bb621000 rw-p 00000000 00:00 0 
bb621000-bb700000 ---p 00000000 00:00 0 
bb77f000-bb780000 ---p 00000000 00:00 0 
bb780000-bb800000 rw-p 00000000 00:00 0 
bb800000-bb821000 rw-p 00000000 00:00 0 
bb821000-bb900000 ---p 00000000 00:00 0 
bb97f000-bb980000 ---p 00000000 00:00 0 
bb980000-bba00000 rw-p 00000000 00:00 0 
bba00000-bba21000 rw-p 00000000 00:00 0 
bba21000-bbb00000 ---p 00000000 00:00 0 
bbb7f000-bbb80000 ---p 00000000 00:00 0 
bbb80000-bbc00000 rw-p 00000000 00:00 0 
bbc00000-bbc21000 rw-p 00000000 00:00 0 
bbc21000-bbd00000 ---p 00000000 00:00 0 
bbd7f000-bbd80000 ---p 00000000 00:00 0 
bbd80000-bbe00000 rw-p 00000000 00:00 0 
bbe00000-bbe21000 rw-p 00000000 00:00 0 
bbe21000-bbf00000 ---p 00000000 00:00 0 
bbf00000-bbf21000 rw-p 00000000 00:00 0 
bbf21000-bc000000 ---p 00000000 00:00 0 
bc07f000-bc080000 ---p 00000000 00:00 0 
bc080000-bc100000 rw-p 00000000 00:00 0 
bc100000-bc121000 rw-p 00000000 00:00 0 
bc121000-bc200000 ---p 00000000 00:00 0 
bc200000-bc221000 rw-p 00000000 00:00 0 
bc221000-bc300000 ---p 00000000 00:00 0 
bc300000-bc3fb000 rw-p 00000000 00:00 0 
bc3fb000-bc400000 ---p 00000000 00:00 0 
bc400000-bc421000 rw-p 00000000 00:00 0 
bc421000-bc500000 ---p 00000000 00:00 0 
bc500000-bc5f1000 rw-p 00000000 00:00 0 
bc5f1000-bc600000 ---p 00000000 00:00 0 
bc600000-bc6f9000 rw-p 00000000 00:00 0 
bc6f9000-bc700000 ---p 00000000 00:00 0 
bc700000-bc7d0000 rw-p 00000000 00:00 0 
bc7d0000-bc800000 ---p 00000000 00:00 0 
bc800000-bc8fc000 rw-p 00000000 00:00 0 
bc8fc000-bc900000 ---p 00000000 00:00 0 
bc900000-bc9de000 rw-p 00000000 00:00 0 
bc9de000-bca00000 ---p 00000000 00:00 0 
bca09000-bca0a000 ---p 00000000 00:00 0 
bca0a000-bca8a000 rw-p 00000000 00:00 0 
bd0fe000-bd0ff000 ---p 00000000 00:00 0 
bd0ff000-bd17f000 rw-p 00000000 00:00 0 
bd17f000-bd180000 ---p 00000000 00:00 0 
bd180000-bd200000 rw-p 00000000 00:00 0 
bd200000-bd2fd000 rw-p 00000000 00:00 0 
bd2fd000-bd300000 ---p 00000000 00:00 0 
bd37f000-bd380000 ---p 00000000 00:00 0 
bd380000-bd400000 rw-p 00000000 00:00 0 
bd400000-bd463000 rw-p 00000000 00:00 0 
bd463000-bd500000 ---p 00000000 00:00 0 
bda00000-bdaf9000 rw-p 00000000 00:00 0 
bdaf9000-bdb00000 ---p 00000000 00:00 0 
bdb7d000-bdb7e000 ---p 00000000 00:00 0 
bdb7e000-bdb82000 ---p 00000000 00:00 0 
bdb82000-bdbfe000 rw-p 00000000 00:00 0 
bde00000-bde21000 rw-p 00000000 00:00 0 
bde21000-bdf00000 ---p 00000000 00:00 0 
bdf3f000-bdf40000 ---p 00000000 00:00 0 
bdf40000-bdf44000 ---p 00000000 00:00 0 
bdf44000-be000000 rw-p 00000000 00:00 0 
be000000-be021000 rw-p 00000000 00:00 0 
be021000-be100000 ---p 00000000 00:00 0 
be13f000-be140000 ---p 00000000 00:00 0 
be140000-be144000 ---p 00000000 00:00 0 
be144000-be200000 rw-p 00000000 00:00 0 
be200000-be221000 rw-p 00000000 00:00 0 
be221000-be300000 ---p 00000000 00:00 0 
be37f000-be380000 ---p 00000000 00:00 0 
be380000-be400000 rw-p 00000000 00:00 0 
be400000-be421000 rw-p 00000000 00:00 0 
be421000-be500000 ---p 00000000 00:00 0 
be500000-be527000 rw-p 00000000 00:00 0 
be527000-be600000 ---p 00000000 00:00 0 
be63f000-be640000 ---p 00000000 00:00 0 
be640000-be644000 ---p 00000000 00:00 0 
be644000-be700000 rw-p 00000000 00:00 0 
be700000-be721000 rw-p 00000000 00:00 0 
be721000-be800000 ---p 00000000 00:00 0 
be83f000-be840000 ---p 00000000 00:00 0 
be840000-be844000 ---p 00000000 00:00 0 
be844000-be900000 rw-p 00000000 00:00 0 
be900000-be9fd000 rw-p 00000000 00:00 0 
be9fd000-bea00000 ---p 00000000 00:00 0 
bea00000-beafd000 rw-p 00000000 00:00 0 
beafd000-beb00000 ---p 00000000 00:00 0 
beb7f000-beb80000 ---p 00000000 00:00 0 
beb80000-beb84000 ---p 00000000 00:00 0 
beb84000-bec00000 rw-p 00000000 00:00 0 
bec00000-bec21000 rw-p 00000000 00:00 0 
bec21000-bed00000 ---p 00000000 00:00 0 
bed3f000-bed40000 ---p 00000000 00:00 0 
bed40000-bed44000 ---p 00000000 00:00 0 
bed44000-bee00000 rw-p 00000000 00:00 0 
bee00000-bee21000 rw-p 00000000 00:00 0 
bee21000-bef00000 ---p 00000000 00:00 0 
bef00000-bef21000 rw-p 00000000 00:00 0 
bef21000-bf000000 ---p 00000000 00:00 0 
bf000000-bf1a0000 rw-p 00000000 00:00 0 
bf1a0000-bf400000 ---p 00000000 00:00 0 
bf400000-bf940000 rw-p 00000000 00:00 0 
bf940000-c0000000 ---p 00000000 00:00 0 
c0004000-c0005000 ---p 00000000 00:00 0 
c0005000-c0009000 ---p 00000000 00:00 0 
c0009000-c00c5000 rw-p 00000000 00:00 0 
c00c5000-c00c6000 ---p 00000000 00:00 0 
c00c6000-c00ca000 ---p 00000000 00:00 0 
c00ca000-c0186000 rw-p 00000000 00:00 0 
c0186000-c0400000 r--p 0006f000 09:04 15752678                           /usr/lib/locale/locale-archive
c0400000-c0600000 r--p 00000000 09:04 15752678                           /usr/lib/locale/locale-archive
c0600000-c0621000 rw-p 00000000 00:00 0 
c0621000-c0700000 ---p 00000000 00:00 0 
c073f000-c0740000 ---p 00000000 00:00 0 
c0740000-c0744000 ---p 00000000 00:00 0 
c0744000-c0800000 rw-p 00000000 00:00 0 
c0800000-c0821000 rw-p 00000000 00:00 0 
c0821000-c0900000 ---p 00000000 00:00 0 
c093f000-c0940000 ---p 00000000 00:00 0 
c0940000-c0944000 ---p 00000000 00:00 0 
c0944000-c0a00000 rw-p 00000000 00:00 0 
c0a00000-c0a21000 rw-p 00000000 00:00 0 
c0a21000-c0b00000 ---p 00000000 00:00 0 
c0b29000-c0b2a000 ---p 00000000 00:00 0 
c0b2a000-c0b2e000 ---p 00000000 00:00 0 
c0b2e000-c0baa000 rw-p 00000000 00:00 0 
c0baa000-c0bab000 ---p 00000000 00:00 0 
c0bab000-c0c2b000 rw-p 00000000 00:00 0 
c0c2b000-c1500000 rw-p 00001000 09:04 15886960                           /usr/lib/jvm/zulu17.66.19-ca-fx-jdk17.0.19-linux_i686/lib/server/classes.jsa
c1500000-c1521000 rw-p 00000000 00:00 0 
c1521000-c1600000 ---p 00000000 00:00 0 
c167f000-c1680000 ---p 00000000 00:00 0 
c1680000-c1700000 rw-p 00000000 00:00 0 
c1700000-c1721000 rw-p 00000000 00:00 0 
c1721000-c1800000 ---p 00000000 00:00 0 
c1800000-c1900000 rw-p 00000000 00:00 0 
c197f000-c1980000 ---p 00000000 00:00 0 
c1980000-c1a00000 rw-p 00000000 00:00 0 
c1a00000-c1a21000 rw-p 00000000 00:00 0 
c1a21000-c1b00000 ---p 00000000 00:00 0 
c1b7f000-c1b80000 ---p 00000000 00:00 0 
c1b80000-c1c00000 rw-p 00000000 00:00 0 
c1c00000-c1c21000 rw-p 00000000 00:00 0 
c1c21000-c1d00000 ---p 00000000 00:00 0 
c1d7f000-c1d80000 ---p 00000000 00:00 0 
c1d80000-c1e00000 rw-p 00000000 00:00 0 
c1e00000-c1e21000 rw-p 00000000 00:00 0 
c1e21000-c1f00000 ---p 00000000 00:00 0 
c1f7f000-c1f80000 ---p 00000000 00:00 0 
c1f80000-c2200000 rw-p 00000000 00:00 0 
c2200000-c2800000 ---p 00000000 00:00 0 
c2800000-c2a00000 rw-p 00000000 00:00 0 
c2a00000-c3000000 ---p 00000000 00:00 0 
c3000000-c3040000 rw-p 00000000 00:00 0 
c3040000-c3100000 ---p 00000000 00:00 0 
c3100000-c3140000 rw-p 00000000 00:00 0 
c3140000-c3200000 ---p 00000000 00:00 0 
c3200000-cb200000 rw-p 00000000 00:00 0 
cb200000-e3200000 ---p 00000000 00:00 0 
e3200000-e3240000 rw-p 00000000 00:00 0 
e3240000-e3300000 ---p 00000000 00:00 0 
e3300000-e33fd000 rw-p 00000000 00:00 0 
e33fd000-e3400000 ---p 00000000 00:00 0 
e3412000-e3417000 rw-p 00000000 00:00 0 
e3417000-e34fd000 ---p 00000000 00:00 0 
e34fd000-e3915000 rwxp 00000000 00:00 0 
e3915000-eaa58000 ---p 00000000 00:00 0 
eaa58000-eac98000 rwxp 00000000 00:00 0 
eac98000-eafa2000 ---p 00000000 00:00 0 
eafa2000-eb1e2000 rwxp 00000000 00:00 0 
eb1e2000-f24fd000 ---p 00000000 00:00 0 
f24fd000-f26b7000 r--s 00000000 09:04 15886949                           /usr/lib/jvm/zulu17.66.19-ca-fx-jdk17.0.19-linux_i686/lib/modules
f26b7000-f3559000 r-xp 00000000 09:04 15886962                           /usr/lib/jvm/zulu17.66.19-ca-fx-jdk17.0.19-linux_i686/lib/server/libjvm.so
f3559000-f355a000 ---p 00ea2000 09:04 15886962                           /usr/lib/jvm/zulu17.66.19-ca-fx-jdk17.0.19-linux_i686/lib/server/libjvm.so
f355a000-f35af000 r--p 00ea2000 09:04 15886962                           /usr/lib/jvm/zulu17.66.19-ca-fx-jdk17.0.19-linux_i686/lib/server/libjvm.so
f35af000-f35d0000 rw-p 00ef7000 09:04 15886962                           /usr/lib/jvm/zulu17.66.19-ca-fx-jdk17.0.19-linux_i686/lib/server/libjvm.so
f35d0000-f3600000 rw-p 00000000 00:00 0 
f3600000-f36f2000 rw-p 00000000 00:00 0 
f36f2000-f3700000 ---p 00000000 00:00 0 
f373f000-f3740000 ---p 00000000 00:00 0 
f3740000-f3744000 ---p 00000000 00:00 0 
f3744000-f42b7000 rw-p 00000000 00:00 0 
f42b7000-f42cc000 r-xp 00000000 09:04 15886936                           /usr/lib/jvm/zulu17.66.19-ca-fx-jdk17.0.19-linux_i686/lib/libnet.so
f42cc000-f42cd000 r--p 00014000 09:04 15886936                           /usr/lib/jvm/zulu17.66.19-ca-fx-jdk17.0.19-linux_i686/lib/libnet.so
f42cd000-f42ce000 rw-p 00015000 09:04 15886936                           /usr/lib/jvm/zulu17.66.19-ca-fx-jdk17.0.19-linux_i686/lib/libnet.so
f42ce000-f42e0000 r-xp 00000000 09:04 15886937                           /usr/lib/jvm/zulu17.66.19-ca-fx-jdk17.0.19-linux_i686/lib/libnio.so
f42e0000-f42e1000 ---p 00012000 09:04 15886937                           /usr/lib/jvm/zulu17.66.19-ca-fx-jdk17.0.19-linux_i686/lib/libnio.so
f42e1000-f42e2000 r--p 00012000 09:04 15886937                           /usr/lib/jvm/zulu17.66.19-ca-fx-jdk17.0.19-linux_i686/lib/libnio.so
f42e2000-f42e3000 rw-p 00013000 09:04 15886937                           /usr/lib/jvm/zulu17.66.19-ca-fx-jdk17.0.19-linux_i686/lib/libnio.so
f42e3000-f42ec000 rw-p 00000000 00:00 0 
f42ec000-f43ce000 ---p 00000000 00:00 0 
f45f7000-f45fe000 r--s 00000000 09:04 15884995                           /usr/lib/i386-linux-gnu/gconv/gconv-modules.cache
f45fe000-f464c000 rw-p 00000000 00:00 0 
f464c000-f4652000 ---p 00000000 00:00 0 
f4652000-f4675000 r-xp 00000000 09:04 15886917                           /usr/lib/jvm/zulu17.66.19-ca-fx-jdk17.0.19-linux_i686/lib/libjava.so
f4675000-f4676000 r--p 00022000 09:04 15886917                           /usr/lib/jvm/zulu17.66.19-ca-fx-jdk17.0.19-linux_i686/lib/libjava.so
f4676000-f4677000 rw-p 00023000 09:04 15886917                           /usr/lib/jvm/zulu17.66.19-ca-fx-jdk17.0.19-linux_i686/lib/libjava.so
f4677000-f4692000 r-xp 00000000 09:04 15886927                           /usr/lib/jvm/zulu17.66.19-ca-fx-jdk17.0.19-linux_i686/lib/libjimage.so
f4692000-f4693000 ---p 0001b000 09:04 15886927                           /usr/lib/jvm/zulu17.66.19-ca-fx-jdk17.0.19-linux_i686/lib/libjimage.so
f4693000-f4694000 r--p 0001b000 09:04 15886927                           /usr/lib/jvm/zulu17.66.19-ca-fx-jdk17.0.19-linux_i686/lib/libjimage.so
f4694000-f4695000 rw-p 0001c000 09:04 15886927                           /usr/lib/jvm/zulu17.66.19-ca-fx-jdk17.0.19-linux_i686/lib/libjimage.so
f4695000-f4696000 r--p 00000000 09:04 15884743                           /usr/lib/i386-linux-gnu/librt.so.1
f4696000-f4697000 r-xp 00001000 09:04 15884743                           /usr/lib/i386-linux-gnu/librt.so.1
f4697000-f4698000 r--p 00002000 09:04 15884743                           /usr/lib/i386-linux-gnu/librt.so.1
f4698000-f4699000 r--p 00002000 09:04 15884743                           /usr/lib/i386-linux-gnu/librt.so.1
f4699000-f469a000 rw-p 00003000 09:04 15884743                           /usr/lib/i386-linux-gnu/librt.so.1
f469a000-f469b000 r--p 00000000 09:04 15884741                           /usr/lib/i386-linux-gnu/libpthread.so.0
f469b000-f469c000 r-xp 00001000 09:04 15884741                           /usr/lib/i386-linux-gnu/libpthread.so.0
f469c000-f469d000 r--p 00002000 09:04 15884741                           /usr/lib/i386-linux-gnu/libpthread.so.0
f469d000-f469e000 r--p 00002000 09:04 15884741                           /usr/lib/i386-linux-gnu/libpthread.so.0
f469e000-f469f000 rw-p 00003000 09:04 15884741                           /usr/lib/i386-linux-gnu/libpthread.so.0
f469f000-f46a0000 r--p 00000000 09:04 15884732                           /usr/lib/i386-linux-gnu/libdl.so.2
f46a0000-f46a1000 r-xp 00001000 09:04 15884732                           /usr/lib/i386-linux-gnu/libdl.so.2
f46a1000-f46a2000 r--p 00002000 09:04 15884732                           /usr/lib/i386-linux-gnu/libdl.so.2
f46a2000-f46a3000 r--p 00002000 09:04 15884732                           /usr/lib/i386-linux-gnu/libdl.so.2
f46a3000-f46a4000 rw-p 00003000 09:04 15884732                           /usr/lib/i386-linux-gnu/libdl.so.2
f46a4000-f46a8000 rw-p 00000000 00:00 0 
f46a8000-f46a9000 r--p 00000000 09:04 15887541                           /usr/lib/i386-linux-gnu/libffi.so.8.1.2
f46a9000-f46ae000 r-xp 00001000 09:04 15887541                           /usr/lib/i386-linux-gnu/libffi.so.8.1.2
f46ae000-f46b0000 r--p 00006000 09:04 15887541                           /usr/lib/i386-linux-gnu/libffi.so.8.1.2
f46b0000-f46b1000 r--p 00007000 09:04 15887541                           /usr/lib/i386-linux-gnu/libffi.so.8.1.2
f46b1000-f46b2000 rw-p 00008000 09:04 15887541                           /usr/lib/i386-linux-gnu/libffi.so.8.1.2
f46b2000-f46b4000 r--p 00000000 09:04 15884742                           /usr/lib/i386-linux-gnu/libresolv.so.2
f46b4000-f46bc000 r-xp 00002000 09:04 15884742                           /usr/lib/i386-linux-gnu/libresolv.so.2
f46bc000-f46c0000 r--p 0000a000 09:04 15884742                           /usr/lib/i386-linux-gnu/libresolv.so.2
f46c0000-f46c1000 r--p 0000d000 09:04 15884742                           /usr/lib/i386-linux-gnu/libresolv.so.2
f46c1000-f46c2000 rw-p 0000e000 09:04 15884742                           /usr/lib/i386-linux-gnu/libresolv.so.2
f46c2000-f46c4000 rw-p 00000000 00:00 0 
f46c4000-f46c6000 r--p 00000000 09:04 15885012                           /usr/lib/i386-linux-gnu/libkeyutils.so.1.10
f46c6000-f46c8000 r-xp 00002000 09:04 15885012                           /usr/lib/i386-linux-gnu/libkeyutils.so.1.10
f46c8000-f46c9000 r--p 00004000 09:04 15885012                           /usr/lib/i386-linux-gnu/libkeyutils.so.1.10
f46c9000-f46ca000 r--p 00005000 09:04 15885012                           /usr/lib/i386-linux-gnu/libkeyutils.so.1.10
f46ca000-f46cb000 rw-p 00006000 09:04 15885012                           /usr/lib/i386-linux-gnu/libkeyutils.so.1.10
f46cb000-f46cd000 rw-p 00000000 00:00 0 
f46cd000-f46cf000 r--p 00000000 09:04 15887545                           /usr/lib/i386-linux-gnu/libtasn1.so.6.6.3
f46cf000-f46db000 r-xp 00002000 09:04 15887545                           /usr/lib/i386-linux-gnu/libtasn1.so.6.6.3
f46db000-f46e1000 r--p 0000e000 09:04 15887545                           /usr/lib/i386-linux-gnu/libtasn1.so.6.6.3
f46e1000-f46e2000 r--p 00014000 09:04 15887545                           /usr/lib/i386-linux-gnu/libtasn1.so.6.6.3
f46e2000-f46e3000 rw-p 00015000 09:04 15887545                           /usr/lib/i386-linux-gnu/libtasn1.so.6.6.3
f46e3000-f46f3000 r--p 00000000 09:04 15887543                           /usr/lib/i386-linux-gnu/libp11-kit.so.0.3.0
f46f3000-f479c000 r-xp 00010000 09:04 15887543                           /usr/lib/i386-linux-gnu/libp11-kit.so.0.3.0
f479c000-f482d000 r--p 000b9000 09:04 15887543                           /usr/lib/i386-linux-gnu/libp11-kit.so.0.3.0
f482d000-f4833000 r--p 00149000 09:04 15887543                           /usr/lib/i386-linux-gnu/libp11-kit.so.0.3.0
f4833000-f4838000 rw-p 0014f000 09:04 15887543                           /usr/lib/i386-linux-gnu/libp11-kit.so.0.3.0
f4838000-f4839000 rw-p 00000000 00:00 0 
f4839000-f483a000 r--p 00000000 09:04 15887650                           /usr/lib/i386-linux-gnu/libicudata.so.72.1
f483a000-f483b000 r-xp 00001000 09:04 15887650                           /usr/lib/i386-linux-gnu/libicudata.so.72.1
f483b000-f6609000 r--p 00002000 09:04 15887650                           /usr/lib/i386-linux-gnu/libicudata.so.72.1
f6609000-f660a000 r--p 01dcf000 09:04 15887650                           /usr/lib/i386-linux-gnu/libicudata.so.72.1
f660a000-f660b000 rw-p 01dd0000 09:04 15887650                           /usr/lib/i386-linux-gnu/libicudata.so.72.1
f660b000-f660c000 r--p 00000000 09:04 15887529                           /usr/lib/i386-linux-gnu/libbrotlicommon.so.1.0.9
f660c000-f660d000 r-xp 00001000 09:04 15887529                           /usr/lib/i386-linux-gnu/libbrotlicommon.so.1.0.9
f660d000-f662c000 r--p 00002000 09:04 15887529                           /usr/lib/i386-linux-gnu/libbrotlicommon.so.1.0.9
f662c000-f662d000 r--p 00020000 09:04 15887529                           /usr/lib/i386-linux-gnu/libbrotlicommon.so.1.0.9
f662d000-f662e000 rw-p 00021000 09:04 15887529                           /usr/lib/i386-linux-gnu/libbrotlicommon.so.1.0.9
f662e000-f6630000 r--p 00000000 09:04 15887554                           /usr/lib/i386-linux-gnu/libsasl2.so.2.0.25
f6630000-f6642000 r-xp 00002000 09:04 15887554                           /usr/lib/i386-linux-gnu/libsasl2.so.2.0.25
f6642000-f664b000 r--p 00014000 09:04 15887554                           /usr/lib/i386-linux-gnu/libsasl2.so.2.0.25
f664b000-f664c000 r--p 0001c000 09:04 15887554                           /usr/lib/i386-linux-gnu/libsasl2.so.2.0.25
f664c000-f664d000 rw-p 0001d000 09:04 15887554                           /usr/lib/i386-linux-gnu/libsasl2.so.2.0.25
f664d000-f6650000 r--p 00000000 09:04 15885008                           /usr/lib/i386-linux-gnu/libkrb5support.so.0.1
f6650000-f6657000 r-xp 00003000 09:04 15885008                           /usr/lib/i386-linux-gnu/libkrb5support.so.0.1
f6657000-f665b000 r--p 0000a000 09:04 15885008                           /usr/lib/i386-linux-gnu/libkrb5support.so.0.1
f665b000-f665c000 r--p 0000d000 09:04 15885008                           /usr/lib/i386-linux-gnu/libkrb5support.so.0.1
f665c000-f665d000 rw-p 0000e000 09:04 15885008                           /usr/lib/i386-linux-gnu/libkrb5support.so.0.1
f665d000-f665e000 r--p 00000000 09:04 15885006                           /usr/lib/i386-linux-gnu/libcom_err.so.2.1
f665e000-f665f000 r-xp 00001000 09:04 15885006                           /usr/lib/i386-linux-gnu/libcom_err.so.2.1
f665f000-f6660000 r--p 00002000 09:04 15885006                           /usr/lib/i386-linux-gnu/libcom_err.so.2.1
f6660000-f6661000 r--p 00002000 09:04 15885006                           /usr/lib/i386-linux-gnu/libcom_err.so.2.1
f6661000-f6662000 rw-p 00003000 09:04 15885006                           /usr/lib/i386-linux-gnu/libcom_err.so.2.1
f6662000-f6665000 r--p 00000000 09:04 15885010                           /usr/lib/i386-linux-gnu/libk5crypto.so.3.1
f6665000-f6681000 r-xp 00003000 09:04 15885010                           /usr/lib/i386-linux-gnu/libk5crypto.so.3.1
f6681000-f6690000 r--p 0001f000 09:04 15885010                           /usr/lib/i386-linux-gnu/libk5crypto.so.3.1
f6690000-f6691000 r--p 0002e000 09:04 15885010                           /usr/lib/i386-linux-gnu/libk5crypto.so.3.1
f6691000-f6692000 rw-p 0002f000 09:04 15885010                           /usr/lib/i386-linux-gnu/libk5crypto.so.3.1
f6692000-f66a4000 r--p 00000000 09:04 15885027                           /usr/lib/i386-linux-gnu/libkrb5.so.3.3
f66a4000-f6709000 r-xp 00012000 09:04 15885027                           /usr/lib/i386-linux-gnu/libkrb5.so.3.3
f6709000-f6768000 r--p 00077000 09:04 15885027                           /usr/lib/i386-linux-gnu/libkrb5.so.3.3
f6768000-f676e000 r--p 000d6000 09:04 15885027                           /usr/lib/i386-linux-gnu/libkrb5.so.3.3
f676e000-f6770000 rw-p 000dc000 09:04 15885027                           /usr/lib/i386-linux-gnu/libkrb5.so.3.3
f6770000-f6772000 rw-p 00000000 00:00 0 
f6772000-f677d000 r--p 00000000 09:04 15887535                           /usr/lib/i386-linux-gnu/libgmp.so.10.4.1
f677d000-f67e0000 r-xp 0000b000 09:04 15887535                           /usr/lib/i386-linux-gnu/libgmp.so.10.4.1
f67e0000-f67fe000 r--p 0006e000 09:04 15887535                           /usr/lib/i386-linux-gnu/libgmp.so.10.4.1
f67fe000-f67ff000 r--p 0008c000 09:04 15887535                           /usr/lib/i386-linux-gnu/libgmp.so.10.4.1
f67ff000-f6800000 rw-p 0008d000 09:04 15887535                           /usr/lib/i386-linux-gnu/libgmp.so.10.4.1
f6800000-f6808000 r--p 00000000 09:04 15887537                           /usr/lib/i386-linux-gnu/libnettle.so.8.6
f6808000-f6833000 r-xp 00008000 09:04 15887537                           /usr/lib/i386-linux-gnu/libnettle.so.8.6
f6833000-f684d000 r--p 00033000 09:04 15887537                           /usr/lib/i386-linux-gnu/libnettle.so.8.6
f684d000-f684e000 r--p 0004d000 09:04 15887537                           /usr/lib/i386-linux-gnu/libnettle.so.8.6
f684e000-f684f000 rw-p 0004e000 09:04 15887537                           /usr/lib/i386-linux-gnu/libnettle.so.8.6
f684f000-f6855000 r--p 00000000 09:04 15887539                           /usr/lib/i386-linux-gnu/libhogweed.so.6.6
f6855000-f6868000 r-xp 00006000 09:04 15887539                           /usr/lib/i386-linux-gnu/libhogweed.so.6.6
f6868000-f6897000 r--p 00019000 09:04 15887539                           /usr/lib/i386-linux-gnu/libhogweed.so.6.6
f6897000-f6898000 r--p 00048000 09:04 15887539                           /usr/lib/i386-linux-gnu/libhogweed.so.6.6
f6898000-f6899000 rw-p 00049000 09:04 15887539                           /usr/lib/i386-linux-gnu/libhogweed.so.6.6
f6899000-f68ba000 r--p 00000000 09:04 15887547                           /usr/lib/i386-linux-gnu/libgnutls.so.30.34.3
f68ba000-f69e9000 r-xp 00021000 09:04 15887547                           /usr/lib/i386-linux-gnu/libgnutls.so.30.34.3
f69e9000-f6ad4000 r--p 00150000 09:04 15887547                           /usr/lib/i386-linux-gnu/libgnutls.so.30.34.3
f6ad4000-f6ade000 r--p 0023b000 09:04 15887547                           /usr/lib/i386-linux-gnu/libgnutls.so.30.34.3
f6ade000-f6ae0000 rw-p 00245000 09:04 15887547                           /usr/lib/i386-linux-gnu/libgnutls.so.30.34.3
f6ae0000-f6ae3000 rw-p 00000000 00:00 0 
f6ae3000-f6aee000 r--p 00000000 09:04 15885031                           /usr/lib/i386-linux-gnu/libunistring.so.2.2.0
f6aee000-f6b2f000 r-xp 0000b000 09:04 15885031                           /usr/lib/i386-linux-gnu/libunistring.so.2.2.0
f6b2f000-f6c94000 r--p 0004c000 09:04 15885031                           /usr/lib/i386-linux-gnu/libunistring.so.2.2.0
f6c94000-f6c97000 r--p 001b0000 09:04 15885031                           /usr/lib/i386-linux-gnu/libunistring.so.2.2.0
f6c97000-f6c98000 rw-p 001b3000 09:04 15885031                           /usr/lib/i386-linux-gnu/libunistring.so.2.2.0
f6c98000-f6c9b000 r--p 00000000 09:04 15887662                           /usr/lib/i386-linux-gnu/liblzma.so.5.4.1
f6c9b000-f6cbc000 r-xp 00003000 09:04 15887662                           /usr/lib/i386-linux-gnu/liblzma.so.5.4.1
f6cbc000-f6ccc000 r--p 00024000 09:04 15887662                           /usr/lib/i386-linux-gnu/liblzma.so.5.4.1
f6ccc000-f6ccd000 r--p 00034000 09:04 15887662                           /usr/lib/i386-linux-gnu/liblzma.so.5.4.1
f6ccd000-f6cce000 rw-p 00035000 09:04 15887662                           /usr/lib/i386-linux-gnu/liblzma.so.5.4.1
f6cce000-f6d19000 r--p 00000000 09:04 15887655                           /usr/lib/i386-linux-gnu/libicuuc.so.72.1
f6d19000-f6e23000 r-xp 0004b000 09:04 15887655                           /usr/lib/i386-linux-gnu/libicuuc.so.72.1
f6e23000-f6ec9000 r--p 00155000 09:04 15887655                           /usr/lib/i386-linux-gnu/libicuuc.so.72.1
f6ec9000-f6ed4000 r--p 001fa000 09:04 15887655                           /usr/lib/i386-linux-gnu/libicuuc.so.72.1
f6ed4000-f6ed5000 rw-p 00205000 09:04 15887655                           /usr/lib/i386-linux-gnu/libicuuc.so.72.1
f6ed5000-f6ed6000 rw-p 00000000 00:00 0 
f6ed6000-f6ed7000 r--p 00000000 09:04 15887530                           /usr/lib/i386-linux-gnu/libbrotlidec.so.1.0.9
f6ed7000-f6edf000 r-xp 00001000 09:04 15887530                           /usr/lib/i386-linux-gnu/libbrotlidec.so.1.0.9
f6edf000-f6ee2000 r--p 00009000 09:04 15887530                           /usr/lib/i386-linux-gnu/libbrotlidec.so.1.0.9
f6ee2000-f6ee3000 r--p 0000b000 09:04 15887530                           /usr/lib/i386-linux-gnu/libbrotlidec.so.1.0.9
f6ee3000-f6ee4000 rw-p 0000c000 09:04 15887530                           /usr/lib/i386-linux-gnu/libbrotlidec.so.1.0.9
f6ee4000-f6ee7000 r--p 00000000 09:04 15887569                           /usr/lib/i386-linux-gnu/libzstd.so.1.5.4
f6ee7000-f6f7e000 r-xp 00003000 09:04 15887569                           /usr/lib/i386-linux-gnu/libzstd.so.1.5.4
f6f7e000-f6f9a000 r--p 0009a000 09:04 15887569                           /usr/lib/i386-linux-gnu/libzstd.so.1.5.4
f6f9a000-f6f9b000 r--p 000b5000 09:04 15887569                           /usr/lib/i386-linux-gnu/libzstd.so.1.5.4
f6f9b000-f6f9c000 rw-p 000b6000 09:04 15887569                           /usr/lib/i386-linux-gnu/libzstd.so.1.5.4
f6f9c000-f6f9f000 r--p 00000000 09:04 15887556                           /usr/lib/i386-linux-gnu/liblber-2.5.so.0.1.8
f6f9f000-f6fa6000 r-xp 00003000 09:04 15887556                           /usr/lib/i386-linux-gnu/liblber-2.5.so.0.1.8
f6fa6000-f6fab000 r--p 0000a000 09:04 15887556                           /usr/lib/i386-linux-gnu/liblber-2.5.so.0.1.8
f6fab000-f6fac000 r--p 0000e000 09:04 15887556                           /usr/lib/i386-linux-gnu/liblber-2.5.so.0.1.8
f6fac000-f6fad000 rw-p 0000f000 09:04 15887556                           /usr/lib/i386-linux-gnu/liblber-2.5.so.0.1.8
f6fad000-f6faf000 rw-p 00000000 00:00 0 
f6faf000-f6fba000 r--p 00000000 09:04 15887557                           /usr/lib/i386-linux-gnu/libldap-2.5.so.0.1.8
f6fba000-f6ff6000 r-xp 0000b000 09:04 15887557                           /usr/lib/i386-linux-gnu/libldap-2.5.so.0.1.8
f6ff6000-f7014000 r--p 00047000 09:04 15887557                           /usr/lib/i386-linux-gnu/libldap-2.5.so.0.1.8
f7014000-f7015000 r--p 00065000 09:04 15887557                           /usr/lib/i386-linux-gnu/libldap-2.5.so.0.1.8
f7015000-f7016000 rw-p 00066000 09:04 15887557                           /usr/lib/i386-linux-gnu/libldap-2.5.so.0.1.8
f7016000-f7017000 rw-p 00000000 00:00 0 
f7017000-f701e000 r--p 00000000 09:04 15885029                           /usr/lib/i386-linux-gnu/libgssapi_krb5.so.2.2
f701e000-f7055000 r-xp 00007000 09:04 15885029                           /usr/lib/i386-linux-gnu/libgssapi_krb5.so.2.2
f7055000-f706f000 r--p 0003e000 09:04 15885029                           /usr/lib/i386-linux-gnu/libgssapi_krb5.so.2.2
f706f000-f7070000 r--p 00058000 09:04 15885029                           /usr/lib/i386-linux-gnu/libgssapi_krb5.so.2.2
f7070000-f7071000 rw-p 00059000 09:04 15885029                           /usr/lib/i386-linux-gnu/libgssapi_krb5.so.2.2
f7071000-f70d9000 r--p 00000000 09:04 15885018                           /usr/lib/i386-linux-gnu/libcrypto.so.3
f70d9000-f732e000 r-xp 00068000 09:04 15885018                           /usr/lib/i386-linux-gnu/libcrypto.so.3
f732e000-f748a000 r--p 002bd000 09:04 15885018                           /usr/lib/i386-linux-gnu/libcrypto.so.3
f748a000-f74c0000 r--p 00418000 09:04 15885018                           /usr/lib/i386-linux-gnu/libcrypto.so.3
f74c0000-f74c2000 rw-p 0044e000 09:04 15885018                           /usr/lib/i386-linux-gnu/libcrypto.so.3
f74c2000-f74c4000 rw-p 00000000 00:00 0 
f74c4000-f74d5000 r--p 00000000 09:04 15885019                           /usr/lib/i386-linux-gnu/libssl.so.3
f74d5000-f7534000 r-xp 00011000 09:04 15885019                           /usr/lib/i386-linux-gnu/libssl.so.3
f7534000-f756b000 r--p 00070000 09:04 15885019                           /usr/lib/i386-linux-gnu/libssl.so.3
f756b000-f7571000 r--p 000a7000 09:04 15885019                           /usr/lib/i386-linux-gnu/libssl.so.3
f7571000-f7574000 rw-p 000ad000 09:04 15885019                           /usr/lib/i386-linux-gnu/libssl.so.3
f7574000-f7575000 r--p 00000000 09:04 15887562                           /usr/lib/i386-linux-gnu/libpsl.so.5.3.4
f7575000-f7577000 r-xp 00001000 09:04 15887562                           /usr/lib/i386-linux-gnu/libpsl.so.5.3.4
f7577000-f7586000 r--p 00003000 09:04 15887562                           /usr/lib/i386-linux-gnu/libpsl.so.5.3.4
f7586000-f7587000 r--p 00011000 09:04 15887562                           /usr/lib/i386-linux-gnu/libpsl.so.5.3.4
f7587000-f7588000 rw-p 00012000 09:04 15887562                           /usr/lib/i386-linux-gnu/libpsl.so.5.3.4
f7588000-f758c000 r--p 00000000 09:04 15887567                           /usr/lib/i386-linux-gnu/libssh2.so.1.0.1
f758c000-f75b5000 r-xp 00004000 09:04 15887567                           /usr/lib/i386-linux-gnu/libssh2.so.1.0.1
f75b5000-f75cd000 r--p 0002d000 09:04 15887567                           /usr/lib/i386-linux-gnu/libssh2.so.1.0.1
f75cd000-f75ce000 ---p 00045000 09:04 15887567                           /usr/lib/i386-linux-gnu/libssh2.so.1.0.1
f75ce000-f75cf000 r--p 00045000 09:04 15887567                           /usr/lib/i386-linux-gnu/libssh2.so.1.0.1
f75cf000-f75d0000 rw-p 00046000 09:04 15887567                           /usr/lib/i386-linux-gnu/libssh2.so.1.0.1
f75d0000-f75d3000 r--p 00000000 09:04 15887566                           /usr/lib/i386-linux-gnu/librtmp.so.1
f75d3000-f75e3000 r-xp 00003000 09:04 15887566                           /usr/lib/i386-linux-gnu/librtmp.so.1
f75e3000-f75ee000 r--p 00013000 09:04 15887566                           /usr/lib/i386-linux-gnu/librtmp.so.1
f75ee000-f75ef000 ---p 0001e000 09:04 15887566                           /usr/lib/i386-linux-gnu/librtmp.so.1
f75ef000-f75f0000 r--p 0001e000 09:04 15887566                           /usr/lib/i386-linux-gnu/librtmp.so.1
f75f0000-f75f1000 rw-p 0001f000 09:04 15887566                           /usr/lib/i386-linux-gnu/librtmp.so.1
f75f1000-f75f3000 r--p 00000000 09:04 15885033                           /usr/lib/i386-linux-gnu/libidn2.so.0.3.8
f75f3000-f75fb000 r-xp 00002000 09:04 15885033                           /usr/lib/i386-linux-gnu/libidn2.so.0.3.8
f75fb000-f7622000 r--p 0000a000 09:04 15885033                           /usr/lib/i386-linux-gnu/libidn2.so.0.3.8
f7622000-f7623000 r--p 00031000 09:04 15885033                           /usr/lib/i386-linux-gnu/libidn2.so.0.3.8
f7623000-f7624000 rw-p 00032000 09:04 15885033                           /usr/lib/i386-linux-gnu/libidn2.so.0.3.8
f7624000-f7628000 r--p 00000000 09:04 15887560                           /usr/lib/i386-linux-gnu/libnghttp2.so.14.24.1
f7628000-f7641000 r-xp 00004000 09:04 15887560                           /usr/lib/i386-linux-gnu/libnghttp2.so.14.24.1
f7641000-f7655000 r--p 0001d000 09:04 15887560                           /usr/lib/i386-linux-gnu/libnghttp2.so.14.24.1
f7655000-f7657000 r--p 00030000 09:04 15887560                           /usr/lib/i386-linux-gnu/libnghttp2.so.14.24.1
f7657000-f7658000 rw-p 00032000 09:04 15887560                           /usr/lib/i386-linux-gnu/libnghttp2.so.14.24.1
f7658000-f767a000 r--p 00000000 09:04 15884730                           /usr/lib/i386-linux-gnu/libc.so.6
f767a000-f77f3000 r-xp 00022000 09:04 15884730                           /usr/lib/i386-linux-gnu/libc.so.6
f77f3000-f7873000 r--p 0019b000 09:04 15884730                           /usr/lib/i386-linux-gnu/libc.so.6
f7873000-f7875000 r--p 0021b000 09:04 15884730                           /usr/lib/i386-linux-gnu/libc.so.6
f7875000-f7876000 rw-p 0021d000 09:04 15884730                           /usr/lib/i386-linux-gnu/libc.so.6
f7876000-f7882000 rw-p 00000000 00:00 0 
f7882000-f7885000 r--p 00000000 09:04 15884726                           /usr/lib/i386-linux-gnu/libgcc_s.so.1
f7885000-f78a2000 r-xp 00003000 09:04 15884726                           /usr/lib/i386-linux-gnu/libgcc_s.so.1
f78a2000-f78a7000 r--p 00020000 09:04 15884726                           /usr/lib/i386-linux-gnu/libgcc_s.so.1
f78a7000-f78a8000 r--p 00024000 09:04 15884726                           /usr/lib/i386-linux-gnu/libgcc_s.so.1
f78a8000-f78a9000 rw-p 00025000 09:04 15884726                           /usr/lib/i386-linux-gnu/libgcc_s.so.1
f78a9000-f78b6000 r--p 00000000 09:04 15884733                           /usr/lib/i386-linux-gnu/libm.so.6
f78b6000-f7976000 r-xp 0000d000 09:04 15884733                           /usr/lib/i386-linux-gnu/libm.so.6
f7976000-f79ac000 r--p 000cd000 09:04 15884733                           /usr/lib/i386-linux-gnu/libm.so.6
f79ac000-f79ad000 r--p 00103000 09:04 15884733                           /usr/lib/i386-linux-gnu/libm.so.6
f79ad000-f79ae000 rw-p 00104000 09:04 15884733                           /usr/lib/i386-linux-gnu/libm.so.6
f79ae000-f7a26000 r--p 00000000 09:04 15887614                           /usr/lib/i386-linux-gnu/libstdc++.so.6.0.30
f7a26000-f7b3d000 r-xp 00078000 09:04 15887614                           /usr/lib/i386-linux-gnu/libstdc++.so.6.0.30
f7b3d000-f7bc4000 r--p 0018f000 09:04 15887614                           /usr/lib/i386-linux-gnu/libstdc++.so.6.0.30
f7bc4000-f7bca000 r--p 00215000 09:04 15887614                           /usr/lib/i386-linux-gnu/libstdc++.so.6.0.30
f7bca000-f7bcc000 rw-p 0021b000 09:04 15887614                           /usr/lib/i386-linux-gnu/libstdc++.so.6.0.30
f7bcc000-f7bce000 rw-p 00000000 00:00 0 
f7bce000-f7bd0000 r--p 00000000 09:04 15887564                           /usr/lib/i386-linux-gnu/libz.so.1.2.13
f7bd0000-f7be2000 r-xp 00002000 09:04 15887564                           /usr/lib/i386-linux-gnu/libz.so.1.2.13
f7be2000-f7be9000 r--p 00014000 09:04 15887564                           /usr/lib/i386-linux-gnu/libz.so.1.2.13
f7be9000-f7bea000 r--p 0001a000 09:04 15887564                           /usr/lib/i386-linux-gnu/libz.so.1.2.13
f7bea000-f7beb000 rw-p 0001b000 09:04 15887564                           /usr/lib/i386-linux-gnu/libz.so.1.2.13
f7beb000-f7c08000 r--p 00000000 09:04 15887664                           /usr/lib/i386-linux-gnu/libxml2.so.2.9.14
f7c08000-f7d28000 r-xp 0001d000 09:04 15887664                           /usr/lib/i386-linux-gnu/libxml2.so.2.9.14
f7d28000-f7db3000 r--p 0013d000 09:04 15887664                           /usr/lib/i386-linux-gnu/libxml2.so.2.9.14
f7db3000-f7db8000 r--p 001c7000 09:04 15887664                           /usr/lib/i386-linux-gnu/libxml2.so.2.9.14
f7db8000-f7db9000 rw-p 001cc000 09:04 15887664                           /usr/lib/i386-linux-gnu/libxml2.so.2.9.14
f7db9000-f7dba000 rw-p 00000000 00:00 0 
f7dba000-f7dbb000 r--p 00000000 09:04 15887646                           /usr/lib/i386-linux-gnu/libpcre.so.3.13.3
f7dbb000-f7e0f000 r-xp 00001000 09:04 15887646                           /usr/lib/i386-linux-gnu/libpcre.so.3.13.3
f7e0f000-f7e34000 r--p 00055000 09:04 15887646                           /usr/lib/i386-linux-gnu/libpcre.so.3.13.3
f7e34000-f7e35000 r--p 00079000 09:04 15887646                           /usr/lib/i386-linux-gnu/libpcre.so.3.13.3
f7e35000-f7e36000 rw-p 0007a000 09:04 15887646                           /usr/lib/i386-linux-gnu/libpcre.so.3.13.3
f7e36000-f7e3f000 r--p 00000000 09:04 15893957                           /usr/lib/i386-linux-gnu/libcurl.so.4.8.0
f7e3f000-f7eb8000 r-xp 00009000 09:04 15893957                           /usr/lib/i386-linux-gnu/libcurl.so.4.8.0
f7eb8000-f7ef4000 r--p 00082000 09:04 15893957                           /usr/lib/i386-linux-gnu/libcurl.so.4.8.0
f7ef4000-f7ef6000 r--p 000be000 09:04 15893957                           /usr/lib/i386-linux-gnu/libcurl.so.4.8.0
f7ef6000-f7ef8000 rw-p 000c0000 09:04 15893957                           /usr/lib/i386-linux-gnu/libcurl.so.4.8.0
f7efc000-f7f04000 rw-s 00000000 09:04 8004860                            /tmp/hsperfdata_swg/3987582 (deleted)
f7f04000-f7f05000 ---p 00000000 00:00 0 
f7f05000-f7f06000 r--p 00000000 00:00 0 
f7f06000-f7f07000 ---p 00000000 00:00 0 
f7f07000-f7f08000 r--p 00000000 09:04 15769286                           /usr/local/lib/cfree_fix32.so
f7f08000-f7f09000 r-xp 00001000 09:04 15769286                           /usr/local/lib/cfree_fix32.so
f7f09000-f7f0a000 r--p 00002000 09:04 15769286                           /usr/local/lib/cfree_fix32.so
f7f0a000-f7f0b000 r--p 00002000 09:04 15769286                           /usr/local/lib/cfree_fix32.so
f7f0b000-f7f0c000 rw-p 00003000 09:04 15769286                           /usr/local/lib/cfree_fix32.so
f7f0c000-f7f0e000 rw-p 00000000 00:00 0 
f7f0e000-f7f12000 r--p 00000000 00:00 0                                  [vvar]
f7f12000-f7f14000 r-xp 00000000 00:00 0                                  [vdso]
f7f14000-f7f15000 r--p 00000000 09:04 15884727                           /usr/lib/i386-linux-gnu/ld-linux.so.2
f7f15000-f7f38000 r-xp 00001000 09:04 15884727                           /usr/lib/i386-linux-gnu/ld-linux.so.2
f7f38000-f7f46000 r--p 00024000 09:04 15884727                           /usr/lib/i386-linux-gnu/ld-linux.so.2
f7f46000-f7f48000 r--p 00031000 09:04 15884727                           /usr/lib/i386-linux-gnu/ld-linux.so.2
f7f48000-f7f49000 rw-p 00033000 09:04 15884727                           /usr/lib/i386-linux-gnu/ld-linux.so.2
ff652000-ff653000 rwxp 00000000 00:00 0 
ff75b000-ff817000 rw-p 00000000 00:00 0                                  [stack]


VM Arguments:
jvm_args: -Xms128m -Xmx512m -Xss768k -XX:MaxMetaspaceSize=96m -Xrs -XX:-UsePerfData -XX:-AllowUserSignalHandlers -XX:UseSSE=3 -XX+DoEscapeAnalysis -XX:AutoBoxCacheMax:2000 -XX:+OptimizeStringConcat -XX:+OptimizeFill -XX:+EliminateAutoBox -XX:+UseCompressedStrings -XX:+UseCompressedOops -XX:+EliminateLocks -XX:UseFastAccessorMethods -XX:+UseStringCache -XgcPrio:throughput -XXkeepAreaRatio:1 -XXlazyUnlocking -XXcallProfiling -XXcompactRatio:1 
java_command: <unknown>
java_class_path (initial): ../../data/sku.0/sys.server/compiled/game/
Launcher Type: generic

[Global flags]
     intx CICompilerCount                          = 3                                         {product} {ergonomic}
     uint ConcGCThreads                            = 3                                         {product} {ergonomic}
     uint G1ConcRefinementThreads                  = 13                                        {product} {ergonomic}
   size_t G1HeapRegionSize                         = 1048576                                   {product} {ergonomic}
    uintx GCDrainStackTargetSize                   = 64                                        {product} {ergonomic}
   size_t InitialHeapSize                          = 134217728                                 {product} {command line}
   size_t MarkStackSize                            = 49152                                     {product} {ergonomic}
   size_t MaxHeapSize                              = 536870912                                 {product} {command line}
   size_t MaxMetaspaceSize                         = 100663296                                 {product} {command line}
   size_t MaxNewSize                               = 321912832                                 {product} {ergonomic}
   size_t MinHeapDeltaBytes                        = 1048576                                   {product} {ergonomic}
   size_t MinHeapSize                              = 134217728                                 {product} {command line}
    uintx NonNMethodCodeHeapSize                   = 5544422                                {pd product} {ergonomic}
    uintx NonProfiledCodeHeapSize                  = 123056909                              {pd product} {ergonomic}
    uintx ProfiledCodeHeapSize                     = 123056909                              {pd product} {ergonomic}
    uintx ReservedCodeCacheSize                    = 251658240                              {pd product} {ergonomic}
     bool SegmentedCodeCache                       = true                                      {product} {ergonomic}
   size_t SoftMaxHeapSize                          = 536870912                              {manageable} {ergonomic}
   double SweeperThreshold                         = 0.500000                                  {product} {ergonomic}
     intx ThreadStackSize                          = 768                                    {pd product} {command line}
     bool UseG1GC                                  = true                                      {product} {ergonomic}

Logging:
Log output configuration:
 #0: stdout all=off uptime,level,tags
 #1: stderr all=off uptime,level,tags

Environment Variables:
PATH=/usr/local/sbin:/usr/local/bin:/usr/sbin:/usr/bin:/sbin:/bin:/usr/lib/oracle/18.3/client/bin:/usr/lib/jvm/zulu-17-x86/bin/:./
LD_LIBRARY_PATH=/usr/lib/oracle/18.3/client/lib:/usr/lib/jvm/zulu-17-x86/lib/:/usr/lib/jvm/zulu-17-x86/lib/server/:./
LD_PRELOAD=/usr/local/lib/cfree_fix32.so
SHELL=/bin/bash
LANG=en_US.UTF-8

Active Locale:
LC_ALL=en_US.UTF-8
LC_COLLATE=en_US.UTF-8
LC_CTYPE=en_US.UTF-8
LC_MESSAGES=en_US.UTF-8
LC_MONETARY=en_US.UTF-8
LC_NUMERIC=en_US.UTF-8
LC_TIME=en_US.UTF-8

Signal Handlers:
   SIGSEGV: crash_handler in libjvm.so, mask=11100100010111111101111111111110, flags=SA_RESTART|SA_SIGINFO, unblocked
    SIGBUS: crash_handler in libjvm.so, mask=11100100010111111101111111111110, flags=SA_RESTART|SA_SIGINFO, unblocked
    SIGFPE: crash_handler in libjvm.so, mask=11100100010111111101111111111110, flags=SA_RESTART|SA_SIGINFO, unblocked
   SIGPIPE: SIG_IGN, mask=00000000000010000000000000000000, flags=SA_RESTART, blocked
  *** Handler was modified!
  *** Expected: javaSignalHandler in libjvm.so, mask=11100100110111111111111111111110, flags=SA_RESTART|SA_SIGINFO
   SIGXFSZ: javaSignalHandler in libjvm.so, mask=11100100010111111101111111111110, flags=SA_RESTART|SA_SIGINFO, blocked
    SIGILL: crash_handler in libjvm.so, mask=11100100010111111101111111111110, flags=SA_RESTART|SA_SIGINFO, unblocked
   SIGUSR2: SR_handler in libjvm.so, mask=00100000000000000000000000000000, flags=SA_RESTART|SA_SIGINFO, blocked
    SIGHUP: UserHandler in libjvm.so, mask=11100100010111111101111111111110, flags=SA_RESTART|SA_SIGINFO, blocked
    SIGINT: UserHandler in libjvm.so, mask=11100100010111111101111111111110, flags=SA_RESTART|SA_SIGINFO, blocked
   SIGTERM: UserHandler in libjvm.so, mask=11100100010111111101111111111110, flags=SA_RESTART|SA_SIGINFO, blocked
   SIGQUIT: UserHandler in libjvm.so, mask=11100100010111111101111111111110, flags=SA_RESTART|SA_SIGINFO, blocked
   SIGTRAP: crash_handler in libjvm.so, mask=11100100010111111101111111111110, flags=SA_RESTART|SA_SIGINFO, unblocked


Periodic native trim disabled


---------------  S Y S T E M  ---------------

OS:
PRETTY_NAME="Debian GNU/Linux 12 (bookworm)"
NAME="Debian GNU/Linux"
VERSION_ID="12"
VERSION="12 (bookworm)"
VERSION_CODENAME=bookworm
ID=debian
HOME_URL="https://www.debian.org/"
SUPPORT_URL="https://www.debian.org/support"
BUG_REPORT_URL="https://bugs.debian.org/"
uname: Linux 6.1.0-52-amd64 #1 SMP PREEMPT_DYNAMIC Debian 6.1.180-1 (2026-08-03) x86_64
OS uptime: 4 days 1:25 hours
libc: glibc 2.36 NPTL 2.36 
rlimit (soft/hard): STACK 8192k/infinity , CORE 0k/infinity , NPROC 256181/256181 , NOFILE 524288/524288 , AS infinity/infinity , CPU infinity/infinity , DATA infinity/infinity , FSIZE infinity/infinity , MEMLOCK 8192k/8192k
load average: 4.99 5.11 5.10

/proc/meminfo:
MemTotal:       65729880 kB
MemFree:        17120308 kB
MemAvailable:   48142976 kB
Buffers:         1856256 kB
Cached:         37984536 kB
SwapCached:            0 kB
Active:         24398308 kB
Inactive:       21792544 kB
Active(anon):    3297828 kB
Inactive(anon): 12117216 kB
Active(file):   21100480 kB
Inactive(file):  9675328 kB
Unevictable:          64 kB
Mlocked:              64 kB
SwapTotal:       7813112 kB
SwapFree:        7813112 kB
Zswap:                 0 kB
Zswapped:              0 kB
Dirty:              1412 kB
Writeback:             0 kB
AnonPages:       6330420 kB
Mapped:          2662268 kB
Shmem:           9064952 kB
KReclaimable:    1556516 kB
Slab:            1807396 kB
SReclaimable:    1556516 kB
SUnreclaim:       250880 kB
KernelStack:       16016 kB
PageTables:       285972 kB
SecPageTables:         0 kB
NFS_Unstable:          0 kB
Bounce:                0 kB
WritebackTmp:          0 kB
CommitLimit:    40678052 kB
Committed_AS:   20594104 kB
VmallocTotal:   34359738367 kB
VmallocUsed:       72652 kB
VmallocChunk:          0 kB
Percpu:            59008 kB
HardwareCorrupted:     0 kB
AnonHugePages:   4646912 kB
ShmemHugePages:        0 kB
ShmemPmdMapped:        0 kB
FileHugePages:         0 kB
FilePmdMapped:         0 kB
HugePages_Total:       0
HugePages_Free:        0
HugePages_Rsvd:        0
HugePages_Surp:        0
Hugepagesize:       2048 kB
Hugetlb:               0 kB
DirectMap4k:      217572 kB
DirectMap2M:     8060928 kB
DirectMap1G:    58720256 kB

/sys/kernel/mm/transparent_hugepage/enabled: [always] madvise never
/sys/kernel/mm/transparent_hugepage/hpage_pmd_size: 2097152
/sys/kernel/mm/transparent_hugepage/defrag (defrag/compaction efforts parameter): always defer defer+madvise [madvise] never

Process Memory:
Virtual Size: 1206684K (peak: 1224516K)
Resident Set Size: 355664K (peak: 372948K) (anon: 315196K, file: 40468K, shmem: 0K)
Swapped out: 0K
C-Heap outstanding allocations: 24933K, retained: 182302K
glibc malloc tunables: (default)

/proc/sys/kernel/threads-max (system-wide limit on the number of threads): 512362
/proc/sys/vm/max_map_count (maximum number of memory map areas a process may have): 65530
/proc/sys/vm/swappiness (control to define how aggressively the kernel swaps out anonymous memory): 10
/proc/sys/kernel/pid_max (system-wide limit on number of process identifiers): 4194304

container (cgroup) information:
container_type: cgroupv2
cpu_cpuset_cpus: not supported
cpu_memory_nodes: not supported
active_processor_count: 16
cpu_quota: no quota
cpu_period: 100000
cpu_shares: 20480
memory_limit_in_bytes: unlimited
memory_and_swap_limit_in_bytes: unlimited
memory_soft_limit_in_bytes: 0
memory_usage_in_bytes: 3878708 k
memory_max_usage_in_bytes: not supported
rss_usage_in_bytes: 3842280 k
cache_usage_in_bytes: 3452 k
memory_swap_current_in_bytes: 0
memory_swap_max_limit_in_bytes: unlimited
maximum number of tasks: 76854
current number of tasks: 253

Steal ticks since vm start: 0
Steal ticks percentage since vm start:  0.000

CPU: total 32 (initial active 16) (16 cores per cpu, 2 threads per core) family 23 model 113 stepping 0 microcode 0x8701034, cx8, cmov, fxsr, ht, mmx, 3dnowpref, sse, sse2, sse3, ssse3, sse4a, sse4.1, sse4.2, popcnt, lzcnt, tsc, tscinvbit, avx, avx2, aes, clmul, bmi1, bmi2, adx, sha, fma, vzeroupper, clflush, clflushopt
CPU Model and flags from /proc/cpuinfo:
model name	: AMD Ryzen 7 PRO 3700 8-Core Processor
flags		: fpu vme de pse tsc msr pae mce cx8 apic sep mtrr pge mca cmov pat pse36 clflush mmx fxsr sse sse2 ht syscall nx mmxext fxsr_opt pdpe1gb rdtscp lm constant_tsc rep_good nopl nonstop_tsc cpuid extd_apicid aperfmperf rapl pni pclmulqdq monitor ssse3 fma cx16 sse4_1 sse4_2 x2apic movbe popcnt aes xsave avx f16c rdrand lahf_lm cmp_legacy svm extapic cr8_legacy abm sse4a misalignsse 3dnowprefetch osvw ibs skinit wdt tce topoext perfctr_core perfctr_nb bpext perfctr_llc mwaitx cpb cat_l3 cdp_l3 hw_pstate ssbd mba ibpb stibp vmmcall fsgsbase bmi1 avx2 smep bmi2 cqm rdt_a rdseed adx smap clflushopt clwb sha_ni xsaveopt xsavec xgetbv1 cqm_llc cqm_occup_llc cqm_mbm_total cqm_mbm_local clzero irperf xsaveerptr rdpru wbnoinvd arat npt lbrv svm_lock nrip_save tsc_scale vmcb_clean flushbyasid decodeassists pausefilter pfthreshold avic v_vmsave_vmload vgif v_spec_ctrl umip rdpid overflow_recov succor smca sev sev_es ibpb_exit_to_user

Online cpus: 0-15
Offline cpus: 16-31
BIOS frequency limitation: 3600000
Frequency switch latency (ns): 0
Available cpu frequencies: 3600000 2800000 2200000 
Current governor: schedutil
Core performance/turbo boost: 1

Memory: 4k page, physical 65729880k(17120308k free), swap 7813112k(7813112k free)
Page Sizes: 4k

vm_info: OpenJDK Server VM (17.0.19+10-LTS) for linux-x86 JRE (17.0.19+10-LTS) (Zulu17.66+19-CA), built on Apr 17 2026 20:26:03 by "zulu_re" with gcc 8.3.0

END.
