#
# A fatal error has been detected by the Java Runtime Environment:
#
#  SIGSEGV (0xb) at pc=0xf76dec60, pid=3987601, tid=3987601
#
# JRE version: OpenJDK Runtime Environment Zulu17.66+19-CA (17.0.19+10) (build 17.0.19+10-LTS)
# Java VM: OpenJDK Server VM Zulu17.66+19-CA (17.0.19+10-LTS, mixed mode, sharing, tiered, g1 gc, linux-x86)
# Problematic frame:
# C  [libc.so.6+0x99c60]  cfree+0x20
#
# No core dump will be written. Core dumps have been disabled. To enable core dumping, try "ulimit -c unlimited" before starting Java again
#
# If you would like to submit a bug report, please visit:
#   http://www.azul.com/support/
#

---------------  S U M M A R Y ------------

Command Line: -Xms128m -Xmx512m -Xss768k -XX:MaxMetaspaceSize=96m -Xrs -XX:-UsePerfData -XX:-AllowUserSignalHandlers -XX:UseSSE=3 -XX+DoEscapeAnalysis -XX:AutoBoxCacheMax:2000 -XX:+OptimizeStringConcat -XX:+OptimizeFill -XX:+EliminateAutoBox -XX:+UseCompressedStrings -XX:+UseCompressedOops -XX:+EliminateLocks -XX:UseFastAccessorMethods -XX:+UseStringCache -XgcPrio:throughput -XXkeepAreaRatio:1 -XXlazyUnlocking -XXcallProfiling -XXcompactRatio:1 

Host: AMD Ryzen 7 PRO 3700 8-Core Processor, 32 cores, 62G, Debian GNU/Linux 12 (bookworm)
Time: Wed Aug 12 01:15:04 2026 UTC elapsed time: 10761.427296 seconds (0d 2h 59m 21s)

---------------  T H R E A D  ---------------

Current thread is native thread

Stack: [0xff81d000,0xff8dd000],  sp=0xff8db000,  free space=760k
Native frames: (J=compiled Java code, j=interpreted, Vv=VM code, C=native code)
C  [libc.so.6+0x99c60]  cfree+0x20
C  [SwgGameServer+0x11552ff]  FileManifest::remove()+0x51
C  [SwgGameServer+0x1161ecc]  ExitChain::run()+0x6e
C  [SwgGameServer+0x1161cf3]  ExitChain::quit()+0x15
C  [SwgGameServer+0x1170be0]  SetupSharedFoundation::remove()+0x18
C  [SwgGameServer+0x112b300]  main+0x372


siginfo: si_signo: 11 (SIGSEGV), si_code: 1 (SEGV_MAPERR), si_addr: 0x000000fc

Registers:
EAX=0x5a98a6f8, EBX=0x00000100, ECX=0xf46919c8, EDX=0x00000100
ESP=0xff8db000, EBP=0xff8db088, ESI=0xf7861ff4, EDI=0xffffffa4
EIP=0xf76dec60, EFLAGS=0x00210206, CR2=0x00000000000000fc


Top of Stack: (sp=0xff8db000)
0xff8db000:   cc9d657c 5943ceb8 ff8db048 8e402000
0xff8db010:   ff8db038 f7a23876 f7bb6ff4 f7bb6ff4
0xff8db020:   5a98a6f0 f7f34b80 ff8db088 f7a23888
0xff8db030:   00000100 ffffffa4 00000002 5770dd49
0xff8db040:   f76cf03b f7a23876 f7bb6ff4 f7ac4795
0xff8db050:   00000100 59434ca4 58c2d25c 5770d7db
0xff8db060:   00000000 f7ac4776 58c2d25c 5770d0ee
0xff8db070:   5a98a6f0 59434ca0 f7bb6ff4 5770d0c8
0xff8db080:   5a60f6a0 58c2d25c ff8db0b8 5770c2ff
0xff8db090:   5a98a6f0 ff8db0ac ff8db0b8 5770c2bb
0xff8db0a0:   00000000 58c2d25c 5a98e490 59434ca4
0xff8db0b0:   58c2d25c 58c2d25c ff8db0d8 57718ecc
0xff8db0c0:   58c2d25c 58c2d25c ff8db0e8 5a60f680
0xff8db0d0:   5be22130 58c2d25c ff8db0e8 57718cf3
0xff8db0e0:   58c2d25c 58c2d25c ff8db0f8 57727be0
0xff8db0f0:   57abebe0 ff8db200 ff8db1e8 576e2300
0xff8db100:   0000000d 00000001 5a96f910 58500100
0xff8db110:   5a96fa60 00300100 5a96fab0 ff8d0100
0xff8db120:   5854fb20 00000000 00000000 008db194
0xff8db130:   00000000 01010100 53013320 61476777
0xff8db140:   6553656d 72657672 3839333a 31303637
0xff8db150:   594b7200 576b2e21 00013748 f76df806
0xff8db160:   f7f34ff4 0000002c 00000000 f76df61e
0xff8db170:   00013748 00000211 5a60a8b8 00000000
0xff8db180:   58c2d25c 579c9a26 ff8db1a8 579c8911
0xff8db190:   ffffffff 00f01694 00000000 00000001
0xff8db1a0:   5943d200 00000000 00000000 00000000
0xff8db1b0:   00000000 5a96f910 00000015 00000015
0xff8db1c0:   f786d000 f7f1183b f7661a4f f786d000
0xff8db1d0:   ff8db210 f786d1d8 f4693320 ff8db200
0xff8db1e0:   f7861ff4 58c0f8c8 00000000 f76682d5
0xff8db1f0:   579c7d7a 00000070 f7f34ff4 f76682d5 

Instructions: (pc=0xf76dec60)
0xf76deb60:   5e 5f 5d c3 8d 74 26 00 31 d2 89 f0 e8 3f cb ff
0xf76deb70:   ff 89 f2 89 c3 e8 96 e6 ff ff 85 c0 75 16 85 db
0xf76deb80:   74 1f 89 f2 89 d8 e8 c5 d0 ff ff 89 f2 89 c3 e8
0xf76deb90:   7c e6 ff ff 85 db 74 09 31 d2 87 13 83 fa 01 7f
0xf76deba0:   77 85 c0 0f 85 6a fe ff ff 31 c0 eb af 8d 87 48
0xf76debb0:   f0 f9 ff 50 8d 87 00 f3 f9 ff 50 8d 87 a0 e3 f9
0xf76debc0:   ff 50 6a 01 e8 c7 2e fe ff 8d b4 26 00 00 00 00
0xf76debd0:   83 ec 0c 53 e8 c7 ae fe ff 83 c4 10 e9 14 fe ff
0xf76debe0:   ff 8d b4 26 00 00 00 00 89 44 24 0c 83 ec 0c 53
0xf76debf0:   e8 9b af fe ff 83 c4 10 8b 44 24 0c e9 12 fe ff
0xf76dec00:   ff 8d b4 26 00 00 00 00 8d 87 0c ee f9 ff e8 ed
0xf76dec10:   bb ff ff 8d 74 26 00 90 89 44 24 0c 83 ec 0c 53
0xf76dec20:   e8 6b af fe ff 83 c4 10 8b 44 24 0c e9 70 ff ff
0xf76dec30:   ff 8d b4 26 00 00 00 00 8d b4 26 00 00 00 00 90
0xf76dec40:   55 57 56 e8 ad 58 0d 00 81 c6 ac 33 18 00 53 83
0xf76dec50:   ec 1c 8b 5c 24 30 85 db 74 5b 8b be d0 fe ff ff
0xf76dec60:   8b 53 fc 8d 43 f8 65 8b 2f f6 c2 02 75 52 8b 8e
0xf76dec70:   a4 fe ff ff 65 8b 09 85 c9 0f 84 81 00 00 00 83
0xf76dec80:   e2 04 8d 9e cc 07 00 00 74 1d 8b 8e e4 01 00 00
0xf76dec90:   8d 14 8d 00 00 00 00 f7 da 85 c9 b9 00 00 f0 ff
0xf76deca0:   0f 44 d1 21 c2 8b 1a 89 c2 31 c9 89 d8 e8 8e d3
0xf76decb0:   ff ff 65 89 2f 83 c4 1c 5b 5e 5f 5d c3 8d 76 00
0xf76decc0:   8b 9e f8 01 00 00 85 db 75 26 39 96 d4 01 00 00
0xf76decd0:   73 1e 81 fa 00 00 08 00 77 16 83 e2 f8 89 96 d4
0xf76dece0:   01 00 00 01 d2 89 96 cc 01 00 00 8d 74 26 00 90
0xf76decf0:   e8 9b bc ff ff eb bb 8d b4 26 00 00 00 00 66 90
0xf76ded00:   8b 8e a8 fe ff ff 65 80 39 00 0f 85 6f ff ff ff
0xf76ded10:   89 44 24 0c e8 47 f3 ff ff 8b 53 fc 8b 44 24 0c
0xf76ded20:   e9 5a ff ff ff 8d b4 26 00 00 00 00 8d 74 26 00
0xf76ded30:   55 57 56 53 e8 ac 57 0d 00 81 c3 bb 32 18 00 83
0xf76ded40:   ec 0c 8b 83 a4 fe ff ff 8b 93 a8 fe ff ff 65 8b
0xf76ded50:   30 65 c6 02 01 85 f6 74 67 65 c7 00 00 00 00 00 



---------------  P R O C E S S  ---------------

VM state: at safepoint (shutting down)

VM Mutex/Monitor currently owned by a thread:  ([mutex/lock_event])
[0xf3627890] Threads_lock - owner thread: 0xc18e0be0

GC Precious Log:
<Skipped>

Heap:
 garbage-first heap   total 131072K, used 23220K [0xc3200000, 0xe3200000)
  region size 1024K, 24 young (24576K), 3 survivors (3072K)
 Metaspace       used 3333K, committed 3584K, reserved 16384K

Heap Regions: E=young(eden), S=young(survivor), O=old, HS=humongous(starts), HC=humongous(continues), CS=collection set, F=free, OA=open archive, CA=closed archive, TAMS=top-at-mark-start (previous, next)
|   0|0xc3200000, 0xc3200000, 0xc3300000|  0%| F|  |TAMS 0xc3200000, 0xc3200000| Untracked 
|   1|0xc3300000, 0xc3300000, 0xc3400000|  0%| F|  |TAMS 0xc3300000, 0xc3300000| Untracked 
|   2|0xc3400000, 0xc3400000, 0xc3500000|  0%| F|  |TAMS 0xc3400000, 0xc3400000| Untracked 
|   3|0xc3500000, 0xc3500000, 0xc3600000|  0%| F|  |TAMS 0xc3500000, 0xc3500000| Untracked 
|   4|0xc3600000, 0xc3600000, 0xc3700000|  0%| F|  |TAMS 0xc3600000, 0xc3600000| Untracked 
|   5|0xc3700000, 0xc3700000, 0xc3800000|  0%| F|  |TAMS 0xc3700000, 0xc3700000| Untracked 
|   6|0xc3800000, 0xc3800000, 0xc3900000|  0%| F|  |TAMS 0xc3800000, 0xc3800000| Untracked 
|   7|0xc3900000, 0xc3900000, 0xc3a00000|  0%| F|  |TAMS 0xc3900000, 0xc3900000| Untracked 
|   8|0xc3a00000, 0xc3a00000, 0xc3b00000|  0%| F|  |TAMS 0xc3a00000, 0xc3a00000| Untracked 
|   9|0xc3b00000, 0xc3b00000, 0xc3c00000|  0%| F|  |TAMS 0xc3b00000, 0xc3b00000| Untracked 
|  10|0xc3c00000, 0xc3c00000, 0xc3d00000|  0%| F|  |TAMS 0xc3c00000, 0xc3c00000| Untracked 
|  11|0xc3d00000, 0xc3d00000, 0xc3e00000|  0%| F|  |TAMS 0xc3d00000, 0xc3d00000| Untracked 
|  12|0xc3e00000, 0xc3e00000, 0xc3f00000|  0%| F|  |TAMS 0xc3e00000, 0xc3e00000| Untracked 
|  13|0xc3f00000, 0xc3f00000, 0xc4000000|  0%| F|  |TAMS 0xc3f00000, 0xc3f00000| Untracked 
|  14|0xc4000000, 0xc4000000, 0xc4100000|  0%| F|  |TAMS 0xc4000000, 0xc4000000| Untracked 
|  15|0xc4100000, 0xc4100000, 0xc4200000|  0%| F|  |TAMS 0xc4100000, 0xc4100000| Untracked 
|  16|0xc4200000, 0xc4200000, 0xc4300000|  0%| F|  |TAMS 0xc4200000, 0xc4200000| Untracked 
|  17|0xc4300000, 0xc4300000, 0xc4400000|  0%| F|  |TAMS 0xc4300000, 0xc4300000| Untracked 
|  18|0xc4400000, 0xc4400000, 0xc4500000|  0%| F|  |TAMS 0xc4400000, 0xc4400000| Untracked 
|  19|0xc4500000, 0xc4500000, 0xc4600000|  0%| F|  |TAMS 0xc4500000, 0xc4500000| Untracked 
|  20|0xc4600000, 0xc4600000, 0xc4700000|  0%| F|  |TAMS 0xc4600000, 0xc4600000| Untracked 
|  21|0xc4700000, 0xc4700000, 0xc4800000|  0%| F|  |TAMS 0xc4700000, 0xc4700000| Untracked 
|  22|0xc4800000, 0xc4800000, 0xc4900000|  0%| F|  |TAMS 0xc4800000, 0xc4800000| Untracked 
|  23|0xc4900000, 0xc4900000, 0xc4a00000|  0%| F|  |TAMS 0xc4900000, 0xc4900000| Untracked 
|  24|0xc4a00000, 0xc4a00000, 0xc4b00000|  0%| F|  |TAMS 0xc4a00000, 0xc4a00000| Untracked 
|  25|0xc4b00000, 0xc4b00000, 0xc4c00000|  0%| F|  |TAMS 0xc4b00000, 0xc4b00000| Untracked 
|  26|0xc4c00000, 0xc4c00000, 0xc4d00000|  0%| F|  |TAMS 0xc4c00000, 0xc4c00000| Untracked 
|  27|0xc4d00000, 0xc4d00000, 0xc4e00000|  0%| F|  |TAMS 0xc4d00000, 0xc4d00000| Untracked 
|  28|0xc4e00000, 0xc4e00000, 0xc4f00000|  0%| F|  |TAMS 0xc4e00000, 0xc4e00000| Untracked 
|  29|0xc4f00000, 0xc4f00000, 0xc5000000|  0%| F|  |TAMS 0xc4f00000, 0xc4f00000| Untracked 
|  30|0xc5000000, 0xc5000000, 0xc5100000|  0%| F|  |TAMS 0xc5000000, 0xc5000000| Untracked 
|  31|0xc5100000, 0xc5100000, 0xc5200000|  0%| F|  |TAMS 0xc5100000, 0xc5100000| Untracked 
|  32|0xc5200000, 0xc5200000, 0xc5300000|  0%| F|  |TAMS 0xc5200000, 0xc5200000| Untracked 
|  33|0xc5300000, 0xc5300000, 0xc5400000|  0%| F|  |TAMS 0xc5300000, 0xc5300000| Untracked 
|  34|0xc5400000, 0xc5400000, 0xc5500000|  0%| F|  |TAMS 0xc5400000, 0xc5400000| Untracked 
|  35|0xc5500000, 0xc5500000, 0xc5600000|  0%| F|  |TAMS 0xc5500000, 0xc5500000| Untracked 
|  36|0xc5600000, 0xc5600000, 0xc5700000|  0%| F|  |TAMS 0xc5600000, 0xc5600000| Untracked 
|  37|0xc5700000, 0xc5700000, 0xc5800000|  0%| F|  |TAMS 0xc5700000, 0xc5700000| Untracked 
|  38|0xc5800000, 0xc5800000, 0xc5900000|  0%| F|  |TAMS 0xc5800000, 0xc5800000| Untracked 
|  39|0xc5900000, 0xc5900000, 0xc5a00000|  0%| F|  |TAMS 0xc5900000, 0xc5900000| Untracked 
|  40|0xc5a00000, 0xc5a00000, 0xc5b00000|  0%| F|  |TAMS 0xc5a00000, 0xc5a00000| Untracked 
|  41|0xc5b00000, 0xc5b00000, 0xc5c00000|  0%| F|  |TAMS 0xc5b00000, 0xc5b00000| Untracked 
|  42|0xc5c00000, 0xc5c00000, 0xc5d00000|  0%| F|  |TAMS 0xc5c00000, 0xc5c00000| Untracked 
|  43|0xc5d00000, 0xc5d00000, 0xc5e00000|  0%| F|  |TAMS 0xc5d00000, 0xc5d00000| Untracked 
|  44|0xc5e00000, 0xc5e00000, 0xc5f00000|  0%| F|  |TAMS 0xc5e00000, 0xc5e00000| Untracked 
|  45|0xc5f00000, 0xc5f00000, 0xc6000000|  0%| F|  |TAMS 0xc5f00000, 0xc5f00000| Untracked 
|  46|0xc6000000, 0xc6000000, 0xc6100000|  0%| F|  |TAMS 0xc6000000, 0xc6000000| Untracked 
|  47|0xc6100000, 0xc6100000, 0xc6200000|  0%| F|  |TAMS 0xc6100000, 0xc6100000| Untracked 
|  48|0xc6200000, 0xc6200000, 0xc6300000|  0%| F|  |TAMS 0xc6200000, 0xc6200000| Untracked 
|  49|0xc6300000, 0xc632d3d0, 0xc6400000| 17%| S|CS|TAMS 0xc6300000, 0xc6300000| Complete 
|  50|0xc6400000, 0xc6500000, 0xc6500000|100%| S|CS|TAMS 0xc6400000, 0xc6400000| Complete 
|  51|0xc6500000, 0xc6600000, 0xc6600000|100%| S|CS|TAMS 0xc6500000, 0xc6500000| Complete 
|  52|0xc6600000, 0xc6600000, 0xc6700000|  0%| F|  |TAMS 0xc6600000, 0xc6600000| Untracked 
|  53|0xc6700000, 0xc6700000, 0xc6800000|  0%| F|  |TAMS 0xc6700000, 0xc6700000| Untracked 
|  54|0xc6800000, 0xc6800000, 0xc6900000|  0%| F|  |TAMS 0xc6800000, 0xc6800000| Untracked 
|  55|0xc6900000, 0xc6900000, 0xc6a00000|  0%| F|  |TAMS 0xc6900000, 0xc6900000| Untracked 
|  56|0xc6a00000, 0xc6a00000, 0xc6b00000|  0%| F|  |TAMS 0xc6a00000, 0xc6a00000| Untracked 
|  57|0xc6b00000, 0xc6b00000, 0xc6c00000|  0%| F|  |TAMS 0xc6b00000, 0xc6b00000| Untracked 
|  58|0xc6c00000, 0xc6c00000, 0xc6d00000|  0%| F|  |TAMS 0xc6c00000, 0xc6c00000| Untracked 
|  59|0xc6d00000, 0xc6d00000, 0xc6e00000|  0%| F|  |TAMS 0xc6d00000, 0xc6d00000| Untracked 
|  60|0xc6e00000, 0xc6e00000, 0xc6f00000|  0%| F|  |TAMS 0xc6e00000, 0xc6e00000| Untracked 
|  61|0xc6f00000, 0xc6f00000, 0xc7000000|  0%| F|  |TAMS 0xc6f00000, 0xc6f00000| Untracked 
|  62|0xc7000000, 0xc7000000, 0xc7100000|  0%| F|  |TAMS 0xc7000000, 0xc7000000| Untracked 
|  63|0xc7100000, 0xc7100000, 0xc7200000|  0%| F|  |TAMS 0xc7100000, 0xc7100000| Untracked 
|  64|0xc7200000, 0xc7200000, 0xc7300000|  0%| F|  |TAMS 0xc7200000, 0xc7200000| Untracked 
|  65|0xc7300000, 0xc7300000, 0xc7400000|  0%| F|  |TAMS 0xc7300000, 0xc7300000| Untracked 
|  66|0xc7400000, 0xc7400000, 0xc7500000|  0%| F|  |TAMS 0xc7400000, 0xc7400000| Untracked 
|  67|0xc7500000, 0xc7500000, 0xc7600000|  0%| F|  |TAMS 0xc7500000, 0xc7500000| Untracked 
|  68|0xc7600000, 0xc7600000, 0xc7700000|  0%| F|  |TAMS 0xc7600000, 0xc7600000| Untracked 
|  69|0xc7700000, 0xc7700000, 0xc7800000|  0%| F|  |TAMS 0xc7700000, 0xc7700000| Untracked 
|  70|0xc7800000, 0xc7800000, 0xc7900000|  0%| F|  |TAMS 0xc7800000, 0xc7800000| Untracked 
|  71|0xc7900000, 0xc7900000, 0xc7a00000|  0%| F|  |TAMS 0xc7900000, 0xc7900000| Untracked 
|  72|0xc7a00000, 0xc7a00000, 0xc7b00000|  0%| F|  |TAMS 0xc7a00000, 0xc7a00000| Untracked 
|  73|0xc7b00000, 0xc7b00000, 0xc7c00000|  0%| F|  |TAMS 0xc7b00000, 0xc7b00000| Untracked 
|  74|0xc7c00000, 0xc7c00000, 0xc7d00000|  0%| F|  |TAMS 0xc7c00000, 0xc7c00000| Untracked 
|  75|0xc7d00000, 0xc7d00000, 0xc7e00000|  0%| F|  |TAMS 0xc7d00000, 0xc7d00000| Untracked 
|  76|0xc7e00000, 0xc7e00000, 0xc7f00000|  0%| F|  |TAMS 0xc7e00000, 0xc7e00000| Untracked 
|  77|0xc7f00000, 0xc7f00000, 0xc8000000|  0%| F|  |TAMS 0xc7f00000, 0xc7f00000| Untracked 
|  78|0xc8000000, 0xc8000000, 0xc8100000|  0%| F|  |TAMS 0xc8000000, 0xc8000000| Untracked 
|  79|0xc8100000, 0xc8100000, 0xc8200000|  0%| F|  |TAMS 0xc8100000, 0xc8100000| Untracked 
|  80|0xc8200000, 0xc8200000, 0xc8300000|  0%| F|  |TAMS 0xc8200000, 0xc8200000| Untracked 
|  81|0xc8300000, 0xc8300000, 0xc8400000|  0%| F|  |TAMS 0xc8300000, 0xc8300000| Untracked 
|  82|0xc8400000, 0xc8400000, 0xc8500000|  0%| F|  |TAMS 0xc8400000, 0xc8400000| Untracked 
|  83|0xc8500000, 0xc8500000, 0xc8600000|  0%| F|  |TAMS 0xc8500000, 0xc8500000| Untracked 
|  84|0xc8600000, 0xc8600000, 0xc8700000|  0%| F|  |TAMS 0xc8600000, 0xc8600000| Untracked 
|  85|0xc8700000, 0xc8700000, 0xc8800000|  0%| F|  |TAMS 0xc8700000, 0xc8700000| Untracked 
|  86|0xc8800000, 0xc8800000, 0xc8900000|  0%| F|  |TAMS 0xc8800000, 0xc8800000| Untracked 
|  87|0xc8900000, 0xc8900000, 0xc8a00000|  0%| F|  |TAMS 0xc8900000, 0xc8900000| Untracked 
|  88|0xc8a00000, 0xc8a00000, 0xc8b00000|  0%| F|  |TAMS 0xc8a00000, 0xc8a00000| Untracked 
|  89|0xc8b00000, 0xc8b00000, 0xc8c00000|  0%| F|  |TAMS 0xc8b00000, 0xc8b00000| Untracked 
|  90|0xc8c00000, 0xc8c00000, 0xc8d00000|  0%| F|  |TAMS 0xc8c00000, 0xc8c00000| Untracked 
|  91|0xc8d00000, 0xc8d00000, 0xc8e00000|  0%| F|  |TAMS 0xc8d00000, 0xc8d00000| Untracked 
|  92|0xc8e00000, 0xc8e00000, 0xc8f00000|  0%| F|  |TAMS 0xc8e00000, 0xc8e00000| Untracked 
|  93|0xc8f00000, 0xc8f00000, 0xc9000000|  0%| F|  |TAMS 0xc8f00000, 0xc8f00000| Untracked 
|  94|0xc9000000, 0xc9000000, 0xc9100000|  0%| F|  |TAMS 0xc9000000, 0xc9000000| Untracked 
|  95|0xc9100000, 0xc9100000, 0xc9200000|  0%| F|  |TAMS 0xc9100000, 0xc9100000| Untracked 
|  96|0xc9200000, 0xc9200000, 0xc9300000|  0%| F|  |TAMS 0xc9200000, 0xc9200000| Untracked 
|  97|0xc9300000, 0xc9300000, 0xc9400000|  0%| F|  |TAMS 0xc9300000, 0xc9300000| Untracked 
|  98|0xc9400000, 0xc9400000, 0xc9500000|  0%| F|  |TAMS 0xc9400000, 0xc9400000| Untracked 
|  99|0xc9500000, 0xc9500000, 0xc9600000|  0%| F|  |TAMS 0xc9500000, 0xc9500000| Untracked 
| 100|0xc9600000, 0xc9600000, 0xc9700000|  0%| F|  |TAMS 0xc9600000, 0xc9600000| Untracked 
| 101|0xc9700000, 0xc9700000, 0xc9800000|  0%| F|  |TAMS 0xc9700000, 0xc9700000| Untracked 
| 102|0xc9800000, 0xc9800000, 0xc9900000|  0%| F|  |TAMS 0xc9800000, 0xc9800000| Untracked 
| 103|0xc9900000, 0xc9900000, 0xc9a00000|  0%| F|  |TAMS 0xc9900000, 0xc9900000| Untracked 
| 104|0xc9a00000, 0xc9a00000, 0xc9b00000|  0%| F|  |TAMS 0xc9a00000, 0xc9a00000| Untracked 
| 105|0xc9b00000, 0xc9b00000, 0xc9c00000|  0%| F|  |TAMS 0xc9b00000, 0xc9b00000| Untracked 
| 106|0xc9c00000, 0xc9c00000, 0xc9d00000|  0%| F|  |TAMS 0xc9c00000, 0xc9c00000| Untracked 
| 107|0xc9d00000, 0xc9d80000, 0xc9e00000| 50%| E|  |TAMS 0xc9d00000, 0xc9d00000| Complete 
| 108|0xc9e00000, 0xc9f00000, 0xc9f00000|100%| E|CS|TAMS 0xc9e00000, 0xc9e00000| Complete 
| 109|0xc9f00000, 0xca000000, 0xca000000|100%| E|CS|TAMS 0xc9f00000, 0xc9f00000| Complete 
| 110|0xca000000, 0xca100000, 0xca100000|100%| E|CS|TAMS 0xca000000, 0xca000000| Complete 
| 111|0xca100000, 0xca200000, 0xca200000|100%| E|CS|TAMS 0xca100000, 0xca100000| Complete 
| 112|0xca200000, 0xca300000, 0xca300000|100%| E|CS|TAMS 0xca200000, 0xca200000| Complete 
| 113|0xca300000, 0xca400000, 0xca400000|100%| E|CS|TAMS 0xca300000, 0xca300000| Complete 
| 114|0xca400000, 0xca500000, 0xca500000|100%| E|CS|TAMS 0xca400000, 0xca400000| Complete 
| 115|0xca500000, 0xca600000, 0xca600000|100%| E|CS|TAMS 0xca500000, 0xca500000| Complete 
| 116|0xca600000, 0xca700000, 0xca700000|100%| E|CS|TAMS 0xca600000, 0xca600000| Complete 
| 117|0xca700000, 0xca800000, 0xca800000|100%| E|CS|TAMS 0xca700000, 0xca700000| Complete 
| 118|0xca800000, 0xca900000, 0xca900000|100%| E|CS|TAMS 0xca800000, 0xca800000| Complete 
| 119|0xca900000, 0xcaa00000, 0xcaa00000|100%| E|CS|TAMS 0xca900000, 0xca900000| Complete 
| 120|0xcaa00000, 0xcab00000, 0xcab00000|100%| E|CS|TAMS 0xcaa00000, 0xcaa00000| Complete 
| 121|0xcab00000, 0xcac00000, 0xcac00000|100%| E|CS|TAMS 0xcab00000, 0xcab00000| Complete 
| 122|0xcac00000, 0xcad00000, 0xcad00000|100%| E|CS|TAMS 0xcac00000, 0xcac00000| Complete 
| 123|0xcad00000, 0xcae00000, 0xcae00000|100%| E|CS|TAMS 0xcad00000, 0xcad00000| Complete 
| 124|0xcae00000, 0xcaf00000, 0xcaf00000|100%| E|CS|TAMS 0xcae00000, 0xcae00000| Complete 
| 125|0xcaf00000, 0xcb000000, 0xcb000000|100%| E|CS|TAMS 0xcaf00000, 0xcaf00000| Complete 
| 126|0xcb000000, 0xcb100000, 0xcb100000|100%| E|CS|TAMS 0xcb000000, 0xcb000000| Complete 
| 127|0xcb100000, 0xcb200000, 0xcb200000|100%| E|CS|TAMS 0xcb100000, 0xcb100000| Complete 

Card table byte_map: [0xc3100000,0xc3200000] _byte_map_base: 0xc2ae7000

Marking Bits (Prev, Next): (CMBitMap*) 0xe33300b8, (CMBitMap*) 0xe33300d8
 Prev Bits: [0xc2800000, 0xc3000000)
 Next Bits: [0xc2000000, 0xc2800000)

Polling page: 0xf7ef1000

Metaspace:

Usage:
    3.26 MB used.

Virtual space:
     16.00 MB reserved,       3.50 MB ( 22%) committed,  1 nodes.

Chunk freelists:
9.97 MB

MaxMetaspaceSize: 96.00 MB
No class space
Initial GC threshold: 16.00 MB
Current GC threshold: 16.00 MB
CDS: on
MetaspaceReclaimPolicy: balanced
 - commit_granule_bytes: 65536.
 - commit_granule_words: 16384.
 - virtual_space_node_default_size: 4194304.
 - enlarge_chunks_in_place: 1.
 - new_chunks_are_fully_committed: 0.
 - uncommit_free_chunks: 1.
 - use_allocation_guard: 0.
 - handle_deallocations: 1.


Internal statistics:

num_allocs_failed_limit: 0.
num_arena_births: 152.
num_arena_deaths: 0.
num_vsnodes_births: 1.
num_vsnodes_deaths: 0.
num_space_committed: 56.
num_space_uncommitted: 0.
num_chunks_returned_to_freelist: 0.
num_chunks_taken_from_freelist: 277.
num_chunk_merges: 0.
num_chunk_splits: 198.
num_chunks_enlarged: 143.
num_inconsistent_stats: 0.

CodeHeap 'non-profiled nmethods': size=120172Kb used=786Kb max_used=786Kb free=119385Kb
 bounds [0xeafa2000, 0xeb1e2000, 0xf24fd000]
CodeHeap 'profiled nmethods': size=120172Kb used=2578Kb max_used=2578Kb free=117593Kb
 bounds [0xe34fd000, 0xe3785000, 0xeaa58000]
CodeHeap 'non-nmethods': size=5416Kb used=731Kb max_used=759Kb free=4684Kb
 bounds [0xeaa58000, 0xeac98000, 0xeafa2000]
 total_blobs=1821 nmethods=1481 adapters=254
 compilation: enabled
              stopped_count=0, restarted_count=0
 full_count=0

Compilation events (20 events):
Event: 9479.701 Thread 0xc18eb3a0 1471       4       java.lang.invoke.LambdaForm$MH/0xbf4f6a98::invoke (32 bytes)
Event: 9479.702 Thread 0xc18eb3a0 nmethod 1471 0xeb065488 code [0xeb0655c0, 0xeb0656e4]
Event: 9479.702 Thread 0xc18eb3a0 1472       4       java.lang.invoke.DirectMethodHandle$Holder::invokeStatic (21 bytes)
Event: 9479.702 Thread 0xc18eb3a0 nmethod 1472 0xeb065808 code [0xeb065920, 0xeb0659fc]
Event: 9573.499 Thread 0xc18ec4d0 1473       3       script.base_class::getName (8 bytes)
Event: 9573.499 Thread 0xc18ec4d0 nmethod 1473 0xe377b988 code [0xe377bae0, 0xe377bcec]
Event: 9576.830 Thread 0xc18ec4d0 1474       3       java.util.Vector::grow (11 bytes)
Event: 9576.831 Thread 0xc18ec4d0 nmethod 1474 0xe377be08 code [0xe377bf40, 0xe377c06c]
Event: 9576.831 Thread 0xc18eb3a0 1476       4       java.lang.String::checkBoundsOffCount (64 bytes)
Event: 9576.831 Thread 0xc18ec4d0 1475       3       java.util.Vector::grow (43 bytes)
Event: 9576.831 Thread 0xc18ec4d0 nmethod 1475 0xe377c108 code [0xe377c280, 0xe377c618]
Event: 9576.831 Thread 0xc18eb3a0 nmethod 1476 0xeb065b08 code [0xeb065c20, 0xeb065cd0]
Event: 9605.061 Thread 0xc18ec4d0 1477       3       script.space.content_tools.squad_member::OnDestroy (237 bytes)
Event: 9605.064 Thread 0xc18ec4d0 nmethod 1477 0xe377c788 code [0xe377cd60, 0xe377f8f8]
Event: 9623.204 Thread 0xc18eb3a0 1478       4       java.lang.invoke.DirectMethodHandle$Holder::invokeStatic (17 bytes)
Event: 9623.205 Thread 0xc18eb3a0 nmethod 1478 0xeb065e08 code [0xeb065f20, 0xeb065fdc]
Event: 9831.654 Thread 0xc18ec4d0 1479   !   3       jdk.internal.reflect.GeneratedMethodAccessor26::invoke (68 bytes)
Event: 9831.654 Thread 0xc18ec4d0 nmethod 1479 0xe3780b88 code [0xe3780d80, 0xe37814c8]
Event: 10542.279 Thread 0xc18eb3a0 1481       4       java.lang.StringConcatHelper::prepend (22 bytes)
Event: 10542.282 Thread 0xc18eb3a0 nmethod 1481 0xeb066488 code [0xeb0665c0, 0xeb0668b0]

GC Heap History (10 events):
Event: 314.551 GC heap before
{Heap before GC invocations=0 (full 0):
 garbage-first heap   total 131072K, used 22528K [0xc3200000, 0xe3200000)
  region size 1024K, 23 young (23552K), 0 survivors (0K)
 Metaspace       used 3008K, committed 3200K, reserved 16384K
}
Event: 314.553 GC heap after
{Heap after GC invocations=1 (full 0):
 garbage-first heap   total 131072K, used 2464K [0xc3200000, 0xe3200000)
  region size 1024K, 3 young (3072K), 3 survivors (3072K)
 Metaspace       used 3008K, committed 3200K, reserved 16384K
}
Event: 1431.526 GC heap before
{Heap before GC invocations=1 (full 0):
 garbage-first heap   total 131072K, used 37280K [0xc3200000, 0xe3200000)
  region size 1024K, 37 young (37888K), 3 survivors (3072K)
 Metaspace       used 3054K, committed 3200K, reserved 16384K
}
Event: 1431.528 GC heap after
{Heap after GC invocations=2 (full 0):
 garbage-first heap   total 131072K, used 2632K [0xc3200000, 0xe3200000)
  region size 1024K, 3 young (3072K), 3 survivors (3072K)
 Metaspace       used 3054K, committed 3200K, reserved 16384K
}
Event: 4293.748 GC heap before
{Heap before GC invocations=2 (full 0):
 garbage-first heap   total 131072K, used 77384K [0xc3200000, 0xe3200000)
  region size 1024K, 76 young (77824K), 3 survivors (3072K)
 Metaspace       used 3292K, committed 3456K, reserved 16384K
}
Event: 4293.751 GC heap after
{Heap after GC invocations=3 (full 0):
 garbage-first heap   total 131072K, used 2764K [0xc3200000, 0xe3200000)
  region size 1024K, 3 young (3072K), 3 survivors (3072K)
 Metaspace       used 3292K, committed 3456K, reserved 16384K
}
Event: 7098.896 GC heap before
{Heap before GC invocations=3 (full 0):
 garbage-first heap   total 131072K, used 77516K [0xc3200000, 0xe3200000)
  region size 1024K, 76 young (77824K), 3 survivors (3072K)
 Metaspace       used 3312K, committed 3520K, reserved 16384K
}
Event: 7098.898 GC heap after
{Heap after GC invocations=4 (full 0):
 garbage-first heap   total 131072K, used 2364K [0xc3200000, 0xe3200000)
  region size 1024K, 3 young (3072K), 3 survivors (3072K)
 Metaspace       used 3312K, committed 3520K, reserved 16384K
}
Event: 9986.796 GC heap before
{Heap before GC invocations=4 (full 0):
 garbage-first heap   total 131072K, used 77116K [0xc3200000, 0xe3200000)
  region size 1024K, 76 young (77824K), 3 survivors (3072K)
 Metaspace       used 3331K, committed 3584K, reserved 16384K
}
Event: 9986.798 GC heap after
{Heap after GC invocations=5 (full 0):
 garbage-first heap   total 131072K, used 2228K [0xc3200000, 0xe3200000)
  region size 1024K, 3 young (3072K), 3 survivors (3072K)
 Metaspace       used 3331K, committed 3584K, reserved 16384K
}

Dll operation events (4 events):
Event: 0.006 Loaded shared library /usr/lib/jvm/zulu17.66.19-ca-fx-jdk17.0.19-linux_i686/lib/libjava.so
Event: 9.258 Loaded shared library /usr/lib/jvm/zulu17.66.19-ca-fx-jdk17.0.19-linux_i686/lib/libnio.so
Event: 9.259 Loaded shared library /usr/lib/jvm/zulu17.66.19-ca-fx-jdk17.0.19-linux_i686/lib/libjimage.so
Event: 9.259 Loaded shared library /usr/lib/jvm/zulu17.66.19-ca-fx-jdk17.0.19-linux_i686/lib/libnet.so

Deoptimization events (20 events):
Event: 599.139 Thread 0x5bc9bd60 Uncommon trap: trap_request=0xffffff45 fr.pc=0xeaffb264 relative=0x00000704
Event: 599.139 Thread 0x5bc9bd60 Uncommon trap: reason=unstable_if action=reinterpret pc=0xeaffb264 method=java.util.LinkedList.indexOf(Ljava/lang/Object;)I @ 55 c2
Event: 599.139 Thread 0x5bc9bd60 DEOPT PACKING pc=0xeaffb264 sp=0xff8d9b10
Event: 599.139 Thread 0x5bc9bd60 DEOPT UNPACKING pc=0xeaaa1d33 sp=0xff8d9a9c mode 2
Event: 734.946 Thread 0x5bc9bd60 Uncommon trap: trap_request=0xffffff45 fr.pc=0xeaff8ef8 relative=0x00000058
Event: 734.946 Thread 0x5bc9bd60 Uncommon trap: reason=unstable_if action=reinterpret pc=0xeaff8ef8 method=script.base_class.isIdValid(Lscript/obj_id;)Z @ 11 c2
Event: 734.946 Thread 0x5bc9bd60 DEOPT PACKING pc=0xeaff8ef8 sp=0xff8d9340
Event: 734.946 Thread 0x5bc9bd60 DEOPT UNPACKING pc=0xeaaa1d33 sp=0xff8d930c mode 2
Event: 1539.554 Thread 0x5bc9bd60 Uncommon trap: trap_request=0xffffffcc fr.pc=0xeaff7d50 relative=0x00000190
Event: 1539.554 Thread 0x5bc9bd60 Uncommon trap: reason=intrinsic action=make_not_entrant pc=0xeaff7d50 method=java.util.Arrays.copyOf([Ljava/lang/Object;ILjava/lang/Class;)[Ljava/lang/Object; @ 35 c2
Event: 1539.554 Thread 0x5bc9bd60 DEOPT PACKING pc=0xeaff7d50 sp=0xff8d8d10
Event: 1539.554 Thread 0x5bc9bd60 DEOPT UNPACKING pc=0xeaaa1d33 sp=0xff8d8ce8 mode 2
Event: 1555.571 Thread 0x5bc9bd60 DEOPT PACKING pc=0xe35143f7 sp=0xff8d93e0
Event: 1555.571 Thread 0x5bc9bd60 DEOPT UNPACKING pc=0xeaaa1171 sp=0xff8d9238 mode 0
Event: 1555.574 Thread 0x5bc9bd60 DEOPT PACKING pc=0xe35105c7 sp=0xff8d9160
Event: 1555.574 Thread 0x5bc9bd60 DEOPT UNPACKING pc=0xeaaa1171 sp=0xff8d8fd4 mode 0
Event: 4886.561 Thread 0x5bc9bd60 Uncommon trap: trap_request=0xffffff45 fr.pc=0xeb026e4c relative=0x0000692c
Event: 4886.561 Thread 0x5bc9bd60 Uncommon trap: reason=unstable_if action=reinterpret pc=0xeb026e4c method=script.library.space_utils.isPlayerControlledShip(Lscript/obj_id;)Z @ 12 c2
Event: 4886.561 Thread 0x5bc9bd60 DEOPT PACKING pc=0xeb026e4c sp=0xff8da2a0
Event: 4886.562 Thread 0x5bc9bd60 DEOPT UNPACKING pc=0xeaaa1d33 sp=0xff8da344 mode 2

Classes loaded (20 events):
Event: 14.464 Loading class java/lang/constant/DirectMethodHandleDescImpl
Event: 14.464 Loading class java/lang/constant/DirectMethodHandleDesc
Event: 14.464 Loading class java/lang/constant/DirectMethodHandleDesc done
Event: 14.464 Loading class java/lang/constant/DirectMethodHandleDescImpl done
Event: 14.464 Loading class java/lang/constant/DirectMethodHandleDescImpl$1
Event: 14.464 Loading class java/lang/constant/DirectMethodHandleDescImpl$1 done
Event: 14.464 Loading class java/lang/constant/DirectMethodHandleDesc$1
Event: 14.464 Loading class java/lang/constant/DirectMethodHandleDesc$1 done
Event: 14.464 Loading class java/lang/constant/PrimitiveClassDescImpl
Event: 14.464 Loading class java/lang/constant/DynamicConstantDesc
Event: 14.464 Loading class java/lang/constant/DynamicConstantDesc done
Event: 14.464 Loading class java/lang/constant/PrimitiveClassDescImpl done
Event: 14.464 Loading class java/lang/constant/DynamicConstantDesc$AnonymousDynamicConstantDesc
Event: 14.464 Loading class java/lang/constant/DynamicConstantDesc$AnonymousDynamicConstantDesc done
Event: 14.504 Loading class java/util/Vector$Itr
Event: 14.504 Loading class java/util/Vector$Itr done
Event: 14.514 Loading class java/lang/Math$RandomNumberGeneratorHolder
Event: 14.514 Loading class java/lang/Math$RandomNumberGeneratorHolder done
Event: 1539.558 Loading class jdk/internal/math/FDBigInteger
Event: 1539.558 Loading class jdk/internal/math/FDBigInteger done

Classes unloaded (0 events):
No events

Classes redefined (0 events):
No events

Internal exceptions (8 events):
Event: 9.265 Thread 0x5bc9bd60 Exception <a 'java/lang/NoSuchMethodError'{0xcaead308}: 'java.lang.Object java.lang.invoke.DirectMethodHandle$Holder.invokeStaticInit(java.lang.Object)'> (0xcaead308) 
thrown [src/hotspot/share/interpreter/linkResolver.cpp, line 759]
Event: 14.338 Thread 0x5bc9bd60 Implicit null exception at 0xeafc632b to 0xeafc6380
Event: 14.410 Thread 0x5bc9bd60 Exception <a 'java/lang/NoSuchMethodError'{0xca6cdcc0}: static [Ljava/lang/String;.<clinit>()V> (0xca6cdcc0) 
thrown [src/hotspot/share/prims/jni.cpp, line 1112]
Event: 1539.552 Thread 0x5bc9bd60 Exception <a 'java/lang/NoSuchMethodError'{0xcae6a990}: 'java.lang.Object java.lang.invoke.DirectMethodHandle$Holder.invokeStatic(java.lang.Object, float)'> (0xcae6a990) 
thrown [src/hotspot/share/interpreter/linkResolver.cpp, line 759]
Event: 1539.564 Thread 0x5bc9bd60 Exception <a 'java/lang/NoSuchMethodError'{0xcad7f890}: 'java.lang.Object java.lang.invoke.DelegatingMethodHandle$Holder.reinvoke_L(java.lang.Object, int, java.lang.Object, float, float, float)'> (0xcad7f890) 
thrown [src/hotspot/share/interpreter/linkResolver.cpp, line 759]
Event: 1555.574 Thread 0x5bc9bd60 Exception <a 'java/lang/NoSuchMethodError'{0xcac82060}: 'java.lang.Object java.lang.invoke.DirectMethodHandle$Holder.invokeSpecial(java.lang.Object, java.lang.Object, long, java.lang.Object, java.lang.Object, java.lang.Object, int, java.lang.Object, java.lang.Object)'> (0xcac82060) 
thrown [src/hotspot/share/interpreter/linkResolver.cpp, line 759]
Event: 1555.574 Thread 0x5bc9bd60 Exception <a 'java/lang/NoSuchMethodError'{0xcac86360}: 'java.lang.Object java.lang.invoke.DelegatingMethodHandle$Holder.reinvoke_L(java.lang.Object, long, java.lang.Object, java.lang.Object, java.lang.Object, int, java.lang.Object, java.lang.Object)'> (0xcac86360) 
thrown [src/hotspot/share/interpreter/linkResolver.cpp, line 759]
Event: 4886.561 Thread 0x5bc9bd60 Implicit null exception at 0xeb020624 to 0xeb026df8

VM Operations (20 events):
Event: 1563.536 Executing VM operation: Cleanup
Event: 1563.536 Executing VM operation: Cleanup done
Event: 2473.589 Executing VM operation: Cleanup
Event: 2473.589 Executing VM operation: Cleanup done
Event: 3329.643 Executing VM operation: Cleanup
Event: 3329.643 Executing VM operation: Cleanup done
Event: 4293.748 Executing VM operation: G1CollectForAllocation
Event: 4293.751 Executing VM operation: G1CollectForAllocation done
Event: 4363.755 Executing VM operation: Cleanup
Event: 4363.755 Executing VM operation: Cleanup done
Event: 7098.896 Executing VM operation: G1CollectForAllocation
Event: 7098.898 Executing VM operation: G1CollectForAllocation done
Event: 7099.898 Executing VM operation: Cleanup
Event: 7099.898 Executing VM operation: Cleanup done
Event: 9986.796 Executing VM operation: G1CollectForAllocation
Event: 9986.798 Executing VM operation: G1CollectForAllocation done
Event: 9987.798 Executing VM operation: Cleanup
Event: 9987.798 Executing VM operation: Cleanup done
Event: 10022.461 Executing VM operation: HandshakeAllThreads
Event: 10022.461 Executing VM operation: HandshakeAllThreads done

Memory protections (15 events):
Event: 0.005 Protecting memory [0xf372d000,0xf3731000] with protection modes 0
Event: 0.089 Protecting memory [0xc0940000,0xc0944000] with protection modes 0
Event: 0.095 Protecting memory [0xc0740000,0xc0744000] with protection modes 0
Event: 0.105 Protecting memory [0xc00c6000,0xc00ca000] with protection modes 0
Event: 0.113 Protecting memory [0xc0005000,0xc0009000] with protection modes 0
Event: 0.128 Protecting memory [0xbed40000,0xbed44000] with protection modes 0
Event: 0.136 Protecting memory [0xc0b2a000,0xc0b2e000] with protection modes 0
Event: 0.146 Protecting memory [0xbeb80000,0xbeb84000] with protection modes 0
Event: 0.155 Protecting memory [0xbe840000,0xbe844000] with protection modes 0
Event: 0.180 Protecting memory [0xbe640000,0xbe644000] with protection modes 0
Event: 0.285 Protecting memory [0xff81d000,0xff821000] with protection modes 0
Event: 0.293 Protecting memory [0xbe140000,0xbe144000] with protection modes 0
Event: 0.306 Protecting memory [0xbdf40000,0xbdf44000] with protection modes 0
Event: 9.391 Protecting memory [0xbdb7e000,0xbdb82000] with protection modes 0
Event: 10.061 Protecting memory [0xbdb7e000,0xbdb82000] with protection modes 0

Nmethod flushes (0 events):
No events

Events (20 events):
Event: 0.070 Thread 0xf3629a00 Thread added: 0xf3629a00
Event: 0.087 Thread 0xf3629a00 Thread added: 0xc18e2fb0
Event: 0.094 Thread 0xf3629a00 Thread added: 0xc18e4060
Event: 0.104 Thread 0xf3629a00 Thread added: 0xc18e7f70
Event: 0.112 Thread 0xf3629a00 Thread added: 0xc18e8fd0
Event: 0.127 Thread 0xf3629a00 Thread added: 0xc18e9ff0
Event: 0.136 Thread 0xf3629a00 Thread added: 0xc18eb3a0
Event: 0.145 Thread 0xf3629a00 Thread added: 0xc18ec4d0
Event: 0.154 Thread 0xf3629a00 Thread added: 0xc18ed530
Event: 0.179 Thread 0xf3629a00 Thread added: 0xbe523220
Event: 0.285 Thread 0x5bc9bd60 Thread added: 0x5bc9bd60
Event: 0.292 Thread 0x5bc9bd60 Thread added: 0x5bc98e20
Event: 0.305 Thread 0x5bc9bd60 Thread added: 0x5bca3c30
Event: 9.389 Thread 0xc18eb3a0 Thread added: 0xbea2e2c0
Event: 10.056 Thread 0xbea2e2c0 Thread exited: 0xbea2e2c0
Event: 10.061 Thread 0xc18ec4d0 Thread added: 0xbe949ac0
Event: 10.218 Thread 0xbe949ac0 Thread exited: 0xbe949ac0
Event: 10751.059 Thread 0x5bc9bd60 Thread exited: 0x5bc9bd60
Event: 10751.059 Thread 0xf3629a00 Before exit entered
Event: 10751.060 Thread 0xf3629a00 Thread exited: 0xf3629a00


Dynamic libraries:
565b7000-57684000 r--p 00000000 09:04 24778802                           /home/swg/swg-main/build/bin/SwgGameServer
57684000-58527000 r-xp 010cd000 09:04 24778802                           /home/swg/swg-main/build/bin/SwgGameServer
58527000-58c0e000 r--p 01f70000 09:04 24778802                           /home/swg/swg-main/build/bin/SwgGameServer
58c0e000-58c35000 rw-p 02656000 09:04 24778802                           /home/swg/swg-main/build/bin/SwgGameServer
58c35000-594b8000 rw-p 00000000 00:00 0 
5a5ba000-5d82c000 rw-p 00000000 00:00 0                                  [heap]
bc000000-bc0f9000 rw-p 00000000 00:00 0 
bc0f9000-bc100000 ---p 00000000 00:00 0 
bc100000-bc179000 rw-p 00000000 00:00 0 
bc179000-bc200000 ---p 00000000 00:00 0 
bc200000-bc221000 rw-p 00000000 00:00 0 
bc221000-bc300000 ---p 00000000 00:00 0 
bc37f000-bc380000 ---p 00000000 00:00 0 
bc380000-bc400000 rw-p 00000000 00:00 0 
bc400000-bc421000 rw-p 00000000 00:00 0 
bc421000-bc500000 ---p 00000000 00:00 0 
bc57f000-bc580000 ---p 00000000 00:00 0 
bc580000-bc600000 rw-p 00000000 00:00 0 
bc600000-bc700000 rw-p 00000000 00:00 0 
bc800000-bc8fa000 rw-p 00000000 00:00 0 
bc8fa000-bc900000 ---p 00000000 00:00 0 
bca00000-bca21000 rw-p 00000000 00:00 0 
bca21000-bcb00000 ---p 00000000 00:00 0 
bcb7f000-bcb80000 ---p 00000000 00:00 0 
bcb80000-bcc00000 rw-p 00000000 00:00 0 
bcc00000-bcc21000 rw-p 00000000 00:00 0 
bcc21000-bcd00000 ---p 00000000 00:00 0 
bcd7f000-bcd80000 ---p 00000000 00:00 0 
bcd80000-bce00000 rw-p 00000000 00:00 0 
bce00000-bce21000 rw-p 00000000 00:00 0 
bce21000-bcf00000 ---p 00000000 00:00 0 
bcf00000-bcf21000 rw-p 00000000 00:00 0 
bcf21000-bd000000 ---p 00000000 00:00 0 
bd07f000-bd080000 ---p 00000000 00:00 0 
bd080000-bd100000 rw-p 00000000 00:00 0 
bd100000-bd1f9000 rw-p 00000000 00:00 0 
bd1f9000-bd200000 ---p 00000000 00:00 0 
bd200000-bd221000 rw-p 00000000 00:00 0 
bd221000-bd300000 ---p 00000000 00:00 0 
bd300000-bd3ff000 rw-p 00000000 00:00 0 
bd3ff000-bd400000 ---p 00000000 00:00 0 
bd47f000-bd480000 ---p 00000000 00:00 0 
bd480000-bd500000 rw-p 00000000 00:00 0 
bd500000-bd5f2000 rw-p 00000000 00:00 0 
bd5f2000-bd600000 ---p 00000000 00:00 0 
bd77f000-bd780000 ---p 00000000 00:00 0 
bd780000-bd800000 rw-p 00000000 00:00 0 
bd800000-bd821000 rw-p 00000000 00:00 0 
bd821000-bd900000 ---p 00000000 00:00 0 
bd900000-bd9e9000 rw-p 00000000 00:00 0 
bd9e9000-bda00000 ---p 00000000 00:00 0 
bda00000-bdafd000 rw-p 00000000 00:00 0 
bdafd000-bdb00000 ---p 00000000 00:00 0 
bdb7d000-bdb7e000 ---p 00000000 00:00 0 
bdb7e000-bdb82000 ---p 00000000 00:00 0 
bdb82000-bdbfe000 rw-p 00000000 00:00 0 
bde00000-bde21000 rw-p 00000000 00:00 0 
bde21000-bdf00000 ---p 00000000 00:00 0 
bdf3f000-bdf40000 ---p 00000000 00:00 0 
bdf40000-bdf44000 ---p 00000000 00:00 0 
bdf44000-be000000 rw-p 00000000 00:00 0 
be000000-be021000 rw-p 00000000 00:00 0 
be021000-be100000 ---p 00000000 00:00 0 
be13f000-be140000 ---p 00000000 00:00 0 
be140000-be144000 ---p 00000000 00:00 0 
be144000-be200000 rw-p 00000000 00:00 0 
be200000-be221000 rw-p 00000000 00:00 0 
be221000-be300000 ---p 00000000 00:00 0 
be37f000-be380000 ---p 00000000 00:00 0 
be380000-be400000 rw-p 00000000 00:00 0 
be400000-be421000 rw-p 00000000 00:00 0 
be421000-be500000 ---p 00000000 00:00 0 
be500000-be526000 rw-p 00000000 00:00 0 
be526000-be600000 ---p 00000000 00:00 0 
be63f000-be640000 ---p 00000000 00:00 0 
be640000-be644000 ---p 00000000 00:00 0 
be644000-be700000 rw-p 00000000 00:00 0 
be700000-be721000 rw-p 00000000 00:00 0 
be721000-be800000 ---p 00000000 00:00 0 
be83f000-be840000 ---p 00000000 00:00 0 
be840000-be844000 ---p 00000000 00:00 0 
be844000-be900000 rw-p 00000000 00:00 0 
be900000-be9fe000 rw-p 00000000 00:00 0 
be9fe000-bea00000 ---p 00000000 00:00 0 
bea00000-beaf4000 rw-p 00000000 00:00 0 
beaf4000-beb00000 ---p 00000000 00:00 0 
beb7f000-beb80000 ---p 00000000 00:00 0 
beb80000-beb84000 ---p 00000000 00:00 0 
beb84000-bec00000 rw-p 00000000 00:00 0 
bec00000-bec21000 rw-p 00000000 00:00 0 
bec21000-bed00000 ---p 00000000 00:00 0 
bed3f000-bed40000 ---p 00000000 00:00 0 
bed40000-bed44000 ---p 00000000 00:00 0 
bed44000-bee00000 rw-p 00000000 00:00 0 
bee00000-bee21000 rw-p 00000000 00:00 0 
bee21000-bef00000 ---p 00000000 00:00 0 
bef00000-bef21000 rw-p 00000000 00:00 0 
bef21000-bf000000 ---p 00000000 00:00 0 
bf000000-bf170000 rw-p 00000000 00:00 0 
bf170000-bf400000 ---p 00000000 00:00 0 
bf400000-bf610000 rw-p 00000000 00:00 0 
bf610000-c0000000 ---p 00000000 00:00 0 
c0004000-c0005000 ---p 00000000 00:00 0 
c0005000-c0009000 ---p 00000000 00:00 0 
c0009000-c00c5000 rw-p 00000000 00:00 0 
c00c5000-c00c6000 ---p 00000000 00:00 0 
c00c6000-c00ca000 ---p 00000000 00:00 0 
c00ca000-c0186000 rw-p 00000000 00:00 0 
c0186000-c0400000 r--p 0006f000 09:04 15752678                           /usr/lib/locale/locale-archive
c0400000-c0600000 r--p 00000000 09:04 15752678                           /usr/lib/locale/locale-archive
c0600000-c0621000 rw-p 00000000 00:00 0 
c0621000-c0700000 ---p 00000000 00:00 0 
c073f000-c0740000 ---p 00000000 00:00 0 
c0740000-c0744000 ---p 00000000 00:00 0 
c0744000-c0800000 rw-p 00000000 00:00 0 
c0800000-c0821000 rw-p 00000000 00:00 0 
c0821000-c0900000 ---p 00000000 00:00 0 
c093f000-c0940000 ---p 00000000 00:00 0 
c0940000-c0944000 ---p 00000000 00:00 0 
c0944000-c0a00000 rw-p 00000000 00:00 0 
c0a00000-c0a21000 rw-p 00000000 00:00 0 
c0a21000-c0b00000 ---p 00000000 00:00 0 
c0b29000-c0b2a000 ---p 00000000 00:00 0 
c0b2a000-c0b2e000 ---p 00000000 00:00 0 
c0b2e000-c0baa000 rw-p 00000000 00:00 0 
c0baa000-c0bab000 ---p 00000000 00:00 0 
c0bab000-c0c2b000 rw-p 00000000 00:00 0 
c0c2b000-c1500000 rw-p 00001000 09:04 15886960                           /usr/lib/jvm/zulu17.66.19-ca-fx-jdk17.0.19-linux_i686/lib/server/classes.jsa
c1500000-c1521000 rw-p 00000000 00:00 0 
c1521000-c1600000 ---p 00000000 00:00 0 
c167f000-c1680000 ---p 00000000 00:00 0 
c1680000-c1700000 rw-p 00000000 00:00 0 
c1700000-c1721000 rw-p 00000000 00:00 0 
c1721000-c1800000 ---p 00000000 00:00 0 
c1800000-c1900000 rw-p 00000000 00:00 0 
c197f000-c1980000 ---p 00000000 00:00 0 
c1980000-c1a00000 rw-p 00000000 00:00 0 
c1a00000-c1a21000 rw-p 00000000 00:00 0 
c1a21000-c1b00000 ---p 00000000 00:00 0 
c1b7f000-c1b80000 ---p 00000000 00:00 0 
c1b80000-c1c00000 rw-p 00000000 00:00 0 
c1c00000-c1c21000 rw-p 00000000 00:00 0 
c1c21000-c1d00000 ---p 00000000 00:00 0 
c1d7f000-c1d80000 ---p 00000000 00:00 0 
c1d80000-c1e00000 rw-p 00000000 00:00 0 
c1e00000-c1e21000 rw-p 00000000 00:00 0 
c1e21000-c1f00000 ---p 00000000 00:00 0 
c1f7f000-c1f80000 ---p 00000000 00:00 0 
c1f80000-c2200000 rw-p 00000000 00:00 0 
c2200000-c2800000 ---p 00000000 00:00 0 
c2800000-c2a00000 rw-p 00000000 00:00 0 
c2a00000-c3000000 ---p 00000000 00:00 0 
c3000000-c3040000 rw-p 00000000 00:00 0 
c3040000-c3100000 ---p 00000000 00:00 0 
c3100000-c3140000 rw-p 00000000 00:00 0 
c3140000-c3200000 ---p 00000000 00:00 0 
c3200000-cb200000 rw-p 00000000 00:00 0 
cb200000-e3200000 ---p 00000000 00:00 0 
e3200000-e3240000 rw-p 00000000 00:00 0 
e3240000-e3300000 ---p 00000000 00:00 0 
e3300000-e33fd000 rw-p 00000000 00:00 0 
e33fd000-e3400000 ---p 00000000 00:00 0 
e3412000-e3417000 rw-p 00000000 00:00 0 
e3417000-e34fd000 ---p 00000000 00:00 0 
e34fd000-e3785000 rwxp 00000000 00:00 0 
e3785000-eaa58000 ---p 00000000 00:00 0 
eaa58000-eac98000 rwxp 00000000 00:00 0 
eac98000-eafa2000 ---p 00000000 00:00 0 
eafa2000-eb1e2000 rwxp 00000000 00:00 0 
eb1e2000-f24fd000 ---p 00000000 00:00 0 
f24fd000-f26b7000 r--s 00000000 09:04 15886949                           /usr/lib/jvm/zulu17.66.19-ca-fx-jdk17.0.19-linux_i686/lib/modules
f26b7000-f3559000 r-xp 00000000 09:04 15886962                           /usr/lib/jvm/zulu17.66.19-ca-fx-jdk17.0.19-linux_i686/lib/server/libjvm.so
f3559000-f355a000 ---p 00ea2000 09:04 15886962                           /usr/lib/jvm/zulu17.66.19-ca-fx-jdk17.0.19-linux_i686/lib/server/libjvm.so
f355a000-f35af000 r--p 00ea2000 09:04 15886962                           /usr/lib/jvm/zulu17.66.19-ca-fx-jdk17.0.19-linux_i686/lib/server/libjvm.so
f35af000-f35d0000 rw-p 00ef7000 09:04 15886962                           /usr/lib/jvm/zulu17.66.19-ca-fx-jdk17.0.19-linux_i686/lib/server/libjvm.so
f35d0000-f3600000 rw-p 00000000 00:00 0 
f3600000-f36f2000 rw-p 00000000 00:00 0 
f36f2000-f3700000 ---p 00000000 00:00 0 
f372c000-f372d000 ---p 00000000 00:00 0 
f372d000-f3731000 ---p 00000000 00:00 0 
f3731000-f42a4000 rw-p 00000000 00:00 0 
f42a4000-f42b9000 r-xp 00000000 09:04 15886936                           /usr/lib/jvm/zulu17.66.19-ca-fx-jdk17.0.19-linux_i686/lib/libnet.so
f42b9000-f42ba000 r--p 00014000 09:04 15886936                           /usr/lib/jvm/zulu17.66.19-ca-fx-jdk17.0.19-linux_i686/lib/libnet.so
f42ba000-f42bb000 rw-p 00015000 09:04 15886936                           /usr/lib/jvm/zulu17.66.19-ca-fx-jdk17.0.19-linux_i686/lib/libnet.so
f42bb000-f42cd000 r-xp 00000000 09:04 15886937                           /usr/lib/jvm/zulu17.66.19-ca-fx-jdk17.0.19-linux_i686/lib/libnio.so
f42cd000-f42ce000 ---p 00012000 09:04 15886937                           /usr/lib/jvm/zulu17.66.19-ca-fx-jdk17.0.19-linux_i686/lib/libnio.so
f42ce000-f42cf000 r--p 00012000 09:04 15886937                           /usr/lib/jvm/zulu17.66.19-ca-fx-jdk17.0.19-linux_i686/lib/libnio.so
f42cf000-f42d0000 rw-p 00013000 09:04 15886937                           /usr/lib/jvm/zulu17.66.19-ca-fx-jdk17.0.19-linux_i686/lib/libnio.so
f42d0000-f42d6000 rw-p 00000000 00:00 0 
f42d6000-f43bb000 ---p 00000000 00:00 0 
f45e4000-f45eb000 r--s 00000000 09:04 15884995                           /usr/lib/i386-linux-gnu/gconv/gconv-modules.cache
f45eb000-f4639000 rw-p 00000000 00:00 0 
f4639000-f463f000 ---p 00000000 00:00 0 
f463f000-f4662000 r-xp 00000000 09:04 15886917                           /usr/lib/jvm/zulu17.66.19-ca-fx-jdk17.0.19-linux_i686/lib/libjava.so
f4662000-f4663000 r--p 00022000 09:04 15886917                           /usr/lib/jvm/zulu17.66.19-ca-fx-jdk17.0.19-linux_i686/lib/libjava.so
f4663000-f4664000 rw-p 00023000 09:04 15886917                           /usr/lib/jvm/zulu17.66.19-ca-fx-jdk17.0.19-linux_i686/lib/libjava.so
f4664000-f467f000 r-xp 00000000 09:04 15886927                           /usr/lib/jvm/zulu17.66.19-ca-fx-jdk17.0.19-linux_i686/lib/libjimage.so
f467f000-f4680000 ---p 0001b000 09:04 15886927                           /usr/lib/jvm/zulu17.66.19-ca-fx-jdk17.0.19-linux_i686/lib/libjimage.so
f4680000-f4681000 r--p 0001b000 09:04 15886927                           /usr/lib/jvm/zulu17.66.19-ca-fx-jdk17.0.19-linux_i686/lib/libjimage.so
f4681000-f4682000 rw-p 0001c000 09:04 15886927                           /usr/lib/jvm/zulu17.66.19-ca-fx-jdk17.0.19-linux_i686/lib/libjimage.so
f4682000-f4683000 r--p 00000000 09:04 15884743                           /usr/lib/i386-linux-gnu/librt.so.1
f4683000-f4684000 r-xp 00001000 09:04 15884743                           /usr/lib/i386-linux-gnu/librt.so.1
f4684000-f4685000 r--p 00002000 09:04 15884743                           /usr/lib/i386-linux-gnu/librt.so.1
f4685000-f4686000 r--p 00002000 09:04 15884743                           /usr/lib/i386-linux-gnu/librt.so.1
f4686000-f4687000 rw-p 00003000 09:04 15884743                           /usr/lib/i386-linux-gnu/librt.so.1
f4687000-f4688000 r--p 00000000 09:04 15884741                           /usr/lib/i386-linux-gnu/libpthread.so.0
f4688000-f4689000 r-xp 00001000 09:04 15884741                           /usr/lib/i386-linux-gnu/libpthread.so.0
f4689000-f468a000 r--p 00002000 09:04 15884741                           /usr/lib/i386-linux-gnu/libpthread.so.0
f468a000-f468b000 r--p 00002000 09:04 15884741                           /usr/lib/i386-linux-gnu/libpthread.so.0
f468b000-f468c000 rw-p 00003000 09:04 15884741                           /usr/lib/i386-linux-gnu/libpthread.so.0
f468c000-f468d000 r--p 00000000 09:04 15884732                           /usr/lib/i386-linux-gnu/libdl.so.2
f468d000-f468e000 r-xp 00001000 09:04 15884732                           /usr/lib/i386-linux-gnu/libdl.so.2
f468e000-f468f000 r--p 00002000 09:04 15884732                           /usr/lib/i386-linux-gnu/libdl.so.2
f468f000-f4690000 r--p 00002000 09:04 15884732                           /usr/lib/i386-linux-gnu/libdl.so.2
f4690000-f4691000 rw-p 00003000 09:04 15884732                           /usr/lib/i386-linux-gnu/libdl.so.2
f4691000-f4695000 rw-p 00000000 00:00 0 
f4695000-f4696000 r--p 00000000 09:04 15887541                           /usr/lib/i386-linux-gnu/libffi.so.8.1.2
f4696000-f469b000 r-xp 00001000 09:04 15887541                           /usr/lib/i386-linux-gnu/libffi.so.8.1.2
f469b000-f469d000 r--p 00006000 09:04 15887541                           /usr/lib/i386-linux-gnu/libffi.so.8.1.2
f469d000-f469e000 r--p 00007000 09:04 15887541                           /usr/lib/i386-linux-gnu/libffi.so.8.1.2
f469e000-f469f000 rw-p 00008000 09:04 15887541                           /usr/lib/i386-linux-gnu/libffi.so.8.1.2
f469f000-f46a1000 r--p 00000000 09:04 15884742                           /usr/lib/i386-linux-gnu/libresolv.so.2
f46a1000-f46a9000 r-xp 00002000 09:04 15884742                           /usr/lib/i386-linux-gnu/libresolv.so.2
f46a9000-f46ad000 r--p 0000a000 09:04 15884742                           /usr/lib/i386-linux-gnu/libresolv.so.2
f46ad000-f46ae000 r--p 0000d000 09:04 15884742                           /usr/lib/i386-linux-gnu/libresolv.so.2
f46ae000-f46af000 rw-p 0000e000 09:04 15884742                           /usr/lib/i386-linux-gnu/libresolv.so.2
f46af000-f46b1000 rw-p 00000000 00:00 0 
f46b1000-f46b3000 r--p 00000000 09:04 15885012                           /usr/lib/i386-linux-gnu/libkeyutils.so.1.10
f46b3000-f46b5000 r-xp 00002000 09:04 15885012                           /usr/lib/i386-linux-gnu/libkeyutils.so.1.10
f46b5000-f46b6000 r--p 00004000 09:04 15885012                           /usr/lib/i386-linux-gnu/libkeyutils.so.1.10
f46b6000-f46b7000 r--p 00005000 09:04 15885012                           /usr/lib/i386-linux-gnu/libkeyutils.so.1.10
f46b7000-f46b8000 rw-p 00006000 09:04 15885012                           /usr/lib/i386-linux-gnu/libkeyutils.so.1.10
f46b8000-f46ba000 rw-p 00000000 00:00 0 
f46ba000-f46bc000 r--p 00000000 09:04 15887545                           /usr/lib/i386-linux-gnu/libtasn1.so.6.6.3
f46bc000-f46c8000 r-xp 00002000 09:04 15887545                           /usr/lib/i386-linux-gnu/libtasn1.so.6.6.3
f46c8000-f46ce000 r--p 0000e000 09:04 15887545                           /usr/lib/i386-linux-gnu/libtasn1.so.6.6.3
f46ce000-f46cf000 r--p 00014000 09:04 15887545                           /usr/lib/i386-linux-gnu/libtasn1.so.6.6.3
f46cf000-f46d0000 rw-p 00015000 09:04 15887545                           /usr/lib/i386-linux-gnu/libtasn1.so.6.6.3
f46d0000-f46e0000 r--p 00000000 09:04 15887543                           /usr/lib/i386-linux-gnu/libp11-kit.so.0.3.0
f46e0000-f4789000 r-xp 00010000 09:04 15887543                           /usr/lib/i386-linux-gnu/libp11-kit.so.0.3.0
f4789000-f481a000 r--p 000b9000 09:04 15887543                           /usr/lib/i386-linux-gnu/libp11-kit.so.0.3.0
f481a000-f4820000 r--p 00149000 09:04 15887543                           /usr/lib/i386-linux-gnu/libp11-kit.so.0.3.0
f4820000-f4825000 rw-p 0014f000 09:04 15887543                           /usr/lib/i386-linux-gnu/libp11-kit.so.0.3.0
f4825000-f4826000 rw-p 00000000 00:00 0 
f4826000-f4827000 r--p 00000000 09:04 15887650                           /usr/lib/i386-linux-gnu/libicudata.so.72.1
f4827000-f4828000 r-xp 00001000 09:04 15887650                           /usr/lib/i386-linux-gnu/libicudata.so.72.1
f4828000-f65f6000 r--p 00002000 09:04 15887650                           /usr/lib/i386-linux-gnu/libicudata.so.72.1
f65f6000-f65f7000 r--p 01dcf000 09:04 15887650                           /usr/lib/i386-linux-gnu/libicudata.so.72.1
f65f7000-f65f8000 rw-p 01dd0000 09:04 15887650                           /usr/lib/i386-linux-gnu/libicudata.so.72.1
f65f8000-f65f9000 r--p 00000000 09:04 15887529                           /usr/lib/i386-linux-gnu/libbrotlicommon.so.1.0.9
f65f9000-f65fa000 r-xp 00001000 09:04 15887529                           /usr/lib/i386-linux-gnu/libbrotlicommon.so.1.0.9
f65fa000-f6619000 r--p 00002000 09:04 15887529                           /usr/lib/i386-linux-gnu/libbrotlicommon.so.1.0.9
f6619000-f661a000 r--p 00020000 09:04 15887529                           /usr/lib/i386-linux-gnu/libbrotlicommon.so.1.0.9
f661a000-f661b000 rw-p 00021000 09:04 15887529                           /usr/lib/i386-linux-gnu/libbrotlicommon.so.1.0.9
f661b000-f661d000 r--p 00000000 09:04 15887554                           /usr/lib/i386-linux-gnu/libsasl2.so.2.0.25
f661d000-f662f000 r-xp 00002000 09:04 15887554                           /usr/lib/i386-linux-gnu/libsasl2.so.2.0.25
f662f000-f6638000 r--p 00014000 09:04 15887554                           /usr/lib/i386-linux-gnu/libsasl2.so.2.0.25
f6638000-f6639000 r--p 0001c000 09:04 15887554                           /usr/lib/i386-linux-gnu/libsasl2.so.2.0.25
f6639000-f663a000 rw-p 0001d000 09:04 15887554                           /usr/lib/i386-linux-gnu/libsasl2.so.2.0.25
f663a000-f663d000 r--p 00000000 09:04 15885008                           /usr/lib/i386-linux-gnu/libkrb5support.so.0.1
f663d000-f6644000 r-xp 00003000 09:04 15885008                           /usr/lib/i386-linux-gnu/libkrb5support.so.0.1
f6644000-f6648000 r--p 0000a000 09:04 15885008                           /usr/lib/i386-linux-gnu/libkrb5support.so.0.1
f6648000-f6649000 r--p 0000d000 09:04 15885008                           /usr/lib/i386-linux-gnu/libkrb5support.so.0.1
f6649000-f664a000 rw-p 0000e000 09:04 15885008                           /usr/lib/i386-linux-gnu/libkrb5support.so.0.1
f664a000-f664b000 r--p 00000000 09:04 15885006                           /usr/lib/i386-linux-gnu/libcom_err.so.2.1
f664b000-f664c000 r-xp 00001000 09:04 15885006                           /usr/lib/i386-linux-gnu/libcom_err.so.2.1
f664c000-f664d000 r--p 00002000 09:04 15885006                           /usr/lib/i386-linux-gnu/libcom_err.so.2.1
f664d000-f664e000 r--p 00002000 09:04 15885006                           /usr/lib/i386-linux-gnu/libcom_err.so.2.1
f664e000-f664f000 rw-p 00003000 09:04 15885006                           /usr/lib/i386-linux-gnu/libcom_err.so.2.1
f664f000-f6652000 r--p 00000000 09:04 15885010                           /usr/lib/i386-linux-gnu/libk5crypto.so.3.1
f6652000-f666e000 r-xp 00003000 09:04 15885010                           /usr/lib/i386-linux-gnu/libk5crypto.so.3.1
f666e000-f667d000 r--p 0001f000 09:04 15885010                           /usr/lib/i386-linux-gnu/libk5crypto.so.3.1
f667d000-f667e000 r--p 0002e000 09:04 15885010                           /usr/lib/i386-linux-gnu/libk5crypto.so.3.1
f667e000-f667f000 rw-p 0002f000 09:04 15885010                           /usr/lib/i386-linux-gnu/libk5crypto.so.3.1
f667f000-f6691000 r--p 00000000 09:04 15885027                           /usr/lib/i386-linux-gnu/libkrb5.so.3.3
f6691000-f66f6000 r-xp 00012000 09:04 15885027                           /usr/lib/i386-linux-gnu/libkrb5.so.3.3
f66f6000-f6755000 r--p 00077000 09:04 15885027                           /usr/lib/i386-linux-gnu/libkrb5.so.3.3
f6755000-f675b000 r--p 000d6000 09:04 15885027                           /usr/lib/i386-linux-gnu/libkrb5.so.3.3
f675b000-f675d000 rw-p 000dc000 09:04 15885027                           /usr/lib/i386-linux-gnu/libkrb5.so.3.3
f675d000-f675f000 rw-p 00000000 00:00 0 
f675f000-f676a000 r--p 00000000 09:04 15887535                           /usr/lib/i386-linux-gnu/libgmp.so.10.4.1
f676a000-f67cd000 r-xp 0000b000 09:04 15887535                           /usr/lib/i386-linux-gnu/libgmp.so.10.4.1
f67cd000-f67eb000 r--p 0006e000 09:04 15887535                           /usr/lib/i386-linux-gnu/libgmp.so.10.4.1
f67eb000-f67ec000 r--p 0008c000 09:04 15887535                           /usr/lib/i386-linux-gnu/libgmp.so.10.4.1
f67ec000-f67ed000 rw-p 0008d000 09:04 15887535                           /usr/lib/i386-linux-gnu/libgmp.so.10.4.1
f67ed000-f67f5000 r--p 00000000 09:04 15887537                           /usr/lib/i386-linux-gnu/libnettle.so.8.6
f67f5000-f6820000 r-xp 00008000 09:04 15887537                           /usr/lib/i386-linux-gnu/libnettle.so.8.6
f6820000-f683a000 r--p 00033000 09:04 15887537                           /usr/lib/i386-linux-gnu/libnettle.so.8.6
f683a000-f683b000 r--p 0004d000 09:04 15887537                           /usr/lib/i386-linux-gnu/libnettle.so.8.6
f683b000-f683c000 rw-p 0004e000 09:04 15887537                           /usr/lib/i386-linux-gnu/libnettle.so.8.6
f683c000-f6842000 r--p 00000000 09:04 15887539                           /usr/lib/i386-linux-gnu/libhogweed.so.6.6
f6842000-f6855000 r-xp 00006000 09:04 15887539                           /usr/lib/i386-linux-gnu/libhogweed.so.6.6
f6855000-f6884000 r--p 00019000 09:04 15887539                           /usr/lib/i386-linux-gnu/libhogweed.so.6.6
f6884000-f6885000 r--p 00048000 09:04 15887539                           /usr/lib/i386-linux-gnu/libhogweed.so.6.6
f6885000-f6886000 rw-p 00049000 09:04 15887539                           /usr/lib/i386-linux-gnu/libhogweed.so.6.6
f6886000-f68a7000 r--p 00000000 09:04 15887547                           /usr/lib/i386-linux-gnu/libgnutls.so.30.34.3
f68a7000-f69d6000 r-xp 00021000 09:04 15887547                           /usr/lib/i386-linux-gnu/libgnutls.so.30.34.3
f69d6000-f6ac1000 r--p 00150000 09:04 15887547                           /usr/lib/i386-linux-gnu/libgnutls.so.30.34.3
f6ac1000-f6acb000 r--p 0023b000 09:04 15887547                           /usr/lib/i386-linux-gnu/libgnutls.so.30.34.3
f6acb000-f6acd000 rw-p 00245000 09:04 15887547                           /usr/lib/i386-linux-gnu/libgnutls.so.30.34.3
f6acd000-f6ad0000 rw-p 00000000 00:00 0 
f6ad0000-f6adb000 r--p 00000000 09:04 15885031                           /usr/lib/i386-linux-gnu/libunistring.so.2.2.0
f6adb000-f6b1c000 r-xp 0000b000 09:04 15885031                           /usr/lib/i386-linux-gnu/libunistring.so.2.2.0
f6b1c000-f6c81000 r--p 0004c000 09:04 15885031                           /usr/lib/i386-linux-gnu/libunistring.so.2.2.0
f6c81000-f6c84000 r--p 001b0000 09:04 15885031                           /usr/lib/i386-linux-gnu/libunistring.so.2.2.0
f6c84000-f6c85000 rw-p 001b3000 09:04 15885031                           /usr/lib/i386-linux-gnu/libunistring.so.2.2.0
f6c85000-f6c88000 r--p 00000000 09:04 15887662                           /usr/lib/i386-linux-gnu/liblzma.so.5.4.1
f6c88000-f6ca9000 r-xp 00003000 09:04 15887662                           /usr/lib/i386-linux-gnu/liblzma.so.5.4.1
f6ca9000-f6cb9000 r--p 00024000 09:04 15887662                           /usr/lib/i386-linux-gnu/liblzma.so.5.4.1
f6cb9000-f6cba000 r--p 00034000 09:04 15887662                           /usr/lib/i386-linux-gnu/liblzma.so.5.4.1
f6cba000-f6cbb000 rw-p 00035000 09:04 15887662                           /usr/lib/i386-linux-gnu/liblzma.so.5.4.1
f6cbb000-f6d06000 r--p 00000000 09:04 15887655                           /usr/lib/i386-linux-gnu/libicuuc.so.72.1
f6d06000-f6e10000 r-xp 0004b000 09:04 15887655                           /usr/lib/i386-linux-gnu/libicuuc.so.72.1
f6e10000-f6eb6000 r--p 00155000 09:04 15887655                           /usr/lib/i386-linux-gnu/libicuuc.so.72.1
f6eb6000-f6ec1000 r--p 001fa000 09:04 15887655                           /usr/lib/i386-linux-gnu/libicuuc.so.72.1
f6ec1000-f6ec2000 rw-p 00205000 09:04 15887655                           /usr/lib/i386-linux-gnu/libicuuc.so.72.1
f6ec2000-f6ec3000 rw-p 00000000 00:00 0 
f6ec3000-f6ec4000 r--p 00000000 09:04 15887530                           /usr/lib/i386-linux-gnu/libbrotlidec.so.1.0.9
f6ec4000-f6ecc000 r-xp 00001000 09:04 15887530                           /usr/lib/i386-linux-gnu/libbrotlidec.so.1.0.9
f6ecc000-f6ecf000 r--p 00009000 09:04 15887530                           /usr/lib/i386-linux-gnu/libbrotlidec.so.1.0.9
f6ecf000-f6ed0000 r--p 0000b000 09:04 15887530                           /usr/lib/i386-linux-gnu/libbrotlidec.so.1.0.9
f6ed0000-f6ed1000 rw-p 0000c000 09:04 15887530                           /usr/lib/i386-linux-gnu/libbrotlidec.so.1.0.9
f6ed1000-f6ed4000 r--p 00000000 09:04 15887569                           /usr/lib/i386-linux-gnu/libzstd.so.1.5.4
f6ed4000-f6f6b000 r-xp 00003000 09:04 15887569                           /usr/lib/i386-linux-gnu/libzstd.so.1.5.4
f6f6b000-f6f87000 r--p 0009a000 09:04 15887569                           /usr/lib/i386-linux-gnu/libzstd.so.1.5.4
f6f87000-f6f88000 r--p 000b5000 09:04 15887569                           /usr/lib/i386-linux-gnu/libzstd.so.1.5.4
f6f88000-f6f89000 rw-p 000b6000 09:04 15887569                           /usr/lib/i386-linux-gnu/libzstd.so.1.5.4
f6f89000-f6f8c000 r--p 00000000 09:04 15887556                           /usr/lib/i386-linux-gnu/liblber-2.5.so.0.1.8
f6f8c000-f6f93000 r-xp 00003000 09:04 15887556                           /usr/lib/i386-linux-gnu/liblber-2.5.so.0.1.8
f6f93000-f6f98000 r--p 0000a000 09:04 15887556                           /usr/lib/i386-linux-gnu/liblber-2.5.so.0.1.8
f6f98000-f6f99000 r--p 0000e000 09:04 15887556                           /usr/lib/i386-linux-gnu/liblber-2.5.so.0.1.8
f6f99000-f6f9a000 rw-p 0000f000 09:04 15887556                           /usr/lib/i386-linux-gnu/liblber-2.5.so.0.1.8
f6f9a000-f6f9c000 rw-p 00000000 00:00 0 
f6f9c000-f6fa7000 r--p 00000000 09:04 15887557                           /usr/lib/i386-linux-gnu/libldap-2.5.so.0.1.8
f6fa7000-f6fe3000 r-xp 0000b000 09:04 15887557                           /usr/lib/i386-linux-gnu/libldap-2.5.so.0.1.8
f6fe3000-f7001000 r--p 00047000 09:04 15887557                           /usr/lib/i386-linux-gnu/libldap-2.5.so.0.1.8
f7001000-f7002000 r--p 00065000 09:04 15887557                           /usr/lib/i386-linux-gnu/libldap-2.5.so.0.1.8
f7002000-f7003000 rw-p 00066000 09:04 15887557                           /usr/lib/i386-linux-gnu/libldap-2.5.so.0.1.8
f7003000-f7004000 rw-p 00000000 00:00 0 
f7004000-f700b000 r--p 00000000 09:04 15885029                           /usr/lib/i386-linux-gnu/libgssapi_krb5.so.2.2
f700b000-f7042000 r-xp 00007000 09:04 15885029                           /usr/lib/i386-linux-gnu/libgssapi_krb5.so.2.2
f7042000-f705c000 r--p 0003e000 09:04 15885029                           /usr/lib/i386-linux-gnu/libgssapi_krb5.so.2.2
f705c000-f705d000 r--p 00058000 09:04 15885029                           /usr/lib/i386-linux-gnu/libgssapi_krb5.so.2.2
f705d000-f705e000 rw-p 00059000 09:04 15885029                           /usr/lib/i386-linux-gnu/libgssapi_krb5.so.2.2
f705e000-f70c6000 r--p 00000000 09:04 15885018                           /usr/lib/i386-linux-gnu/libcrypto.so.3
f70c6000-f731b000 r-xp 00068000 09:04 15885018                           /usr/lib/i386-linux-gnu/libcrypto.so.3
f731b000-f7477000 r--p 002bd000 09:04 15885018                           /usr/lib/i386-linux-gnu/libcrypto.so.3
f7477000-f74ad000 r--p 00418000 09:04 15885018                           /usr/lib/i386-linux-gnu/libcrypto.so.3
f74ad000-f74af000 rw-p 0044e000 09:04 15885018                           /usr/lib/i386-linux-gnu/libcrypto.so.3
f74af000-f74b1000 rw-p 00000000 00:00 0 
f74b1000-f74c2000 r--p 00000000 09:04 15885019                           /usr/lib/i386-linux-gnu/libssl.so.3
f74c2000-f7521000 r-xp 00011000 09:04 15885019                           /usr/lib/i386-linux-gnu/libssl.so.3
f7521000-f7558000 r--p 00070000 09:04 15885019                           /usr/lib/i386-linux-gnu/libssl.so.3
f7558000-f755e000 r--p 000a7000 09:04 15885019                           /usr/lib/i386-linux-gnu/libssl.so.3
f755e000-f7561000 rw-p 000ad000 09:04 15885019                           /usr/lib/i386-linux-gnu/libssl.so.3
f7561000-f7562000 r--p 00000000 09:04 15887562                           /usr/lib/i386-linux-gnu/libpsl.so.5.3.4
f7562000-f7564000 r-xp 00001000 09:04 15887562                           /usr/lib/i386-linux-gnu/libpsl.so.5.3.4
f7564000-f7573000 r--p 00003000 09:04 15887562                           /usr/lib/i386-linux-gnu/libpsl.so.5.3.4
f7573000-f7574000 r--p 00011000 09:04 15887562                           /usr/lib/i386-linux-gnu/libpsl.so.5.3.4
f7574000-f7575000 rw-p 00012000 09:04 15887562                           /usr/lib/i386-linux-gnu/libpsl.so.5.3.4
f7575000-f7579000 r--p 00000000 09:04 15887567                           /usr/lib/i386-linux-gnu/libssh2.so.1.0.1
f7579000-f75a2000 r-xp 00004000 09:04 15887567                           /usr/lib/i386-linux-gnu/libssh2.so.1.0.1
f75a2000-f75ba000 r--p 0002d000 09:04 15887567                           /usr/lib/i386-linux-gnu/libssh2.so.1.0.1
f75ba000-f75bb000 ---p 00045000 09:04 15887567                           /usr/lib/i386-linux-gnu/libssh2.so.1.0.1
f75bb000-f75bc000 r--p 00045000 09:04 15887567                           /usr/lib/i386-linux-gnu/libssh2.so.1.0.1
f75bc000-f75bd000 rw-p 00046000 09:04 15887567                           /usr/lib/i386-linux-gnu/libssh2.so.1.0.1
f75bd000-f75c0000 r--p 00000000 09:04 15887566                           /usr/lib/i386-linux-gnu/librtmp.so.1
f75c0000-f75d0000 r-xp 00003000 09:04 15887566                           /usr/lib/i386-linux-gnu/librtmp.so.1
f75d0000-f75db000 r--p 00013000 09:04 15887566                           /usr/lib/i386-linux-gnu/librtmp.so.1
f75db000-f75dc000 ---p 0001e000 09:04 15887566                           /usr/lib/i386-linux-gnu/librtmp.so.1
f75dc000-f75dd000 r--p 0001e000 09:04 15887566                           /usr/lib/i386-linux-gnu/librtmp.so.1
f75dd000-f75de000 rw-p 0001f000 09:04 15887566                           /usr/lib/i386-linux-gnu/librtmp.so.1
f75de000-f75e0000 r--p 00000000 09:04 15885033                           /usr/lib/i386-linux-gnu/libidn2.so.0.3.8
f75e0000-f75e8000 r-xp 00002000 09:04 15885033                           /usr/lib/i386-linux-gnu/libidn2.so.0.3.8
f75e8000-f760f000 r--p 0000a000 09:04 15885033                           /usr/lib/i386-linux-gnu/libidn2.so.0.3.8
f760f000-f7610000 r--p 00031000 09:04 15885033                           /usr/lib/i386-linux-gnu/libidn2.so.0.3.8
f7610000-f7611000 rw-p 00032000 09:04 15885033                           /usr/lib/i386-linux-gnu/libidn2.so.0.3.8
f7611000-f7615000 r--p 00000000 09:04 15887560                           /usr/lib/i386-linux-gnu/libnghttp2.so.14.24.1
f7615000-f762e000 r-xp 00004000 09:04 15887560                           /usr/lib/i386-linux-gnu/libnghttp2.so.14.24.1
f762e000-f7642000 r--p 0001d000 09:04 15887560                           /usr/lib/i386-linux-gnu/libnghttp2.so.14.24.1
f7642000-f7644000 r--p 00030000 09:04 15887560                           /usr/lib/i386-linux-gnu/libnghttp2.so.14.24.1
f7644000-f7645000 rw-p 00032000 09:04 15887560                           /usr/lib/i386-linux-gnu/libnghttp2.so.14.24.1
f7645000-f7667000 r--p 00000000 09:04 15884730                           /usr/lib/i386-linux-gnu/libc.so.6
f7667000-f77e0000 r-xp 00022000 09:04 15884730                           /usr/lib/i386-linux-gnu/libc.so.6
f77e0000-f7860000 r--p 0019b000 09:04 15884730                           /usr/lib/i386-linux-gnu/libc.so.6
f7860000-f7862000 r--p 0021b000 09:04 15884730                           /usr/lib/i386-linux-gnu/libc.so.6
f7862000-f7863000 rw-p 0021d000 09:04 15884730                           /usr/lib/i386-linux-gnu/libc.so.6
f7863000-f786f000 rw-p 00000000 00:00 0 
f786f000-f7872000 r--p 00000000 09:04 15884726                           /usr/lib/i386-linux-gnu/libgcc_s.so.1
f7872000-f788f000 r-xp 00003000 09:04 15884726                           /usr/lib/i386-linux-gnu/libgcc_s.so.1
f788f000-f7894000 r--p 00020000 09:04 15884726                           /usr/lib/i386-linux-gnu/libgcc_s.so.1
f7894000-f7895000 r--p 00024000 09:04 15884726                           /usr/lib/i386-linux-gnu/libgcc_s.so.1
f7895000-f7896000 rw-p 00025000 09:04 15884726                           /usr/lib/i386-linux-gnu/libgcc_s.so.1
f7896000-f78a3000 r--p 00000000 09:04 15884733                           /usr/lib/i386-linux-gnu/libm.so.6
f78a3000-f7963000 r-xp 0000d000 09:04 15884733                           /usr/lib/i386-linux-gnu/libm.so.6
f7963000-f7999000 r--p 000cd000 09:04 15884733                           /usr/lib/i386-linux-gnu/libm.so.6
f7999000-f799a000 r--p 00103000 09:04 15884733                           /usr/lib/i386-linux-gnu/libm.so.6
f799a000-f799b000 rw-p 00104000 09:04 15884733                           /usr/lib/i386-linux-gnu/libm.so.6
f799b000-f7a13000 r--p 00000000 09:04 15887614                           /usr/lib/i386-linux-gnu/libstdc++.so.6.0.30
f7a13000-f7b2a000 r-xp 00078000 09:04 15887614                           /usr/lib/i386-linux-gnu/libstdc++.so.6.0.30
f7b2a000-f7bb1000 r--p 0018f000 09:04 15887614                           /usr/lib/i386-linux-gnu/libstdc++.so.6.0.30
f7bb1000-f7bb7000 r--p 00215000 09:04 15887614                           /usr/lib/i386-linux-gnu/libstdc++.so.6.0.30
f7bb7000-f7bb9000 rw-p 0021b000 09:04 15887614                           /usr/lib/i386-linux-gnu/libstdc++.so.6.0.30
f7bb9000-f7bbb000 rw-p 00000000 00:00 0 
f7bbb000-f7bbd000 r--p 00000000 09:04 15887564                           /usr/lib/i386-linux-gnu/libz.so.1.2.13
f7bbd000-f7bcf000 r-xp 00002000 09:04 15887564                           /usr/lib/i386-linux-gnu/libz.so.1.2.13
f7bcf000-f7bd6000 r--p 00014000 09:04 15887564                           /usr/lib/i386-linux-gnu/libz.so.1.2.13
f7bd6000-f7bd7000 r--p 0001a000 09:04 15887564                           /usr/lib/i386-linux-gnu/libz.so.1.2.13
f7bd7000-f7bd8000 rw-p 0001b000 09:04 15887564                           /usr/lib/i386-linux-gnu/libz.so.1.2.13
f7bd8000-f7bf5000 r--p 00000000 09:04 15887664                           /usr/lib/i386-linux-gnu/libxml2.so.2.9.14
f7bf5000-f7d15000 r-xp 0001d000 09:04 15887664                           /usr/lib/i386-linux-gnu/libxml2.so.2.9.14
f7d15000-f7da0000 r--p 0013d000 09:04 15887664                           /usr/lib/i386-linux-gnu/libxml2.so.2.9.14
f7da0000-f7da5000 r--p 001c7000 09:04 15887664                           /usr/lib/i386-linux-gnu/libxml2.so.2.9.14
f7da5000-f7da6000 rw-p 001cc000 09:04 15887664                           /usr/lib/i386-linux-gnu/libxml2.so.2.9.14
f7da6000-f7da7000 rw-p 00000000 00:00 0 
f7da7000-f7da8000 r--p 00000000 09:04 15887646                           /usr/lib/i386-linux-gnu/libpcre.so.3.13.3
f7da8000-f7dfc000 r-xp 00001000 09:04 15887646                           /usr/lib/i386-linux-gnu/libpcre.so.3.13.3
f7dfc000-f7e21000 r--p 00055000 09:04 15887646                           /usr/lib/i386-linux-gnu/libpcre.so.3.13.3
f7e21000-f7e22000 r--p 00079000 09:04 15887646                           /usr/lib/i386-linux-gnu/libpcre.so.3.13.3
f7e22000-f7e23000 rw-p 0007a000 09:04 15887646                           /usr/lib/i386-linux-gnu/libpcre.so.3.13.3
f7e23000-f7e2c000 r--p 00000000 09:04 15893957                           /usr/lib/i386-linux-gnu/libcurl.so.4.8.0
f7e2c000-f7ea5000 r-xp 00009000 09:04 15893957                           /usr/lib/i386-linux-gnu/libcurl.so.4.8.0
f7ea5000-f7ee1000 r--p 00082000 09:04 15893957                           /usr/lib/i386-linux-gnu/libcurl.so.4.8.0
f7ee1000-f7ee3000 r--p 000be000 09:04 15893957                           /usr/lib/i386-linux-gnu/libcurl.so.4.8.0
f7ee3000-f7ee5000 rw-p 000c0000 09:04 15893957                           /usr/lib/i386-linux-gnu/libcurl.so.4.8.0
f7ee9000-f7ef1000 rw-s 00000000 09:04 8004886                            /tmp/hsperfdata_swg/3987601 (deleted)
f7ef1000-f7ef2000 ---p 00000000 00:00 0 
f7ef2000-f7ef3000 r--p 00000000 00:00 0 
f7ef3000-f7ef4000 ---p 00000000 00:00 0 
f7ef4000-f7ef5000 r--p 00000000 09:04 15769286                           /usr/local/lib/cfree_fix32.so
f7ef5000-f7ef6000 r-xp 00001000 09:04 15769286                           /usr/local/lib/cfree_fix32.so
f7ef6000-f7ef7000 r--p 00002000 09:04 15769286                           /usr/local/lib/cfree_fix32.so
f7ef7000-f7ef8000 r--p 00002000 09:04 15769286                           /usr/local/lib/cfree_fix32.so
f7ef8000-f7ef9000 rw-p 00003000 09:04 15769286                           /usr/local/lib/cfree_fix32.so
f7ef9000-f7efb000 rw-p 00000000 00:00 0 
f7efb000-f7eff000 r--p 00000000 00:00 0                                  [vvar]
f7eff000-f7f01000 r-xp 00000000 00:00 0                                  [vdso]
f7f01000-f7f02000 r--p 00000000 09:04 15884727                           /usr/lib/i386-linux-gnu/ld-linux.so.2
f7f02000-f7f25000 r-xp 00001000 09:04 15884727                           /usr/lib/i386-linux-gnu/ld-linux.so.2
f7f25000-f7f33000 r--p 00024000 09:04 15884727                           /usr/lib/i386-linux-gnu/ld-linux.so.2
f7f33000-f7f35000 r--p 00031000 09:04 15884727                           /usr/lib/i386-linux-gnu/ld-linux.so.2
f7f35000-f7f36000 rw-p 00033000 09:04 15884727                           /usr/lib/i386-linux-gnu/ld-linux.so.2
ff718000-ff719000 rwxp 00000000 00:00 0 
ff821000-ff8dd000 rw-p 00000000 00:00 0                                  [stack]


VM Arguments:
jvm_args: -Xms128m -Xmx512m -Xss768k -XX:MaxMetaspaceSize=96m -Xrs -XX:-UsePerfData -XX:-AllowUserSignalHandlers -XX:UseSSE=3 -XX+DoEscapeAnalysis -XX:AutoBoxCacheMax:2000 -XX:+OptimizeStringConcat -XX:+OptimizeFill -XX:+EliminateAutoBox -XX:+UseCompressedStrings -XX:+UseCompressedOops -XX:+EliminateLocks -XX:UseFastAccessorMethods -XX:+UseStringCache -XgcPrio:throughput -XXkeepAreaRatio:1 -XXlazyUnlocking -XXcallProfiling -XXcompactRatio:1 
java_command: <unknown>
java_class_path (initial): ../../data/sku.0/sys.server/compiled/game/
Launcher Type: generic

[Global flags]
     intx CICompilerCount                          = 3                                         {product} {ergonomic}
     uint ConcGCThreads                            = 3                                         {product} {ergonomic}
     uint G1ConcRefinementThreads                  = 13                                        {product} {ergonomic}
   size_t G1HeapRegionSize                         = 1048576                                   {product} {ergonomic}
    uintx GCDrainStackTargetSize                   = 64                                        {product} {ergonomic}
   size_t InitialHeapSize                          = 134217728                                 {product} {command line}
   size_t MarkStackSize                            = 49152                                     {product} {ergonomic}
   size_t MaxHeapSize                              = 536870912                                 {product} {command line}
   size_t MaxMetaspaceSize                         = 100663296                                 {product} {command line}
   size_t MaxNewSize                               = 321912832                                 {product} {ergonomic}
   size_t MinHeapDeltaBytes                        = 1048576                                   {product} {ergonomic}
   size_t MinHeapSize                              = 134217728                                 {product} {command line}
    uintx NonNMethodCodeHeapSize                   = 5544422                                {pd product} {ergonomic}
    uintx NonProfiledCodeHeapSize                  = 123056909                              {pd product} {ergonomic}
    uintx ProfiledCodeHeapSize                     = 123056909                              {pd product} {ergonomic}
    uintx ReservedCodeCacheSize                    = 251658240                              {pd product} {ergonomic}
     bool SegmentedCodeCache                       = true                                      {product} {ergonomic}
   size_t SoftMaxHeapSize                          = 536870912                              {manageable} {ergonomic}
   double SweeperThreshold                         = 0.500000                                  {product} {ergonomic}
     intx ThreadStackSize                          = 768                                    {pd product} {command line}
     bool UseG1GC                                  = true                                      {product} {ergonomic}

Logging:
Log output configuration:
 #0: stdout all=off uptime,level,tags
 #1: stderr all=off uptime,level,tags

Environment Variables:
PATH=/usr/local/sbin:/usr/local/bin:/usr/sbin:/usr/bin:/sbin:/bin:/usr/lib/oracle/18.3/client/bin:/usr/lib/jvm/zulu-17-x86/bin/:./
LD_LIBRARY_PATH=/usr/lib/oracle/18.3/client/lib:/usr/lib/jvm/zulu-17-x86/lib/:/usr/lib/jvm/zulu-17-x86/lib/server/:./
LD_PRELOAD=/usr/local/lib/cfree_fix32.so
SHELL=/bin/bash
LANG=en_US.UTF-8

Active Locale:
LC_ALL=en_US.UTF-8
LC_COLLATE=en_US.UTF-8
LC_CTYPE=en_US.UTF-8
LC_MESSAGES=en_US.UTF-8
LC_MONETARY=en_US.UTF-8
LC_NUMERIC=en_US.UTF-8
LC_TIME=en_US.UTF-8

Signal Handlers:
   SIGSEGV: crash_handler in libjvm.so, mask=11100100010111111101111111111110, flags=SA_RESTART|SA_SIGINFO, unblocked
    SIGBUS: crash_handler in libjvm.so, mask=11100100010111111101111111111110, flags=SA_RESTART|SA_SIGINFO, unblocked
    SIGFPE: crash_handler in libjvm.so, mask=11100100010111111101111111111110, flags=SA_RESTART|SA_SIGINFO, unblocked
   SIGPIPE: SIG_IGN, mask=00000000000010000000000000000000, flags=SA_RESTART, blocked
  *** Handler was modified!
  *** Expected: javaSignalHandler in libjvm.so, mask=11100100110111111111111111111110, flags=SA_RESTART|SA_SIGINFO
   SIGXFSZ: javaSignalHandler in libjvm.so, mask=11100100010111111101111111111110, flags=SA_RESTART|SA_SIGINFO, blocked
    SIGILL: crash_handler in libjvm.so, mask=11100100010111111101111111111110, flags=SA_RESTART|SA_SIGINFO, unblocked
   SIGUSR2: SR_handler in libjvm.so, mask=00100000000000000000000000000000, flags=SA_RESTART|SA_SIGINFO, blocked
    SIGHUP: UserHandler in libjvm.so, mask=11100100010111111101111111111110, flags=SA_RESTART|SA_SIGINFO, blocked
    SIGINT: UserHandler in libjvm.so, mask=11100100010111111101111111111110, flags=SA_RESTART|SA_SIGINFO, blocked
   SIGTERM: UserHandler in libjvm.so, mask=11100100010111111101111111111110, flags=SA_RESTART|SA_SIGINFO, blocked
   SIGQUIT: UserHandler in libjvm.so, mask=11100100010111111101111111111110, flags=SA_RESTART|SA_SIGINFO, blocked
   SIGTRAP: crash_handler in libjvm.so, mask=11100100010111111101111111111110, flags=SA_RESTART|SA_SIGINFO, unblocked


Periodic native trim disabled


---------------  S Y S T E M  ---------------

OS:
PRETTY_NAME="Debian GNU/Linux 12 (bookworm)"
NAME="Debian GNU/Linux"
VERSION_ID="12"
VERSION="12 (bookworm)"
VERSION_CODENAME=bookworm
ID=debian
HOME_URL="https://www.debian.org/"
SUPPORT_URL="https://www.debian.org/support"
BUG_REPORT_URL="https://bugs.debian.org/"
uname: Linux 6.1.0-52-amd64 #1 SMP PREEMPT_DYNAMIC Debian 6.1.180-1 (2026-08-03) x86_64
OS uptime: 4 days 1:25 hours
libc: glibc 2.36 NPTL 2.36 
rlimit (soft/hard): STACK 8192k/infinity , CORE 0k/infinity , NPROC 256181/256181 , NOFILE 524288/524288 , AS infinity/infinity , CPU infinity/infinity , DATA infinity/infinity , FSIZE infinity/infinity , MEMLOCK 8192k/8192k
load average: 4.65 5.04 5.08

/proc/meminfo:
MemTotal:       65729880 kB
MemFree:        12710264 kB
MemAvailable:   43732304 kB
Buffers:         1856256 kB
Cached:         37983844 kB
SwapCached:            0 kB
Active:         24398356 kB
Inactive:       26111092 kB
Active(anon):    3297876 kB
Inactive(anon): 16436424 kB
Active(file):   21100480 kB
Inactive(file):  9674668 kB
Unevictable:          64 kB
Mlocked:              64 kB
SwapTotal:       7813112 kB
SwapFree:        7813112 kB
Zswap:                 0 kB
Zswapped:              0 kB
Dirty:               468 kB
Writeback:             0 kB
AnonPages:      10622844 kB
Mapped:          2662056 kB
Shmem:           9064952 kB
KReclaimable:    1556548 kB
Slab:            1808232 kB
SReclaimable:    1556548 kB
SUnreclaim:       251684 kB
KernelStack:       23112 kB
PageTables:       298980 kB
SecPageTables:         0 kB
NFS_Unstable:          0 kB
Bounce:                0 kB
WritebackTmp:          0 kB
CommitLimit:    40678052 kB
Committed_AS:   26943272 kB
VmallocTotal:   34359738367 kB
VmallocUsed:       79548 kB
VmallocChunk:          0 kB
Percpu:            59008 kB
HardwareCorrupted:     0 kB
AnonHugePages:   8079360 kB
ShmemHugePages:        0 kB
ShmemPmdMapped:        0 kB
FileHugePages:         0 kB
FilePmdMapped:         0 kB
HugePages_Total:       0
HugePages_Free:        0
HugePages_Rsvd:        0
HugePages_Surp:        0
Hugepagesize:       2048 kB
Hugetlb:               0 kB
DirectMap4k:      217572 kB
DirectMap2M:     8060928 kB
DirectMap1G:    58720256 kB

/sys/kernel/mm/transparent_hugepage/enabled: [always] madvise never
/sys/kernel/mm/transparent_hugepage/hpage_pmd_size: 2097152
/sys/kernel/mm/transparent_hugepage/defrag (defrag/compaction efforts parameter): always defer defer+madvise [madvise] never

Process Memory:
Virtual Size: 1067940K (peak: 1074756K)
Resident Set Size: 213848K (peak: 215976K) (anon: 171084K, file: 42764K, shmem: 0K)
Swapped out: 0K
C-Heap outstanding allocations: 21020K, retained: 53255K
glibc malloc tunables: (default)

/proc/sys/kernel/threads-max (system-wide limit on the number of threads): 512362
/proc/sys/vm/max_map_count (maximum number of memory map areas a process may have): 65530
/proc/sys/vm/swappiness (control to define how aggressively the kernel swaps out anonymous memory): 10
/proc/sys/kernel/pid_max (system-wide limit on number of process identifiers): 4194304

container (cgroup) information:
container_type: cgroupv2
cpu_cpuset_cpus: not supported
cpu_memory_nodes: not supported
active_processor_count: 16
cpu_quota: no quota
cpu_period: 100000
cpu_shares: 20480
memory_limit_in_bytes: unlimited
memory_and_swap_limit_in_bytes: unlimited
memory_soft_limit_in_bytes: 0
memory_usage_in_bytes: 8227760 k
memory_max_usage_in_bytes: not supported
rss_usage_in_bytes: 8137312 k
cache_usage_in_bytes: 2604 k
memory_swap_current_in_bytes: 0
memory_swap_max_limit_in_bytes: unlimited
maximum number of tasks: 76854
current number of tasks: 678

Steal ticks since vm start: 0
Steal ticks percentage since vm start:  0.000

CPU: total 32 (initial active 16) (16 cores per cpu, 2 threads per core) family 23 model 113 stepping 0 microcode 0x8701034, cx8, cmov, fxsr, ht, mmx, 3dnowpref, sse, sse2, sse3, ssse3, sse4a, sse4.1, sse4.2, popcnt, lzcnt, tsc, tscinvbit, avx, avx2, aes, clmul, bmi1, bmi2, adx, sha, fma, vzeroupper, clflush, clflushopt
CPU Model and flags from /proc/cpuinfo:
model name	: AMD Ryzen 7 PRO 3700 8-Core Processor
flags		: fpu vme de pse tsc msr pae mce cx8 apic sep mtrr pge mca cmov pat pse36 clflush mmx fxsr sse sse2 ht syscall nx mmxext fxsr_opt pdpe1gb rdtscp lm constant_tsc rep_good nopl nonstop_tsc cpuid extd_apicid aperfmperf rapl pni pclmulqdq monitor ssse3 fma cx16 sse4_1 sse4_2 x2apic movbe popcnt aes xsave avx f16c rdrand lahf_lm cmp_legacy svm extapic cr8_legacy abm sse4a misalignsse 3dnowprefetch osvw ibs skinit wdt tce topoext perfctr_core perfctr_nb bpext perfctr_llc mwaitx cpb cat_l3 cdp_l3 hw_pstate ssbd mba ibpb stibp vmmcall fsgsbase bmi1 avx2 smep bmi2 cqm rdt_a rdseed adx smap clflushopt clwb sha_ni xsaveopt xsavec xgetbv1 cqm_llc cqm_occup_llc cqm_mbm_total cqm_mbm_local clzero irperf xsaveerptr rdpru wbnoinvd arat npt lbrv svm_lock nrip_save tsc_scale vmcb_clean flushbyasid decodeassists pausefilter pfthreshold avic v_vmsave_vmload vgif v_spec_ctrl umip rdpid overflow_recov succor smca sev sev_es ibpb_exit_to_user

Online cpus: 0-15
Offline cpus: 16-31
BIOS frequency limitation: 3600000
Frequency switch latency (ns): 0
Available cpu frequencies: 3600000 2800000 2200000 
Current governor: schedutil
Core performance/turbo boost: 1

Memory: 4k page, physical 65729880k(12710264k free), swap 7813112k(7813112k free)
Page Sizes: 4k

vm_info: OpenJDK Server VM (17.0.19+10-LTS) for linux-x86 JRE (17.0.19+10-LTS) (Zulu17.66+19-CA), built on Apr 17 2026 20:26:03 by "zulu_re" with gcc 8.3.0

END.
