#
# A fatal error has been detected by the Java Runtime Environment:
#
#  SIGSEGV (0xb) at pc=0xf76b9c60, pid=3987590, tid=3987590
#
# JRE version: OpenJDK Runtime Environment Zulu17.66+19-CA (17.0.19+10) (build 17.0.19+10-LTS)
# Java VM: OpenJDK Server VM Zulu17.66+19-CA (17.0.19+10-LTS, mixed mode, sharing, tiered, g1 gc, linux-x86)
# Problematic frame:
# C  [libc.so.6+0x99c60]  cfree+0x20
#
# No core dump will be written. Core dumps have been disabled. To enable core dumping, try "ulimit -c unlimited" before starting Java again
#
# If you would like to submit a bug report, please visit:
#   http://www.azul.com/support/
#

---------------  S U M M A R Y ------------

Command Line: -Xms128m -Xmx512m -Xss768k -XX:MaxMetaspaceSize=96m -Xrs -XX:-UsePerfData -XX:-AllowUserSignalHandlers -XX:UseSSE=3 -XX+DoEscapeAnalysis -XX:AutoBoxCacheMax:2000 -XX:+OptimizeStringConcat -XX:+OptimizeFill -XX:+EliminateAutoBox -XX:+UseCompressedStrings -XX:+UseCompressedOops -XX:+EliminateLocks -XX:UseFastAccessorMethods -XX:+UseStringCache -XgcPrio:throughput -XXkeepAreaRatio:1 -XXlazyUnlocking -XXcallProfiling -XXcompactRatio:1 

Host: AMD Ryzen 7 PRO 3700 8-Core Processor, 32 cores, 62G, Debian GNU/Linux 12 (bookworm)
Time: Wed Aug 12 01:15:04 2026 UTC elapsed time: 10761.523304 seconds (0d 2h 59m 21s)

---------------  T H R E A D  ---------------

Current thread is native thread

Stack: [0xff7c9000,0xff889000],  sp=0xff888880,  free space=766k
Native frames: (J=compiled Java code, j=interpreted, Vv=VM code, C=native code)
C  [libc.so.6+0x99c60]  cfree+0x20
C  [SwgGameServer+0x11552ff]  FileManifest::remove()+0x51
C  [SwgGameServer+0x1161ecc]  ExitChain::run()+0x6e
C  [SwgGameServer+0x1161cf3]  ExitChain::quit()+0x15
C  [SwgGameServer+0x1170be0]  SetupSharedFoundation::remove()+0x18
C  [SwgGameServer+0x112b300]  main+0x372


siginfo: si_signo: 11 (SIGSEGV), si_code: 1 (SEGV_MAPERR), si_addr: 0x000000fc

Registers:
EAX=0x5af1b6e8, EBX=0x00000100, ECX=0xf466c9c8, EDX=0x00000100
ESP=0xff888880, EBP=0xff888908, ESI=0xf783cff4, EDI=0xffffffa4
EIP=0xf76b9c60, EFLAGS=0x00210206, CR2=0x00000000000000fc


Top of Stack: (sp=0xff888880)
0xff888880:   c1fa490e 5949beb8 ff8888c8 47170100
0xff888890:   ff8888b8 f79fe876 f7b91ff4 f7b91ff4
0xff8888a0:   5af1b6e0 f7f0fb80 ff888908 f79fe888
0xff8888b0:   00000100 ffffffa4 00000021 5776cd49
0xff8888c0:   f76aa03b f79fe876 f7b91ff4 f7a9f795
0xff8888d0:   00000100 59493ca4 58c8c25c 5776c7db
0xff8888e0:   00000000 f7a9f776 58c8c25c 5776c0ee
0xff8888f0:   5af1b6e0 59493ca0 f7b91ff4 5776c0c8
0xff888900:   5aba0690 58c8c25c ff888938 5776b2ff
0xff888910:   5af1b6e0 ff88892c ff888938 5776b2bb
0xff888920:   00000000 58c8c25c 5af1f480 59493ca4
0xff888930:   58c8c25c 58c8c25c ff888958 57777ecc
0xff888940:   58c8c25c 58c8c25c ff888968 5aba0670
0xff888950:   5c3b6810 58c8c25c ff888968 57777cf3
0xff888960:   58c8c25c 58c8c25c ff888978 57786be0
0xff888970:   57b1dbe0 ff888a80 ff888a68 57741300
0xff888980:   0000000d 00000001 5af00900 58560100
0xff888990:   5af00a50 00300100 5af00aa0 ff880100
0xff8889a0:   585aeb20 00000000 00000000 00888a14
0xff8889b0:   00000000 01010100 5301e320 61476777
0xff8889c0:   6553656d 72657672 3839333a 30393537
0xff8889d0:   59516200 57711e21 00013748 f76ba806
0xff8889e0:   f7f0fff4 0000002c 00000000 f76ba61e
0xff8889f0:   00013748 00000211 5ab9b8b8 00000000
0xff888a00:   58c8c25c 57a28a26 ff888a28 57a27911
0xff888a10:   ffffffff 00edc694 00000000 00000001
0xff888a20:   5949c200 00000000 00000000 00000000
0xff888a30:   00000000 5af00900 00000015 00000015
0xff888a40:   f7848000 f7eec83b f763ca4f f7848000
0xff888a50:   ff888a90 f78481d8 f466e320 ff888a80
0xff888a60:   f783cff4 58c6e8c8 00000000 f76432d5
0xff888a70:   57a26d7a 00000070 f7f0fff4 f76432d5 

Instructions: (pc=0xf76b9c60)
0xf76b9b60:   5e 5f 5d c3 8d 74 26 00 31 d2 89 f0 e8 3f cb ff
0xf76b9b70:   ff 89 f2 89 c3 e8 96 e6 ff ff 85 c0 75 16 85 db
0xf76b9b80:   74 1f 89 f2 89 d8 e8 c5 d0 ff ff 89 f2 89 c3 e8
0xf76b9b90:   7c e6 ff ff 85 db 74 09 31 d2 87 13 83 fa 01 7f
0xf76b9ba0:   77 85 c0 0f 85 6a fe ff ff 31 c0 eb af 8d 87 48
0xf76b9bb0:   f0 f9 ff 50 8d 87 00 f3 f9 ff 50 8d 87 a0 e3 f9
0xf76b9bc0:   ff 50 6a 01 e8 c7 2e fe ff 8d b4 26 00 00 00 00
0xf76b9bd0:   83 ec 0c 53 e8 c7 ae fe ff 83 c4 10 e9 14 fe ff
0xf76b9be0:   ff 8d b4 26 00 00 00 00 89 44 24 0c 83 ec 0c 53
0xf76b9bf0:   e8 9b af fe ff 83 c4 10 8b 44 24 0c e9 12 fe ff
0xf76b9c00:   ff 8d b4 26 00 00 00 00 8d 87 0c ee f9 ff e8 ed
0xf76b9c10:   bb ff ff 8d 74 26 00 90 89 44 24 0c 83 ec 0c 53
0xf76b9c20:   e8 6b af fe ff 83 c4 10 8b 44 24 0c e9 70 ff ff
0xf76b9c30:   ff 8d b4 26 00 00 00 00 8d b4 26 00 00 00 00 90
0xf76b9c40:   55 57 56 e8 ad 58 0d 00 81 c6 ac 33 18 00 53 83
0xf76b9c50:   ec 1c 8b 5c 24 30 85 db 74 5b 8b be d0 fe ff ff
0xf76b9c60:   8b 53 fc 8d 43 f8 65 8b 2f f6 c2 02 75 52 8b 8e
0xf76b9c70:   a4 fe ff ff 65 8b 09 85 c9 0f 84 81 00 00 00 83
0xf76b9c80:   e2 04 8d 9e cc 07 00 00 74 1d 8b 8e e4 01 00 00
0xf76b9c90:   8d 14 8d 00 00 00 00 f7 da 85 c9 b9 00 00 f0 ff
0xf76b9ca0:   0f 44 d1 21 c2 8b 1a 89 c2 31 c9 89 d8 e8 8e d3
0xf76b9cb0:   ff ff 65 89 2f 83 c4 1c 5b 5e 5f 5d c3 8d 76 00
0xf76b9cc0:   8b 9e f8 01 00 00 85 db 75 26 39 96 d4 01 00 00
0xf76b9cd0:   73 1e 81 fa 00 00 08 00 77 16 83 e2 f8 89 96 d4
0xf76b9ce0:   01 00 00 01 d2 89 96 cc 01 00 00 8d 74 26 00 90
0xf76b9cf0:   e8 9b bc ff ff eb bb 8d b4 26 00 00 00 00 66 90
0xf76b9d00:   8b 8e a8 fe ff ff 65 80 39 00 0f 85 6f ff ff ff
0xf76b9d10:   89 44 24 0c e8 47 f3 ff ff 8b 53 fc 8b 44 24 0c
0xf76b9d20:   e9 5a ff ff ff 8d b4 26 00 00 00 00 8d 74 26 00
0xf76b9d30:   55 57 56 53 e8 ac 57 0d 00 81 c3 bb 32 18 00 83
0xf76b9d40:   ec 0c 8b 83 a4 fe ff ff 8b 93 a8 fe ff ff 65 8b
0xf76b9d50:   30 65 c6 02 01 85 f6 74 67 65 c7 00 00 00 00 00 



---------------  P R O C E S S  ---------------

VM state: at safepoint (shutting down)

VM Mutex/Monitor currently owned by a thread:  ([mutex/lock_event])
[0xf3627890] Threads_lock - owner thread: 0xc18e0be0

GC Precious Log:
<Skipped>

Heap:
 garbage-first heap   total 131072K, used 16865K [0xc3200000, 0xe3200000)
  region size 1024K, 17 young (17408K), 3 survivors (3072K)
 Metaspace       used 3355K, committed 3584K, reserved 16384K

Heap Regions: E=young(eden), S=young(survivor), O=old, HS=humongous(starts), HC=humongous(continues), CS=collection set, F=free, OA=open archive, CA=closed archive, TAMS=top-at-mark-start (previous, next)
|   0|0xc3200000, 0xc3200000, 0xc3300000|  0%| F|  |TAMS 0xc3200000, 0xc3200000| Untracked 
|   1|0xc3300000, 0xc3300000, 0xc3400000|  0%| F|  |TAMS 0xc3300000, 0xc3300000| Untracked 
|   2|0xc3400000, 0xc3400000, 0xc3500000|  0%| F|  |TAMS 0xc3400000, 0xc3400000| Untracked 
|   3|0xc3500000, 0xc3500000, 0xc3600000|  0%| F|  |TAMS 0xc3500000, 0xc3500000| Untracked 
|   4|0xc3600000, 0xc3600000, 0xc3700000|  0%| F|  |TAMS 0xc3600000, 0xc3600000| Untracked 
|   5|0xc3700000, 0xc3700000, 0xc3800000|  0%| F|  |TAMS 0xc3700000, 0xc3700000| Untracked 
|   6|0xc3800000, 0xc3800000, 0xc3900000|  0%| F|  |TAMS 0xc3800000, 0xc3800000| Untracked 
|   7|0xc3900000, 0xc3900000, 0xc3a00000|  0%| F|  |TAMS 0xc3900000, 0xc3900000| Untracked 
|   8|0xc3a00000, 0xc3a00000, 0xc3b00000|  0%| F|  |TAMS 0xc3a00000, 0xc3a00000| Untracked 
|   9|0xc3b00000, 0xc3b00000, 0xc3c00000|  0%| F|  |TAMS 0xc3b00000, 0xc3b00000| Untracked 
|  10|0xc3c00000, 0xc3c00000, 0xc3d00000|  0%| F|  |TAMS 0xc3c00000, 0xc3c00000| Untracked 
|  11|0xc3d00000, 0xc3d00000, 0xc3e00000|  0%| F|  |TAMS 0xc3d00000, 0xc3d00000| Untracked 
|  12|0xc3e00000, 0xc3e00000, 0xc3f00000|  0%| F|  |TAMS 0xc3e00000, 0xc3e00000| Untracked 
|  13|0xc3f00000, 0xc3f00000, 0xc4000000|  0%| F|  |TAMS 0xc3f00000, 0xc3f00000| Untracked 
|  14|0xc4000000, 0xc4000000, 0xc4100000|  0%| F|  |TAMS 0xc4000000, 0xc4000000| Untracked 
|  15|0xc4100000, 0xc4100000, 0xc4200000|  0%| F|  |TAMS 0xc4100000, 0xc4100000| Untracked 
|  16|0xc4200000, 0xc4200000, 0xc4300000|  0%| F|  |TAMS 0xc4200000, 0xc4200000| Untracked 
|  17|0xc4300000, 0xc4300000, 0xc4400000|  0%| F|  |TAMS 0xc4300000, 0xc4300000| Untracked 
|  18|0xc4400000, 0xc4400000, 0xc4500000|  0%| F|  |TAMS 0xc4400000, 0xc4400000| Untracked 
|  19|0xc4500000, 0xc4500000, 0xc4600000|  0%| F|  |TAMS 0xc4500000, 0xc4500000| Untracked 
|  20|0xc4600000, 0xc4600000, 0xc4700000|  0%| F|  |TAMS 0xc4600000, 0xc4600000| Untracked 
|  21|0xc4700000, 0xc4700000, 0xc4800000|  0%| F|  |TAMS 0xc4700000, 0xc4700000| Untracked 
|  22|0xc4800000, 0xc4800000, 0xc4900000|  0%| F|  |TAMS 0xc4800000, 0xc4800000| Untracked 
|  23|0xc4900000, 0xc4900000, 0xc4a00000|  0%| F|  |TAMS 0xc4900000, 0xc4900000| Untracked 
|  24|0xc4a00000, 0xc4a00000, 0xc4b00000|  0%| F|  |TAMS 0xc4a00000, 0xc4a00000| Untracked 
|  25|0xc4b00000, 0xc4b00000, 0xc4c00000|  0%| F|  |TAMS 0xc4b00000, 0xc4b00000| Untracked 
|  26|0xc4c00000, 0xc4c00000, 0xc4d00000|  0%| F|  |TAMS 0xc4c00000, 0xc4c00000| Untracked 
|  27|0xc4d00000, 0xc4d00000, 0xc4e00000|  0%| F|  |TAMS 0xc4d00000, 0xc4d00000| Untracked 
|  28|0xc4e00000, 0xc4e00000, 0xc4f00000|  0%| F|  |TAMS 0xc4e00000, 0xc4e00000| Untracked 
|  29|0xc4f00000, 0xc4f00000, 0xc5000000|  0%| F|  |TAMS 0xc4f00000, 0xc4f00000| Untracked 
|  30|0xc5000000, 0xc5000000, 0xc5100000|  0%| F|  |TAMS 0xc5000000, 0xc5000000| Untracked 
|  31|0xc5100000, 0xc5100000, 0xc5200000|  0%| F|  |TAMS 0xc5100000, 0xc5100000| Untracked 
|  32|0xc5200000, 0xc5200000, 0xc5300000|  0%| F|  |TAMS 0xc5200000, 0xc5200000| Untracked 
|  33|0xc5300000, 0xc5300000, 0xc5400000|  0%| F|  |TAMS 0xc5300000, 0xc5300000| Untracked 
|  34|0xc5400000, 0xc5400000, 0xc5500000|  0%| F|  |TAMS 0xc5400000, 0xc5400000| Untracked 
|  35|0xc5500000, 0xc5500000, 0xc5600000|  0%| F|  |TAMS 0xc5500000, 0xc5500000| Untracked 
|  36|0xc5600000, 0xc5600000, 0xc5700000|  0%| F|  |TAMS 0xc5600000, 0xc5600000| Untracked 
|  37|0xc5700000, 0xc5700000, 0xc5800000|  0%| F|  |TAMS 0xc5700000, 0xc5700000| Untracked 
|  38|0xc5800000, 0xc5800000, 0xc5900000|  0%| F|  |TAMS 0xc5800000, 0xc5800000| Untracked 
|  39|0xc5900000, 0xc5900000, 0xc5a00000|  0%| F|  |TAMS 0xc5900000, 0xc5900000| Untracked 
|  40|0xc5a00000, 0xc5a00000, 0xc5b00000|  0%| F|  |TAMS 0xc5a00000, 0xc5a00000| Untracked 
|  41|0xc5b00000, 0xc5b00000, 0xc5c00000|  0%| F|  |TAMS 0xc5b00000, 0xc5b00000| Untracked 
|  42|0xc5c00000, 0xc5c00000, 0xc5d00000|  0%| F|  |TAMS 0xc5c00000, 0xc5c00000| Untracked 
|  43|0xc5d00000, 0xc5d00000, 0xc5e00000|  0%| F|  |TAMS 0xc5d00000, 0xc5d00000| Untracked 
|  44|0xc5e00000, 0xc5e00000, 0xc5f00000|  0%| F|  |TAMS 0xc5e00000, 0xc5e00000| Untracked 
|  45|0xc5f00000, 0xc5f00000, 0xc6000000|  0%| F|  |TAMS 0xc5f00000, 0xc5f00000| Untracked 
|  46|0xc6000000, 0xc6000000, 0xc6100000|  0%| F|  |TAMS 0xc6000000, 0xc6000000| Untracked 
|  47|0xc6100000, 0xc6100000, 0xc6200000|  0%| F|  |TAMS 0xc6100000, 0xc6100000| Untracked 
|  48|0xc6200000, 0xc6200000, 0xc6300000|  0%| F|  |TAMS 0xc6200000, 0xc6200000| Untracked 
|  49|0xc6300000, 0xc6300000, 0xc6400000|  0%| F|  |TAMS 0xc6300000, 0xc6300000| Untracked 
|  50|0xc6400000, 0xc6400000, 0xc6500000|  0%| F|  |TAMS 0xc6400000, 0xc6400000| Untracked 
|  51|0xc6500000, 0xc6500000, 0xc6600000|  0%| F|  |TAMS 0xc6500000, 0xc6500000| Untracked 
|  52|0xc6600000, 0xc66785a0, 0xc6700000| 47%| S|CS|TAMS 0xc6600000, 0xc6600000| Complete 
|  53|0xc6700000, 0xc6800000, 0xc6800000|100%| S|CS|TAMS 0xc6700000, 0xc6700000| Complete 
|  54|0xc6800000, 0xc6900000, 0xc6900000|100%| S|CS|TAMS 0xc6800000, 0xc6800000| Complete 
|  55|0xc6900000, 0xc6900000, 0xc6a00000|  0%| F|  |TAMS 0xc6900000, 0xc6900000| Untracked 
|  56|0xc6a00000, 0xc6a00000, 0xc6b00000|  0%| F|  |TAMS 0xc6a00000, 0xc6a00000| Untracked 
|  57|0xc6b00000, 0xc6b00000, 0xc6c00000|  0%| F|  |TAMS 0xc6b00000, 0xc6b00000| Untracked 
|  58|0xc6c00000, 0xc6c00000, 0xc6d00000|  0%| F|  |TAMS 0xc6c00000, 0xc6c00000| Untracked 
|  59|0xc6d00000, 0xc6d00000, 0xc6e00000|  0%| F|  |TAMS 0xc6d00000, 0xc6d00000| Untracked 
|  60|0xc6e00000, 0xc6e00000, 0xc6f00000|  0%| F|  |TAMS 0xc6e00000, 0xc6e00000| Untracked 
|  61|0xc6f00000, 0xc6f00000, 0xc7000000|  0%| F|  |TAMS 0xc6f00000, 0xc6f00000| Untracked 
|  62|0xc7000000, 0xc7000000, 0xc7100000|  0%| F|  |TAMS 0xc7000000, 0xc7000000| Untracked 
|  63|0xc7100000, 0xc7100000, 0xc7200000|  0%| F|  |TAMS 0xc7100000, 0xc7100000| Untracked 
|  64|0xc7200000, 0xc7200000, 0xc7300000|  0%| F|  |TAMS 0xc7200000, 0xc7200000| Untracked 
|  65|0xc7300000, 0xc7300000, 0xc7400000|  0%| F|  |TAMS 0xc7300000, 0xc7300000| Untracked 
|  66|0xc7400000, 0xc7400000, 0xc7500000|  0%| F|  |TAMS 0xc7400000, 0xc7400000| Untracked 
|  67|0xc7500000, 0xc7500000, 0xc7600000|  0%| F|  |TAMS 0xc7500000, 0xc7500000| Untracked 
|  68|0xc7600000, 0xc7600000, 0xc7700000|  0%| F|  |TAMS 0xc7600000, 0xc7600000| Untracked 
|  69|0xc7700000, 0xc7700000, 0xc7800000|  0%| F|  |TAMS 0xc7700000, 0xc7700000| Untracked 
|  70|0xc7800000, 0xc7800000, 0xc7900000|  0%| F|  |TAMS 0xc7800000, 0xc7800000| Untracked 
|  71|0xc7900000, 0xc7900000, 0xc7a00000|  0%| F|  |TAMS 0xc7900000, 0xc7900000| Untracked 
|  72|0xc7a00000, 0xc7a00000, 0xc7b00000|  0%| F|  |TAMS 0xc7a00000, 0xc7a00000| Untracked 
|  73|0xc7b00000, 0xc7b00000, 0xc7c00000|  0%| F|  |TAMS 0xc7b00000, 0xc7b00000| Untracked 
|  74|0xc7c00000, 0xc7c00000, 0xc7d00000|  0%| F|  |TAMS 0xc7c00000, 0xc7c00000| Untracked 
|  75|0xc7d00000, 0xc7d00000, 0xc7e00000|  0%| F|  |TAMS 0xc7d00000, 0xc7d00000| Untracked 
|  76|0xc7e00000, 0xc7e00000, 0xc7f00000|  0%| F|  |TAMS 0xc7e00000, 0xc7e00000| Untracked 
|  77|0xc7f00000, 0xc7f00000, 0xc8000000|  0%| F|  |TAMS 0xc7f00000, 0xc7f00000| Untracked 
|  78|0xc8000000, 0xc8000000, 0xc8100000|  0%| F|  |TAMS 0xc8000000, 0xc8000000| Untracked 
|  79|0xc8100000, 0xc8100000, 0xc8200000|  0%| F|  |TAMS 0xc8100000, 0xc8100000| Untracked 
|  80|0xc8200000, 0xc8200000, 0xc8300000|  0%| F|  |TAMS 0xc8200000, 0xc8200000| Untracked 
|  81|0xc8300000, 0xc8300000, 0xc8400000|  0%| F|  |TAMS 0xc8300000, 0xc8300000| Untracked 
|  82|0xc8400000, 0xc8400000, 0xc8500000|  0%| F|  |TAMS 0xc8400000, 0xc8400000| Untracked 
|  83|0xc8500000, 0xc8500000, 0xc8600000|  0%| F|  |TAMS 0xc8500000, 0xc8500000| Untracked 
|  84|0xc8600000, 0xc8600000, 0xc8700000|  0%| F|  |TAMS 0xc8600000, 0xc8600000| Untracked 
|  85|0xc8700000, 0xc8700000, 0xc8800000|  0%| F|  |TAMS 0xc8700000, 0xc8700000| Untracked 
|  86|0xc8800000, 0xc8800000, 0xc8900000|  0%| F|  |TAMS 0xc8800000, 0xc8800000| Untracked 
|  87|0xc8900000, 0xc8900000, 0xc8a00000|  0%| F|  |TAMS 0xc8900000, 0xc8900000| Untracked 
|  88|0xc8a00000, 0xc8a00000, 0xc8b00000|  0%| F|  |TAMS 0xc8a00000, 0xc8a00000| Untracked 
|  89|0xc8b00000, 0xc8b00000, 0xc8c00000|  0%| F|  |TAMS 0xc8b00000, 0xc8b00000| Untracked 
|  90|0xc8c00000, 0xc8c00000, 0xc8d00000|  0%| F|  |TAMS 0xc8c00000, 0xc8c00000| Untracked 
|  91|0xc8d00000, 0xc8d00000, 0xc8e00000|  0%| F|  |TAMS 0xc8d00000, 0xc8d00000| Untracked 
|  92|0xc8e00000, 0xc8e00000, 0xc8f00000|  0%| F|  |TAMS 0xc8e00000, 0xc8e00000| Untracked 
|  93|0xc8f00000, 0xc8f00000, 0xc9000000|  0%| F|  |TAMS 0xc8f00000, 0xc8f00000| Untracked 
|  94|0xc9000000, 0xc9000000, 0xc9100000|  0%| F|  |TAMS 0xc9000000, 0xc9000000| Untracked 
|  95|0xc9100000, 0xc9100000, 0xc9200000|  0%| F|  |TAMS 0xc9100000, 0xc9100000| Untracked 
|  96|0xc9200000, 0xc9200000, 0xc9300000|  0%| F|  |TAMS 0xc9200000, 0xc9200000| Untracked 
|  97|0xc9300000, 0xc9300000, 0xc9400000|  0%| F|  |TAMS 0xc9300000, 0xc9300000| Untracked 
|  98|0xc9400000, 0xc9400000, 0xc9500000|  0%| F|  |TAMS 0xc9400000, 0xc9400000| Untracked 
|  99|0xc9500000, 0xc9500000, 0xc9600000|  0%| F|  |TAMS 0xc9500000, 0xc9500000| Untracked 
| 100|0xc9600000, 0xc9600000, 0xc9700000|  0%| F|  |TAMS 0xc9600000, 0xc9600000| Untracked 
| 101|0xc9700000, 0xc9700000, 0xc9800000|  0%| F|  |TAMS 0xc9700000, 0xc9700000| Untracked 
| 102|0xc9800000, 0xc9800000, 0xc9900000|  0%| F|  |TAMS 0xc9800000, 0xc9800000| Untracked 
| 103|0xc9900000, 0xc9900000, 0xc9a00000|  0%| F|  |TAMS 0xc9900000, 0xc9900000| Untracked 
| 104|0xc9a00000, 0xc9a00000, 0xc9b00000|  0%| F|  |TAMS 0xc9a00000, 0xc9a00000| Untracked 
| 105|0xc9b00000, 0xc9b00000, 0xc9c00000|  0%| F|  |TAMS 0xc9b00000, 0xc9b00000| Untracked 
| 106|0xc9c00000, 0xc9c00000, 0xc9d00000|  0%| F|  |TAMS 0xc9c00000, 0xc9c00000| Untracked 
| 107|0xc9d00000, 0xc9d00000, 0xc9e00000|  0%| F|  |TAMS 0xc9d00000, 0xc9d00000| Untracked 
| 108|0xc9e00000, 0xc9e00000, 0xc9f00000|  0%| F|  |TAMS 0xc9e00000, 0xc9e00000| Untracked 
| 109|0xc9f00000, 0xc9f00000, 0xca000000|  0%| F|  |TAMS 0xc9f00000, 0xc9f00000| Untracked 
| 110|0xca000000, 0xca000000, 0xca100000|  0%| F|  |TAMS 0xca000000, 0xca000000| Untracked 
| 111|0xca100000, 0xca100000, 0xca200000|  0%| F|  |TAMS 0xca100000, 0xca100000| Untracked 
| 112|0xca200000, 0xca200000, 0xca300000|  0%| F|  |TAMS 0xca200000, 0xca200000| Untracked 
| 113|0xca300000, 0xca300000, 0xca400000|  0%| F|  |TAMS 0xca300000, 0xca300000| Untracked 
| 114|0xca400000, 0xca500000, 0xca500000|100%| E|  |TAMS 0xca400000, 0xca400000| Complete 
| 115|0xca500000, 0xca600000, 0xca600000|100%| E|CS|TAMS 0xca500000, 0xca500000| Complete 
| 116|0xca600000, 0xca700000, 0xca700000|100%| E|CS|TAMS 0xca600000, 0xca600000| Complete 
| 117|0xca700000, 0xca800000, 0xca800000|100%| E|CS|TAMS 0xca700000, 0xca700000| Complete 
| 118|0xca800000, 0xca900000, 0xca900000|100%| E|CS|TAMS 0xca800000, 0xca800000| Complete 
| 119|0xca900000, 0xcaa00000, 0xcaa00000|100%| E|CS|TAMS 0xca900000, 0xca900000| Complete 
| 120|0xcaa00000, 0xcab00000, 0xcab00000|100%| E|CS|TAMS 0xcaa00000, 0xcaa00000| Complete 
| 121|0xcab00000, 0xcac00000, 0xcac00000|100%| E|CS|TAMS 0xcab00000, 0xcab00000| Complete 
| 122|0xcac00000, 0xcad00000, 0xcad00000|100%| E|CS|TAMS 0xcac00000, 0xcac00000| Complete 
| 123|0xcad00000, 0xcae00000, 0xcae00000|100%| E|CS|TAMS 0xcad00000, 0xcad00000| Complete 
| 124|0xcae00000, 0xcaf00000, 0xcaf00000|100%| E|CS|TAMS 0xcae00000, 0xcae00000| Complete 
| 125|0xcaf00000, 0xcb000000, 0xcb000000|100%| E|CS|TAMS 0xcaf00000, 0xcaf00000| Complete 
| 126|0xcb000000, 0xcb100000, 0xcb100000|100%| E|CS|TAMS 0xcb000000, 0xcb000000| Complete 
| 127|0xcb100000, 0xcb200000, 0xcb200000|100%| E|CS|TAMS 0xcb100000, 0xcb100000| Complete 

Card table byte_map: [0xc3100000,0xc3200000] _byte_map_base: 0xc2ae7000

Marking Bits (Prev, Next): (CMBitMap*) 0xe33300b8, (CMBitMap*) 0xe33300d8
 Prev Bits: [0xc2800000, 0xc3000000)
 Next Bits: [0xc2000000, 0xc2800000)

Polling page: 0xf7ecc000

Metaspace:

Usage:
    3.28 MB used.

Virtual space:
     16.00 MB reserved,       3.50 MB ( 22%) committed,  1 nodes.

Chunk freelists:
9.93 MB

MaxMetaspaceSize: 96.00 MB
No class space
Initial GC threshold: 16.00 MB
Current GC threshold: 16.00 MB
CDS: on
MetaspaceReclaimPolicy: balanced
 - commit_granule_bytes: 65536.
 - commit_granule_words: 16384.
 - virtual_space_node_default_size: 4194304.
 - enlarge_chunks_in_place: 1.
 - new_chunks_are_fully_committed: 0.
 - uncommit_free_chunks: 1.
 - use_allocation_guard: 0.
 - handle_deallocations: 1.


Internal statistics:

num_allocs_failed_limit: 0.
num_arena_births: 104.
num_arena_deaths: 0.
num_vsnodes_births: 1.
num_vsnodes_deaths: 0.
num_space_committed: 56.
num_space_uncommitted: 0.
num_chunks_returned_to_freelist: 0.
num_chunks_taken_from_freelist: 228.
num_chunk_merges: 0.
num_chunk_splits: 156.
num_chunks_enlarged: 105.
num_inconsistent_stats: 0.

CodeHeap 'non-profiled nmethods': size=120172Kb used=700Kb max_used=700Kb free=119471Kb
 bounds [0xeafa2000, 0xeb1e2000, 0xf24fd000]
CodeHeap 'profiled nmethods': size=120172Kb used=2640Kb max_used=2640Kb free=117531Kb
 bounds [0xe34fd000, 0xe3795000, 0xeaa58000]
CodeHeap 'non-nmethods': size=5416Kb used=724Kb max_used=748Kb free=4691Kb
 bounds [0xeaa58000, 0xeac98000, 0xeafa2000]
 total_blobs=1707 nmethods=1377 adapters=244
 compilation: enabled
              stopped_count=0, restarted_count=0
 full_count=0

Compilation events (20 events):
Event: 8075.844 Thread 0xc18ec4d0 1368   !   3       jdk.internal.reflect.GeneratedMethodAccessor25::invoke (76 bytes)
Event: 8075.845 Thread 0xc18ec4d0 nmethod 1368 0xe378ce88 code [0xe378d0a0, 0xe378d8a8]
Event: 9472.301 Thread 0xc18eb3a0 1369   !   4       script.script_entry::callMessageHandlers (429 bytes)
Event: 9472.331 Thread 0xc18eb3a0 nmethod 1369 0xeb04e888 code [0xeb04ea80, 0xeb04ffb8]
Event: 9646.897 Thread 0xc18ec4d0 1370       3       script.obj_id::clearObjId (18 bytes)
Event: 9646.897 Thread 0xc18ec4d0 nmethod 1370 0xe378dd08 code [0xe378de60, 0xe378e0c4]
Event: 9646.897 Thread 0xc18ec4d0 1374       3       script.deltadictionary::removeAll (42 bytes)
Event: 9646.897 Thread 0xc18ec4d0 nmethod 1374 0xe378e188 code [0xe378e340, 0xe378e9bc]
Event: 9646.897 Thread 0xc18ec4d0 1371       3       script.obj_id::clearObjId (122 bytes)
Event: 9646.898 Thread 0xc18ec4d0 nmethod 1371 0xe378ec08 code [0xe378ee80, 0xe378fbac]
Event: 9646.898 Thread 0xc18ec4d0 1372       3       script.script_entry::removeScriptListenee (9 bytes)
Event: 9646.898 Thread 0xc18ec4d0 nmethod 1372 0xe3790088 code [0xe37901c0, 0xe379034c]
Event: 9646.898 Thread 0xc18ec4d0 1373       3       script.obj_id::clearScriptVars (23 bytes)
Event: 9646.898 Thread 0xc18ec4d0 nmethod 1373 0xe3790408 code [0xe3790560, 0xe3790878]
Event: 9646.898 Thread 0xc18ec4d0 1375       3       script.dictionary::keys (8 bytes)
Event: 9646.898 Thread 0xc18ec4d0 nmethod 1375 0xe3790a08 code [0xe3790b40, 0xe3790cec]
Event: 9926.391 Thread 0xc18eb3a0 1376       4       script.vector::add (35 bytes)
Event: 9926.392 Thread 0xc18eb3a0 nmethod 1376 0xeb051088 code [0xeb0511a0, 0xeb0512b0]
Event: 9949.804 Thread 0xc18ec4d0 1377       3       java.lang.ref.ReferenceQueue::remove (6 bytes)
Event: 9949.805 Thread 0xc18ec4d0 nmethod 1377 0xe3790d88 code [0xe3790ec0, 0xe379106c]

GC Heap History (8 events):
Event: 16.688 GC heap before
{Heap before GC invocations=0 (full 0):
 garbage-first heap   total 131072K, used 22528K [0xc3200000, 0xe3200000)
  region size 1024K, 23 young (23552K), 0 survivors (0K)
 Metaspace       used 2395K, committed 2560K, reserved 16384K
}
Event: 16.696 GC heap after
{Heap after GC invocations=1 (full 0):
 garbage-first heap   total 131072K, used 2213K [0xc3200000, 0xe3200000)
  region size 1024K, 3 young (3072K), 3 survivors (3072K)
 Metaspace       used 2395K, committed 2560K, reserved 16384K
}
Event: 891.209 GC heap before
{Heap before GC invocations=1 (full 0):
 garbage-first heap   total 131072K, used 38053K [0xc3200000, 0xe3200000)
  region size 1024K, 38 young (38912K), 3 survivors (3072K)
 Metaspace       used 3302K, committed 3520K, reserved 16384K
}
Event: 891.212 GC heap after
{Heap after GC invocations=2 (full 0):
 garbage-first heap   total 131072K, used 3234K [0xc3200000, 0xe3200000)
  region size 1024K, 4 young (4096K), 4 survivors (4096K)
 Metaspace       used 3302K, committed 3520K, reserved 16384K
}
Event: 5430.283 GC heap before
{Heap before GC invocations=2 (full 0):
 garbage-first heap   total 131072K, used 76962K [0xc3200000, 0xe3200000)
  region size 1024K, 76 young (77824K), 4 survivors (4096K)
 Metaspace       used 3326K, committed 3584K, reserved 16384K
}
Event: 5430.286 GC heap after
{Heap after GC invocations=3 (full 0):
 garbage-first heap   total 131072K, used 3072K [0xc3200000, 0xe3200000)
  region size 1024K, 3 young (3072K), 3 survivors (3072K)
 Metaspace       used 3326K, committed 3584K, reserved 16384K
}
Event: 9949.802 GC heap before
{Heap before GC invocations=3 (full 0):
 garbage-first heap   total 131072K, used 77824K [0xc3200000, 0xe3200000)
  region size 1024K, 76 young (77824K), 3 survivors (3072K)
 Metaspace       used 3354K, committed 3584K, reserved 16384K
}
Event: 9949.804 GC heap after
{Heap after GC invocations=4 (full 0):
 garbage-first heap   total 131072K, used 2529K [0xc3200000, 0xe3200000)
  region size 1024K, 3 young (3072K), 3 survivors (3072K)
 Metaspace       used 3354K, committed 3584K, reserved 16384K
}

Dll operation events (4 events):
Event: 0.005 Loaded shared library /usr/lib/jvm/zulu17.66.19-ca-fx-jdk17.0.19-linux_i686/lib/libjava.so
Event: 8.935 Loaded shared library /usr/lib/jvm/zulu17.66.19-ca-fx-jdk17.0.19-linux_i686/lib/libnio.so
Event: 8.936 Loaded shared library /usr/lib/jvm/zulu17.66.19-ca-fx-jdk17.0.19-linux_i686/lib/libjimage.so
Event: 8.937 Loaded shared library /usr/lib/jvm/zulu17.66.19-ca-fx-jdk17.0.19-linux_i686/lib/libnet.so

Deoptimization events (20 events):
Event: 20.914 Thread 0x5c22aef0 DEOPT PACKING pc=0xeafeed80 sp=0xff8879b0
Event: 20.914 Thread 0x5c22aef0 DEOPT UNPACKING pc=0xeaaa1d33 sp=0xff887978 mode 2
Event: 85.562 Thread 0x5c22aef0 DEOPT PACKING pc=0xe364369a sp=0xff888370
Event: 85.562 Thread 0x5c22aef0 DEOPT UNPACKING pc=0xeaaa1171 sp=0xff8881f0 mode 0
Event: 180.286 Thread 0x5c22aef0 Uncommon trap: trap_request=0xffffff45 fr.pc=0xeafd3388 relative=0x00000068
Event: 180.286 Thread 0x5c22aef0 Uncommon trap: reason=unstable_if action=reinterpret pc=0xeafd3388 method=script.base_class.isIdNull(Lscript/obj_id;)Z @ 8 c2
Event: 180.286 Thread 0x5c22aef0 DEOPT PACKING pc=0xeafd3388 sp=0xff887120
Event: 180.286 Thread 0x5c22aef0 DEOPT UNPACKING pc=0xeaaa1d33 sp=0xff8870c8 mode 2
Event: 891.662 Thread 0x5c22aef0 Uncommon trap: trap_request=0xffffff45 fr.pc=0xeb00d96c relative=0x0000076c
Event: 891.662 Thread 0x5c22aef0 Uncommon trap: reason=unstable_if action=reinterpret pc=0xeb00d96c method=java.util.LinkedList.indexOf(Ljava/lang/Object;)I @ 55 c2
Event: 891.662 Thread 0x5c22aef0 DEOPT PACKING pc=0xeb00d96c sp=0xff8873c0
Event: 891.663 Thread 0x5c22aef0 DEOPT UNPACKING pc=0xeaaa1d33 sp=0xff88734c mode 2
Event: 6058.103 Thread 0x5c22aef0 Uncommon trap: trap_request=0xffffff45 fr.pc=0xeb037b10 relative=0x000011f0
Event: 6058.103 Thread 0x5c22aef0 Uncommon trap: reason=unstable_if action=reinterpret pc=0xeb037b10 method=script.library.space_combat.damageShield(Lscript/obj_id;Lscript/obj_id;IFI)F @ 19 c2
Event: 6058.103 Thread 0x5c22aef0 DEOPT PACKING pc=0xeb037b10 sp=0xff887a50
Event: 6058.103 Thread 0x5c22aef0 DEOPT UNPACKING pc=0xeaaa1d33 sp=0xff887a18 mode 2
Event: 6058.103 Thread 0x5c22aef0 Uncommon trap: trap_request=0xffffff45 fr.pc=0xeb0253f8 relative=0x000001b8
Event: 6058.103 Thread 0x5c22aef0 Uncommon trap: reason=unstable_if action=reinterpret pc=0xeb0253f8 method=script.library.space_utils.isPlayerControlledShip(Lscript/obj_id;)Z @ 1 c2
Event: 6058.103 Thread 0x5c22aef0 DEOPT PACKING pc=0xeb0253f8 sp=0xff8879f0
Event: 6058.103 Thread 0x5c22aef0 DEOPT UNPACKING pc=0xeaaa1d33 sp=0xff88798c mode 2

Classes loaded (20 events):
Event: 19.375 Loading class java/lang/constant/MethodHandleDesc$1
Event: 19.375 Loading class java/lang/constant/MethodHandleDesc$1 done
Event: 19.375 Loading class java/lang/constant/DirectMethodHandleDescImpl
Event: 19.375 Loading class java/lang/constant/DirectMethodHandleDesc
Event: 19.375 Loading class java/lang/constant/DirectMethodHandleDesc done
Event: 19.375 Loading class java/lang/constant/DirectMethodHandleDescImpl done
Event: 19.375 Loading class java/lang/constant/DirectMethodHandleDescImpl$1
Event: 19.375 Loading class java/lang/constant/DirectMethodHandleDescImpl$1 done
Event: 19.375 Loading class java/lang/constant/DirectMethodHandleDesc$1
Event: 19.375 Loading class java/lang/constant/DirectMethodHandleDesc$1 done
Event: 19.375 Loading class java/lang/constant/PrimitiveClassDescImpl
Event: 19.375 Loading class java/lang/constant/DynamicConstantDesc
Event: 19.375 Loading class java/lang/constant/DynamicConstantDesc done
Event: 19.375 Loading class java/lang/constant/PrimitiveClassDescImpl done
Event: 19.375 Loading class java/lang/constant/DynamicConstantDesc$AnonymousDynamicConstantDesc
Event: 19.375 Loading class java/lang/constant/DynamicConstantDesc$AnonymousDynamicConstantDesc done
Event: 19.384 Loading class java/lang/Math$RandomNumberGeneratorHolder
Event: 19.384 Loading class java/lang/Math$RandomNumberGeneratorHolder done
Event: 19.446 Loading class java/util/Vector$Itr
Event: 19.446 Loading class java/util/Vector$Itr done

Classes unloaded (0 events):
No events

Classes redefined (0 events):
No events

Internal exceptions (4 events):
Event: 8.947 Thread 0x5c22aef0 Exception <a 'java/lang/NoSuchMethodError'{0xcaead448}: 'java.lang.Object java.lang.invoke.DirectMethodHandle$Holder.invokeStaticInit(java.lang.Object)'> (0xcaead448) 
thrown [src/hotspot/share/interpreter/linkResolver.cpp, line 759]
Event: 19.358 Thread 0x5c22aef0 Exception <a 'java/lang/NoSuchMethodError'{0xca44a670}: static [Ljava/lang/String;.<clinit>()V> (0xca44a670) 
thrown [src/hotspot/share/prims/jni.cpp, line 1112]
Event: 6058.103 Thread 0x5c22aef0 Implicit null exception at 0xeb0369ee to 0xeb037aed
Event: 6058.103 Thread 0x5c22aef0 Implicit null exception at 0xeb025265 to 0xeb0253e4

VM Operations (20 events):
Event: 891.209 Executing VM operation: G1CollectForAllocation
Event: 891.212 Executing VM operation: G1CollectForAllocation done
Event: 970.216 Executing VM operation: Cleanup
Event: 970.216 Executing VM operation: Cleanup done
Event: 971.216 Executing VM operation: Cleanup
Event: 971.216 Executing VM operation: Cleanup done
Event: 2243.289 Executing VM operation: Cleanup
Event: 2243.289 Executing VM operation: Cleanup done
Event: 4653.435 Executing VM operation: Cleanup
Event: 4653.435 Executing VM operation: Cleanup done
Event: 4695.437 Executing VM operation: Cleanup
Event: 4695.437 Executing VM operation: Cleanup done
Event: 5430.283 Executing VM operation: G1CollectForAllocation
Event: 5430.286 Executing VM operation: G1CollectForAllocation done
Event: 5488.289 Executing VM operation: Cleanup
Event: 5488.289 Executing VM operation: Cleanup done
Event: 9650.528 Executing VM operation: Cleanup
Event: 9650.528 Executing VM operation: Cleanup done
Event: 9949.802 Executing VM operation: G1CollectForAllocation
Event: 9949.804 Executing VM operation: G1CollectForAllocation done

Memory protections (14 events):
Event: 0.004 Protecting memory [0xf3708000,0xf370c000] with protection modes 0
Event: 0.106 Protecting memory [0xc0940000,0xc0944000] with protection modes 0
Event: 0.141 Protecting memory [0xc0740000,0xc0744000] with protection modes 0
Event: 0.146 Protecting memory [0xc00c6000,0xc00ca000] with protection modes 0
Event: 0.154 Protecting memory [0xc0005000,0xc0009000] with protection modes 0
Event: 0.168 Protecting memory [0xbed40000,0xbed44000] with protection modes 0
Event: 0.176 Protecting memory [0xc0b2a000,0xc0b2e000] with protection modes 0
Event: 0.191 Protecting memory [0xbeb80000,0xbeb84000] with protection modes 0
Event: 0.200 Protecting memory [0xbe840000,0xbe844000] with protection modes 0
Event: 0.230 Protecting memory [0xbe640000,0xbe644000] with protection modes 0
Event: 0.285 Protecting memory [0xff7c9000,0xff7cd000] with protection modes 0
Event: 0.293 Protecting memory [0xbe140000,0xbe144000] with protection modes 0
Event: 0.308 Protecting memory [0xbdf40000,0xbdf44000] with protection modes 0
Event: 9.108 Protecting memory [0xbdb7e000,0xbdb82000] with protection modes 0

Nmethod flushes (0 events):
No events

Events (18 events):
Event: 0.084 Thread 0xf3629a00 Thread added: 0xf3629a00
Event: 0.105 Thread 0xf3629a00 Thread added: 0xc18e2fb0
Event: 0.131 Thread 0xf3629a00 Thread added: 0xc18e4060
Event: 0.144 Thread 0xf3629a00 Thread added: 0xc18e7f70
Event: 0.154 Thread 0xf3629a00 Thread added: 0xc18e8fd0
Event: 0.168 Thread 0xf3629a00 Thread added: 0xc18e9ff0
Event: 0.176 Thread 0xf3629a00 Thread added: 0xc18eb3a0
Event: 0.190 Thread 0xf3629a00 Thread added: 0xc18ec4d0
Event: 0.199 Thread 0xf3629a00 Thread added: 0xc18ed530
Event: 0.229 Thread 0xf3629a00 Thread added: 0xbe5236e0
Event: 0.285 Thread 0x5c22aef0 Thread added: 0x5c22aef0
Event: 0.292 Thread 0x5c22aef0 Thread added: 0x5c22c0f0
Event: 0.307 Thread 0x5c22aef0 Thread added: 0x5c236710
Event: 9.107 Thread 0xc18ec4d0 Thread added: 0xbe918ea0
Event: 9.326 Thread 0xbe918ea0 Thread exited: 0xbe918ea0
Event: 10751.069 Thread 0x5c22aef0 Thread exited: 0x5c22aef0
Event: 10751.069 Thread 0xf3629a00 Before exit entered
Event: 10751.069 Thread 0xf3629a00 Thread exited: 0xf3629a00


Dynamic libraries:
56616000-576e3000 r--p 00000000 09:04 24778802                           /home/swg/swg-main/build/bin/SwgGameServer
576e3000-58586000 r-xp 010cd000 09:04 24778802                           /home/swg/swg-main/build/bin/SwgGameServer
58586000-58c6d000 r--p 01f70000 09:04 24778802                           /home/swg/swg-main/build/bin/SwgGameServer
58c6d000-58c94000 rw-p 02656000 09:04 24778802                           /home/swg/swg-main/build/bin/SwgGameServer
58c94000-59517000 rw-p 00000000 00:00 0 
5ab4b000-5eb9d000 rw-p 00000000 00:00 0                                  [heap]
bc200000-bc221000 rw-p 00000000 00:00 0 
bc221000-bc300000 ---p 00000000 00:00 0 
bc400000-bc4f5000 rw-p 00000000 00:00 0 
bc4f5000-bc500000 ---p 00000000 00:00 0 
bc600000-bc621000 rw-p 00000000 00:00 0 
bc621000-bc700000 ---p 00000000 00:00 0 
bc700000-bc7ff000 rw-p 00000000 00:00 0 
bc7ff000-bc800000 ---p 00000000 00:00 0 
bc800000-bc821000 rw-p 00000000 00:00 0 
bc821000-bc900000 ---p 00000000 00:00 0 
bc974000-bc975000 ---p 00000000 00:00 0 
bc975000-bc9f5000 rw-p 00000000 00:00 0 
bc9f5000-bc9f6000 ---p 00000000 00:00 0 
bc9f6000-bca76000 rw-p 00000000 00:00 0 
bcb00000-bcbfa000 rw-p 00000000 00:00 0 
bcbfa000-bcc00000 ---p 00000000 00:00 0 
bcc00000-bccf9000 rw-p 00000000 00:00 0 
bccf9000-bcd00000 ---p 00000000 00:00 0 
bcd00000-bcdff000 rw-p 00000000 00:00 0 
bcdff000-bce00000 ---p 00000000 00:00 0 
bce7f000-bce80000 ---p 00000000 00:00 0 
bce80000-bcf00000 rw-p 00000000 00:00 0 
bcf00000-bcf21000 rw-p 00000000 00:00 0 
bcf21000-bd000000 ---p 00000000 00:00 0 
bd000000-bd021000 rw-p 00000000 00:00 0 
bd021000-bd100000 ---p 00000000 00:00 0 
bd17f000-bd180000 ---p 00000000 00:00 0 
bd180000-bd200000 rw-p 00000000 00:00 0 
bd200000-bd221000 rw-p 00000000 00:00 0 
bd221000-bd300000 ---p 00000000 00:00 0 
bd300000-bd321000 rw-p 00000000 00:00 0 
bd321000-bd400000 ---p 00000000 00:00 0 
bd400000-bd4f9000 rw-p 00000000 00:00 0 
bd4f9000-bd500000 ---p 00000000 00:00 0 
bd67d000-bd67e000 ---p 00000000 00:00 0 
bd67e000-bd6fe000 rw-p 00000000 00:00 0 
bd6fe000-bd6ff000 ---p 00000000 00:00 0 
bd6ff000-bd77f000 rw-p 00000000 00:00 0 
bd77f000-bd780000 ---p 00000000 00:00 0 
bd780000-bd800000 rw-p 00000000 00:00 0 
bd800000-bd821000 rw-p 00000000 00:00 0 
bd821000-bd900000 ---p 00000000 00:00 0 
bda00000-bdafb000 rw-p 00000000 00:00 0 
bdafb000-bdb00000 ---p 00000000 00:00 0 
bdb7d000-bdb7e000 ---p 00000000 00:00 0 
bdb7e000-bdb82000 ---p 00000000 00:00 0 
bdb82000-bdbfe000 rw-p 00000000 00:00 0 
bde00000-bde21000 rw-p 00000000 00:00 0 
bde21000-bdf00000 ---p 00000000 00:00 0 
bdf3f000-bdf40000 ---p 00000000 00:00 0 
bdf40000-bdf44000 ---p 00000000 00:00 0 
bdf44000-be000000 rw-p 00000000 00:00 0 
be000000-be021000 rw-p 00000000 00:00 0 
be021000-be100000 ---p 00000000 00:00 0 
be13f000-be140000 ---p 00000000 00:00 0 
be140000-be144000 ---p 00000000 00:00 0 
be144000-be200000 rw-p 00000000 00:00 0 
be200000-be221000 rw-p 00000000 00:00 0 
be221000-be300000 ---p 00000000 00:00 0 
be37f000-be380000 ---p 00000000 00:00 0 
be380000-be400000 rw-p 00000000 00:00 0 
be400000-be421000 rw-p 00000000 00:00 0 
be421000-be500000 ---p 00000000 00:00 0 
be500000-be527000 rw-p 00000000 00:00 0 
be527000-be600000 ---p 00000000 00:00 0 
be63f000-be640000 ---p 00000000 00:00 0 
be640000-be644000 ---p 00000000 00:00 0 
be644000-be700000 rw-p 00000000 00:00 0 
be700000-be721000 rw-p 00000000 00:00 0 
be721000-be800000 ---p 00000000 00:00 0 
be83f000-be840000 ---p 00000000 00:00 0 
be840000-be844000 ---p 00000000 00:00 0 
be844000-be900000 rw-p 00000000 00:00 0 
be900000-be9fe000 rw-p 00000000 00:00 0 
be9fe000-bea00000 ---p 00000000 00:00 0 
bea00000-beaff000 rw-p 00000000 00:00 0 
beaff000-beb00000 ---p 00000000 00:00 0 
beb7f000-beb80000 ---p 00000000 00:00 0 
beb80000-beb84000 ---p 00000000 00:00 0 
beb84000-bec00000 rw-p 00000000 00:00 0 
bec00000-bec21000 rw-p 00000000 00:00 0 
bec21000-bed00000 ---p 00000000 00:00 0 
bed3f000-bed40000 ---p 00000000 00:00 0 
bed40000-bed44000 ---p 00000000 00:00 0 
bed44000-bee00000 rw-p 00000000 00:00 0 
bee00000-bee21000 rw-p 00000000 00:00 0 
bee21000-bef00000 ---p 00000000 00:00 0 
bef00000-bef21000 rw-p 00000000 00:00 0 
bef21000-bf000000 ---p 00000000 00:00 0 
bf000000-bf160000 rw-p 00000000 00:00 0 
bf160000-bf400000 ---p 00000000 00:00 0 
bf400000-bf620000 rw-p 00000000 00:00 0 
bf620000-c0000000 ---p 00000000 00:00 0 
c0004000-c0005000 ---p 00000000 00:00 0 
c0005000-c0009000 ---p 00000000 00:00 0 
c0009000-c00c5000 rw-p 00000000 00:00 0 
c00c5000-c00c6000 ---p 00000000 00:00 0 
c00c6000-c00ca000 ---p 00000000 00:00 0 
c00ca000-c0186000 rw-p 00000000 00:00 0 
c0186000-c0400000 r--p 0006f000 09:04 15752678                           /usr/lib/locale/locale-archive
c0400000-c0600000 r--p 00000000 09:04 15752678                           /usr/lib/locale/locale-archive
c0600000-c0621000 rw-p 00000000 00:00 0 
c0621000-c0700000 ---p 00000000 00:00 0 
c073f000-c0740000 ---p 00000000 00:00 0 
c0740000-c0744000 ---p 00000000 00:00 0 
c0744000-c0800000 rw-p 00000000 00:00 0 
c0800000-c0821000 rw-p 00000000 00:00 0 
c0821000-c0900000 ---p 00000000 00:00 0 
c093f000-c0940000 ---p 00000000 00:00 0 
c0940000-c0944000 ---p 00000000 00:00 0 
c0944000-c0a00000 rw-p 00000000 00:00 0 
c0a00000-c0a21000 rw-p 00000000 00:00 0 
c0a21000-c0b00000 ---p 00000000 00:00 0 
c0b29000-c0b2a000 ---p 00000000 00:00 0 
c0b2a000-c0b2e000 ---p 00000000 00:00 0 
c0b2e000-c0baa000 rw-p 00000000 00:00 0 
c0baa000-c0bab000 ---p 00000000 00:00 0 
c0bab000-c0c2b000 rw-p 00000000 00:00 0 
c0c2b000-c1500000 rw-p 00001000 09:04 15886960                           /usr/lib/jvm/zulu17.66.19-ca-fx-jdk17.0.19-linux_i686/lib/server/classes.jsa
c1500000-c1521000 rw-p 00000000 00:00 0 
c1521000-c1600000 ---p 00000000 00:00 0 
c167f000-c1680000 ---p 00000000 00:00 0 
c1680000-c1700000 rw-p 00000000 00:00 0 
c1700000-c1721000 rw-p 00000000 00:00 0 
c1721000-c1800000 ---p 00000000 00:00 0 
c1800000-c1900000 rw-p 00000000 00:00 0 
c197f000-c1980000 ---p 00000000 00:00 0 
c1980000-c1a00000 rw-p 00000000 00:00 0 
c1a00000-c1a21000 rw-p 00000000 00:00 0 
c1a21000-c1b00000 ---p 00000000 00:00 0 
c1b7f000-c1b80000 ---p 00000000 00:00 0 
c1b80000-c1c00000 rw-p 00000000 00:00 0 
c1c00000-c1c21000 rw-p 00000000 00:00 0 
c1c21000-c1d00000 ---p 00000000 00:00 0 
c1d7f000-c1d80000 ---p 00000000 00:00 0 
c1d80000-c1e00000 rw-p 00000000 00:00 0 
c1e00000-c1e21000 rw-p 00000000 00:00 0 
c1e21000-c1f00000 ---p 00000000 00:00 0 
c1f7f000-c1f80000 ---p 00000000 00:00 0 
c1f80000-c2200000 rw-p 00000000 00:00 0 
c2200000-c2800000 ---p 00000000 00:00 0 
c2800000-c2a00000 rw-p 00000000 00:00 0 
c2a00000-c3000000 ---p 00000000 00:00 0 
c3000000-c3040000 rw-p 00000000 00:00 0 
c3040000-c3100000 ---p 00000000 00:00 0 
c3100000-c3140000 rw-p 00000000 00:00 0 
c3140000-c3200000 ---p 00000000 00:00 0 
c3200000-cb200000 rw-p 00000000 00:00 0 
cb200000-e3200000 ---p 00000000 00:00 0 
e3200000-e3240000 rw-p 00000000 00:00 0 
e3240000-e3300000 ---p 00000000 00:00 0 
e3300000-e33fd000 rw-p 00000000 00:00 0 
e33fd000-e3400000 ---p 00000000 00:00 0 
e3412000-e3417000 rw-p 00000000 00:00 0 
e3417000-e34fd000 ---p 00000000 00:00 0 
e34fd000-e3795000 rwxp 00000000 00:00 0 
e3795000-eaa58000 ---p 00000000 00:00 0 
eaa58000-eac98000 rwxp 00000000 00:00 0 
eac98000-eafa2000 ---p 00000000 00:00 0 
eafa2000-eb1e2000 rwxp 00000000 00:00 0 
eb1e2000-f24fd000 ---p 00000000 00:00 0 
f24fd000-f26b7000 r--s 00000000 09:04 15886949                           /usr/lib/jvm/zulu17.66.19-ca-fx-jdk17.0.19-linux_i686/lib/modules
f26b7000-f3559000 r-xp 00000000 09:04 15886962                           /usr/lib/jvm/zulu17.66.19-ca-fx-jdk17.0.19-linux_i686/lib/server/libjvm.so
f3559000-f355a000 ---p 00ea2000 09:04 15886962                           /usr/lib/jvm/zulu17.66.19-ca-fx-jdk17.0.19-linux_i686/lib/server/libjvm.so
f355a000-f35af000 r--p 00ea2000 09:04 15886962                           /usr/lib/jvm/zulu17.66.19-ca-fx-jdk17.0.19-linux_i686/lib/server/libjvm.so
f35af000-f35d0000 rw-p 00ef7000 09:04 15886962                           /usr/lib/jvm/zulu17.66.19-ca-fx-jdk17.0.19-linux_i686/lib/server/libjvm.so
f35d0000-f3600000 rw-p 00000000 00:00 0 
f3600000-f36f2000 rw-p 00000000 00:00 0 
f36f2000-f3700000 ---p 00000000 00:00 0 
f3707000-f3708000 ---p 00000000 00:00 0 
f3708000-f370c000 ---p 00000000 00:00 0 
f370c000-f427f000 rw-p 00000000 00:00 0 
f427f000-f4294000 r-xp 00000000 09:04 15886936                           /usr/lib/jvm/zulu17.66.19-ca-fx-jdk17.0.19-linux_i686/lib/libnet.so
f4294000-f4295000 r--p 00014000 09:04 15886936                           /usr/lib/jvm/zulu17.66.19-ca-fx-jdk17.0.19-linux_i686/lib/libnet.so
f4295000-f4296000 rw-p 00015000 09:04 15886936                           /usr/lib/jvm/zulu17.66.19-ca-fx-jdk17.0.19-linux_i686/lib/libnet.so
f4296000-f42a8000 r-xp 00000000 09:04 15886937                           /usr/lib/jvm/zulu17.66.19-ca-fx-jdk17.0.19-linux_i686/lib/libnio.so
f42a8000-f42a9000 ---p 00012000 09:04 15886937                           /usr/lib/jvm/zulu17.66.19-ca-fx-jdk17.0.19-linux_i686/lib/libnio.so
f42a9000-f42aa000 r--p 00012000 09:04 15886937                           /usr/lib/jvm/zulu17.66.19-ca-fx-jdk17.0.19-linux_i686/lib/libnio.so
f42aa000-f42ab000 rw-p 00013000 09:04 15886937                           /usr/lib/jvm/zulu17.66.19-ca-fx-jdk17.0.19-linux_i686/lib/libnio.so
f42ab000-f42b1000 rw-p 00000000 00:00 0 
f42b1000-f4396000 ---p 00000000 00:00 0 
f45bf000-f45c6000 r--s 00000000 09:04 15884995                           /usr/lib/i386-linux-gnu/gconv/gconv-modules.cache
f45c6000-f4614000 rw-p 00000000 00:00 0 
f4614000-f461a000 ---p 00000000 00:00 0 
f461a000-f463d000 r-xp 00000000 09:04 15886917                           /usr/lib/jvm/zulu17.66.19-ca-fx-jdk17.0.19-linux_i686/lib/libjava.so
f463d000-f463e000 r--p 00022000 09:04 15886917                           /usr/lib/jvm/zulu17.66.19-ca-fx-jdk17.0.19-linux_i686/lib/libjava.so
f463e000-f463f000 rw-p 00023000 09:04 15886917                           /usr/lib/jvm/zulu17.66.19-ca-fx-jdk17.0.19-linux_i686/lib/libjava.so
f463f000-f465a000 r-xp 00000000 09:04 15886927                           /usr/lib/jvm/zulu17.66.19-ca-fx-jdk17.0.19-linux_i686/lib/libjimage.so
f465a000-f465b000 ---p 0001b000 09:04 15886927                           /usr/lib/jvm/zulu17.66.19-ca-fx-jdk17.0.19-linux_i686/lib/libjimage.so
f465b000-f465c000 r--p 0001b000 09:04 15886927                           /usr/lib/jvm/zulu17.66.19-ca-fx-jdk17.0.19-linux_i686/lib/libjimage.so
f465c000-f465d000 rw-p 0001c000 09:04 15886927                           /usr/lib/jvm/zulu17.66.19-ca-fx-jdk17.0.19-linux_i686/lib/libjimage.so
f465d000-f465e000 r--p 00000000 09:04 15884743                           /usr/lib/i386-linux-gnu/librt.so.1
f465e000-f465f000 r-xp 00001000 09:04 15884743                           /usr/lib/i386-linux-gnu/librt.so.1
f465f000-f4660000 r--p 00002000 09:04 15884743                           /usr/lib/i386-linux-gnu/librt.so.1
f4660000-f4661000 r--p 00002000 09:04 15884743                           /usr/lib/i386-linux-gnu/librt.so.1
f4661000-f4662000 rw-p 00003000 09:04 15884743                           /usr/lib/i386-linux-gnu/librt.so.1
f4662000-f4663000 r--p 00000000 09:04 15884741                           /usr/lib/i386-linux-gnu/libpthread.so.0
f4663000-f4664000 r-xp 00001000 09:04 15884741                           /usr/lib/i386-linux-gnu/libpthread.so.0
f4664000-f4665000 r--p 00002000 09:04 15884741                           /usr/lib/i386-linux-gnu/libpthread.so.0
f4665000-f4666000 r--p 00002000 09:04 15884741                           /usr/lib/i386-linux-gnu/libpthread.so.0
f4666000-f4667000 rw-p 00003000 09:04 15884741                           /usr/lib/i386-linux-gnu/libpthread.so.0
f4667000-f4668000 r--p 00000000 09:04 15884732                           /usr/lib/i386-linux-gnu/libdl.so.2
f4668000-f4669000 r-xp 00001000 09:04 15884732                           /usr/lib/i386-linux-gnu/libdl.so.2
f4669000-f466a000 r--p 00002000 09:04 15884732                           /usr/lib/i386-linux-gnu/libdl.so.2
f466a000-f466b000 r--p 00002000 09:04 15884732                           /usr/lib/i386-linux-gnu/libdl.so.2
f466b000-f466c000 rw-p 00003000 09:04 15884732                           /usr/lib/i386-linux-gnu/libdl.so.2
f466c000-f4670000 rw-p 00000000 00:00 0 
f4670000-f4671000 r--p 00000000 09:04 15887541                           /usr/lib/i386-linux-gnu/libffi.so.8.1.2
f4671000-f4676000 r-xp 00001000 09:04 15887541                           /usr/lib/i386-linux-gnu/libffi.so.8.1.2
f4676000-f4678000 r--p 00006000 09:04 15887541                           /usr/lib/i386-linux-gnu/libffi.so.8.1.2
f4678000-f4679000 r--p 00007000 09:04 15887541                           /usr/lib/i386-linux-gnu/libffi.so.8.1.2
f4679000-f467a000 rw-p 00008000 09:04 15887541                           /usr/lib/i386-linux-gnu/libffi.so.8.1.2
f467a000-f467c000 r--p 00000000 09:04 15884742                           /usr/lib/i386-linux-gnu/libresolv.so.2
f467c000-f4684000 r-xp 00002000 09:04 15884742                           /usr/lib/i386-linux-gnu/libresolv.so.2
f4684000-f4688000 r--p 0000a000 09:04 15884742                           /usr/lib/i386-linux-gnu/libresolv.so.2
f4688000-f4689000 r--p 0000d000 09:04 15884742                           /usr/lib/i386-linux-gnu/libresolv.so.2
f4689000-f468a000 rw-p 0000e000 09:04 15884742                           /usr/lib/i386-linux-gnu/libresolv.so.2
f468a000-f468c000 rw-p 00000000 00:00 0 
f468c000-f468e000 r--p 00000000 09:04 15885012                           /usr/lib/i386-linux-gnu/libkeyutils.so.1.10
f468e000-f4690000 r-xp 00002000 09:04 15885012                           /usr/lib/i386-linux-gnu/libkeyutils.so.1.10
f4690000-f4691000 r--p 00004000 09:04 15885012                           /usr/lib/i386-linux-gnu/libkeyutils.so.1.10
f4691000-f4692000 r--p 00005000 09:04 15885012                           /usr/lib/i386-linux-gnu/libkeyutils.so.1.10
f4692000-f4693000 rw-p 00006000 09:04 15885012                           /usr/lib/i386-linux-gnu/libkeyutils.so.1.10
f4693000-f4695000 rw-p 00000000 00:00 0 
f4695000-f4697000 r--p 00000000 09:04 15887545                           /usr/lib/i386-linux-gnu/libtasn1.so.6.6.3
f4697000-f46a3000 r-xp 00002000 09:04 15887545                           /usr/lib/i386-linux-gnu/libtasn1.so.6.6.3
f46a3000-f46a9000 r--p 0000e000 09:04 15887545                           /usr/lib/i386-linux-gnu/libtasn1.so.6.6.3
f46a9000-f46aa000 r--p 00014000 09:04 15887545                           /usr/lib/i386-linux-gnu/libtasn1.so.6.6.3
f46aa000-f46ab000 rw-p 00015000 09:04 15887545                           /usr/lib/i386-linux-gnu/libtasn1.so.6.6.3
f46ab000-f46bb000 r--p 00000000 09:04 15887543                           /usr/lib/i386-linux-gnu/libp11-kit.so.0.3.0
f46bb000-f4764000 r-xp 00010000 09:04 15887543                           /usr/lib/i386-linux-gnu/libp11-kit.so.0.3.0
f4764000-f47f5000 r--p 000b9000 09:04 15887543                           /usr/lib/i386-linux-gnu/libp11-kit.so.0.3.0
f47f5000-f47fb000 r--p 00149000 09:04 15887543                           /usr/lib/i386-linux-gnu/libp11-kit.so.0.3.0
f47fb000-f4800000 rw-p 0014f000 09:04 15887543                           /usr/lib/i386-linux-gnu/libp11-kit.so.0.3.0
f4800000-f4801000 rw-p 00000000 00:00 0 
f4801000-f4802000 r--p 00000000 09:04 15887650                           /usr/lib/i386-linux-gnu/libicudata.so.72.1
f4802000-f4803000 r-xp 00001000 09:04 15887650                           /usr/lib/i386-linux-gnu/libicudata.so.72.1
f4803000-f65d1000 r--p 00002000 09:04 15887650                           /usr/lib/i386-linux-gnu/libicudata.so.72.1
f65d1000-f65d2000 r--p 01dcf000 09:04 15887650                           /usr/lib/i386-linux-gnu/libicudata.so.72.1
f65d2000-f65d3000 rw-p 01dd0000 09:04 15887650                           /usr/lib/i386-linux-gnu/libicudata.so.72.1
f65d3000-f65d4000 r--p 00000000 09:04 15887529                           /usr/lib/i386-linux-gnu/libbrotlicommon.so.1.0.9
f65d4000-f65d5000 r-xp 00001000 09:04 15887529                           /usr/lib/i386-linux-gnu/libbrotlicommon.so.1.0.9
f65d5000-f65f4000 r--p 00002000 09:04 15887529                           /usr/lib/i386-linux-gnu/libbrotlicommon.so.1.0.9
f65f4000-f65f5000 r--p 00020000 09:04 15887529                           /usr/lib/i386-linux-gnu/libbrotlicommon.so.1.0.9
f65f5000-f65f6000 rw-p 00021000 09:04 15887529                           /usr/lib/i386-linux-gnu/libbrotlicommon.so.1.0.9
f65f6000-f65f8000 r--p 00000000 09:04 15887554                           /usr/lib/i386-linux-gnu/libsasl2.so.2.0.25
f65f8000-f660a000 r-xp 00002000 09:04 15887554                           /usr/lib/i386-linux-gnu/libsasl2.so.2.0.25
f660a000-f6613000 r--p 00014000 09:04 15887554                           /usr/lib/i386-linux-gnu/libsasl2.so.2.0.25
f6613000-f6614000 r--p 0001c000 09:04 15887554                           /usr/lib/i386-linux-gnu/libsasl2.so.2.0.25
f6614000-f6615000 rw-p 0001d000 09:04 15887554                           /usr/lib/i386-linux-gnu/libsasl2.so.2.0.25
f6615000-f6618000 r--p 00000000 09:04 15885008                           /usr/lib/i386-linux-gnu/libkrb5support.so.0.1
f6618000-f661f000 r-xp 00003000 09:04 15885008                           /usr/lib/i386-linux-gnu/libkrb5support.so.0.1
f661f000-f6623000 r--p 0000a000 09:04 15885008                           /usr/lib/i386-linux-gnu/libkrb5support.so.0.1
f6623000-f6624000 r--p 0000d000 09:04 15885008                           /usr/lib/i386-linux-gnu/libkrb5support.so.0.1
f6624000-f6625000 rw-p 0000e000 09:04 15885008                           /usr/lib/i386-linux-gnu/libkrb5support.so.0.1
f6625000-f6626000 r--p 00000000 09:04 15885006                           /usr/lib/i386-linux-gnu/libcom_err.so.2.1
f6626000-f6627000 r-xp 00001000 09:04 15885006                           /usr/lib/i386-linux-gnu/libcom_err.so.2.1
f6627000-f6628000 r--p 00002000 09:04 15885006                           /usr/lib/i386-linux-gnu/libcom_err.so.2.1
f6628000-f6629000 r--p 00002000 09:04 15885006                           /usr/lib/i386-linux-gnu/libcom_err.so.2.1
f6629000-f662a000 rw-p 00003000 09:04 15885006                           /usr/lib/i386-linux-gnu/libcom_err.so.2.1
f662a000-f662d000 r--p 00000000 09:04 15885010                           /usr/lib/i386-linux-gnu/libk5crypto.so.3.1
f662d000-f6649000 r-xp 00003000 09:04 15885010                           /usr/lib/i386-linux-gnu/libk5crypto.so.3.1
f6649000-f6658000 r--p 0001f000 09:04 15885010                           /usr/lib/i386-linux-gnu/libk5crypto.so.3.1
f6658000-f6659000 r--p 0002e000 09:04 15885010                           /usr/lib/i386-linux-gnu/libk5crypto.so.3.1
f6659000-f665a000 rw-p 0002f000 09:04 15885010                           /usr/lib/i386-linux-gnu/libk5crypto.so.3.1
f665a000-f666c000 r--p 00000000 09:04 15885027                           /usr/lib/i386-linux-gnu/libkrb5.so.3.3
f666c000-f66d1000 r-xp 00012000 09:04 15885027                           /usr/lib/i386-linux-gnu/libkrb5.so.3.3
f66d1000-f6730000 r--p 00077000 09:04 15885027                           /usr/lib/i386-linux-gnu/libkrb5.so.3.3
f6730000-f6736000 r--p 000d6000 09:04 15885027                           /usr/lib/i386-linux-gnu/libkrb5.so.3.3
f6736000-f6738000 rw-p 000dc000 09:04 15885027                           /usr/lib/i386-linux-gnu/libkrb5.so.3.3
f6738000-f673a000 rw-p 00000000 00:00 0 
f673a000-f6745000 r--p 00000000 09:04 15887535                           /usr/lib/i386-linux-gnu/libgmp.so.10.4.1
f6745000-f67a8000 r-xp 0000b000 09:04 15887535                           /usr/lib/i386-linux-gnu/libgmp.so.10.4.1
f67a8000-f67c6000 r--p 0006e000 09:04 15887535                           /usr/lib/i386-linux-gnu/libgmp.so.10.4.1
f67c6000-f67c7000 r--p 0008c000 09:04 15887535                           /usr/lib/i386-linux-gnu/libgmp.so.10.4.1
f67c7000-f67c8000 rw-p 0008d000 09:04 15887535                           /usr/lib/i386-linux-gnu/libgmp.so.10.4.1
f67c8000-f67d0000 r--p 00000000 09:04 15887537                           /usr/lib/i386-linux-gnu/libnettle.so.8.6
f67d0000-f67fb000 r-xp 00008000 09:04 15887537                           /usr/lib/i386-linux-gnu/libnettle.so.8.6
f67fb000-f6815000 r--p 00033000 09:04 15887537                           /usr/lib/i386-linux-gnu/libnettle.so.8.6
f6815000-f6816000 r--p 0004d000 09:04 15887537                           /usr/lib/i386-linux-gnu/libnettle.so.8.6
f6816000-f6817000 rw-p 0004e000 09:04 15887537                           /usr/lib/i386-linux-gnu/libnettle.so.8.6
f6817000-f681d000 r--p 00000000 09:04 15887539                           /usr/lib/i386-linux-gnu/libhogweed.so.6.6
f681d000-f6830000 r-xp 00006000 09:04 15887539                           /usr/lib/i386-linux-gnu/libhogweed.so.6.6
f6830000-f685f000 r--p 00019000 09:04 15887539                           /usr/lib/i386-linux-gnu/libhogweed.so.6.6
f685f000-f6860000 r--p 00048000 09:04 15887539                           /usr/lib/i386-linux-gnu/libhogweed.so.6.6
f6860000-f6861000 rw-p 00049000 09:04 15887539                           /usr/lib/i386-linux-gnu/libhogweed.so.6.6
f6861000-f6882000 r--p 00000000 09:04 15887547                           /usr/lib/i386-linux-gnu/libgnutls.so.30.34.3
f6882000-f69b1000 r-xp 00021000 09:04 15887547                           /usr/lib/i386-linux-gnu/libgnutls.so.30.34.3
f69b1000-f6a9c000 r--p 00150000 09:04 15887547                           /usr/lib/i386-linux-gnu/libgnutls.so.30.34.3
f6a9c000-f6aa6000 r--p 0023b000 09:04 15887547                           /usr/lib/i386-linux-gnu/libgnutls.so.30.34.3
f6aa6000-f6aa8000 rw-p 00245000 09:04 15887547                           /usr/lib/i386-linux-gnu/libgnutls.so.30.34.3
f6aa8000-f6aab000 rw-p 00000000 00:00 0 
f6aab000-f6ab6000 r--p 00000000 09:04 15885031                           /usr/lib/i386-linux-gnu/libunistring.so.2.2.0
f6ab6000-f6af7000 r-xp 0000b000 09:04 15885031                           /usr/lib/i386-linux-gnu/libunistring.so.2.2.0
f6af7000-f6c5c000 r--p 0004c000 09:04 15885031                           /usr/lib/i386-linux-gnu/libunistring.so.2.2.0
f6c5c000-f6c5f000 r--p 001b0000 09:04 15885031                           /usr/lib/i386-linux-gnu/libunistring.so.2.2.0
f6c5f000-f6c60000 rw-p 001b3000 09:04 15885031                           /usr/lib/i386-linux-gnu/libunistring.so.2.2.0
f6c60000-f6c63000 r--p 00000000 09:04 15887662                           /usr/lib/i386-linux-gnu/liblzma.so.5.4.1
f6c63000-f6c84000 r-xp 00003000 09:04 15887662                           /usr/lib/i386-linux-gnu/liblzma.so.5.4.1
f6c84000-f6c94000 r--p 00024000 09:04 15887662                           /usr/lib/i386-linux-gnu/liblzma.so.5.4.1
f6c94000-f6c95000 r--p 00034000 09:04 15887662                           /usr/lib/i386-linux-gnu/liblzma.so.5.4.1
f6c95000-f6c96000 rw-p 00035000 09:04 15887662                           /usr/lib/i386-linux-gnu/liblzma.so.5.4.1
f6c96000-f6ce1000 r--p 00000000 09:04 15887655                           /usr/lib/i386-linux-gnu/libicuuc.so.72.1
f6ce1000-f6deb000 r-xp 0004b000 09:04 15887655                           /usr/lib/i386-linux-gnu/libicuuc.so.72.1
f6deb000-f6e91000 r--p 00155000 09:04 15887655                           /usr/lib/i386-linux-gnu/libicuuc.so.72.1
f6e91000-f6e9c000 r--p 001fa000 09:04 15887655                           /usr/lib/i386-linux-gnu/libicuuc.so.72.1
f6e9c000-f6e9d000 rw-p 00205000 09:04 15887655                           /usr/lib/i386-linux-gnu/libicuuc.so.72.1
f6e9d000-f6e9e000 rw-p 00000000 00:00 0 
f6e9e000-f6e9f000 r--p 00000000 09:04 15887530                           /usr/lib/i386-linux-gnu/libbrotlidec.so.1.0.9
f6e9f000-f6ea7000 r-xp 00001000 09:04 15887530                           /usr/lib/i386-linux-gnu/libbrotlidec.so.1.0.9
f6ea7000-f6eaa000 r--p 00009000 09:04 15887530                           /usr/lib/i386-linux-gnu/libbrotlidec.so.1.0.9
f6eaa000-f6eab000 r--p 0000b000 09:04 15887530                           /usr/lib/i386-linux-gnu/libbrotlidec.so.1.0.9
f6eab000-f6eac000 rw-p 0000c000 09:04 15887530                           /usr/lib/i386-linux-gnu/libbrotlidec.so.1.0.9
f6eac000-f6eaf000 r--p 00000000 09:04 15887569                           /usr/lib/i386-linux-gnu/libzstd.so.1.5.4
f6eaf000-f6f46000 r-xp 00003000 09:04 15887569                           /usr/lib/i386-linux-gnu/libzstd.so.1.5.4
f6f46000-f6f62000 r--p 0009a000 09:04 15887569                           /usr/lib/i386-linux-gnu/libzstd.so.1.5.4
f6f62000-f6f63000 r--p 000b5000 09:04 15887569                           /usr/lib/i386-linux-gnu/libzstd.so.1.5.4
f6f63000-f6f64000 rw-p 000b6000 09:04 15887569                           /usr/lib/i386-linux-gnu/libzstd.so.1.5.4
f6f64000-f6f67000 r--p 00000000 09:04 15887556                           /usr/lib/i386-linux-gnu/liblber-2.5.so.0.1.8
f6f67000-f6f6e000 r-xp 00003000 09:04 15887556                           /usr/lib/i386-linux-gnu/liblber-2.5.so.0.1.8
f6f6e000-f6f73000 r--p 0000a000 09:04 15887556                           /usr/lib/i386-linux-gnu/liblber-2.5.so.0.1.8
f6f73000-f6f74000 r--p 0000e000 09:04 15887556                           /usr/lib/i386-linux-gnu/liblber-2.5.so.0.1.8
f6f74000-f6f75000 rw-p 0000f000 09:04 15887556                           /usr/lib/i386-linux-gnu/liblber-2.5.so.0.1.8
f6f75000-f6f77000 rw-p 00000000 00:00 0 
f6f77000-f6f82000 r--p 00000000 09:04 15887557                           /usr/lib/i386-linux-gnu/libldap-2.5.so.0.1.8
f6f82000-f6fbe000 r-xp 0000b000 09:04 15887557                           /usr/lib/i386-linux-gnu/libldap-2.5.so.0.1.8
f6fbe000-f6fdc000 r--p 00047000 09:04 15887557                           /usr/lib/i386-linux-gnu/libldap-2.5.so.0.1.8
f6fdc000-f6fdd000 r--p 00065000 09:04 15887557                           /usr/lib/i386-linux-gnu/libldap-2.5.so.0.1.8
f6fdd000-f6fde000 rw-p 00066000 09:04 15887557                           /usr/lib/i386-linux-gnu/libldap-2.5.so.0.1.8
f6fde000-f6fdf000 rw-p 00000000 00:00 0 
f6fdf000-f6fe6000 r--p 00000000 09:04 15885029                           /usr/lib/i386-linux-gnu/libgssapi_krb5.so.2.2
f6fe6000-f701d000 r-xp 00007000 09:04 15885029                           /usr/lib/i386-linux-gnu/libgssapi_krb5.so.2.2
f701d000-f7037000 r--p 0003e000 09:04 15885029                           /usr/lib/i386-linux-gnu/libgssapi_krb5.so.2.2
f7037000-f7038000 r--p 00058000 09:04 15885029                           /usr/lib/i386-linux-gnu/libgssapi_krb5.so.2.2
f7038000-f7039000 rw-p 00059000 09:04 15885029                           /usr/lib/i386-linux-gnu/libgssapi_krb5.so.2.2
f7039000-f70a1000 r--p 00000000 09:04 15885018                           /usr/lib/i386-linux-gnu/libcrypto.so.3
f70a1000-f72f6000 r-xp 00068000 09:04 15885018                           /usr/lib/i386-linux-gnu/libcrypto.so.3
f72f6000-f7452000 r--p 002bd000 09:04 15885018                           /usr/lib/i386-linux-gnu/libcrypto.so.3
f7452000-f7488000 r--p 00418000 09:04 15885018                           /usr/lib/i386-linux-gnu/libcrypto.so.3
f7488000-f748a000 rw-p 0044e000 09:04 15885018                           /usr/lib/i386-linux-gnu/libcrypto.so.3
f748a000-f748c000 rw-p 00000000 00:00 0 
f748c000-f749d000 r--p 00000000 09:04 15885019                           /usr/lib/i386-linux-gnu/libssl.so.3
f749d000-f74fc000 r-xp 00011000 09:04 15885019                           /usr/lib/i386-linux-gnu/libssl.so.3
f74fc000-f7533000 r--p 00070000 09:04 15885019                           /usr/lib/i386-linux-gnu/libssl.so.3
f7533000-f7539000 r--p 000a7000 09:04 15885019                           /usr/lib/i386-linux-gnu/libssl.so.3
f7539000-f753c000 rw-p 000ad000 09:04 15885019                           /usr/lib/i386-linux-gnu/libssl.so.3
f753c000-f753d000 r--p 00000000 09:04 15887562                           /usr/lib/i386-linux-gnu/libpsl.so.5.3.4
f753d000-f753f000 r-xp 00001000 09:04 15887562                           /usr/lib/i386-linux-gnu/libpsl.so.5.3.4
f753f000-f754e000 r--p 00003000 09:04 15887562                           /usr/lib/i386-linux-gnu/libpsl.so.5.3.4
f754e000-f754f000 r--p 00011000 09:04 15887562                           /usr/lib/i386-linux-gnu/libpsl.so.5.3.4
f754f000-f7550000 rw-p 00012000 09:04 15887562                           /usr/lib/i386-linux-gnu/libpsl.so.5.3.4
f7550000-f7554000 r--p 00000000 09:04 15887567                           /usr/lib/i386-linux-gnu/libssh2.so.1.0.1
f7554000-f757d000 r-xp 00004000 09:04 15887567                           /usr/lib/i386-linux-gnu/libssh2.so.1.0.1
f757d000-f7595000 r--p 0002d000 09:04 15887567                           /usr/lib/i386-linux-gnu/libssh2.so.1.0.1
f7595000-f7596000 ---p 00045000 09:04 15887567                           /usr/lib/i386-linux-gnu/libssh2.so.1.0.1
f7596000-f7597000 r--p 00045000 09:04 15887567                           /usr/lib/i386-linux-gnu/libssh2.so.1.0.1
f7597000-f7598000 rw-p 00046000 09:04 15887567                           /usr/lib/i386-linux-gnu/libssh2.so.1.0.1
f7598000-f759b000 r--p 00000000 09:04 15887566                           /usr/lib/i386-linux-gnu/librtmp.so.1
f759b000-f75ab000 r-xp 00003000 09:04 15887566                           /usr/lib/i386-linux-gnu/librtmp.so.1
f75ab000-f75b6000 r--p 00013000 09:04 15887566                           /usr/lib/i386-linux-gnu/librtmp.so.1
f75b6000-f75b7000 ---p 0001e000 09:04 15887566                           /usr/lib/i386-linux-gnu/librtmp.so.1
f75b7000-f75b8000 r--p 0001e000 09:04 15887566                           /usr/lib/i386-linux-gnu/librtmp.so.1
f75b8000-f75b9000 rw-p 0001f000 09:04 15887566                           /usr/lib/i386-linux-gnu/librtmp.so.1
f75b9000-f75bb000 r--p 00000000 09:04 15885033                           /usr/lib/i386-linux-gnu/libidn2.so.0.3.8
f75bb000-f75c3000 r-xp 00002000 09:04 15885033                           /usr/lib/i386-linux-gnu/libidn2.so.0.3.8
f75c3000-f75ea000 r--p 0000a000 09:04 15885033                           /usr/lib/i386-linux-gnu/libidn2.so.0.3.8
f75ea000-f75eb000 r--p 00031000 09:04 15885033                           /usr/lib/i386-linux-gnu/libidn2.so.0.3.8
f75eb000-f75ec000 rw-p 00032000 09:04 15885033                           /usr/lib/i386-linux-gnu/libidn2.so.0.3.8
f75ec000-f75f0000 r--p 00000000 09:04 15887560                           /usr/lib/i386-linux-gnu/libnghttp2.so.14.24.1
f75f0000-f7609000 r-xp 00004000 09:04 15887560                           /usr/lib/i386-linux-gnu/libnghttp2.so.14.24.1
f7609000-f761d000 r--p 0001d000 09:04 15887560                           /usr/lib/i386-linux-gnu/libnghttp2.so.14.24.1
f761d000-f761f000 r--p 00030000 09:04 15887560                           /usr/lib/i386-linux-gnu/libnghttp2.so.14.24.1
f761f000-f7620000 rw-p 00032000 09:04 15887560                           /usr/lib/i386-linux-gnu/libnghttp2.so.14.24.1
f7620000-f7642000 r--p 00000000 09:04 15884730                           /usr/lib/i386-linux-gnu/libc.so.6
f7642000-f77bb000 r-xp 00022000 09:04 15884730                           /usr/lib/i386-linux-gnu/libc.so.6
f77bb000-f783b000 r--p 0019b000 09:04 15884730                           /usr/lib/i386-linux-gnu/libc.so.6
f783b000-f783d000 r--p 0021b000 09:04 15884730                           /usr/lib/i386-linux-gnu/libc.so.6
f783d000-f783e000 rw-p 0021d000 09:04 15884730                           /usr/lib/i386-linux-gnu/libc.so.6
f783e000-f784a000 rw-p 00000000 00:00 0 
f784a000-f784d000 r--p 00000000 09:04 15884726                           /usr/lib/i386-linux-gnu/libgcc_s.so.1
f784d000-f786a000 r-xp 00003000 09:04 15884726                           /usr/lib/i386-linux-gnu/libgcc_s.so.1
f786a000-f786f000 r--p 00020000 09:04 15884726                           /usr/lib/i386-linux-gnu/libgcc_s.so.1
f786f000-f7870000 r--p 00024000 09:04 15884726                           /usr/lib/i386-linux-gnu/libgcc_s.so.1
f7870000-f7871000 rw-p 00025000 09:04 15884726                           /usr/lib/i386-linux-gnu/libgcc_s.so.1
f7871000-f787e000 r--p 00000000 09:04 15884733                           /usr/lib/i386-linux-gnu/libm.so.6
f787e000-f793e000 r-xp 0000d000 09:04 15884733                           /usr/lib/i386-linux-gnu/libm.so.6
f793e000-f7974000 r--p 000cd000 09:04 15884733                           /usr/lib/i386-linux-gnu/libm.so.6
f7974000-f7975000 r--p 00103000 09:04 15884733                           /usr/lib/i386-linux-gnu/libm.so.6
f7975000-f7976000 rw-p 00104000 09:04 15884733                           /usr/lib/i386-linux-gnu/libm.so.6
f7976000-f79ee000 r--p 00000000 09:04 15887614                           /usr/lib/i386-linux-gnu/libstdc++.so.6.0.30
f79ee000-f7b05000 r-xp 00078000 09:04 15887614                           /usr/lib/i386-linux-gnu/libstdc++.so.6.0.30
f7b05000-f7b8c000 r--p 0018f000 09:04 15887614                           /usr/lib/i386-linux-gnu/libstdc++.so.6.0.30
f7b8c000-f7b92000 r--p 00215000 09:04 15887614                           /usr/lib/i386-linux-gnu/libstdc++.so.6.0.30
f7b92000-f7b94000 rw-p 0021b000 09:04 15887614                           /usr/lib/i386-linux-gnu/libstdc++.so.6.0.30
f7b94000-f7b96000 rw-p 00000000 00:00 0 
f7b96000-f7b98000 r--p 00000000 09:04 15887564                           /usr/lib/i386-linux-gnu/libz.so.1.2.13
f7b98000-f7baa000 r-xp 00002000 09:04 15887564                           /usr/lib/i386-linux-gnu/libz.so.1.2.13
f7baa000-f7bb1000 r--p 00014000 09:04 15887564                           /usr/lib/i386-linux-gnu/libz.so.1.2.13
f7bb1000-f7bb2000 r--p 0001a000 09:04 15887564                           /usr/lib/i386-linux-gnu/libz.so.1.2.13
f7bb2000-f7bb3000 rw-p 0001b000 09:04 15887564                           /usr/lib/i386-linux-gnu/libz.so.1.2.13
f7bb3000-f7bd0000 r--p 00000000 09:04 15887664                           /usr/lib/i386-linux-gnu/libxml2.so.2.9.14
f7bd0000-f7cf0000 r-xp 0001d000 09:04 15887664                           /usr/lib/i386-linux-gnu/libxml2.so.2.9.14
f7cf0000-f7d7b000 r--p 0013d000 09:04 15887664                           /usr/lib/i386-linux-gnu/libxml2.so.2.9.14
f7d7b000-f7d80000 r--p 001c7000 09:04 15887664                           /usr/lib/i386-linux-gnu/libxml2.so.2.9.14
f7d80000-f7d81000 rw-p 001cc000 09:04 15887664                           /usr/lib/i386-linux-gnu/libxml2.so.2.9.14
f7d81000-f7d82000 rw-p 00000000 00:00 0 
f7d82000-f7d83000 r--p 00000000 09:04 15887646                           /usr/lib/i386-linux-gnu/libpcre.so.3.13.3
f7d83000-f7dd7000 r-xp 00001000 09:04 15887646                           /usr/lib/i386-linux-gnu/libpcre.so.3.13.3
f7dd7000-f7dfc000 r--p 00055000 09:04 15887646                           /usr/lib/i386-linux-gnu/libpcre.so.3.13.3
f7dfc000-f7dfd000 r--p 00079000 09:04 15887646                           /usr/lib/i386-linux-gnu/libpcre.so.3.13.3
f7dfd000-f7dfe000 rw-p 0007a000 09:04 15887646                           /usr/lib/i386-linux-gnu/libpcre.so.3.13.3
f7dfe000-f7e07000 r--p 00000000 09:04 15893957                           /usr/lib/i386-linux-gnu/libcurl.so.4.8.0
f7e07000-f7e80000 r-xp 00009000 09:04 15893957                           /usr/lib/i386-linux-gnu/libcurl.so.4.8.0
f7e80000-f7ebc000 r--p 00082000 09:04 15893957                           /usr/lib/i386-linux-gnu/libcurl.so.4.8.0
f7ebc000-f7ebe000 r--p 000be000 09:04 15893957                           /usr/lib/i386-linux-gnu/libcurl.so.4.8.0
f7ebe000-f7ec0000 rw-p 000c0000 09:04 15893957                           /usr/lib/i386-linux-gnu/libcurl.so.4.8.0
f7ec4000-f7ecc000 rw-s 00000000 09:04 8004884                            /tmp/hsperfdata_swg/3987590 (deleted)
f7ecc000-f7ecd000 ---p 00000000 00:00 0 
f7ecd000-f7ece000 r--p 00000000 00:00 0 
f7ece000-f7ecf000 ---p 00000000 00:00 0 
f7ecf000-f7ed0000 r--p 00000000 09:04 15769286                           /usr/local/lib/cfree_fix32.so
f7ed0000-f7ed1000 r-xp 00001000 09:04 15769286                           /usr/local/lib/cfree_fix32.so
f7ed1000-f7ed2000 r--p 00002000 09:04 15769286                           /usr/local/lib/cfree_fix32.so
f7ed2000-f7ed3000 r--p 00002000 09:04 15769286                           /usr/local/lib/cfree_fix32.so
f7ed3000-f7ed4000 rw-p 00003000 09:04 15769286                           /usr/local/lib/cfree_fix32.so
f7ed4000-f7ed6000 rw-p 00000000 00:00 0 
f7ed6000-f7eda000 r--p 00000000 00:00 0                                  [vvar]
f7eda000-f7edc000 r-xp 00000000 00:00 0                                  [vdso]
f7edc000-f7edd000 r--p 00000000 09:04 15884727                           /usr/lib/i386-linux-gnu/ld-linux.so.2
f7edd000-f7f00000 r-xp 00001000 09:04 15884727                           /usr/lib/i386-linux-gnu/ld-linux.so.2
f7f00000-f7f0e000 r--p 00024000 09:04 15884727                           /usr/lib/i386-linux-gnu/ld-linux.so.2
f7f0e000-f7f10000 r--p 00031000 09:04 15884727                           /usr/lib/i386-linux-gnu/ld-linux.so.2
f7f10000-f7f11000 rw-p 00033000 09:04 15884727                           /usr/lib/i386-linux-gnu/ld-linux.so.2
ff6c4000-ff6c5000 rwxp 00000000 00:00 0 
ff7cd000-ff889000 rw-p 00000000 00:00 0                                  [stack]


VM Arguments:
jvm_args: -Xms128m -Xmx512m -Xss768k -XX:MaxMetaspaceSize=96m -Xrs -XX:-UsePerfData -XX:-AllowUserSignalHandlers -XX:UseSSE=3 -XX+DoEscapeAnalysis -XX:AutoBoxCacheMax:2000 -XX:+OptimizeStringConcat -XX:+OptimizeFill -XX:+EliminateAutoBox -XX:+UseCompressedStrings -XX:+UseCompressedOops -XX:+EliminateLocks -XX:UseFastAccessorMethods -XX:+UseStringCache -XgcPrio:throughput -XXkeepAreaRatio:1 -XXlazyUnlocking -XXcallProfiling -XXcompactRatio:1 
java_command: <unknown>
java_class_path (initial): ../../data/sku.0/sys.server/compiled/game/
Launcher Type: generic

[Global flags]
     intx CICompilerCount                          = 3                                         {product} {ergonomic}
     uint ConcGCThreads                            = 3                                         {product} {ergonomic}
     uint G1ConcRefinementThreads                  = 13                                        {product} {ergonomic}
   size_t G1HeapRegionSize                         = 1048576                                   {product} {ergonomic}
    uintx GCDrainStackTargetSize                   = 64                                        {product} {ergonomic}
   size_t InitialHeapSize                          = 134217728                                 {product} {command line}
   size_t MarkStackSize                            = 49152                                     {product} {ergonomic}
   size_t MaxHeapSize                              = 536870912                                 {product} {command line}
   size_t MaxMetaspaceSize                         = 100663296                                 {product} {command line}
   size_t MaxNewSize                               = 321912832                                 {product} {ergonomic}
   size_t MinHeapDeltaBytes                        = 1048576                                   {product} {ergonomic}
   size_t MinHeapSize                              = 134217728                                 {product} {command line}
    uintx NonNMethodCodeHeapSize                   = 5544422                                {pd product} {ergonomic}
    uintx NonProfiledCodeHeapSize                  = 123056909                              {pd product} {ergonomic}
    uintx ProfiledCodeHeapSize                     = 123056909                              {pd product} {ergonomic}
    uintx ReservedCodeCacheSize                    = 251658240                              {pd product} {ergonomic}
     bool SegmentedCodeCache                       = true                                      {product} {ergonomic}
   size_t SoftMaxHeapSize                          = 536870912                              {manageable} {ergonomic}
   double SweeperThreshold                         = 0.500000                                  {product} {ergonomic}
     intx ThreadStackSize                          = 768                                    {pd product} {command line}
     bool UseG1GC                                  = true                                      {product} {ergonomic}

Logging:
Log output configuration:
 #0: stdout all=off uptime,level,tags
 #1: stderr all=off uptime,level,tags

Environment Variables:
PATH=/usr/local/sbin:/usr/local/bin:/usr/sbin:/usr/bin:/sbin:/bin:/usr/lib/oracle/18.3/client/bin:/usr/lib/jvm/zulu-17-x86/bin/:./
LD_LIBRARY_PATH=/usr/lib/oracle/18.3/client/lib:/usr/lib/jvm/zulu-17-x86/lib/:/usr/lib/jvm/zulu-17-x86/lib/server/:./
LD_PRELOAD=/usr/local/lib/cfree_fix32.so
SHELL=/bin/bash
LANG=en_US.UTF-8

Active Locale:
LC_ALL=en_US.UTF-8
LC_COLLATE=en_US.UTF-8
LC_CTYPE=en_US.UTF-8
LC_MESSAGES=en_US.UTF-8
LC_MONETARY=en_US.UTF-8
LC_NUMERIC=en_US.UTF-8
LC_TIME=en_US.UTF-8

Signal Handlers:
   SIGSEGV: crash_handler in libjvm.so, mask=11100100010111111101111111111110, flags=SA_RESTART|SA_SIGINFO, unblocked
    SIGBUS: crash_handler in libjvm.so, mask=11100100010111111101111111111110, flags=SA_RESTART|SA_SIGINFO, unblocked
    SIGFPE: crash_handler in libjvm.so, mask=11100100010111111101111111111110, flags=SA_RESTART|SA_SIGINFO, unblocked
   SIGPIPE: SIG_IGN, mask=00000000000010000000000000000000, flags=SA_RESTART, blocked
  *** Handler was modified!
  *** Expected: javaSignalHandler in libjvm.so, mask=11100100110111111111111111111110, flags=SA_RESTART|SA_SIGINFO
   SIGXFSZ: javaSignalHandler in libjvm.so, mask=11100100010111111101111111111110, flags=SA_RESTART|SA_SIGINFO, blocked
    SIGILL: crash_handler in libjvm.so, mask=11100100010111111101111111111110, flags=SA_RESTART|SA_SIGINFO, unblocked
   SIGUSR2: SR_handler in libjvm.so, mask=00100000000000000000000000000000, flags=SA_RESTART|SA_SIGINFO, blocked
    SIGHUP: UserHandler in libjvm.so, mask=11100100010111111101111111111110, flags=SA_RESTART|SA_SIGINFO, blocked
    SIGINT: UserHandler in libjvm.so, mask=11100100010111111101111111111110, flags=SA_RESTART|SA_SIGINFO, blocked
   SIGTERM: UserHandler in libjvm.so, mask=11100100010111111101111111111110, flags=SA_RESTART|SA_SIGINFO, blocked
   SIGQUIT: UserHandler in libjvm.so, mask=11100100010111111101111111111110, flags=SA_RESTART|SA_SIGINFO, blocked
   SIGTRAP: crash_handler in libjvm.so, mask=11100100010111111101111111111110, flags=SA_RESTART|SA_SIGINFO, unblocked


Periodic native trim disabled


---------------  S Y S T E M  ---------------

OS:
PRETTY_NAME="Debian GNU/Linux 12 (bookworm)"
NAME="Debian GNU/Linux"
VERSION_ID="12"
VERSION="12 (bookworm)"
VERSION_CODENAME=bookworm
ID=debian
HOME_URL="https://www.debian.org/"
SUPPORT_URL="https://www.debian.org/support"
BUG_REPORT_URL="https://bugs.debian.org/"
uname: Linux 6.1.0-52-amd64 #1 SMP PREEMPT_DYNAMIC Debian 6.1.180-1 (2026-08-03) x86_64
OS uptime: 4 days 1:25 hours
libc: glibc 2.36 NPTL 2.36 
rlimit (soft/hard): STACK 8192k/infinity , CORE 0k/infinity , NPROC 256181/256181 , NOFILE 524288/524288 , AS infinity/infinity , CPU infinity/infinity , DATA infinity/infinity , FSIZE infinity/infinity , MEMLOCK 8192k/8192k
load average: 4.65 5.04 5.08

/proc/meminfo:
MemTotal:       65729880 kB
MemFree:        13000520 kB
MemAvailable:   44022560 kB
Buffers:         1856256 kB
Cached:         37983844 kB
SwapCached:            0 kB
Active:         24398356 kB
Inactive:       25820660 kB
Active(anon):    3297876 kB
Inactive(anon): 16145992 kB
Active(file):   21100480 kB
Inactive(file):  9674668 kB
Unevictable:          64 kB
Mlocked:              64 kB
SwapTotal:       7813112 kB
SwapFree:        7813112 kB
Zswap:                 0 kB
Zswapped:              0 kB
Dirty:               468 kB
Writeback:             0 kB
AnonPages:      10335744 kB
Mapped:          2662056 kB
Shmem:           9064952 kB
KReclaimable:    1556548 kB
Slab:            1808232 kB
SReclaimable:    1556548 kB
SUnreclaim:       251684 kB
KernelStack:       22488 kB
PageTables:       298172 kB
SecPageTables:         0 kB
NFS_Unstable:          0 kB
Bounce:                0 kB
WritebackTmp:          0 kB
CommitLimit:    40678052 kB
Committed_AS:   26680768 kB
VmallocTotal:   34359738367 kB
VmallocUsed:       79548 kB
VmallocChunk:          0 kB
Percpu:            59008 kB
HardwareCorrupted:     0 kB
AnonHugePages:   7858176 kB
ShmemHugePages:        0 kB
ShmemPmdMapped:        0 kB
FileHugePages:         0 kB
FilePmdMapped:         0 kB
HugePages_Total:       0
HugePages_Free:        0
HugePages_Rsvd:        0
HugePages_Surp:        0
Hugepagesize:       2048 kB
Hugetlb:               0 kB
DirectMap4k:      217572 kB
DirectMap2M:     8060928 kB
DirectMap1G:    58720256 kB

/sys/kernel/mm/transparent_hugepage/enabled: [always] madvise never
/sys/kernel/mm/transparent_hugepage/hpage_pmd_size: 2097152
/sys/kernel/mm/transparent_hugepage/defrag (defrag/compaction efforts parameter): always defer defer+madvise [madvise] never

Process Memory:
Virtual Size: 1080100K (peak: 1085504K)
Resident Set Size: 226628K (peak: 228388K) (anon: 183672K, file: 42956K, shmem: 0K)
Swapped out: 0K
C-Heap outstanding allocations: 21767K, retained: 65348K
glibc malloc tunables: (default)

/proc/sys/kernel/threads-max (system-wide limit on the number of threads): 512362
/proc/sys/vm/max_map_count (maximum number of memory map areas a process may have): 65530
/proc/sys/vm/swappiness (control to define how aggressively the kernel swaps out anonymous memory): 10
/proc/sys/kernel/pid_max (system-wide limit on number of process identifiers): 4194304

container (cgroup) information:
container_type: cgroupv2
cpu_cpuset_cpus: not supported
cpu_memory_nodes: not supported
active_processor_count: 16
cpu_quota: no quota
cpu_period: 100000
cpu_shares: 20480
memory_limit_in_bytes: unlimited
memory_and_swap_limit_in_bytes: unlimited
memory_soft_limit_in_bytes: 0
memory_usage_in_bytes: 7938676 k
memory_max_usage_in_bytes: not supported
rss_usage_in_bytes: 7852272 k
cache_usage_in_bytes: 2652 k
memory_swap_current_in_bytes: 0
memory_swap_max_limit_in_bytes: unlimited
maximum number of tasks: 76854
current number of tasks: 641

Steal ticks since vm start: 0
Steal ticks percentage since vm start:  0.000

CPU: total 32 (initial active 16) (16 cores per cpu, 2 threads per core) family 23 model 113 stepping 0 microcode 0x8701034, cx8, cmov, fxsr, ht, mmx, 3dnowpref, sse, sse2, sse3, ssse3, sse4a, sse4.1, sse4.2, popcnt, lzcnt, tsc, tscinvbit, avx, avx2, aes, clmul, bmi1, bmi2, adx, sha, fma, vzeroupper, clflush, clflushopt
CPU Model and flags from /proc/cpuinfo:
model name	: AMD Ryzen 7 PRO 3700 8-Core Processor
flags		: fpu vme de pse tsc msr pae mce cx8 apic sep mtrr pge mca cmov pat pse36 clflush mmx fxsr sse sse2 ht syscall nx mmxext fxsr_opt pdpe1gb rdtscp lm constant_tsc rep_good nopl nonstop_tsc cpuid extd_apicid aperfmperf rapl pni pclmulqdq monitor ssse3 fma cx16 sse4_1 sse4_2 x2apic movbe popcnt aes xsave avx f16c rdrand lahf_lm cmp_legacy svm extapic cr8_legacy abm sse4a misalignsse 3dnowprefetch osvw ibs skinit wdt tce topoext perfctr_core perfctr_nb bpext perfctr_llc mwaitx cpb cat_l3 cdp_l3 hw_pstate ssbd mba ibpb stibp vmmcall fsgsbase bmi1 avx2 smep bmi2 cqm rdt_a rdseed adx smap clflushopt clwb sha_ni xsaveopt xsavec xgetbv1 cqm_llc cqm_occup_llc cqm_mbm_total cqm_mbm_local clzero irperf xsaveerptr rdpru wbnoinvd arat npt lbrv svm_lock nrip_save tsc_scale vmcb_clean flushbyasid decodeassists pausefilter pfthreshold avic v_vmsave_vmload vgif v_spec_ctrl umip rdpid overflow_recov succor smca sev sev_es ibpb_exit_to_user

Online cpus: 0-15
Offline cpus: 16-31
BIOS frequency limitation: 3600000
Frequency switch latency (ns): 0
Available cpu frequencies: 3600000 2800000 2200000 
Current governor: schedutil
Core performance/turbo boost: 1

Memory: 4k page, physical 65729880k(13134780k free), swap 7813112k(7813112k free)
Page Sizes: 4k

vm_info: OpenJDK Server VM (17.0.19+10-LTS) for linux-x86 JRE (17.0.19+10-LTS) (Zulu17.66+19-CA), built on Apr 17 2026 20:26:03 by "zulu_re" with gcc 8.3.0

END.
